Java HotSpot(TM) 64-Bit Server VM (24.79-b02) for bsd-amd64 JRE (1.7.0_79-b15), built on Apr 10 2015 11:35:04 by "java_re" with gcc 4.2.1 (Based on Apple Inc. build 5658) (LLVM build 2336.11.00)
Memory: 4k page, physical 4194304k(1048576k free)

/proc/meminfo:

CommandLine flags: -XX:CMSFullGCsBeforeCompaction=1 -XX:CMSInitiatingOccupancyFraction=50 -XX:CMSMaxAbortablePrecleanTime=6000 -XX:+CMSParallelRemarkEnabled -XX:+CMSScavengeBeforeRemark -XX:CMSTriggerPermRatio=80 -XX:ConcGCThreads=4 -XX:InitialHeapSize=536870912 -XX:MaxHeapSize=536870912 -XX:MaxTenuringThreshold=8 -XX:NewRatio=3 -XX:OldPLABSize=16 -XX:ParallelGCThreads=4 -XX:+ParallelRefProcEnabled -XX:PretenureSizeThreshold=67108864 -XX:+PrintGC -XX:+PrintGCApplicationStoppedTime -XX:+PrintGCDateStamps -XX:+PrintGCDetails -XX:+PrintGCTimeStamps -XX:+PrintHeapAtGC -XX:+PrintTenuringDistribution -XX:SurvivorRatio=4 -XX:TargetSurvivorRatio=90 -XX:ThreadStackSize=256 -XX:+UseCMSInitiatingOccupancyOnly -XX:+UseCompressedOops -XX:+UseConcMarkSweepGC -XX:+UseParNewGC 
2016-05-08T18:44:36.232+0500: 0.938: Total time for which application threads were stopped: 0.0001420 seconds
2016-05-08T18:44:36.642+0500: 1.349: Total time for which application threads were stopped: 0.0001590 seconds
2016-05-08T18:44:37.644+0500: 2.351: Total time for which application threads were stopped: 0.0002080 seconds
{Heap before GC invocations=0 (full 0):
 par new generation   total 109248K, used 87424K [0x00000007dae00000, 0x00000007e2e00000, 0x00000007e2e00000)
  eden space 87424K, 100% used [0x00000007dae00000, 0x00000007e0360000, 0x00000007e0360000)
  from space 21824K,   0% used [0x00000007e0360000, 0x00000007e0360000, 0x00000007e18b0000)
  to   space 21824K,   0% used [0x00000007e18b0000, 0x00000007e18b0000, 0x00000007e2e00000)
 concurrent mark-sweep generation total 393216K, used 0K [0x00000007e2e00000, 0x00000007fae00000, 0x00000007fae00000)
 concurrent-mark-sweep perm gen total 21248K, used 9808K [0x00000007fae00000, 0x00000007fc2c0000, 0x0000000800000000)
2016-05-08T18:44:38.401+0500: 3.107: [GC2016-05-08T18:44:38.479+0500: 3.186: [ParNew
Desired survivor size 20112992 bytes, new threshold 8 (max 8)
- age   1:    5255536 bytes,    5255536 total
: 87424K->5202K(109248K), 0.0236600 secs] 87424K->5202K(502464K), 0.1023710 secs] [Times: user=0.04 sys=0.00, real=0.10 secs] 
Heap after GC invocations=1 (full 0):
 par new generation   total 109248K, used 5202K [0x00000007dae00000, 0x00000007e2e00000, 0x00000007e2e00000)
  eden space 87424K,   0% used [0x00000007dae00000, 0x00000007dae00000, 0x00000007e0360000)
  from space 21824K,  23% used [0x00000007e18b0000, 0x00000007e1dc4958, 0x00000007e2e00000)
  to   space 21824K,   0% used [0x00000007e0360000, 0x00000007e0360000, 0x00000007e18b0000)
 concurrent mark-sweep generation total 393216K, used 0K [0x00000007e2e00000, 0x00000007fae00000, 0x00000007fae00000)
 concurrent-mark-sweep perm gen total 21248K, used 9808K [0x00000007fae00000, 0x00000007fc2c0000, 0x0000000800000000)
}
2016-05-08T18:44:38.503+0500: 3.209: Total time for which application threads were stopped: 0.1027180 seconds
2016-05-08T18:44:39.306+0500: 4.013: Total time for which application threads were stopped: 0.0001890 seconds
2016-05-08T18:44:39.437+0500: 4.144: Total time for which application threads were stopped: 0.0004260 seconds
2016-05-08T18:44:39.562+0500: 4.269: Total time for which application threads were stopped: 0.0002010 seconds
2016-05-08T18:44:40.566+0500: 5.272: Total time for which application threads were stopped: 0.0002110 seconds
2016-05-08T18:44:40.600+0500: 5.307: Total time for which application threads were stopped: 0.0001150 seconds
2016-05-08T18:44:40.602+0500: 5.308: Total time for which application threads were stopped: 0.0000880 seconds
2016-05-08T18:44:40.602+0500: 5.309: Total time for which application threads were stopped: 0.0000900 seconds
2016-05-08T18:44:40.691+0500: 5.398: Total time for which application threads were stopped: 0.0001230 seconds
2016-05-08T18:44:40.709+0500: 5.415: Total time for which application threads were stopped: 0.0001210 seconds
2016-05-08T18:44:40.709+0500: 5.415: Total time for which application threads were stopped: 0.0000570 seconds
{Heap before GC invocations=1 (full 0):
 par new generation   total 109248K, used 92626K [0x00000007dae00000, 0x00000007e2e00000, 0x00000007e2e00000)
  eden space 87424K, 100% used [0x00000007dae00000, 0x00000007e0360000, 0x00000007e0360000)
  from space 21824K,  23% used [0x00000007e18b0000, 0x00000007e1dc4958, 0x00000007e2e00000)
  to   space 21824K,   0% used [0x00000007e0360000, 0x00000007e0360000, 0x00000007e18b0000)
 concurrent mark-sweep generation total 393216K, used 0K [0x00000007e2e00000, 0x00000007fae00000, 0x00000007fae00000)
 concurrent-mark-sweep perm gen total 21248K, used 16985K [0x00000007fae00000, 0x00000007fc2c0000, 0x0000000800000000)
2016-05-08T18:44:41.091+0500: 5.798: [GC2016-05-08T18:44:41.091+0500: 5.798: [ParNew
Desired survivor size 20112992 bytes, new threshold 8 (max 8)
- age   1:    5550000 bytes,    5550000 total
- age   2:    2190144 bytes,    7740144 total
: 92626K->9798K(109248K), 0.0333150 secs] 92626K->9798K(502464K), 0.0334620 secs] [Times: user=0.05 sys=0.01, real=0.03 secs] 
Heap after GC invocations=2 (full 0):
 par new generation   total 109248K, used 9798K [0x00000007dae00000, 0x00000007e2e00000, 0x00000007e2e00000)
  eden space 87424K,   0% used [0x00000007dae00000, 0x00000007dae00000, 0x00000007e0360000)
  from space 21824K,  44% used [0x00000007e0360000, 0x00000007e0cf18c0, 0x00000007e18b0000)
  to   space 21824K,   0% used [0x00000007e18b0000, 0x00000007e18b0000, 0x00000007e2e00000)
 concurrent mark-sweep generation total 393216K, used 0K [0x00000007e2e00000, 0x00000007fae00000, 0x00000007fae00000)
 concurrent-mark-sweep perm gen total 21248K, used 16985K [0x00000007fae00000, 0x00000007fc2c0000, 0x0000000800000000)
}
2016-05-08T18:44:41.125+0500: 5.831: Total time for which application threads were stopped: 0.0338700 seconds
2016-05-08T18:44:41.136+0500: 5.843: Total time for which application threads were stopped: 0.0001500 seconds
2016-05-08T18:44:41.136+0500: 5.843: Total time for which application threads were stopped: 0.0000320 seconds
2016-05-08T18:44:41.136+0500: 5.843: Total time for which application threads were stopped: 0.0000280 seconds
2016-05-08T18:44:41.136+0500: 5.843: Total time for which application threads were stopped: 0.0000440 seconds
2016-05-08T18:44:41.137+0500: 5.843: Total time for which application threads were stopped: 0.0000280 seconds
2016-05-08T18:44:41.137+0500: 5.843: Total time for which application threads were stopped: 0.0005320 seconds
2016-05-08T18:44:41.137+0500: 5.844: Total time for which application threads were stopped: 0.0000310 seconds
2016-05-08T18:44:41.137+0500: 5.844: Total time for which application threads were stopped: 0.0000460 seconds
2016-05-08T18:44:41.137+0500: 5.844: Total time for which application threads were stopped: 0.0000450 seconds
2016-05-08T18:44:41.138+0500: 5.844: Total time for which application threads were stopped: 0.0005510 seconds
2016-05-08T18:44:41.139+0500: 5.845: Total time for which application threads were stopped: 0.0005360 seconds
2016-05-08T18:44:41.139+0500: 5.846: Total time for which application threads were stopped: 0.0005250 seconds
2016-05-08T18:44:41.139+0500: 5.846: Total time for which application threads were stopped: 0.0000460 seconds
2016-05-08T18:44:41.139+0500: 5.846: Total time for which application threads were stopped: 0.0000450 seconds
2016-05-08T18:44:41.140+0500: 5.846: Total time for which application threads were stopped: 0.0000650 seconds
2016-05-08T18:44:41.140+0500: 5.846: Total time for which application threads were stopped: 0.0000450 seconds
2016-05-08T18:44:41.140+0500: 5.847: Total time for which application threads were stopped: 0.0005290 seconds
2016-05-08T18:44:41.140+0500: 5.847: Total time for which application threads were stopped: 0.0000470 seconds
2016-05-08T18:44:41.140+0500: 5.847: Total time for which application threads were stopped: 0.0000430 seconds
2016-05-08T18:44:41.141+0500: 5.847: Total time for which application threads were stopped: 0.0001410 seconds
2016-05-08T18:44:41.141+0500: 5.847: Total time for which application threads were stopped: 0.0000240 seconds
2016-05-08T18:44:41.142+0500: 5.848: Total time for which application threads were stopped: 0.0005510 seconds
2016-05-08T18:44:41.142+0500: 5.849: Total time for which application threads were stopped: 0.0000470 seconds
2016-05-08T18:44:41.142+0500: 5.849: Total time for which application threads were stopped: 0.0000470 seconds
2016-05-08T18:44:41.143+0500: 5.849: Total time for which application threads were stopped: 0.0005380 seconds
2016-05-08T18:44:41.144+0500: 5.850: Total time for which application threads were stopped: 0.0005330 seconds
2016-05-08T18:44:41.144+0500: 5.850: Total time for which application threads were stopped: 0.0000450 seconds
2016-05-08T18:44:41.144+0500: 5.850: Total time for which application threads were stopped: 0.0000450 seconds
2016-05-08T18:44:41.144+0500: 5.850: Total time for which application threads were stopped: 0.0000280 seconds
2016-05-08T18:44:41.144+0500: 5.850: Total time for which application threads were stopped: 0.0000260 seconds
2016-05-08T18:44:41.144+0500: 5.850: Total time for which application threads were stopped: 0.0000740 seconds
2016-05-08T18:44:41.144+0500: 5.850: Total time for which application threads were stopped: 0.0000260 seconds
2016-05-08T18:44:41.144+0500: 5.850: Total time for which application threads were stopped: 0.0000270 seconds
2016-05-08T18:44:41.144+0500: 5.850: Total time for which application threads were stopped: 0.0000260 seconds
2016-05-08T18:44:41.144+0500: 5.851: Total time for which application threads were stopped: 0.0000260 seconds
2016-05-08T18:44:41.144+0500: 5.851: Total time for which application threads were stopped: 0.0000270 seconds
2016-05-08T18:44:41.144+0500: 5.851: Total time for which application threads were stopped: 0.0000270 seconds
2016-05-08T18:44:41.144+0500: 5.851: Total time for which application threads were stopped: 0.0000260 seconds
2016-05-08T18:44:41.144+0500: 5.851: Total time for which application threads were stopped: 0.0000260 seconds
2016-05-08T18:44:41.145+0500: 5.851: Total time for which application threads were stopped: 0.0000260 seconds
2016-05-08T18:44:41.145+0500: 5.851: Total time for which application threads were stopped: 0.0001190 seconds
2016-05-08T18:44:41.413+0500: 6.119: Total time for which application threads were stopped: 0.0001420 seconds
2016-05-08T18:44:41.415+0500: 6.121: Total time for which application threads were stopped: 0.0000910 seconds
2016-05-08T18:44:41.417+0500: 6.124: Total time for which application threads were stopped: 0.0000650 seconds
2016-05-08T18:44:41.419+0500: 6.125: Total time for which application threads were stopped: 0.0000710 seconds
2016-05-08T18:44:41.478+0500: 6.184: Total time for which application threads were stopped: 0.0001210 seconds
2016-05-08T18:44:41.646+0500: 6.353: Total time for which application threads were stopped: 0.0001460 seconds
2016-05-08T18:44:41.954+0500: 6.660: Total time for which application threads were stopped: 0.0001130 seconds
2016-05-08T18:44:42.083+0500: 6.789: Total time for which application threads were stopped: 0.0000950 seconds
{Heap before GC invocations=2 (full 0):
 par new generation   total 109248K, used 97222K [0x00000007dae00000, 0x00000007e2e00000, 0x00000007e2e00000)
  eden space 87424K, 100% used [0x00000007dae00000, 0x00000007e0360000, 0x00000007e0360000)
  from space 21824K,  44% used [0x00000007e0360000, 0x00000007e0cf18c0, 0x00000007e18b0000)
  to   space 21824K,   0% used [0x00000007e18b0000, 0x00000007e18b0000, 0x00000007e2e00000)
 concurrent mark-sweep generation total 393216K, used 0K [0x00000007e2e00000, 0x00000007fae00000, 0x00000007fae00000)
 concurrent-mark-sweep perm gen total 21248K, used 20594K [0x00000007fae00000, 0x00000007fc2c0000, 0x0000000800000000)
2016-05-08T18:44:42.142+0500: 6.849: [GC2016-05-08T18:44:42.142+0500: 6.849: [ParNew
Desired survivor size 20112992 bytes, new threshold 8 (max 8)
- age   1:    3135360 bytes,    3135360 total
- age   2:    2095360 bytes,    5230720 total
- age   3:    2179592 bytes,    7410312 total
: 97222K->9127K(109248K), 0.0232620 secs] 97222K->9127K(502464K), 0.0233990 secs] [Times: user=0.04 sys=0.01, real=0.02 secs] 
Heap after GC invocations=3 (full 0):
 par new generation   total 109248K, used 9127K [0x00000007dae00000, 0x00000007e2e00000, 0x00000007e2e00000)
  eden space 87424K,   0% used [0x00000007dae00000, 0x00000007dae00000, 0x00000007e0360000)
  from space 21824K,  41% used [0x00000007e18b0000, 0x00000007e2199e50, 0x00000007e2e00000)
  to   space 21824K,   0% used [0x00000007e0360000, 0x00000007e0360000, 0x00000007e18b0000)
 concurrent mark-sweep generation total 393216K, used 0K [0x00000007e2e00000, 0x00000007fae00000, 0x00000007fae00000)
 concurrent-mark-sweep perm gen total 21248K, used 20594K [0x00000007fae00000, 0x00000007fc2c0000, 0x0000000800000000)
}
2016-05-08T18:44:42.166+0500: 6.872: Total time for which application threads were stopped: 0.0236610 seconds
2016-05-08T18:44:42.166+0500: 6.873: Total time for which application threads were stopped: 0.0002450 seconds
2016-05-08T18:44:42.300+0500: 7.007: Total time for which application threads were stopped: 0.0001890 seconds
2016-05-08T18:44:42.301+0500: 7.008: Total time for which application threads were stopped: 0.0000940 seconds
2016-05-08T18:44:42.393+0500: 7.100: Total time for which application threads were stopped: 0.0000710 seconds
2016-05-08T18:44:42.393+0500: 7.100: Total time for which application threads were stopped: 0.0000240 seconds
2016-05-08T18:44:42.465+0500: 7.171: Total time for which application threads were stopped: 0.0000670 seconds
2016-05-08T18:44:42.510+0500: 7.216: Total time for which application threads were stopped: 0.0000690 seconds
2016-05-08T18:44:42.797+0500: 7.504: Total time for which application threads were stopped: 0.0002110 seconds
2016-05-08T18:44:42.811+0500: 7.517: Total time for which application threads were stopped: 0.0000770 seconds
2016-05-08T18:44:58.765+0500: 23.472: Total time for which application threads were stopped: 0.0001690 seconds
2016-05-08T18:44:58.765+0500: 23.472: Total time for which application threads were stopped: 0.0000310 seconds
2016-05-08T18:44:58.767+0500: 23.474: Total time for which application threads were stopped: 0.0000530 seconds
2016-05-08T18:44:58.768+0500: 23.474: Total time for which application threads were stopped: 0.0000390 seconds
2016-05-08T18:44:58.774+0500: 23.480: Total time for which application threads were stopped: 0.0000530 seconds
2016-05-08T18:44:58.774+0500: 23.480: Total time for which application threads were stopped: 0.0000290 seconds
2016-05-08T18:44:58.775+0500: 23.481: Total time for which application threads were stopped: 0.0000380 seconds
2016-05-08T18:44:58.795+0500: 23.502: Total time for which application threads were stopped: 0.0000740 seconds
2016-05-08T18:44:58.795+0500: 23.502: Total time for which application threads were stopped: 0.0000290 seconds
2016-05-08T18:44:58.829+0500: 23.535: Total time for which application threads were stopped: 0.0014590 seconds
2016-05-08T18:44:58.853+0500: 23.559: Total time for which application threads were stopped: 0.0000820 seconds
2016-05-08T18:44:58.913+0500: 23.619: Total time for which application threads were stopped: 0.0000780 seconds
2016-05-08T18:44:58.913+0500: 23.620: Total time for which application threads were stopped: 0.0000380 seconds
2016-05-08T18:44:58.987+0500: 23.693: Total time for which application threads were stopped: 0.0000770 seconds
2016-05-08T18:44:58.987+0500: 23.693: Total time for which application threads were stopped: 0.0000280 seconds
2016-05-08T18:44:58.987+0500: 23.693: Total time for which application threads were stopped: 0.0000270 seconds
2016-05-08T18:44:58.987+0500: 23.693: Total time for which application threads were stopped: 0.0000280 seconds
2016-05-08T18:44:58.987+0500: 23.693: Total time for which application threads were stopped: 0.0000280 seconds
2016-05-08T18:44:58.987+0500: 23.693: Total time for which application threads were stopped: 0.0000280 seconds
2016-05-08T18:44:58.987+0500: 23.693: Total time for which application threads were stopped: 0.0000280 seconds
2016-05-08T18:44:58.987+0500: 23.694: Total time for which application threads were stopped: 0.0000270 seconds
2016-05-08T18:44:58.987+0500: 23.694: Total time for which application threads were stopped: 0.0002650 seconds
2016-05-08T18:44:58.988+0500: 23.694: Total time for which application threads were stopped: 0.0000410 seconds
2016-05-08T18:44:58.999+0500: 23.706: Total time for which application threads were stopped: 0.0000950 seconds
2016-05-08T18:44:58.999+0500: 23.706: Total time for which application threads were stopped: 0.0000320 seconds
2016-05-08T18:45:05.415+0500: 30.121: Total time for which application threads were stopped: 0.0002920 seconds
2016-05-08T18:45:05.416+0500: 30.122: Total time for which application threads were stopped: 0.0004320 seconds
2016-05-08T18:45:05.416+0500: 30.123: Total time for which application threads were stopped: 0.0000650 seconds
2016-05-08T18:45:05.450+0500: 30.156: Total time for which application threads were stopped: 0.0000980 seconds
2016-05-08T18:45:05.455+0500: 30.161: Total time for which application threads were stopped: 0.0000810 seconds
2016-05-08T18:45:05.458+0500: 30.164: Total time for which application threads were stopped: 0.0000790 seconds
2016-05-08T18:45:05.458+0500: 30.165: Total time for which application threads were stopped: 0.0000370 seconds
2016-05-08T18:45:05.459+0500: 30.165: Total time for which application threads were stopped: 0.0000300 seconds
2016-05-08T18:45:05.469+0500: 30.175: Total time for which application threads were stopped: 0.0000870 seconds
2016-05-08T18:45:05.469+0500: 30.176: Total time for which application threads were stopped: 0.0000320 seconds
2016-05-08T18:45:05.494+0500: 30.200: Total time for which application threads were stopped: 0.0000840 seconds
2016-05-08T18:45:05.494+0500: 30.201: Total time for which application threads were stopped: 0.0000320 seconds
2016-05-08T18:45:05.527+0500: 30.234: Total time for which application threads were stopped: 0.0000790 seconds
2016-05-08T18:45:05.528+0500: 30.234: Total time for which application threads were stopped: 0.0000320 seconds
2016-05-08T18:45:05.528+0500: 30.234: Total time for which application threads were stopped: 0.0000300 seconds
2016-05-08T18:45:05.577+0500: 30.283: Total time for which application threads were stopped: 0.0000830 seconds
2016-05-08T18:45:05.594+0500: 30.300: Total time for which application threads were stopped: 0.0000870 seconds
2016-05-08T18:45:05.594+0500: 30.301: Total time for which application threads were stopped: 0.0000360 seconds
2016-05-08T18:45:05.595+0500: 30.302: Total time for which application threads were stopped: 0.0000440 seconds
2016-05-08T18:45:05.596+0500: 30.302: Total time for which application threads were stopped: 0.0000330 seconds
2016-05-08T18:45:05.604+0500: 30.310: Total time for which application threads were stopped: 0.0000830 seconds
2016-05-08T18:45:05.628+0500: 30.335: Total time for which application threads were stopped: 0.0000860 seconds
2016-05-08T18:45:05.631+0500: 30.337: Total time for which application threads were stopped: 0.0000570 seconds
2016-05-08T18:45:05.631+0500: 30.337: Total time for which application threads were stopped: 0.0000800 seconds
2016-05-08T18:45:05.633+0500: 30.340: Total time for which application threads were stopped: 0.0000870 seconds
2016-05-08T18:45:05.636+0500: 30.342: Total time for which application threads were stopped: 0.0000990 seconds
2016-05-08T18:45:05.664+0500: 30.370: Total time for which application threads were stopped: 0.0000830 seconds
2016-05-08T18:45:05.664+0500: 30.370: Total time for which application threads were stopped: 0.0000330 seconds
2016-05-08T18:45:05.664+0500: 30.370: Total time for which application threads were stopped: 0.0000300 seconds
2016-05-08T18:45:05.667+0500: 30.373: Total time for which application threads were stopped: 0.0001050 seconds
2016-05-08T18:45:05.668+0500: 30.374: Total time for which application threads were stopped: 0.0000700 seconds
2016-05-08T18:45:05.668+0500: 30.374: Total time for which application threads were stopped: 0.0000360 seconds
2016-05-08T18:45:05.669+0500: 30.375: Total time for which application threads were stopped: 0.0000440 seconds
2016-05-08T18:45:05.669+0500: 30.376: Total time for which application threads were stopped: 0.0000330 seconds
2016-05-08T18:45:05.670+0500: 30.376: Total time for which application threads were stopped: 0.0000310 seconds
2016-05-08T18:45:05.670+0500: 30.376: Total time for which application threads were stopped: 0.0000340 seconds
2016-05-08T18:45:05.670+0500: 30.377: Total time for which application threads were stopped: 0.0000300 seconds
2016-05-08T18:45:05.671+0500: 30.378: Total time for which application threads were stopped: 0.0000310 seconds
2016-05-08T18:45:05.675+0500: 30.381: Total time for which application threads were stopped: 0.0000620 seconds
2016-05-08T18:45:05.677+0500: 30.383: Total time for which application threads were stopped: 0.0000670 seconds
2016-05-08T18:45:05.677+0500: 30.384: Total time for which application threads were stopped: 0.0000320 seconds
2016-05-08T18:45:05.677+0500: 30.384: Total time for which application threads were stopped: 0.0000300 seconds
2016-05-08T18:45:05.678+0500: 30.384: Total time for which application threads were stopped: 0.0000290 seconds
2016-05-08T18:45:05.678+0500: 30.384: Total time for which application threads were stopped: 0.0000290 seconds
2016-05-08T18:45:05.678+0500: 30.384: Total time for which application threads were stopped: 0.0000270 seconds
2016-05-08T18:45:05.691+0500: 30.397: Total time for which application threads were stopped: 0.0000760 seconds
2016-05-08T18:45:05.691+0500: 30.397: Total time for which application threads were stopped: 0.0000280 seconds
2016-05-08T18:45:05.704+0500: 30.411: Total time for which application threads were stopped: 0.0000790 seconds
2016-05-08T18:45:05.705+0500: 30.411: Total time for which application threads were stopped: 0.0000420 seconds
2016-05-08T18:45:05.762+0500: 30.468: Total time for which application threads were stopped: 0.0000840 seconds
2016-05-08T18:45:05.767+0500: 30.473: Total time for which application threads were stopped: 0.0000940 seconds
2016-05-08T18:45:05.768+0500: 30.475: Total time for which application threads were stopped: 0.0000720 seconds
2016-05-08T18:45:05.769+0500: 30.475: Total time for which application threads were stopped: 0.0000580 seconds
2016-05-08T18:45:05.773+0500: 30.479: Total time for which application threads were stopped: 0.0000960 seconds
2016-05-08T18:45:05.773+0500: 30.479: Total time for which application threads were stopped: 0.0000510 seconds
2016-05-08T18:45:05.775+0500: 30.481: Total time for which application threads were stopped: 0.0000910 seconds
2016-05-08T18:45:05.775+0500: 30.481: Total time for which application threads were stopped: 0.0000440 seconds
2016-05-08T18:45:05.801+0500: 30.507: Total time for which application threads were stopped: 0.0000930 seconds
2016-05-08T18:45:05.808+0500: 30.514: Total time for which application threads were stopped: 0.0001050 seconds
2016-05-08T18:45:05.841+0500: 30.547: Total time for which application threads were stopped: 0.0000910 seconds
2016-05-08T18:45:05.845+0500: 30.551: Total time for which application threads were stopped: 0.0001230 seconds
2016-05-08T18:45:05.845+0500: 30.552: Total time for which application threads were stopped: 0.0000790 seconds
2016-05-08T18:45:05.848+0500: 30.554: Total time for which application threads were stopped: 0.0001390 seconds
2016-05-08T18:45:05.848+0500: 30.555: Total time for which application threads were stopped: 0.0000430 seconds
2016-05-08T18:45:05.848+0500: 30.555: Total time for which application threads were stopped: 0.0000290 seconds
2016-05-08T18:45:05.850+0500: 30.557: Total time for which application threads were stopped: 0.0000890 seconds
2016-05-08T18:45:05.851+0500: 30.557: Total time for which application threads were stopped: 0.0000440 seconds
2016-05-08T18:45:05.872+0500: 30.578: Total time for which application threads were stopped: 0.0000970 seconds
2016-05-08T18:45:05.876+0500: 30.582: Total time for which application threads were stopped: 0.0002000 seconds
2016-05-08T18:45:05.913+0500: 30.619: Total time for which application threads were stopped: 0.0001290 seconds
2016-05-08T18:45:05.918+0500: 30.624: Total time for which application threads were stopped: 0.0004590 seconds
2016-05-08T18:45:05.919+0500: 30.625: Total time for which application threads were stopped: 0.0000850 seconds
2016-05-08T18:45:05.921+0500: 30.627: Total time for which application threads were stopped: 0.0002530 seconds
2016-05-08T18:45:05.923+0500: 30.629: Total time for which application threads were stopped: 0.0000880 seconds
2016-05-08T18:45:05.924+0500: 30.631: Total time for which application threads were stopped: 0.0000840 seconds
2016-05-08T18:45:05.950+0500: 30.656: Total time for which application threads were stopped: 0.0000890 seconds
2016-05-08T18:45:05.953+0500: 30.660: Total time for which application threads were stopped: 0.0000920 seconds
2016-05-08T18:45:05.978+0500: 30.684: Total time for which application threads were stopped: 0.0000910 seconds
2016-05-08T18:45:05.985+0500: 30.691: Total time for which application threads were stopped: 0.0000800 seconds
2016-05-08T18:45:05.985+0500: 30.692: Total time for which application threads were stopped: 0.0002260 seconds
2016-05-08T18:45:05.990+0500: 30.696: Total time for which application threads were stopped: 0.0001040 seconds
2016-05-08T18:45:05.990+0500: 30.697: Total time for which application threads were stopped: 0.0000450 seconds
2016-05-08T18:45:06.010+0500: 30.716: Total time for which application threads were stopped: 0.0000980 seconds
2016-05-08T18:45:06.013+0500: 30.719: Total time for which application threads were stopped: 0.0000820 seconds
2016-05-08T18:45:06.034+0500: 30.740: Total time for which application threads were stopped: 0.0000890 seconds
2016-05-08T18:45:06.040+0500: 30.746: Total time for which application threads were stopped: 0.0001320 seconds
2016-05-08T18:45:06.040+0500: 30.747: Total time for which application threads were stopped: 0.0000660 seconds
2016-05-08T18:45:06.045+0500: 30.751: Total time for which application threads were stopped: 0.0001040 seconds
2016-05-08T18:45:06.045+0500: 30.751: Total time for which application threads were stopped: 0.0000480 seconds
2016-05-08T18:45:06.212+0500: 30.918: Total time for which application threads were stopped: 0.0000910 seconds
2016-05-08T18:45:06.216+0500: 30.923: Total time for which application threads were stopped: 0.0000940 seconds
2016-05-08T18:45:06.258+0500: 30.964: Total time for which application threads were stopped: 0.0000940 seconds
2016-05-08T18:45:06.291+0500: 30.997: Total time for which application threads were stopped: 0.0001620 seconds
2016-05-08T18:45:06.312+0500: 31.019: Total time for which application threads were stopped: 0.0001190 seconds
2016-05-08T18:45:06.325+0500: 31.031: Total time for which application threads were stopped: 0.0001010 seconds
2016-05-08T18:45:06.325+0500: 31.032: Total time for which application threads were stopped: 0.0000360 seconds
2016-05-08T18:45:06.361+0500: 31.067: Total time for which application threads were stopped: 0.0001360 seconds
2016-05-08T18:45:06.366+0500: 31.072: Total time for which application threads were stopped: 0.0000910 seconds
2016-05-08T18:45:06.416+0500: 31.123: Total time for which application threads were stopped: 0.0001120 seconds
2016-05-08T18:45:06.475+0500: 31.182: Total time for which application threads were stopped: 0.0003440 seconds
2016-05-08T18:45:06.476+0500: 31.182: Total time for which application threads were stopped: 0.0000440 seconds
2016-05-08T18:45:06.521+0500: 31.227: Total time for which application threads were stopped: 0.0001010 seconds
2016-05-08T18:45:06.521+0500: 31.228: Total time for which application threads were stopped: 0.0000430 seconds
2016-05-08T18:45:06.540+0500: 31.246: Total time for which application threads were stopped: 0.0001130 seconds
2016-05-08T18:45:06.544+0500: 31.250: Total time for which application threads were stopped: 0.0001050 seconds
2016-05-08T18:45:06.578+0500: 31.285: Total time for which application threads were stopped: 0.0001340 seconds
2016-05-08T18:45:06.589+0500: 31.295: Total time for which application threads were stopped: 0.0000900 seconds
2016-05-08T18:45:06.591+0500: 31.297: Total time for which application threads were stopped: 0.0001880 seconds
2016-05-08T18:45:06.595+0500: 31.302: Total time for which application threads were stopped: 0.0001020 seconds
2016-05-08T18:45:06.597+0500: 31.304: Total time for which application threads were stopped: 0.0000860 seconds
2016-05-08T18:45:06.614+0500: 31.320: Total time for which application threads were stopped: 0.0000840 seconds
2016-05-08T18:45:06.620+0500: 31.327: Total time for which application threads were stopped: 0.0000830 seconds
2016-05-08T18:45:06.630+0500: 31.337: Total time for which application threads were stopped: 0.0001760 seconds
2016-05-08T18:45:06.633+0500: 31.339: Total time for which application threads were stopped: 0.0001240 seconds
2016-05-08T18:45:06.649+0500: 31.355: Total time for which application threads were stopped: 0.0001200 seconds
2016-05-08T18:45:06.665+0500: 31.371: Total time for which application threads were stopped: 0.0002080 seconds
2016-05-08T18:45:06.666+0500: 31.372: Total time for which application threads were stopped: 0.0001070 seconds
2016-05-08T18:45:06.671+0500: 31.377: Total time for which application threads were stopped: 0.0001320 seconds
2016-05-08T18:45:06.672+0500: 31.378: Total time for which application threads were stopped: 0.0001560 seconds
{Heap before GC invocations=3 (full 0):
 par new generation   total 109248K, used 96551K [0x00000007dae00000, 0x00000007e2e00000, 0x00000007e2e00000)
  eden space 87424K, 100% used [0x00000007dae00000, 0x00000007e0360000, 0x00000007e0360000)
  from space 21824K,  41% used [0x00000007e18b0000, 0x00000007e2199e50, 0x00000007e2e00000)
  to   space 21824K,   0% used [0x00000007e0360000, 0x00000007e0360000, 0x00000007e18b0000)
 concurrent mark-sweep generation total 393216K, used 0K [0x00000007e2e00000, 0x00000007fae00000, 0x00000007fae00000)
 concurrent-mark-sweep perm gen total 28352K, used 28232K [0x00000007fae00000, 0x00000007fc9b0000, 0x0000000800000000)
2016-05-08T18:45:06.680+0500: 31.386: [GC2016-05-08T18:45:06.680+0500: 31.386: [ParNew
Desired survivor size 20112992 bytes, new threshold 8 (max 8)
- age   1:   13177960 bytes,   13177960 total
- age   2:     647664 bytes,   13825624 total
- age   3:    2059320 bytes,   15884944 total
- age   4:    2178752 bytes,   18063696 total
: 96551K->21196K(109248K), 0.0870890 secs] 96551K->21196K(502464K), 0.0871980 secs] [Times: user=0.07 sys=0.02, real=0.08 secs] 
Heap after GC invocations=4 (full 0):
 par new generation   total 109248K, used 21196K [0x00000007dae00000, 0x00000007e2e00000, 0x00000007e2e00000)
  eden space 87424K,   0% used [0x00000007dae00000, 0x00000007dae00000, 0x00000007e0360000)
  from space 21824K,  97% used [0x00000007e0360000, 0x00000007e1813310, 0x00000007e18b0000)
  to   space 21824K,   0% used [0x00000007e18b0000, 0x00000007e18b0000, 0x00000007e2e00000)
 concurrent mark-sweep generation total 393216K, used 0K [0x00000007e2e00000, 0x00000007fae00000, 0x00000007fae00000)
 concurrent-mark-sweep perm gen total 28352K, used 28232K [0x00000007fae00000, 0x00000007fc9b0000, 0x0000000800000000)
}
2016-05-08T18:45:06.767+0500: 31.474: Total time for which application threads were stopped: 0.0874490 seconds
2016-05-08T18:45:06.835+0500: 31.541: Total time for which application threads were stopped: 0.0001400 seconds
2016-05-08T18:45:06.838+0500: 31.544: Total time for which application threads were stopped: 0.0001510 seconds
2016-05-08T18:45:06.851+0500: 31.558: Total time for which application threads were stopped: 0.0001440 seconds
2016-05-08T18:45:06.852+0500: 31.559: Total time for which application threads were stopped: 0.0007190 seconds
2016-05-08T18:45:06.856+0500: 31.562: Total time for which application threads were stopped: 0.0000840 seconds
2016-05-08T18:45:06.856+0500: 31.562: Total time for which application threads were stopped: 0.0000400 seconds
2016-05-08T18:45:06.872+0500: 31.578: Total time for which application threads were stopped: 0.0000930 seconds
2016-05-08T18:45:06.873+0500: 31.579: Total time for which application threads were stopped: 0.0000790 seconds
2016-05-08T18:45:06.873+0500: 31.580: Total time for which application threads were stopped: 0.0000310 seconds
2016-05-08T18:45:06.874+0500: 31.580: Total time for which application threads were stopped: 0.0000250 seconds
2016-05-08T18:45:06.874+0500: 31.580: Total time for which application threads were stopped: 0.0000250 seconds
2016-05-08T18:45:06.875+0500: 31.581: Total time for which application threads were stopped: 0.0000470 seconds
2016-05-08T18:45:06.875+0500: 31.581: Total time for which application threads were stopped: 0.0000820 seconds
2016-05-08T18:45:06.875+0500: 31.581: Total time for which application threads were stopped: 0.0000290 seconds
2016-05-08T18:45:06.875+0500: 31.582: Total time for which application threads were stopped: 0.0000260 seconds
2016-05-08T18:45:06.881+0500: 31.587: Total time for which application threads were stopped: 0.0001110 seconds
2016-05-08T18:45:06.882+0500: 31.589: Total time for which application threads were stopped: 0.0002150 seconds
2016-05-08T18:45:06.934+0500: 31.641: Total time for which application threads were stopped: 0.0001100 seconds
2016-05-08T18:45:06.940+0500: 31.646: Total time for which application threads were stopped: 0.0001210 seconds
2016-05-08T18:45:06.941+0500: 31.647: Total time for which application threads were stopped: 0.0000520 seconds
2016-05-08T18:45:06.941+0500: 31.647: Total time for which application threads were stopped: 0.0000290 seconds
2016-05-08T18:45:06.941+0500: 31.647: Total time for which application threads were stopped: 0.0000280 seconds
2016-05-08T18:45:06.941+0500: 31.647: Total time for which application threads were stopped: 0.0000320 seconds
2016-05-08T18:45:06.941+0500: 31.648: Total time for which application threads were stopped: 0.0000290 seconds
2016-05-08T18:45:06.941+0500: 31.648: Total time for which application threads were stopped: 0.0000290 seconds
2016-05-08T18:45:06.941+0500: 31.648: Total time for which application threads were stopped: 0.0000300 seconds
2016-05-08T18:45:06.942+0500: 31.648: Total time for which application threads were stopped: 0.0001570 seconds
2016-05-08T18:45:06.989+0500: 31.695: Total time for which application threads were stopped: 0.0002710 seconds
2016-05-08T18:45:07.007+0500: 31.713: Total time for which application threads were stopped: 0.0001130 seconds
2016-05-08T18:45:07.007+0500: 31.714: Total time for which application threads were stopped: 0.0000410 seconds
2016-05-08T18:45:07.029+0500: 31.735: Total time for which application threads were stopped: 0.0032650 seconds
2016-05-08T18:45:07.029+0500: 31.735: Total time for which application threads were stopped: 0.0000580 seconds
2016-05-08T18:45:07.032+0500: 31.738: Total time for which application threads were stopped: 0.0000880 seconds
2016-05-08T18:45:07.049+0500: 31.755: Total time for which application threads were stopped: 0.0001100 seconds
2016-05-08T18:45:07.050+0500: 31.756: Total time for which application threads were stopped: 0.0000960 seconds
2016-05-08T18:45:07.053+0500: 31.760: Total time for which application threads were stopped: 0.0000860 seconds
2016-05-08T18:45:07.054+0500: 31.760: Total time for which application threads were stopped: 0.0000520 seconds
2016-05-08T18:45:07.073+0500: 31.780: Total time for which application threads were stopped: 0.0001210 seconds
2016-05-08T18:45:07.077+0500: 31.783: Total time for which application threads were stopped: 0.0001020 seconds
2016-05-08T18:45:07.337+0500: 32.043: Total time for which application threads were stopped: 0.0000920 seconds
2016-05-08T18:45:07.337+0500: 32.043: Total time for which application threads were stopped: 0.0000390 seconds
2016-05-08T18:45:07.337+0500: 32.043: Total time for which application threads were stopped: 0.0000350 seconds
2016-05-08T18:45:07.340+0500: 32.046: Total time for which application threads were stopped: 0.0000660 seconds
2016-05-08T18:45:07.340+0500: 32.047: Total time for which application threads were stopped: 0.0000690 seconds
2016-05-08T18:45:07.346+0500: 32.052: Total time for which application threads were stopped: 0.0001050 seconds
2016-05-08T18:45:07.346+0500: 32.053: Total time for which application threads were stopped: 0.0000460 seconds
2016-05-08T18:45:07.362+0500: 32.069: Total time for which application threads were stopped: 0.0000890 seconds
2016-05-08T18:45:07.366+0500: 32.072: Total time for which application threads were stopped: 0.0000900 seconds
2016-05-08T18:45:07.418+0500: 32.124: Total time for which application threads were stopped: 0.0000900 seconds
2016-05-08T18:45:07.421+0500: 32.127: Total time for which application threads were stopped: 0.0000820 seconds
2016-05-08T18:45:07.427+0500: 32.133: Total time for which application threads were stopped: 0.0000960 seconds
2016-05-08T18:45:07.433+0500: 32.139: Total time for which application threads were stopped: 0.0000910 seconds
2016-05-08T18:45:07.462+0500: 32.168: Total time for which application threads were stopped: 0.0001100 seconds
2016-05-08T18:45:07.495+0500: 32.201: Total time for which application threads were stopped: 0.0003140 seconds
2016-05-08T18:45:07.518+0500: 32.224: Total time for which application threads were stopped: 0.0000900 seconds
2016-05-08T18:45:07.522+0500: 32.228: Total time for which application threads were stopped: 0.0000970 seconds
2016-05-08T18:45:07.522+0500: 32.228: Total time for which application threads were stopped: 0.0000620 seconds
2016-05-08T18:45:07.527+0500: 32.233: Total time for which application threads were stopped: 0.0003070 seconds
2016-05-08T18:45:07.528+0500: 32.235: Total time for which application threads were stopped: 0.0001060 seconds
2016-05-08T18:45:07.549+0500: 32.255: Total time for which application threads were stopped: 0.0001110 seconds
2016-05-08T18:45:07.552+0500: 32.258: Total time for which application threads were stopped: 0.0000800 seconds
2016-05-08T18:45:07.571+0500: 32.277: Total time for which application threads were stopped: 0.0001030 seconds
2016-05-08T18:45:07.578+0500: 32.284: Total time for which application threads were stopped: 0.0001100 seconds
2016-05-08T18:45:07.578+0500: 32.284: Total time for which application threads were stopped: 0.0000550 seconds
2016-05-08T18:45:07.582+0500: 32.288: Total time for which application threads were stopped: 0.0000900 seconds
2016-05-08T18:45:07.582+0500: 32.288: Total time for which application threads were stopped: 0.0000350 seconds
2016-05-08T18:45:07.605+0500: 32.311: Total time for which application threads were stopped: 0.0000890 seconds
2016-05-08T18:45:07.611+0500: 32.317: Total time for which application threads were stopped: 0.0000920 seconds
2016-05-08T18:45:07.630+0500: 32.336: Total time for which application threads were stopped: 0.0000870 seconds
2016-05-08T18:45:07.633+0500: 32.339: Total time for which application threads were stopped: 0.0000830 seconds
2016-05-08T18:45:07.633+0500: 32.340: Total time for which application threads were stopped: 0.0000700 seconds
2016-05-08T18:45:07.637+0500: 32.343: Total time for which application threads were stopped: 0.0002030 seconds
2016-05-08T18:45:07.637+0500: 32.343: Total time for which application threads were stopped: 0.0000350 seconds
2016-05-08T18:45:07.653+0500: 32.359: Total time for which application threads were stopped: 0.0001270 seconds
2016-05-08T18:45:07.656+0500: 32.362: Total time for which application threads were stopped: 0.0000840 seconds
2016-05-08T18:45:07.663+0500: 32.369: Total time for which application threads were stopped: 0.0000920 seconds
2016-05-08T18:45:07.663+0500: 32.369: Total time for which application threads were stopped: 0.0000760 seconds
2016-05-08T18:45:07.664+0500: 32.370: Total time for which application threads were stopped: 0.0001750 seconds
2016-05-08T18:45:07.672+0500: 32.378: Total time for which application threads were stopped: 0.0001410 seconds
2016-05-08T18:45:07.679+0500: 32.385: Total time for which application threads were stopped: 0.0001220 seconds
2016-05-08T18:45:07.680+0500: 32.386: Total time for which application threads were stopped: 0.0000850 seconds
2016-05-08T18:45:07.685+0500: 32.392: Total time for which application threads were stopped: 0.0001160 seconds
2016-05-08T18:45:07.695+0500: 32.401: Total time for which application threads were stopped: 0.0026970 seconds
2016-05-08T18:45:07.711+0500: 32.418: Total time for which application threads were stopped: 0.0001300 seconds
2016-05-08T18:45:07.712+0500: 32.418: Total time for which application threads were stopped: 0.0002050 seconds
2016-05-08T18:45:07.749+0500: 32.455: Total time for which application threads were stopped: 0.0001680 seconds
2016-05-08T18:45:07.754+0500: 32.460: Total time for which application threads were stopped: 0.0000760 seconds
2016-05-08T18:45:07.755+0500: 32.461: Total time for which application threads were stopped: 0.0000380 seconds
2016-05-08T18:45:07.755+0500: 32.462: Total time for which application threads were stopped: 0.0000320 seconds
2016-05-08T18:45:07.755+0500: 32.462: Total time for which application threads were stopped: 0.0000250 seconds
2016-05-08T18:45:07.755+0500: 32.462: Total time for which application threads were stopped: 0.0000270 seconds
2016-05-08T18:45:07.756+0500: 32.463: Total time for which application threads were stopped: 0.0000410 seconds
2016-05-08T18:45:07.756+0500: 32.463: Total time for which application threads were stopped: 0.0001440 seconds
2016-05-08T18:45:07.757+0500: 32.463: Total time for which application threads were stopped: 0.0000540 seconds
2016-05-08T18:45:07.757+0500: 32.463: Total time for which application threads were stopped: 0.0000490 seconds
2016-05-08T18:45:07.762+0500: 32.468: Total time for which application threads were stopped: 0.0001190 seconds
2016-05-08T18:45:07.762+0500: 32.468: Total time for which application threads were stopped: 0.0000330 seconds
2016-05-08T18:45:07.762+0500: 32.468: Total time for which application threads were stopped: 0.0000300 seconds
2016-05-08T18:45:07.762+0500: 32.468: Total time for which application threads were stopped: 0.0000310 seconds
2016-05-08T18:45:07.762+0500: 32.468: Total time for which application threads were stopped: 0.0000300 seconds
2016-05-08T18:45:07.762+0500: 32.469: Total time for which application threads were stopped: 0.0000350 seconds
2016-05-08T18:45:07.762+0500: 32.469: Total time for which application threads were stopped: 0.0000360 seconds
2016-05-08T18:45:07.762+0500: 32.469: Total time for which application threads were stopped: 0.0000300 seconds
2016-05-08T18:45:07.762+0500: 32.469: Total time for which application threads were stopped: 0.0000370 seconds
2016-05-08T18:45:07.763+0500: 32.469: Total time for which application threads were stopped: 0.0000330 seconds
2016-05-08T18:45:07.763+0500: 32.469: Total time for which application threads were stopped: 0.0000300 seconds
2016-05-08T18:45:07.763+0500: 32.469: Total time for which application threads were stopped: 0.0001650 seconds
2016-05-08T18:45:07.765+0500: 32.471: Total time for which application threads were stopped: 0.0000890 seconds
2016-05-08T18:45:07.765+0500: 32.472: Total time for which application threads were stopped: 0.0001640 seconds
2016-05-08T18:45:07.769+0500: 32.475: Total time for which application threads were stopped: 0.0000990 seconds
2016-05-08T18:45:07.785+0500: 32.491: Total time for which application threads were stopped: 0.0001140 seconds
2016-05-08T18:45:07.787+0500: 32.493: Total time for which application threads were stopped: 0.0002530 seconds
2016-05-08T18:45:07.788+0500: 32.494: Total time for which application threads were stopped: 0.0000740 seconds
2016-05-08T18:45:07.823+0500: 32.530: Total time for which application threads were stopped: 0.0005750 seconds
2016-05-08T18:45:07.828+0500: 32.535: Total time for which application threads were stopped: 0.0000920 seconds
2016-05-08T18:45:07.841+0500: 32.547: Total time for which application threads were stopped: 0.0001190 seconds
2016-05-08T18:45:07.844+0500: 32.550: Total time for which application threads were stopped: 0.0002170 seconds
2016-05-08T18:45:07.856+0500: 32.562: Total time for which application threads were stopped: 0.0000880 seconds
2016-05-08T18:45:07.862+0500: 32.569: Total time for which application threads were stopped: 0.0000830 seconds
2016-05-08T18:45:07.879+0500: 32.586: Total time for which application threads were stopped: 0.0000910 seconds
2016-05-08T18:45:07.897+0500: 32.603: Total time for which application threads were stopped: 0.0000870 seconds
2016-05-08T18:45:07.901+0500: 32.607: Total time for which application threads were stopped: 0.0000910 seconds
2016-05-08T18:45:07.916+0500: 32.622: Total time for which application threads were stopped: 0.0001030 seconds
2016-05-08T18:45:07.965+0500: 32.671: Total time for which application threads were stopped: 0.0001020 seconds
2016-05-08T18:45:07.998+0500: 32.704: Total time for which application threads were stopped: 0.0002460 seconds
2016-05-08T18:45:08.015+0500: 32.721: Total time for which application threads were stopped: 0.0001060 seconds
2016-05-08T18:45:08.037+0500: 32.743: Total time for which application threads were stopped: 0.0001070 seconds
2016-05-08T18:45:08.049+0500: 32.755: Total time for which application threads were stopped: 0.0001250 seconds
2016-05-08T18:45:08.066+0500: 32.772: Total time for which application threads were stopped: 0.0001060 seconds
2016-05-08T18:45:08.125+0500: 32.831: Total time for which application threads were stopped: 0.0030850 seconds
2016-05-08T18:45:08.142+0500: 32.849: Total time for which application threads were stopped: 0.0001390 seconds
2016-05-08T18:45:08.166+0500: 32.872: Total time for which application threads were stopped: 0.0059300 seconds
2016-05-08T18:45:08.193+0500: 32.899: Total time for which application threads were stopped: 0.0001250 seconds
2016-05-08T18:45:08.196+0500: 32.903: Total time for which application threads were stopped: 0.0000960 seconds
2016-05-08T18:45:08.213+0500: 32.919: Total time for which application threads were stopped: 0.0001110 seconds
2016-05-08T18:45:08.220+0500: 32.926: Total time for which application threads were stopped: 0.0001180 seconds
2016-05-08T18:45:08.244+0500: 32.950: Total time for which application threads were stopped: 0.0001270 seconds
2016-05-08T18:45:08.267+0500: 32.973: Total time for which application threads were stopped: 0.0023450 seconds
2016-05-08T18:45:08.270+0500: 32.976: Total time for which application threads were stopped: 0.0000910 seconds
2016-05-08T18:45:08.317+0500: 33.023: Total time for which application threads were stopped: 0.0038690 seconds
2016-05-08T18:45:08.318+0500: 33.024: Total time for which application threads were stopped: 0.0006060 seconds
2016-05-08T18:45:08.342+0500: 33.049: Total time for which application threads were stopped: 0.0054800 seconds
2016-05-08T18:45:08.360+0500: 33.066: Total time for which application threads were stopped: 0.0001220 seconds
2016-05-08T18:45:08.396+0500: 33.103: Total time for which application threads were stopped: 0.0017360 seconds
2016-05-08T18:45:08.400+0500: 33.106: Total time for which application threads were stopped: 0.0001040 seconds
2016-05-08T18:45:08.416+0500: 33.122: Total time for which application threads were stopped: 0.0001240 seconds
2016-05-08T18:45:08.429+0500: 33.135: Total time for which application threads were stopped: 0.0001740 seconds
2016-05-08T18:45:08.450+0500: 33.157: Total time for which application threads were stopped: 0.0001370 seconds
2016-05-08T18:45:08.451+0500: 33.157: Total time for which application threads were stopped: 0.0000700 seconds
2016-05-08T18:45:08.462+0500: 33.168: Total time for which application threads were stopped: 0.0001080 seconds
2016-05-08T18:45:08.478+0500: 33.184: Total time for which application threads were stopped: 0.0001270 seconds
2016-05-08T18:45:08.536+0500: 33.242: Total time for which application threads were stopped: 0.0002450 seconds
2016-05-08T18:45:08.536+0500: 33.242: Total time for which application threads were stopped: 0.0000720 seconds
2016-05-08T18:45:08.551+0500: 33.257: Total time for which application threads were stopped: 0.0107920 seconds
2016-05-08T18:45:08.565+0500: 33.271: Total time for which application threads were stopped: 0.0001210 seconds
2016-05-08T18:45:08.599+0500: 33.305: Total time for which application threads were stopped: 0.0001040 seconds
2016-05-08T18:45:08.599+0500: 33.306: Total time for which application threads were stopped: 0.0000580 seconds
2016-05-08T18:45:08.620+0500: 33.326: Total time for which application threads were stopped: 0.0000980 seconds
2016-05-08T18:45:08.633+0500: 33.340: Total time for which application threads were stopped: 0.0001030 seconds
2016-05-08T18:45:08.659+0500: 33.366: Total time for which application threads were stopped: 0.0001490 seconds
2016-05-08T18:45:08.660+0500: 33.366: Total time for which application threads were stopped: 0.0000580 seconds
2016-05-08T18:45:08.663+0500: 33.370: Total time for which application threads were stopped: 0.0000990 seconds
2016-05-08T18:45:08.679+0500: 33.385: Total time for which application threads were stopped: 0.0001120 seconds
2016-05-08T18:45:08.706+0500: 33.413: Total time for which application threads were stopped: 0.0001500 seconds
2016-05-08T18:45:08.708+0500: 33.414: Total time for which application threads were stopped: 0.0001210 seconds
2016-05-08T18:45:08.711+0500: 33.418: Total time for which application threads were stopped: 0.0001060 seconds
2016-05-08T18:45:08.729+0500: 33.435: Total time for which application threads were stopped: 0.0001550 seconds
2016-05-08T18:45:08.758+0500: 33.464: Total time for which application threads were stopped: 0.0001480 seconds
2016-05-08T18:45:08.758+0500: 33.464: Total time for which application threads were stopped: 0.0000630 seconds
2016-05-08T18:45:08.761+0500: 33.468: Total time for which application threads were stopped: 0.0001120 seconds
2016-05-08T18:45:08.778+0500: 33.485: Total time for which application threads were stopped: 0.0002670 seconds
2016-05-08T18:45:08.794+0500: 33.500: Total time for which application threads were stopped: 0.0001440 seconds
2016-05-08T18:45:08.847+0500: 33.553: Total time for which application threads were stopped: 0.0001330 seconds
2016-05-08T18:45:08.848+0500: 33.554: Total time for which application threads were stopped: 0.0000750 seconds
2016-05-08T18:45:08.851+0500: 33.557: Total time for which application threads were stopped: 0.0001210 seconds
{Heap before GC invocations=4 (full 0):
 par new generation   total 109248K, used 108620K [0x00000007dae00000, 0x00000007e2e00000, 0x00000007e2e00000)
  eden space 87424K, 100% used [0x00000007dae00000, 0x00000007e0360000, 0x00000007e0360000)
  from space 21824K,  97% used [0x00000007e0360000, 0x00000007e1813310, 0x00000007e18b0000)
  to   space 21824K,   0% used [0x00000007e18b0000, 0x00000007e18b0000, 0x00000007e2e00000)
 concurrent mark-sweep generation total 393216K, used 0K [0x00000007e2e00000, 0x00000007fae00000, 0x00000007fae00000)
 concurrent-mark-sweep perm gen total 28544K, used 28458K [0x00000007fae00000, 0x00000007fc9e0000, 0x0000000800000000)
2016-05-08T18:45:08.897+0500: 33.604: [GC2016-05-08T18:45:08.897+0500: 33.604: [ParNew
Desired survivor size 20112992 bytes, new threshold 8 (max 8)
- age   1:    1490848 bytes,    1490848 total
- age   2:    5278688 bytes,    6769536 total
- age   3:     647664 bytes,    7417200 total
- age   4:    2058472 bytes,    9475672 total
- age   5:    2178624 bytes,   11654296 total
: 108620K->16479K(109248K), 0.0619010 secs] 108620K->16479K(502464K), 0.0619980 secs] [Times: user=0.07 sys=0.01, real=0.06 secs] 
Heap after GC invocations=5 (full 0):
 par new generation   total 109248K, used 16479K [0x00000007dae00000, 0x00000007e2e00000, 0x00000007e2e00000)
  eden space 87424K,   0% used [0x00000007dae00000, 0x00000007dae00000, 0x00000007e0360000)
  from space 21824K,  75% used [0x00000007e18b0000, 0x00000007e28c7cb8, 0x00000007e2e00000)
  to   space 21824K,   0% used [0x00000007e0360000, 0x00000007e0360000, 0x00000007e18b0000)
 concurrent mark-sweep generation total 393216K, used 0K [0x00000007e2e00000, 0x00000007fae00000, 0x00000007fae00000)
 concurrent-mark-sweep perm gen total 28544K, used 28458K [0x00000007fae00000, 0x00000007fc9e0000, 0x0000000800000000)
}
2016-05-08T18:45:08.959+0500: 33.666: Total time for which application threads were stopped: 0.0909620 seconds
2016-05-08T18:45:08.960+0500: 33.666: Total time for which application threads were stopped: 0.0002580 seconds
2016-05-08T18:45:08.989+0500: 33.696: Total time for which application threads were stopped: 0.0001260 seconds
2016-05-08T18:45:08.990+0500: 33.696: Total time for which application threads were stopped: 0.0002350 seconds
2016-05-08T18:45:08.994+0500: 33.700: Total time for which application threads were stopped: 0.0002770 seconds
2016-05-08T18:45:09.055+0500: 33.761: Total time for which application threads were stopped: 0.0002610 seconds
2016-05-08T18:45:09.092+0500: 33.799: Total time for which application threads were stopped: 0.0001240 seconds
2016-05-08T18:45:09.130+0500: 33.836: Total time for which application threads were stopped: 0.0001500 seconds
2016-05-08T18:45:09.188+0500: 33.894: Total time for which application threads were stopped: 0.0001490 seconds
2016-05-08T18:45:09.240+0500: 33.946: Total time for which application threads were stopped: 0.0000970 seconds
2016-05-08T18:45:09.288+0500: 33.994: Total time for which application threads were stopped: 0.0001140 seconds
2016-05-08T18:45:09.333+0500: 34.039: Total time for which application threads were stopped: 0.0001320 seconds
2016-05-08T18:45:09.371+0500: 34.077: Total time for which application threads were stopped: 0.0001290 seconds
2016-05-08T18:45:09.393+0500: 34.100: Total time for which application threads were stopped: 0.0001700 seconds
2016-05-08T18:45:09.449+0500: 34.155: Total time for which application threads were stopped: 0.0001300 seconds
2016-05-08T18:45:09.507+0500: 34.213: Total time for which application threads were stopped: 0.0001320 seconds
2016-05-08T18:45:09.559+0500: 34.265: Total time for which application threads were stopped: 0.0003390 seconds
2016-05-08T18:45:09.615+0500: 34.321: Total time for which application threads were stopped: 0.0002760 seconds
2016-05-08T18:45:09.890+0500: 34.597: Total time for which application threads were stopped: 0.0001780 seconds
2016-05-08T18:45:10.421+0500: 35.127: Total time for which application threads were stopped: 0.0003110 seconds
{Heap before GC invocations=5 (full 0):
 par new generation   total 109248K, used 103903K [0x00000007dae00000, 0x00000007e2e00000, 0x00000007e2e00000)
  eden space 87424K, 100% used [0x00000007dae00000, 0x00000007e0360000, 0x00000007e0360000)
  from space 21824K,  75% used [0x00000007e18b0000, 0x00000007e28c7cb8, 0x00000007e2e00000)
  to   space 21824K,   0% used [0x00000007e0360000, 0x00000007e0360000, 0x00000007e18b0000)
 concurrent mark-sweep generation total 393216K, used 0K [0x00000007e2e00000, 0x00000007fae00000, 0x00000007fae00000)
 concurrent-mark-sweep perm gen total 28736K, used 28552K [0x00000007fae00000, 0x00000007fca10000, 0x0000000800000000)
2016-05-08T18:45:10.569+0500: 35.275: [GC2016-05-08T18:45:10.569+0500: 35.275: [ParNew
Desired survivor size 20112992 bytes, new threshold 8 (max 8)
- age   1:    1730216 bytes,    1730216 total
- age   2:      48576 bytes,    1778792 total
- age   3:    5276392 bytes,    7055184 total
- age   4:     647664 bytes,    7702848 total
- age   5:    2056536 bytes,    9759384 total
- age   6:    2153704 bytes,   11913088 total
: 103903K->15412K(109248K), 0.0580920 secs] 103903K->15412K(502464K), 0.0582630 secs] [Times: user=0.07 sys=0.00, real=0.06 secs] 
Heap after GC invocations=6 (full 0):
 par new generation   total 109248K, used 15412K [0x00000007dae00000, 0x00000007e2e00000, 0x00000007e2e00000)
  eden space 87424K,   0% used [0x00000007dae00000, 0x00000007dae00000, 0x00000007e0360000)
  from space 21824K,  70% used [0x00000007e0360000, 0x00000007e126d288, 0x00000007e18b0000)
  to   space 21824K,   0% used [0x00000007e18b0000, 0x00000007e18b0000, 0x00000007e2e00000)
 concurrent mark-sweep generation total 393216K, used 0K [0x00000007e2e00000, 0x00000007fae00000, 0x00000007fae00000)
 concurrent-mark-sweep perm gen total 28736K, used 28552K [0x00000007fae00000, 0x00000007fca10000, 0x0000000800000000)
}
2016-05-08T18:45:10.627+0500: 35.334: Total time for which application threads were stopped: 0.0585750 seconds
2016-05-08T18:45:10.906+0500: 35.612: Total time for which application threads were stopped: 0.0001270 seconds
2016-05-08T18:45:11.030+0500: 35.737: Total time for which application threads were stopped: 0.0002720 seconds
2016-05-08T18:45:11.572+0500: 36.279: Total time for which application threads were stopped: 0.0004010 seconds
2016-05-08T18:45:12.118+0500: 36.824: Total time for which application threads were stopped: 0.0110780 seconds
{Heap before GC invocations=6 (full 0):
 par new generation   total 109248K, used 102836K [0x00000007dae00000, 0x00000007e2e00000, 0x00000007e2e00000)
  eden space 87424K, 100% used [0x00000007dae00000, 0x00000007e0360000, 0x00000007e0360000)
  from space 21824K,  70% used [0x00000007e0360000, 0x00000007e126d288, 0x00000007e18b0000)
  to   space 21824K,   0% used [0x00000007e18b0000, 0x00000007e18b0000, 0x00000007e2e00000)
 concurrent mark-sweep generation total 393216K, used 0K [0x00000007e2e00000, 0x00000007fae00000, 0x00000007fae00000)
 concurrent-mark-sweep perm gen total 28736K, used 28640K [0x00000007fae00000, 0x00000007fca10000, 0x0000000800000000)
2016-05-08T18:45:12.260+0500: 36.966: [GC2016-05-08T18:45:12.260+0500: 36.966: [ParNew
Desired survivor size 20112992 bytes, new threshold 8 (max 8)
- age   1:    1582952 bytes,    1582952 total
- age   2:      89392 bytes,    1672344 total
- age   3:      47248 bytes,    1719592 total
- age   4:    5275128 bytes,    6994720 total
- age   5:     647664 bytes,    7642384 total
- age   6:    2056536 bytes,    9698920 total
- age   7:    2153704 bytes,   11852624 total
: 102836K->14410K(109248K), 0.1056490 secs] 102836K->14410K(502464K), 0.1059780 secs] [Times: user=0.09 sys=0.01, real=0.10 secs] 
Heap after GC invocations=7 (full 0):
 par new generation   total 109248K, used 14410K [0x00000007dae00000, 0x00000007e2e00000, 0x00000007e2e00000)
  eden space 87424K,   0% used [0x00000007dae00000, 0x00000007dae00000, 0x00000007e0360000)
  from space 21824K,  66% used [0x00000007e18b0000, 0x00000007e26c2ab0, 0x00000007e2e00000)
  to   space 21824K,   0% used [0x00000007e0360000, 0x00000007e0360000, 0x00000007e18b0000)
 concurrent mark-sweep generation total 393216K, used 0K [0x00000007e2e00000, 0x00000007fae00000, 0x00000007fae00000)
 concurrent-mark-sweep perm gen total 28736K, used 28640K [0x00000007fae00000, 0x00000007fca10000, 0x0000000800000000)
}
2016-05-08T18:45:12.366+0500: 37.072: Total time for which application threads were stopped: 0.1168350 seconds
2016-05-08T18:45:12.366+0500: 37.073: Total time for which application threads were stopped: 0.0002590 seconds
2016-05-08T18:45:12.731+0500: 37.438: Total time for which application threads were stopped: 0.0003060 seconds
2016-05-08T18:45:12.731+0500: 37.438: Total time for which application threads were stopped: 0.0000280 seconds
2016-05-08T18:45:13.364+0500: 38.071: Total time for which application threads were stopped: 0.0003610 seconds
2016-05-08T18:45:13.816+0500: 38.523: Total time for which application threads were stopped: 0.0001330 seconds
{Heap before GC invocations=7 (full 0):
 par new generation   total 109248K, used 101834K [0x00000007dae00000, 0x00000007e2e00000, 0x00000007e2e00000)
  eden space 87424K, 100% used [0x00000007dae00000, 0x00000007e0360000, 0x00000007e0360000)
  from space 21824K,  66% used [0x00000007e18b0000, 0x00000007e26c2ab0, 0x00000007e2e00000)
  to   space 21824K,   0% used [0x00000007e0360000, 0x00000007e0360000, 0x00000007e18b0000)
 concurrent mark-sweep generation total 393216K, used 0K [0x00000007e2e00000, 0x00000007fae00000, 0x00000007fae00000)
 concurrent-mark-sweep perm gen total 28736K, used 28701K [0x00000007fae00000, 0x00000007fca10000, 0x0000000800000000)
2016-05-08T18:45:13.947+0500: 38.653: [GC2016-05-08T18:45:13.947+0500: 38.653: [ParNew
Desired survivor size 20112992 bytes, new threshold 8 (max 8)
- age   1:    1558248 bytes,    1558248 total
- age   2:      40232 bytes,    1598480 total
- age   3:      59888 bytes,    1658368 total
- age   4:      46472 bytes,    1704840 total
- age   5:    7502320 bytes,    9207160 total
- age   6:     647664 bytes,    9854824 total
- age   7:    2056536 bytes,   11911360 total
- age   8:    2153704 bytes,   14065064 total
: 101834K->15340K(109248K), 0.0460870 secs] 101834K->15340K(502464K), 0.0462290 secs] [Times: user=0.07 sys=0.00, real=0.05 secs] 
Heap after GC invocations=8 (full 0):
 par new generation   total 109248K, used 15340K [0x00000007dae00000, 0x00000007e2e00000, 0x00000007e2e00000)
  eden space 87424K,   0% used [0x00000007dae00000, 0x00000007dae00000, 0x00000007e0360000)
  from space 21824K,  70% used [0x00000007e0360000, 0x00000007e125b3d8, 0x00000007e18b0000)
  to   space 21824K,   0% used [0x00000007e18b0000, 0x00000007e18b0000, 0x00000007e2e00000)
 concurrent mark-sweep generation total 393216K, used 0K [0x00000007e2e00000, 0x00000007fae00000, 0x00000007fae00000)
 concurrent-mark-sweep perm gen total 28736K, used 28701K [0x00000007fae00000, 0x00000007fca10000, 0x0000000800000000)
}
2016-05-08T18:45:13.993+0500: 38.700: Total time for which application threads were stopped: 0.0773310 seconds
2016-05-08T18:45:14.194+0500: 38.901: Total time for which application threads were stopped: 0.0002830 seconds
2016-05-08T18:45:14.294+0500: 39.000: Total time for which application threads were stopped: 0.0001430 seconds
2016-05-08T18:45:14.723+0500: 39.429: Total time for which application threads were stopped: 0.0004460 seconds
2016-05-08T18:45:15.205+0500: 39.912: Total time for which application threads were stopped: 0.0001830 seconds
{Heap before GC invocations=8 (full 0):
 par new generation   total 109248K, used 102764K [0x00000007dae00000, 0x00000007e2e00000, 0x00000007e2e00000)
  eden space 87424K, 100% used [0x00000007dae00000, 0x00000007e0360000, 0x00000007e0360000)
  from space 21824K,  70% used [0x00000007e0360000, 0x00000007e125b3d8, 0x00000007e18b0000)
  to   space 21824K,   0% used [0x00000007e18b0000, 0x00000007e18b0000, 0x00000007e2e00000)
 concurrent mark-sweep generation total 393216K, used 0K [0x00000007e2e00000, 0x00000007fae00000, 0x00000007fae00000)
 concurrent-mark-sweep perm gen total 28928K, used 28773K [0x00000007fae00000, 0x00000007fca40000, 0x0000000800000000)
2016-05-08T18:45:15.434+0500: 40.141: [GC2016-05-08T18:45:15.434+0500: 40.141: [ParNew
Desired survivor size 20112992 bytes, new threshold 8 (max 8)
- age   1:    1405176 bytes,    1405176 total
- age   2:      16840 bytes,    1422016 total
- age   3:      32448 bytes,    1454464 total
- age   4:      59888 bytes,    1514352 total
- age   5:      46424 bytes,    1560776 total
- age   6:    5273192 bytes,    6833968 total
- age   7:     647152 bytes,    7481120 total
- age   8:    2055280 bytes,    9536400 total
: 102764K->12499K(109248K), 0.0952890 secs] 102764K->14823K(502464K), 0.0954190 secs] [Times: user=0.11 sys=0.01, real=0.10 secs] 
Heap after GC invocations=9 (full 0):
 par new generation   total 109248K, used 12499K [0x00000007dae00000, 0x00000007e2e00000, 0x00000007e2e00000)
  eden space 87424K,   0% used [0x00000007dae00000, 0x00000007dae00000, 0x00000007e0360000)
  from space 21824K,  57% used [0x00000007e18b0000, 0x00000007e24e4ce0, 0x00000007e2e00000)
  to   space 21824K,   0% used [0x00000007e0360000, 0x00000007e0360000, 0x00000007e18b0000)
 concurrent mark-sweep generation total 393216K, used 2324K [0x00000007e2e00000, 0x00000007fae00000, 0x00000007fae00000)
 concurrent-mark-sweep perm gen total 28928K, used 28773K [0x00000007fae00000, 0x00000007fca40000, 0x0000000800000000)
}
2016-05-08T18:45:15.530+0500: 40.236: Total time for which application threads were stopped: 0.0959120 seconds
2016-05-08T18:45:19.770+0500: 44.476: Total time for which application threads were stopped: 0.0002870 seconds
2016-05-08T18:45:19.771+0500: 44.477: Total time for which application threads were stopped: 0.0000460 seconds
2016-05-08T18:45:19.774+0500: 44.480: Total time for which application threads were stopped: 0.0000820 seconds
2016-05-08T18:45:19.963+0500: 44.669: Total time for which application threads were stopped: 0.0001490 seconds
2016-05-08T18:45:20.967+0500: 45.673: Total time for which application threads were stopped: 0.0002450 seconds
2016-05-08T18:45:42.812+0500: 67.518: Total time for which application threads were stopped: 0.0002770 seconds
2016-05-08T18:45:45.814+0500: 70.520: Total time for which application threads were stopped: 0.0002250 seconds
2016-05-08T18:45:59.322+0500: 84.028: Total time for which application threads were stopped: 0.0003110 seconds
2016-05-08T18:45:59.371+0500: 84.077: Total time for which application threads were stopped: 0.0004240 seconds
2016-05-08T18:45:59.464+0500: 84.171: Total time for which application threads were stopped: 0.0002040 seconds
2016-05-08T18:45:59.465+0500: 84.171: Total time for which application threads were stopped: 0.0000610 seconds
2016-05-08T18:45:59.465+0500: 84.171: Total time for which application threads were stopped: 0.0000530 seconds
2016-05-08T18:45:59.465+0500: 84.171: Total time for which application threads were stopped: 0.0000520 seconds
2016-05-08T18:45:59.465+0500: 84.171: Total time for which application threads were stopped: 0.0000500 seconds
2016-05-08T18:46:14.013+0500: 98.720: Total time for which application threads were stopped: 0.0109380 seconds
2016-05-08T18:46:14.290+0500: 98.996: Total time for which application threads were stopped: 0.0107760 seconds
2016-05-08T18:46:14.324+0500: 99.030: Total time for which application threads were stopped: 0.0001040 seconds
2016-05-08T18:46:14.368+0500: 99.074: Total time for which application threads were stopped: 0.0001040 seconds
2016-05-08T18:46:14.396+0500: 99.102: Total time for which application threads were stopped: 0.0001230 seconds
2016-05-08T18:46:14.421+0500: 99.128: Total time for which application threads were stopped: 0.0000980 seconds
2016-05-08T18:46:14.446+0500: 99.152: Total time for which application threads were stopped: 0.0001040 seconds
{Heap before GC invocations=9 (full 0):
 par new generation   total 109248K, used 99923K [0x00000007dae00000, 0x00000007e2e00000, 0x00000007e2e00000)
  eden space 87424K, 100% used [0x00000007dae00000, 0x00000007e0360000, 0x00000007e0360000)
  from space 21824K,  57% used [0x00000007e18b0000, 0x00000007e24e4ce0, 0x00000007e2e00000)
  to   space 21824K,   0% used [0x00000007e0360000, 0x00000007e0360000, 0x00000007e18b0000)
 concurrent mark-sweep generation total 393216K, used 2324K [0x00000007e2e00000, 0x00000007fae00000, 0x00000007fae00000)
 concurrent-mark-sweep perm gen total 29696K, used 29529K [0x00000007fae00000, 0x00000007fcb00000, 0x0000000800000000)
2016-05-08T18:46:14.455+0500: 99.161: [GC2016-05-08T18:46:14.472+0500: 99.179: [ParNew
Desired survivor size 20112992 bytes, new threshold 8 (max 8)
- age   1:    1710544 bytes,    1710544 total
- age   2:      60048 bytes,    1770592 total
- age   3:      13160 bytes,    1783752 total
- age   4:      29984 bytes,    1813736 total
- age   5:      57792 bytes,    1871528 total
- age   6:      44344 bytes,    1915872 total
- age   7:    5271808 bytes,    7187680 total
- age   8:     647152 bytes,    7834832 total
: 99923K->10472K(109248K), 0.1079220 secs] 102247K->14890K(502464K), 0.1256140 secs] [Times: user=0.09 sys=0.01, real=0.13 secs] 
Heap after GC invocations=10 (full 0):
 par new generation   total 109248K, used 10472K [0x00000007dae00000, 0x00000007e2e00000, 0x00000007e2e00000)
  eden space 87424K,   0% used [0x00000007dae00000, 0x00000007dae00000, 0x00000007e0360000)
  from space 21824K,  47% used [0x00000007e0360000, 0x00000007e0d9a2d8, 0x00000007e18b0000)
  to   space 21824K,   0% used [0x00000007e18b0000, 0x00000007e18b0000, 0x00000007e2e00000)
 concurrent mark-sweep generation total 393216K, used 4418K [0x00000007e2e00000, 0x00000007fae00000, 0x00000007fae00000)
 concurrent-mark-sweep perm gen total 29696K, used 29529K [0x00000007fae00000, 0x00000007fcb00000, 0x0000000800000000)
}
2016-05-08T18:46:14.580+0500: 99.287: Total time for which application threads were stopped: 0.1258710 seconds
2016-05-08T18:46:14.603+0500: 99.309: Total time for which application threads were stopped: 0.0002300 seconds
2016-05-08T18:46:14.730+0500: 99.436: Total time for which application threads were stopped: 0.0001450 seconds
2016-05-08T18:46:14.793+0500: 99.499: Total time for which application threads were stopped: 0.0001140 seconds
2016-05-08T18:46:14.855+0500: 99.561: Total time for which application threads were stopped: 0.0000970 seconds
2016-05-08T18:46:14.866+0500: 99.573: Total time for which application threads were stopped: 0.0001690 seconds
2016-05-08T18:46:14.884+0500: 99.591: Total time for which application threads were stopped: 0.0001440 seconds
2016-05-08T18:46:14.933+0500: 99.640: Total time for which application threads were stopped: 0.0001060 seconds
2016-05-08T18:46:14.953+0500: 99.659: Total time for which application threads were stopped: 0.0000920 seconds
2016-05-08T18:46:14.974+0500: 99.680: Total time for which application threads were stopped: 0.0001120 seconds
2016-05-08T18:46:14.995+0500: 99.702: Total time for which application threads were stopped: 0.0000960 seconds
2016-05-08T18:46:15.018+0500: 99.724: Total time for which application threads were stopped: 0.0001090 seconds
2016-05-08T18:46:15.042+0500: 99.749: Total time for which application threads were stopped: 0.0001060 seconds
2016-05-08T18:46:15.085+0500: 99.791: Total time for which application threads were stopped: 0.0001040 seconds
2016-05-08T18:46:15.109+0500: 99.815: Total time for which application threads were stopped: 0.0003400 seconds
2016-05-08T18:46:15.128+0500: 99.834: Total time for which application threads were stopped: 0.0002740 seconds
2016-05-08T18:46:15.130+0500: 99.836: Total time for which application threads were stopped: 0.0015820 seconds
2016-05-08T18:46:15.181+0500: 99.887: Total time for which application threads were stopped: 0.0001100 seconds
2016-05-08T18:46:15.217+0500: 99.924: Total time for which application threads were stopped: 0.0002090 seconds
2016-05-08T18:46:15.416+0500: 100.122: Total time for which application threads were stopped: 0.0002250 seconds
2016-05-08T18:46:15.668+0500: 100.375: Total time for which application threads were stopped: 0.0003590 seconds
{Heap before GC invocations=10 (full 0):
 par new generation   total 109248K, used 97896K [0x00000007dae00000, 0x00000007e2e00000, 0x00000007e2e00000)
  eden space 87424K, 100% used [0x00000007dae00000, 0x00000007e0360000, 0x00000007e0360000)
  from space 21824K,  47% used [0x00000007e0360000, 0x00000007e0d9a2d8, 0x00000007e18b0000)
  to   space 21824K,   0% used [0x00000007e18b0000, 0x00000007e18b0000, 0x00000007e2e00000)
 concurrent mark-sweep generation total 393216K, used 4418K [0x00000007e2e00000, 0x00000007fae00000, 0x00000007fae00000)
 concurrent-mark-sweep perm gen total 29696K, used 29595K [0x00000007fae00000, 0x00000007fcb00000, 0x0000000800000000)
2016-05-08T18:46:15.696+0500: 100.403: [GC2016-05-08T18:46:15.696+0500: 100.403: [ParNew
Desired survivor size 20112992 bytes, new threshold 8 (max 8)
- age   1:    1320088 bytes,    1320088 total
- age   2:      84912 bytes,    1405000 total
- age   3:      58840 bytes,    1463840 total
- age   4:      13160 bytes,    1477000 total
- age   5:      29984 bytes,    1506984 total
- age   6:      57408 bytes,    1564392 total
- age   7:      44320 bytes,    1608712 total
- age   8:    5271704 bytes,    6880416 total
: 97896K->8562K(109248K), 0.0324880 secs] 102314K->13644K(502464K), 0.0325980 secs] [Times: user=0.05 sys=0.00, real=0.03 secs] 
Heap after GC invocations=11 (full 0):
 par new generation   total 109248K, used 8562K [0x00000007dae00000, 0x00000007e2e00000, 0x00000007e2e00000)
  eden space 87424K,   0% used [0x00000007dae00000, 0x00000007dae00000, 0x00000007e0360000)
  from space 21824K,  39% used [0x00000007e18b0000, 0x00000007e210caf8, 0x00000007e2e00000)
  to   space 21824K,   0% used [0x00000007e0360000, 0x00000007e0360000, 0x00000007e18b0000)
 concurrent mark-sweep generation total 393216K, used 5081K [0x00000007e2e00000, 0x00000007fae00000, 0x00000007fae00000)
 concurrent-mark-sweep perm gen total 29696K, used 29595K [0x00000007fae00000, 0x00000007fcb00000, 0x0000000800000000)
}
2016-05-08T18:46:15.729+0500: 100.435: Total time for which application threads were stopped: 0.0328330 seconds
2016-05-08T18:46:15.981+0500: 100.688: Total time for which application threads were stopped: 0.0001610 seconds
2016-05-08T18:46:16.276+0500: 100.982: Total time for which application threads were stopped: 0.0002990 seconds
2016-05-08T18:46:16.516+0500: 101.223: Total time for which application threads were stopped: 0.0001850 seconds
{Heap before GC invocations=11 (full 0):
 par new generation   total 109248K, used 95986K [0x00000007dae00000, 0x00000007e2e00000, 0x00000007e2e00000)
  eden space 87424K, 100% used [0x00000007dae00000, 0x00000007e0360000, 0x00000007e0360000)
  from space 21824K,  39% used [0x00000007e18b0000, 0x00000007e210caf8, 0x00000007e2e00000)
  to   space 21824K,   0% used [0x00000007e0360000, 0x00000007e0360000, 0x00000007e18b0000)
 concurrent mark-sweep generation total 393216K, used 5081K [0x00000007e2e00000, 0x00000007fae00000, 0x00000007fae00000)
 concurrent-mark-sweep perm gen total 29696K, used 29631K [0x00000007fae00000, 0x00000007fcb00000, 0x0000000800000000)
2016-05-08T18:46:16.677+0500: 101.383: [GC2016-05-08T18:46:16.677+0500: 101.383: [ParNew
Desired survivor size 20112992 bytes, new threshold 8 (max 8)
- age   1:    1172424 bytes,    1172424 total
- age   2:      12320 bytes,    1184744 total
- age   3:      69320 bytes,    1254064 total
- age   4:      58840 bytes,    1312904 total
- age   5:      13160 bytes,    1326064 total
- age   6:      29480 bytes,    1355544 total
- age   7:      57144 bytes,    1412688 total
- age   8:      44320 bytes,    1457008 total
: 95986K->2486K(109248K), 0.0913270 secs] 101068K->13068K(502464K), 0.0914620 secs] [Times: user=0.12 sys=0.01, real=0.09 secs] 
Heap after GC invocations=12 (full 0):
 par new generation   total 109248K, used 2486K [0x00000007dae00000, 0x00000007e2e00000, 0x00000007e2e00000)
  eden space 87424K,   0% used [0x00000007dae00000, 0x00000007dae00000, 0x00000007e0360000)
  from space 21824K,  11% used [0x00000007e0360000, 0x00000007e05cd8e0, 0x00000007e18b0000)
  to   space 21824K,   0% used [0x00000007e18b0000, 0x00000007e18b0000, 0x00000007e2e00000)
 concurrent mark-sweep generation total 393216K, used 10582K [0x00000007e2e00000, 0x00000007fae00000, 0x00000007fae00000)
 concurrent-mark-sweep perm gen total 29696K, used 29631K [0x00000007fae00000, 0x00000007fcb00000, 0x0000000800000000)
}
2016-05-08T18:46:16.768+0500: 101.475: Total time for which application threads were stopped: 0.0917220 seconds
2016-05-08T18:46:16.897+0500: 101.604: Total time for which application threads were stopped: 0.0108500 seconds
2016-05-08T18:46:17.262+0500: 101.969: Total time for which application threads were stopped: 0.0107650 seconds
2016-05-08T18:46:17.530+0500: 102.237: Total time for which application threads were stopped: 0.0119290 seconds
2016-05-08T18:46:17.786+0500: 102.493: Total time for which application threads were stopped: 0.0001700 seconds
{Heap before GC invocations=12 (full 0):
 par new generation   total 109248K, used 89910K [0x00000007dae00000, 0x00000007e2e00000, 0x00000007e2e00000)
  eden space 87424K, 100% used [0x00000007dae00000, 0x00000007e0360000, 0x00000007e0360000)
  from space 21824K,  11% used [0x00000007e0360000, 0x00000007e05cd8e0, 0x00000007e18b0000)
  to   space 21824K,   0% used [0x00000007e18b0000, 0x00000007e18b0000, 0x00000007e2e00000)
 concurrent mark-sweep generation total 393216K, used 10582K [0x00000007e2e00000, 0x00000007fae00000, 0x00000007fae00000)
 concurrent-mark-sweep perm gen total 29696K, used 29655K [0x00000007fae00000, 0x00000007fcb00000, 0x0000000800000000)
2016-05-08T18:46:17.792+0500: 102.499: [GC2016-05-08T18:46:17.792+0500: 102.499: [ParNew
Desired survivor size 20112992 bytes, new threshold 8 (max 8)
- age   1:    1422432 bytes,    1422432 total
- age   2:       7008 bytes,    1429440 total
- age   3:       8608 bytes,    1438048 total
- age   4:      69320 bytes,    1507368 total
- age   5:      58840 bytes,    1566208 total
- age   6:      12560 bytes,    1578768 total
- age   7:      29336 bytes,    1608104 total
- age   8:      57144 bytes,    1665248 total
: 89910K->2080K(109248K), 0.0655750 secs] 100492K->12706K(502464K), 0.0657120 secs] [Times: user=0.07 sys=0.00, real=0.06 secs] 
Heap after GC invocations=13 (full 0):
 par new generation   total 109248K, used 2080K [0x00000007dae00000, 0x00000007e2e00000, 0x00000007e2e00000)
  eden space 87424K,   0% used [0x00000007dae00000, 0x00000007dae00000, 0x00000007e0360000)
  from space 21824K,   9% used [0x00000007e18b0000, 0x00000007e1ab82e0, 0x00000007e2e00000)
  to   space 21824K,   0% used [0x00000007e0360000, 0x00000007e0360000, 0x00000007e18b0000)
 concurrent mark-sweep generation total 393216K, used 10625K [0x00000007e2e00000, 0x00000007fae00000, 0x00000007fae00000)
 concurrent-mark-sweep perm gen total 29696K, used 29655K [0x00000007fae00000, 0x00000007fcb00000, 0x0000000800000000)
}
2016-05-08T18:46:17.858+0500: 102.565: Total time for which application threads were stopped: 0.0659830 seconds
2016-05-08T18:46:18.124+0500: 102.830: Total time for which application threads were stopped: 0.0003310 seconds
2016-05-08T18:46:18.411+0500: 103.118: Total time for which application threads were stopped: 0.0001600 seconds
2016-05-08T18:46:18.650+0500: 103.357: Total time for which application threads were stopped: 0.0002700 seconds
{Heap before GC invocations=13 (full 0):
 par new generation   total 109248K, used 89504K [0x00000007dae00000, 0x00000007e2e00000, 0x00000007e2e00000)
  eden space 87424K, 100% used [0x00000007dae00000, 0x00000007e0360000, 0x00000007e0360000)
  from space 21824K,   9% used [0x00000007e18b0000, 0x00000007e1ab82e0, 0x00000007e2e00000)
  to   space 21824K,   0% used [0x00000007e0360000, 0x00000007e0360000, 0x00000007e18b0000)
 concurrent mark-sweep generation total 393216K, used 10625K [0x00000007e2e00000, 0x00000007fae00000, 0x00000007fae00000)
 concurrent-mark-sweep perm gen total 29888K, used 29683K [0x00000007fae00000, 0x00000007fcb30000, 0x0000000800000000)
2016-05-08T18:46:18.798+0500: 103.504: [GC2016-05-08T18:46:18.798+0500: 103.505: [ParNew
Desired survivor size 20112992 bytes, new threshold 8 (max 8)
- age   1:    1428320 bytes,    1428320 total
- age   2:      31312 bytes,    1459632 total
- age   3:       5800 bytes,    1465432 total
- age   4:       8608 bytes,    1474040 total
- age   5:      67040 bytes,    1541080 total
- age   6:      57960 bytes,    1599040 total
- age   7:      12512 bytes,    1611552 total
- age   8:      29336 bytes,    1640888 total
: 89504K->2005K(109248K), 0.0177490 secs] 100130K->12686K(502464K), 0.0178530 secs] [Times: user=0.01 sys=0.01, real=0.02 secs] 
Heap after GC invocations=14 (full 0):
 par new generation   total 109248K, used 2005K [0x00000007dae00000, 0x00000007e2e00000, 0x00000007e2e00000)
  eden space 87424K,   0% used [0x00000007dae00000, 0x00000007dae00000, 0x00000007e0360000)
  from space 21824K,   9% used [0x00000007e0360000, 0x00000007e0555568, 0x00000007e18b0000)
  to   space 21824K,   0% used [0x00000007e18b0000, 0x00000007e18b0000, 0x00000007e2e00000)
 concurrent mark-sweep generation total 393216K, used 10681K [0x00000007e2e00000, 0x00000007fae00000, 0x00000007fae00000)
 concurrent-mark-sweep perm gen total 29888K, used 29683K [0x00000007fae00000, 0x00000007fcb30000, 0x0000000800000000)
}
2016-05-08T18:46:18.816+0500: 103.522: Total time for which application threads were stopped: 0.0181110 seconds
2016-05-08T19:10:10.807+0500: 1535.513: Total time for which application threads were stopped: 0.0047100 seconds
2016-05-08T19:10:11.812+0500: 1536.518: Total time for which application threads were stopped: 0.0028300 seconds
2016-05-08T19:13:31.874+0500: 1736.580: Total time for which application threads were stopped: 0.0030150 seconds
2016-05-08T19:13:31.882+0500: 1736.588: Total time for which application threads were stopped: 0.0003390 seconds
2016-05-08T19:13:31.882+0500: 1736.588: Total time for which application threads were stopped: 0.0000620 seconds
2016-05-08T19:13:31.909+0500: 1736.615: Total time for which application threads were stopped: 0.0001360 seconds
2016-05-08T19:13:31.917+0500: 1736.624: Total time for which application threads were stopped: 0.0001420 seconds
2016-05-08T19:13:31.918+0500: 1736.624: Total time for which application threads were stopped: 0.0000600 seconds
2016-05-08T19:13:31.918+0500: 1736.625: Total time for which application threads were stopped: 0.0000530 seconds
2016-05-08T19:13:31.918+0500: 1736.625: Total time for which application threads were stopped: 0.0000520 seconds
2016-05-08T19:13:31.919+0500: 1736.625: Total time for which application threads were stopped: 0.0000510 seconds
2016-05-08T19:13:31.919+0500: 1736.625: Total time for which application threads were stopped: 0.0000530 seconds
2016-05-08T19:13:31.923+0500: 1736.630: Total time for which application threads were stopped: 0.0001140 seconds
2016-05-08T19:13:31.925+0500: 1736.631: Total time for which application threads were stopped: 0.0009250 seconds
2016-05-08T19:13:32.943+0500: 1737.649: Total time for which application threads were stopped: 0.0013810 seconds
2016-05-08T19:13:41.979+0500: 1746.686: Total time for which application threads were stopped: 0.0018760 seconds
2016-05-08T19:21:58.496+0500: 2243.202: Total time for which application threads were stopped: 0.0063420 seconds
2016-05-08T19:24:56.077+0500: 2420.783: Total time for which application threads were stopped: 0.0038130 seconds
2016-05-08T19:25:14.113+0500: 2438.819: Total time for which application threads were stopped: 0.0020580 seconds
2016-05-08T19:30:33.087+0500: 2757.794: Total time for which application threads were stopped: 0.0029930 seconds
{Heap before GC invocations=14 (full 0):
 par new generation   total 109248K, used 89429K [0x00000007dae00000, 0x00000007e2e00000, 0x00000007e2e00000)
  eden space 87424K, 100% used [0x00000007dae00000, 0x00000007e0360000, 0x00000007e0360000)
  from space 21824K,   9% used [0x00000007e0360000, 0x00000007e0555568, 0x00000007e18b0000)
  to   space 21824K,   0% used [0x00000007e18b0000, 0x00000007e18b0000, 0x00000007e2e00000)
 concurrent mark-sweep generation total 393216K, used 10681K [0x00000007e2e00000, 0x00000007fae00000, 0x00000007fae00000)
 concurrent-mark-sweep perm gen total 29888K, used 29787K [0x00000007fae00000, 0x00000007fcb30000, 0x0000000800000000)
2016-05-08T20:01:50.228+0500: 4634.934: [GC2016-05-08T20:01:50.260+0500: 4634.967: [ParNew
Desired survivor size 20112992 bytes, new threshold 8 (max 8)
- age   1:     660856 bytes,     660856 total
- age   2:     828864 bytes,    1489720 total
- age   3:      27808 bytes,    1517528 total
- age   4:       3496 bytes,    1521024 total
- age   5:       6376 bytes,    1527400 total
- age   6:      65032 bytes,    1592432 total
- age   7:      57912 bytes,    1650344 total
- age   8:      12376 bytes,    1662720 total
: 89429K->1722K(109248K), 0.5677800 secs] 100110K->12432K(502464K), 0.6003600 secs] [Times: user=0.04 sys=0.14, real=0.60 secs] 
Heap after GC invocations=15 (full 0):
 par new generation   total 109248K, used 1722K [0x00000007dae00000, 0x00000007e2e00000, 0x00000007e2e00000)
  eden space 87424K,   0% used [0x00000007dae00000, 0x00000007dae00000, 0x00000007e0360000)
  from space 21824K,   7% used [0x00000007e18b0000, 0x00000007e1a5e888, 0x00000007e2e00000)
  to   space 21824K,   0% used [0x00000007e0360000, 0x00000007e0360000, 0x00000007e18b0000)
 concurrent mark-sweep generation total 393216K, used 10709K [0x00000007e2e00000, 0x00000007fae00000, 0x00000007fae00000)
 concurrent-mark-sweep perm gen total 29888K, used 29787K [0x00000007fae00000, 0x00000007fcb30000, 0x0000000800000000)
}
2016-05-08T20:01:50.828+0500: 4635.535: Total time for which application threads were stopped: 1.0983230 seconds
2016-05-08T20:01:52.220+0500: 4636.926: Total time for which application threads were stopped: 0.3913050 seconds
2016-05-08T20:03:40.628+0500: 4745.334: Total time for which application threads were stopped: 0.0488360 seconds
2016-05-08T20:22:27.128+0500: 5871.834: Total time for which application threads were stopped: 0.0331710 seconds
2016-05-08T20:30:23.296+0500: 6348.002: Total time for which application threads were stopped: 0.1625800 seconds
2016-05-08T20:30:24.378+0500: 6349.084: Total time for which application threads were stopped: 0.0775010 seconds
{Heap before GC invocations=15 (full 0):
 par new generation   total 109248K, used 89146K [0x00000007dae00000, 0x00000007e2e00000, 0x00000007e2e00000)
  eden space 87424K, 100% used [0x00000007dae00000, 0x00000007e0360000, 0x00000007e0360000)
  from space 21824K,   7% used [0x00000007e18b0000, 0x00000007e1a5e888, 0x00000007e2e00000)
  to   space 21824K,   0% used [0x00000007e0360000, 0x00000007e0360000, 0x00000007e18b0000)
 concurrent mark-sweep generation total 393216K, used 10709K [0x00000007e2e00000, 0x00000007fae00000, 0x00000007fae00000)
 concurrent-mark-sweep perm gen total 29888K, used 29815K [0x00000007fae00000, 0x00000007fcb30000, 0x0000000800000000)
2016-05-08T20:37:45.296+0500: 6790.002: [GC2016-05-08T20:37:45.328+0500: 6790.034: [ParNew
Desired survivor size 20112992 bytes, new threshold 8 (max 8)
- age   1:      99576 bytes,      99576 total
- age   2:     590800 bytes,     690376 total
- age   3:     892320 bytes,    1582696 total
- age   4:      27808 bytes,    1610504 total
- age   5:       3496 bytes,    1614000 total
- age   6:       6376 bytes,    1620376 total
- age   7:      59560 bytes,    1679936 total
- age   8:      57912 bytes,    1737848 total
: 89146K->1944K(109248K), 0.1730990 secs] 99856K->12666K(502464K), 0.2054230 secs] [Times: user=0.06 sys=0.06, real=0.21 secs] 
Heap after GC invocations=16 (full 0):
 par new generation   total 109248K, used 1944K [0x00000007dae00000, 0x00000007e2e00000, 0x00000007e2e00000)
  eden space 87424K,   0% used [0x00000007dae00000, 0x00000007dae00000, 0x00000007e0360000)
  from space 21824K,   8% used [0x00000007e0360000, 0x00000007e0546250, 0x00000007e18b0000)
  to   space 21824K,   0% used [0x00000007e18b0000, 0x00000007e18b0000, 0x00000007e2e00000)
 concurrent mark-sweep generation total 393216K, used 10722K [0x00000007e2e00000, 0x00000007fae00000, 0x00000007fae00000)
 concurrent-mark-sweep perm gen total 29888K, used 29815K [0x00000007fae00000, 0x00000007fcb30000, 0x0000000800000000)
}
2016-05-08T20:37:45.501+0500: 6790.207: Total time for which application threads were stopped: 0.9354600 seconds
2016-05-08T20:40:37.906+0500: 6962.612: Total time for which application threads were stopped: 0.0957660 seconds
2016-05-08T22:10:21.697+0500: 12346.403: Total time for which application threads were stopped: 1.1153760 seconds
2016-05-08T22:10:23.032+0500: 12347.739: Total time for which application threads were stopped: 0.3329380 seconds
2016-05-08T22:10:23.944+0500: 12348.650: Total time for which application threads were stopped: 0.0491390 seconds
2016-05-08T22:10:23.945+0500: 12348.651: Total time for which application threads were stopped: 0.0001420 seconds
2016-05-08T22:10:24.768+0500: 12349.474: Total time for which application threads were stopped: 0.1963540 seconds
2016-05-08T22:10:25.308+0500: 12350.014: Total time for which application threads were stopped: 0.0414690 seconds
2016-05-08T22:10:26.393+0500: 12351.099: Total time for which application threads were stopped: 0.0743410 seconds
2016-05-08T22:10:27.673+0500: 12352.379: Total time for which application threads were stopped: 0.2656740 seconds
2016-05-08T22:10:29.117+0500: 12353.823: Total time for which application threads were stopped: 0.4371600 seconds
2016-05-08T22:10:30.180+0500: 12354.886: Total time for which application threads were stopped: 0.0619870 seconds
2016-05-08T22:10:31.425+0500: 12356.132: Total time for which application threads were stopped: 0.2449580 seconds
{Heap before GC invocations=16 (full 0):
 par new generation   total 109248K, used 89368K [0x00000007dae00000, 0x00000007e2e00000, 0x00000007e2e00000)
  eden space 87424K, 100% used [0x00000007dae00000, 0x00000007e0360000, 0x00000007e0360000)
  from space 21824K,   8% used [0x00000007e0360000, 0x00000007e0546250, 0x00000007e18b0000)
  to   space 21824K,   0% used [0x00000007e18b0000, 0x00000007e18b0000, 0x00000007e2e00000)
 concurrent mark-sweep generation total 393216K, used 10722K [0x00000007e2e00000, 0x00000007fae00000, 0x00000007fae00000)
 concurrent-mark-sweep perm gen total 30080K, used 29878K [0x00000007fae00000, 0x00000007fcb60000, 0x0000000800000000)
2016-05-08T22:10:32.415+0500: 12357.121: [GC2016-05-08T22:10:32.415+0500: 12357.121: [ParNew
Desired survivor size 20112992 bytes, new threshold 8 (max 8)
- age   1:     500128 bytes,     500128 total
- age   2:      61584 bytes,     561712 total
- age   3:     590664 bytes,    1152376 total
- age   4:     758664 bytes,    1911040 total
- age   5:      27736 bytes,    1938776 total
- age   6:       3496 bytes,    1942272 total
- age   7:       6352 bytes,    1948624 total
- age   8:      59560 bytes,    2008184 total
: 89368K->2479K(109248K), 0.1132380 secs] 100090K->13257K(502464K), 0.1133800 secs] [Times: user=0.02 sys=0.04, real=0.11 secs] 
Heap after GC invocations=17 (full 0):
 par new generation   total 109248K, used 2479K [0x00000007dae00000, 0x00000007e2e00000, 0x00000007e2e00000)
  eden space 87424K,   0% used [0x00000007dae00000, 0x00000007dae00000, 0x00000007e0360000)
  from space 21824K,  11% used [0x00000007e18b0000, 0x00000007e1b1bc50, 0x00000007e2e00000)
  to   space 21824K,   0% used [0x00000007e0360000, 0x00000007e0360000, 0x00000007e18b0000)
 concurrent mark-sweep generation total 393216K, used 10778K [0x00000007e2e00000, 0x00000007fae00000, 0x00000007fae00000)
 concurrent-mark-sweep perm gen total 30080K, used 29878K [0x00000007fae00000, 0x00000007fcb60000, 0x0000000800000000)
}
2016-05-08T22:10:32.528+0500: 12357.235: Total time for which application threads were stopped: 0.1707010 seconds
2016-05-08T22:10:33.302+0500: 12358.008: Total time for which application threads were stopped: 0.1468560 seconds
2016-05-08T22:10:34.773+0500: 12359.479: Total time for which application threads were stopped: 0.4697810 seconds
2016-05-08T22:10:36.164+0500: 12360.870: Total time for which application threads were stopped: 0.4313180 seconds
{Heap before GC invocations=17 (full 0):
 par new generation   total 109248K, used 89903K [0x00000007dae00000, 0x00000007e2e00000, 0x00000007e2e00000)
  eden space 87424K, 100% used [0x00000007dae00000, 0x00000007e0360000, 0x00000007e0360000)
  from space 21824K,  11% used [0x00000007e18b0000, 0x00000007e1b1bc50, 0x00000007e2e00000)
  to   space 21824K,   0% used [0x00000007e0360000, 0x00000007e0360000, 0x00000007e18b0000)
 concurrent mark-sweep generation total 393216K, used 10778K [0x00000007e2e00000, 0x00000007fae00000, 0x00000007fae00000)
 concurrent-mark-sweep perm gen total 30080K, used 29946K [0x00000007fae00000, 0x00000007fcb60000, 0x0000000800000000)
2016-05-08T22:10:36.813+0500: 12361.520: [GC2016-05-08T22:10:36.813+0500: 12361.520: [ParNew
Desired survivor size 20112992 bytes, new threshold 8 (max 8)
- age   1:     493928 bytes,     493928 total
- age   2:      99040 bytes,     592968 total
- age   3:      61584 bytes,     654552 total
- age   4:     590688 bytes,    1245240 total
- age   5:     758664 bytes,    2003904 total
- age   6:      27736 bytes,    2031640 total
- age   7:       3496 bytes,    2035136 total
- age   8:       6352 bytes,    2041488 total
: 89903K->2594K(109248K), 0.0246590 secs] 100681K->13431K(502464K), 0.0247730 secs] [Times: user=0.02 sys=0.01, real=0.02 secs] 
Heap after GC invocations=18 (full 0):
 par new generation   total 109248K, used 2594K [0x00000007dae00000, 0x00000007e2e00000, 0x00000007e2e00000)
  eden space 87424K,   0% used [0x00000007dae00000, 0x00000007dae00000, 0x00000007e0360000)
  from space 21824K,  11% used [0x00000007e0360000, 0x00000007e05e89e8, 0x00000007e18b0000)
  to   space 21824K,   0% used [0x00000007e18b0000, 0x00000007e18b0000, 0x00000007e2e00000)
 concurrent mark-sweep generation total 393216K, used 10837K [0x00000007e2e00000, 0x00000007fae00000, 0x00000007fae00000)
 concurrent-mark-sweep perm gen total 30080K, used 29946K [0x00000007fae00000, 0x00000007fcb60000, 0x0000000800000000)
}
2016-05-08T22:10:36.838+0500: 12361.545: Total time for which application threads were stopped: 0.2828690 seconds
2016-05-08T22:10:37.300+0500: 12362.007: Total time for which application threads were stopped: 0.1722480 seconds
2016-05-08T22:10:37.619+0500: 12362.325: Total time for which application threads were stopped: 0.0928980 seconds
2016-05-08T22:10:38.670+0500: 12363.377: Total time for which application threads were stopped: 0.0485640 seconds
2016-05-08T22:10:39.322+0500: 12364.028: Total time for which application threads were stopped: 0.0807200 seconds
{Heap before GC invocations=18 (full 0):
 par new generation   total 109248K, used 90018K [0x00000007dae00000, 0x00000007e2e00000, 0x00000007e2e00000)
  eden space 87424K, 100% used [0x00000007dae00000, 0x00000007e0360000, 0x00000007e0360000)
  from space 21824K,  11% used [0x00000007e0360000, 0x00000007e05e89e8, 0x00000007e18b0000)
  to   space 21824K,   0% used [0x00000007e18b0000, 0x00000007e18b0000, 0x00000007e2e00000)
 concurrent mark-sweep generation total 393216K, used 10837K [0x00000007e2e00000, 0x00000007fae00000, 0x00000007fae00000)
 concurrent-mark-sweep perm gen total 30080K, used 29997K [0x00000007fae00000, 0x00000007fcb60000, 0x0000000800000000)
2016-05-08T22:10:40.352+0500: 12365.058: [GC2016-05-08T22:10:40.387+0500: 12365.094: [ParNew
Desired survivor size 20112992 bytes, new threshold 8 (max 8)
- age   1:     441568 bytes,     441568 total
- age   2:      73552 bytes,     515120 total
- age   3:      84408 bytes,     599528 total
- age   4:      61584 bytes,     661112 total
- age   5:     590640 bytes,    1251752 total
- age   6:     758160 bytes,    2009912 total
- age   7:      27160 bytes,    2037072 total
- age   8:       2848 bytes,    2039920 total
: 90018K->2065K(109248K), 0.0542400 secs] 100855K->12908K(502464K), 0.0901950 secs] [Times: user=0.03 sys=0.00, real=0.09 secs] 
Heap after GC invocations=19 (full 0):
 par new generation   total 109248K, used 2065K [0x00000007dae00000, 0x00000007e2e00000, 0x00000007e2e00000)
  eden space 87424K,   0% used [0x00000007dae00000, 0x00000007dae00000, 0x00000007e0360000)
  from space 21824K,   9% used [0x00000007e18b0000, 0x00000007e1ab4750, 0x00000007e2e00000)
  to   space 21824K,   0% used [0x00000007e0360000, 0x00000007e0360000, 0x00000007e18b0000)
 concurrent mark-sweep generation total 393216K, used 10842K [0x00000007e2e00000, 0x00000007fae00000, 0x00000007fae00000)
 concurrent-mark-sweep perm gen total 30080K, used 29997K [0x00000007fae00000, 0x00000007fcb60000, 0x0000000800000000)
}
2016-05-08T22:10:40.442+0500: 12365.148: Total time for which application threads were stopped: 0.3386140 seconds
2016-05-08T22:10:40.765+0500: 12365.471: Total time for which application threads were stopped: 0.1252690 seconds
2016-05-08T22:10:41.781+0500: 12366.487: Total time for which application threads were stopped: 0.0119920 seconds
{Heap before GC invocations=19 (full 0):
 par new generation   total 109248K, used 89489K [0x00000007dae00000, 0x00000007e2e00000, 0x00000007e2e00000)
  eden space 87424K, 100% used [0x00000007dae00000, 0x00000007e0360000, 0x00000007e0360000)
  from space 21824K,   9% used [0x00000007e18b0000, 0x00000007e1ab4750, 0x00000007e2e00000)
  to   space 21824K,   0% used [0x00000007e0360000, 0x00000007e0360000, 0x00000007e18b0000)
 concurrent mark-sweep generation total 393216K, used 10842K [0x00000007e2e00000, 0x00000007fae00000, 0x00000007fae00000)
 concurrent-mark-sweep perm gen total 30080K, used 30036K [0x00000007fae00000, 0x00000007fcb60000, 0x0000000800000000)
2016-05-08T22:10:46.246+0500: 12370.952: [GC2016-05-08T22:10:46.421+0500: 12371.128: [ParNew
Desired survivor size 20112992 bytes, new threshold 8 (max 8)
- age   1:     442328 bytes,     442328 total
- age   2:      39552 bytes,     481880 total
- age   3:      66376 bytes,     548256 total
- age   4:      73368 bytes,     621624 total
- age   5:      61584 bytes,     683208 total
- age   6:     590592 bytes,    1273800 total
- age   7:     757944 bytes,    2031744 total
- age   8:      26992 bytes,    2058736 total
: 89489K->2504K(109248K), 0.0204830 secs] 100332K->13350K(502464K), 0.1966460 secs] [Times: user=0.01 sys=0.00, real=0.20 secs] 
Heap after GC invocations=20 (full 0):
 par new generation   total 109248K, used 2504K [0x00000007dae00000, 0x00000007e2e00000, 0x00000007e2e00000)
  eden space 87424K,   0% used [0x00000007dae00000, 0x00000007dae00000, 0x00000007e0360000)
  from space 21824K,  11% used [0x00000007e0360000, 0x00000007e05d21a0, 0x00000007e18b0000)
  to   space 21824K,   0% used [0x00000007e18b0000, 0x00000007e18b0000, 0x00000007e2e00000)
 concurrent mark-sweep generation total 393216K, used 10845K [0x00000007e2e00000, 0x00000007fae00000, 0x00000007fae00000)
 concurrent-mark-sweep perm gen total 30080K, used 30036K [0x00000007fae00000, 0x00000007fcb60000, 0x0000000800000000)
}
2016-05-08T22:10:46.443+0500: 12371.149: Total time for which application threads were stopped: 0.6863830 seconds
2016-05-08T22:10:47.188+0500: 12371.895: Total time for which application threads were stopped: 0.3765660 seconds
2016-05-08T22:10:47.210+0500: 12371.916: Total time for which application threads were stopped: 0.0001150 seconds
2016-05-08T22:10:47.455+0500: 12372.161: Total time for which application threads were stopped: 0.0990070 seconds
2016-05-08T22:10:47.703+0500: 12372.409: Total time for which application threads were stopped: 0.0001120 seconds
2016-05-08T22:10:47.915+0500: 12372.621: Total time for which application threads were stopped: 0.0001190 seconds
2016-05-08T22:10:48.819+0500: 12373.526: Total time for which application threads were stopped: 0.5199240 seconds
2016-05-08T22:10:49.052+0500: 12373.758: Total time for which application threads were stopped: 0.1902180 seconds
2016-05-08T22:10:49.161+0500: 12373.867: Total time for which application threads were stopped: 0.0001140 seconds
{Heap before GC invocations=20 (full 0):
 par new generation   total 109248K, used 89928K [0x00000007dae00000, 0x00000007e2e00000, 0x00000007e2e00000)
  eden space 87424K, 100% used [0x00000007dae00000, 0x00000007e0360000, 0x00000007e0360000)
  from space 21824K,  11% used [0x00000007e0360000, 0x00000007e05d21a0, 0x00000007e18b0000)
  to   space 21824K,   0% used [0x00000007e18b0000, 0x00000007e18b0000, 0x00000007e2e00000)
 concurrent mark-sweep generation total 393216K, used 10845K [0x00000007e2e00000, 0x00000007fae00000, 0x00000007fae00000)
 concurrent-mark-sweep perm gen total 30272K, used 30098K [0x00000007fae00000, 0x00000007fcb90000, 0x0000000800000000)
2016-05-08T22:10:49.916+0500: 12374.622: [GC2016-05-08T22:10:49.916+0500: 12374.622: [ParNew
Desired survivor size 20112992 bytes, new threshold 8 (max 8)
- age   1:     447696 bytes,     447696 total
- age   2:      21608 bytes,     469304 total
- age   3:      33552 bytes,     502856 total
- age   4:      60880 bytes,     563736 total
- age   5:      69400 bytes,     633136 total
- age   6:      61584 bytes,     694720 total
- age   7:     590592 bytes,    1285312 total
- age   8:     757944 bytes,    2043256 total
: 89928K->2404K(109248K), 0.0164960 secs] 100774K->13276K(502464K), 0.0166160 secs] [Times: user=0.02 sys=0.00, real=0.02 secs] 
Heap after GC invocations=21 (full 0):
 par new generation   total 109248K, used 2404K [0x00000007dae00000, 0x00000007e2e00000, 0x00000007e2e00000)
  eden space 87424K,   0% used [0x00000007dae00000, 0x00000007dae00000, 0x00000007e0360000)
  from space 21824K,  11% used [0x00000007e18b0000, 0x00000007e1b09000, 0x00000007e2e00000)
  to   space 21824K,   0% used [0x00000007e0360000, 0x00000007e0360000, 0x00000007e18b0000)
 concurrent mark-sweep generation total 393216K, used 10872K [0x00000007e2e00000, 0x00000007fae00000, 0x00000007fae00000)
 concurrent-mark-sweep perm gen total 30272K, used 30098K [0x00000007fae00000, 0x00000007fcb90000, 0x0000000800000000)
}
2016-05-08T22:10:49.933+0500: 12374.639: Total time for which application threads were stopped: 0.2009990 seconds
2016-05-08T22:10:50.554+0500: 12375.260: Total time for which application threads were stopped: 0.0268040 seconds
2016-05-08T22:10:50.625+0500: 12375.331: Total time for which application threads were stopped: 0.0108660 seconds
2016-05-08T22:10:50.866+0500: 12375.573: Total time for which application threads were stopped: 0.0001170 seconds
2016-05-08T22:10:51.221+0500: 12375.927: Total time for which application threads were stopped: 0.0810020 seconds
2016-05-08T22:10:51.500+0500: 12376.206: Total time for which application threads were stopped: 0.0001160 seconds
2016-05-08T22:10:51.532+0500: 12376.238: Total time for which application threads were stopped: 0.0001170 seconds
2016-05-08T22:10:51.565+0500: 12376.271: Total time for which application threads were stopped: 0.0001100 seconds
2016-05-08T22:10:51.600+0500: 12376.306: Total time for which application threads were stopped: 0.0002490 seconds
{Heap before GC invocations=21 (full 0):
 par new generation   total 109248K, used 89828K [0x00000007dae00000, 0x00000007e2e00000, 0x00000007e2e00000)
  eden space 87424K, 100% used [0x00000007dae00000, 0x00000007e0360000, 0x00000007e0360000)
  from space 21824K,  11% used [0x00000007e18b0000, 0x00000007e1b09000, 0x00000007e2e00000)
  to   space 21824K,   0% used [0x00000007e0360000, 0x00000007e0360000, 0x00000007e18b0000)
 concurrent mark-sweep generation total 393216K, used 10872K [0x00000007e2e00000, 0x00000007fae00000, 0x00000007fae00000)
 concurrent-mark-sweep perm gen total 30272K, used 30181K [0x00000007fae00000, 0x00000007fcb90000, 0x0000000800000000)
2016-05-08T22:10:52.862+0500: 12377.568: [GC2016-05-08T22:10:52.862+0500: 12377.568: [ParNew
Desired survivor size 20112992 bytes, new threshold 8 (max 8)
- age   1:     459176 bytes,     459176 total
- age   2:      31840 bytes,     491016 total
- age   3:      17984 bytes,     509000 total
- age   4:      21352 bytes,     530352 total
- age   5:      58456 bytes,     588808 total
- age   6:      66976 bytes,     655784 total
- age   7:      61584 bytes,     717368 total
- age   8:     590592 bytes,    1307960 total
: 89828K->2023K(109248K), 0.0631360 secs] 100700K->13639K(502464K), 0.0632680 secs] [Times: user=0.02 sys=0.01, real=0.06 secs] 
Heap after GC invocations=22 (full 0):
 par new generation   total 109248K, used 2023K [0x00000007dae00000, 0x00000007e2e00000, 0x00000007e2e00000)
  eden space 87424K,   0% used [0x00000007dae00000, 0x00000007dae00000, 0x00000007e0360000)
  from space 21824K,   9% used [0x00000007e0360000, 0x00000007e0559d70, 0x00000007e18b0000)
  to   space 21824K,   0% used [0x00000007e18b0000, 0x00000007e18b0000, 0x00000007e2e00000)
 concurrent mark-sweep generation total 393216K, used 11615K [0x00000007e2e00000, 0x00000007fae00000, 0x00000007fae00000)
 concurrent-mark-sweep perm gen total 30272K, used 30181K [0x00000007fae00000, 0x00000007fcb90000, 0x0000000800000000)
}
2016-05-08T22:10:52.925+0500: 12377.631: Total time for which application threads were stopped: 0.2375550 seconds
2016-05-08T22:10:55.091+0500: 12379.798: Total time for which application threads were stopped: 0.1588500 seconds
2016-05-08T22:10:56.353+0500: 12381.060: Total time for which application threads were stopped: 0.2577020 seconds
2016-05-08T22:10:57.356+0500: 12382.062: Total time for which application threads were stopped: 0.0345140 seconds
{Heap before GC invocations=22 (full 0):
 par new generation   total 109248K, used 89447K [0x00000007dae00000, 0x00000007e2e00000, 0x00000007e2e00000)
  eden space 87424K, 100% used [0x00000007dae00000, 0x00000007e0360000, 0x00000007e0360000)
  from space 21824K,   9% used [0x00000007e0360000, 0x00000007e0559d70, 0x00000007e18b0000)
  to   space 21824K,   0% used [0x00000007e18b0000, 0x00000007e18b0000, 0x00000007e2e00000)
 concurrent mark-sweep generation total 393216K, used 11615K [0x00000007e2e00000, 0x00000007fae00000, 0x00000007fae00000)
 concurrent-mark-sweep perm gen total 30272K, used 30203K [0x00000007fae00000, 0x00000007fcb90000, 0x0000000800000000)
2016-05-08T22:10:57.751+0500: 12382.457: [GC2016-05-08T22:10:57.767+0500: 12382.474: [ParNew
Desired survivor size 20112992 bytes, new threshold 8 (max 8)
- age   1:     435392 bytes,     435392 total
- age   2:      29232 bytes,     464624 total
- age   3:      29080 bytes,     493704 total
- age   4:      14672 bytes,     508376 total
- age   5:      18848 bytes,     527224 total
- age   6:      56056 bytes,     583280 total
- age   7:      66040 bytes,     649320 total
- age   8:      61584 bytes,     710904 total
: 89447K->1148K(109248K), 0.1270810 secs] 101063K->13345K(502464K), 0.1438070 secs] [Times: user=0.06 sys=0.02, real=0.14 secs] 
Heap after GC invocations=23 (full 0):
 par new generation   total 109248K, used 1148K [0x00000007dae00000, 0x00000007e2e00000, 0x00000007e2e00000)
  eden space 87424K,   0% used [0x00000007dae00000, 0x00000007dae00000, 0x00000007e0360000)
  from space 21824K,   5% used [0x00000007e18b0000, 0x00000007e19cf3f0, 0x00000007e2e00000)
  to   space 21824K,   0% used [0x00000007e0360000, 0x00000007e0360000, 0x00000007e18b0000)
 concurrent mark-sweep generation total 393216K, used 12196K [0x00000007e2e00000, 0x00000007fae00000, 0x00000007fae00000)
 concurrent-mark-sweep perm gen total 30272K, used 30203K [0x00000007fae00000, 0x00000007fcb90000, 0x0000000800000000)
}
2016-05-08T22:10:57.895+0500: 12382.601: Total time for which application threads were stopped: 0.1440550 seconds
2016-05-08T22:11:02.962+0500: 12387.668: Total time for which application threads were stopped: 0.1521200 seconds
2016-05-08T22:11:05.067+0500: 12389.774: Total time for which application threads were stopped: 1.0923100 seconds
{Heap before GC invocations=23 (full 0):
 par new generation   total 109248K, used 88570K [0x00000007dae00000, 0x00000007e2e00000, 0x00000007e2e00000)
  eden space 87424K,  99% used [0x00000007dae00000, 0x00000007e035f600, 0x00000007e0360000)
  from space 21824K,   5% used [0x00000007e18b0000, 0x00000007e19cf3f0, 0x00000007e2e00000)
  to   space 21824K,   0% used [0x00000007e0360000, 0x00000007e0360000, 0x00000007e18b0000)
 concurrent mark-sweep generation total 393216K, used 12196K [0x00000007e2e00000, 0x00000007fae00000, 0x00000007fae00000)
 concurrent-mark-sweep perm gen total 30272K, used 30211K [0x00000007fae00000, 0x00000007fcb90000, 0x0000000800000000)
2016-05-08T22:11:05.647+0500: 12390.354: [GC2016-05-08T22:11:05.668+0500: 12390.375: [ParNew
Desired survivor size 20112992 bytes, new threshold 8 (max 8)
- age   1:     441008 bytes,     441008 total
- age   2:      13736 bytes,     454744 total
- age   3:      26344 bytes,     481088 total
- age   4:      26720 bytes,     507808 total
- age   5:      12968 bytes,     520776 total
- age   6:      16520 bytes,     537296 total
- age   7:      53944 bytes,     591240 total
- age   8:      64552 bytes,     655792 total
: 88570K->844K(109248K), 0.0836100 secs] 100767K->13102K(502464K), 0.1046380 secs] [Times: user=0.04 sys=0.00, real=0.11 secs] 
Heap after GC invocations=24 (full 0):
 par new generation   total 109248K, used 844K [0x00000007dae00000, 0x00000007e2e00000, 0x00000007e2e00000)
  eden space 87424K,   0% used [0x00000007dae00000, 0x00000007dae00000, 0x00000007e0360000)
  from space 21824K,   3% used [0x00000007e0360000, 0x00000007e04330e0, 0x00000007e18b0000)
  to   space 21824K,   0% used [0x00000007e18b0000, 0x00000007e18b0000, 0x00000007e2e00000)
 concurrent mark-sweep generation total 393216K, used 12258K [0x00000007e2e00000, 0x00000007fae00000, 0x00000007fae00000)
 concurrent-mark-sweep perm gen total 30272K, used 30211K [0x00000007fae00000, 0x00000007fcb90000, 0x0000000800000000)
}
2016-05-08T22:11:05.752+0500: 12390.458: Total time for which application threads were stopped: 0.4238230 seconds
2016-05-08T22:11:06.844+0500: 12391.550: Total time for which application threads were stopped: 0.1991440 seconds
2016-05-08T22:11:08.054+0500: 12392.761: Total time for which application threads were stopped: 0.6485590 seconds
2016-05-08T22:11:08.448+0500: 12393.155: Total time for which application threads were stopped: 0.1335050 seconds
2016-05-08T22:11:24.741+0500: 12409.448: Total time for which application threads were stopped: 0.6886150 seconds
{Heap before GC invocations=24 (full 0):
 par new generation   total 109248K, used 88268K [0x00000007dae00000, 0x00000007e2e00000, 0x00000007e2e00000)
  eden space 87424K, 100% used [0x00000007dae00000, 0x00000007e0360000, 0x00000007e0360000)
  from space 21824K,   3% used [0x00000007e0360000, 0x00000007e04330e0, 0x00000007e18b0000)
  to   space 21824K,   0% used [0x00000007e18b0000, 0x00000007e18b0000, 0x00000007e2e00000)
 concurrent mark-sweep generation total 393216K, used 12258K [0x00000007e2e00000, 0x00000007fae00000, 0x00000007fae00000)
 concurrent-mark-sweep perm gen total 30272K, used 30232K [0x00000007fae00000, 0x00000007fcb90000, 0x0000000800000000)
2016-05-08T22:11:24.942+0500: 12409.649: [GC2016-05-08T22:11:24.970+0500: 12409.677: [ParNew
Desired survivor size 20112992 bytes, new threshold 8 (max 8)
- age   1:     442264 bytes,     442264 total
- age   2:      13000 bytes,     455264 total
- age   3:      11720 bytes,     466984 total
- age   4:      16400 bytes,     483384 total
- age   5:      25376 bytes,     508760 total
- age   6:      11072 bytes,     519832 total
- age   7:      14672 bytes,     534504 total
- age   8:      51640 bytes,     586144 total
: 88268K->730K(109248K), 0.0637180 secs] 100526K->13051K(502464K), 0.0917430 secs] [Times: user=0.02 sys=0.01, real=0.09 secs] 
Heap after GC invocations=25 (full 0):
 par new generation   total 109248K, used 730K [0x00000007dae00000, 0x00000007e2e00000, 0x00000007e2e00000)
  eden space 87424K,   0% used [0x00000007dae00000, 0x00000007dae00000, 0x00000007e0360000)
  from space 21824K,   3% used [0x00000007e18b0000, 0x00000007e1966910, 0x00000007e2e00000)
  to   space 21824K,   0% used [0x00000007e0360000, 0x00000007e0360000, 0x00000007e18b0000)
 concurrent mark-sweep generation total 393216K, used 12320K [0x00000007e2e00000, 0x00000007fae00000, 0x00000007fae00000)
 concurrent-mark-sweep perm gen total 30272K, used 30232K [0x00000007fae00000, 0x00000007fcb90000, 0x0000000800000000)
}
2016-05-08T22:11:25.034+0500: 12409.741: Total time for which application threads were stopped: 0.2679310 seconds
2016-05-08T22:11:25.051+0500: 12409.758: Total time for which application threads were stopped: 0.0001200 seconds
2016-05-08T22:11:25.217+0500: 12409.923: Total time for which application threads were stopped: 0.0001040 seconds
2016-05-08T22:11:26.432+0500: 12411.139: Total time for which application threads were stopped: 0.4007120 seconds
2016-05-08T22:11:26.826+0500: 12411.533: Total time for which application threads were stopped: 0.2567910 seconds
2016-05-08T22:11:27.513+0500: 12412.219: Total time for which application threads were stopped: 0.1922120 seconds
{Heap before GC invocations=25 (full 0):
 par new generation   total 109248K, used 88154K [0x00000007dae00000, 0x00000007e2e00000, 0x00000007e2e00000)
  eden space 87424K, 100% used [0x00000007dae00000, 0x00000007e0360000, 0x00000007e0360000)
  from space 21824K,   3% used [0x00000007e18b0000, 0x00000007e1966910, 0x00000007e2e00000)
  to   space 21824K,   0% used [0x00000007e0360000, 0x00000007e0360000, 0x00000007e18b0000)
 concurrent mark-sweep generation total 393216K, used 12320K [0x00000007e2e00000, 0x00000007fae00000, 0x00000007fae00000)
 concurrent-mark-sweep perm gen total 30464K, used 30367K [0x00000007fae00000, 0x00000007fcbc0000, 0x0000000800000000)
2016-05-08T22:11:27.593+0500: 12412.299: [GC2016-05-08T22:11:27.593+0500: 12412.299: [ParNew
Desired survivor size 20112992 bytes, new threshold 8 (max 8)
- age   1:     456184 bytes,     456184 total
- age   2:      25984 bytes,     482168 total
- age   3:      11872 bytes,     494040 total
- age   4:      11216 bytes,     505256 total
- age   5:      15768 bytes,     521024 total
- age   6:      24584 bytes,     545608 total
- age   7:      10520 bytes,     556128 total
- age   8:      14192 bytes,     570320 total
: 88154K->638K(109248K), 0.0146740 secs] 100475K->13009K(502464K), 0.0147670 secs] [Times: user=0.01 sys=0.00, real=0.01 secs] 
Heap after GC invocations=26 (full 0):
 par new generation   total 109248K, used 638K [0x00000007dae00000, 0x00000007e2e00000, 0x00000007e2e00000)
  eden space 87424K,   0% used [0x00000007dae00000, 0x00000007dae00000, 0x00000007e0360000)
  from space 21824K,   2% used [0x00000007e0360000, 0x00000007e03ff858, 0x00000007e18b0000)
  to   space 21824K,   0% used [0x00000007e18b0000, 0x00000007e18b0000, 0x00000007e2e00000)
 concurrent mark-sweep generation total 393216K, used 12371K [0x00000007e2e00000, 0x00000007fae00000, 0x00000007fae00000)
 concurrent-mark-sweep perm gen total 30464K, used 30367K [0x00000007fae00000, 0x00000007fcbc0000, 0x0000000800000000)
}
2016-05-08T22:11:27.608+0500: 12412.314: Total time for which application threads were stopped: 0.0150440 seconds
2016-05-08T22:11:27.721+0500: 12412.427: Total time for which application threads were stopped: 0.0001260 seconds
2016-05-08T22:11:27.757+0500: 12412.464: Total time for which application threads were stopped: 0.0001070 seconds
2016-05-08T22:11:28.559+0500: 12413.265: Total time for which application threads were stopped: 0.1664100 seconds
2016-05-08T22:11:29.517+0500: 12414.223: Total time for which application threads were stopped: 0.4634310 seconds
{Heap before GC invocations=26 (full 0):
 par new generation   total 109248K, used 88062K [0x00000007dae00000, 0x00000007e2e00000, 0x00000007e2e00000)
  eden space 87424K, 100% used [0x00000007dae00000, 0x00000007e0360000, 0x00000007e0360000)
  from space 21824K,   2% used [0x00000007e0360000, 0x00000007e03ff858, 0x00000007e18b0000)
  to   space 21824K,   0% used [0x00000007e18b0000, 0x00000007e18b0000, 0x00000007e2e00000)
 concurrent mark-sweep generation total 393216K, used 12371K [0x00000007e2e00000, 0x00000007fae00000, 0x00000007fae00000)
 concurrent-mark-sweep perm gen total 30464K, used 30390K [0x00000007fae00000, 0x00000007fcbc0000, 0x0000000800000000)
2016-05-08T22:11:29.715+0500: 12414.422: [GC2016-05-08T22:11:29.715+0500: 12414.422: [ParNew
Desired survivor size 20112992 bytes, new threshold 8 (max 8)
- age   1:     438800 bytes,     438800 total
- age   2:      21600 bytes,     460400 total
- age   3:      25192 bytes,     485592 total
- age   4:      11392 bytes,     496984 total
- age   5:      10928 bytes,     507912 total
- age   6:      15336 bytes,     523248 total
- age   7:      24200 bytes,     547448 total
- age   8:      10184 bytes,     557632 total
: 88062K->681K(109248K), 0.0092960 secs] 100433K->13066K(502464K), 0.0094300 secs] [Times: user=0.00 sys=0.01, real=0.01 secs] 
Heap after GC invocations=27 (full 0):
 par new generation   total 109248K, used 681K [0x00000007dae00000, 0x00000007e2e00000, 0x00000007e2e00000)
  eden space 87424K,   0% used [0x00000007dae00000, 0x00000007dae00000, 0x00000007e0360000)
  from space 21824K,   3% used [0x00000007e18b0000, 0x00000007e195a6b8, 0x00000007e2e00000)
  to   space 21824K,   0% used [0x00000007e0360000, 0x00000007e0360000, 0x00000007e18b0000)
 concurrent mark-sweep generation total 393216K, used 12385K [0x00000007e2e00000, 0x00000007fae00000, 0x00000007fae00000)
 concurrent-mark-sweep perm gen total 30464K, used 30390K [0x00000007fae00000, 0x00000007fcbc0000, 0x0000000800000000)
}
2016-05-08T22:11:29.725+0500: 12414.431: Total time for which application threads were stopped: 0.0305160 seconds
2016-05-08T22:11:29.743+0500: 12414.449: Total time for which application threads were stopped: 0.0001080 seconds
2016-05-08T22:11:29.833+0500: 12414.539: Total time for which application threads were stopped: 0.0001070 seconds
2016-05-08T22:11:30.221+0500: 12414.927: Total time for which application threads were stopped: 0.0249810 seconds
2016-05-08T22:11:30.320+0500: 12415.026: Total time for which application threads were stopped: 0.0001130 seconds
2016-05-08T22:11:31.660+0500: 12416.366: Total time for which application threads were stopped: 0.3081290 seconds
2016-05-08T22:11:41.391+0500: 12426.098: Total time for which application threads were stopped: 0.0729090 seconds
{Heap before GC invocations=27 (full 0):
 par new generation   total 109248K, used 88105K [0x00000007dae00000, 0x00000007e2e00000, 0x00000007e2e00000)
  eden space 87424K, 100% used [0x00000007dae00000, 0x00000007e0360000, 0x00000007e0360000)
  from space 21824K,   3% used [0x00000007e18b0000, 0x00000007e195a6b8, 0x00000007e2e00000)
  to   space 21824K,   0% used [0x00000007e0360000, 0x00000007e0360000, 0x00000007e18b0000)
 concurrent mark-sweep generation total 393216K, used 12385K [0x00000007e2e00000, 0x00000007fae00000, 0x00000007fae00000)
 concurrent-mark-sweep perm gen total 30656K, used 30444K [0x00000007fae00000, 0x00000007fcbf0000, 0x0000000800000000)
2016-05-08T22:11:41.722+0500: 12426.429: [GC2016-05-08T22:11:41.750+0500: 12426.456: [ParNew
Desired survivor size 20112992 bytes, new threshold 8 (max 8)
- age   1:     453144 bytes,     453144 total
- age   2:      20184 bytes,     473328 total
- age   3:      21144 bytes,     494472 total
- age   4:      16304 bytes,     510776 total
- age   5:      11080 bytes,     521856 total
- age   6:      10640 bytes,     532496 total
- age   7:      14904 bytes,     547400 total
- age   8:      24056 bytes,     571456 total
: 88105K->680K(109248K), 0.0112100 secs] 100490K->13075K(502464K), 0.0391320 secs] [Times: user=0.02 sys=0.00, real=0.04 secs] 
Heap after GC invocations=28 (full 0):
 par new generation   total 109248K, used 680K [0x00000007dae00000, 0x00000007e2e00000, 0x00000007e2e00000)
  eden space 87424K,   0% used [0x00000007dae00000, 0x00000007dae00000, 0x00000007e0360000)
  from space 21824K,   3% used [0x00000007e0360000, 0x00000007e040a3e8, 0x00000007e18b0000)
  to   space 21824K,   0% used [0x00000007e18b0000, 0x00000007e18b0000, 0x00000007e2e00000)
 concurrent mark-sweep generation total 393216K, used 12394K [0x00000007e2e00000, 0x00000007fae00000, 0x00000007fae00000)
 concurrent-mark-sweep perm gen total 30656K, used 30444K [0x00000007fae00000, 0x00000007fcbf0000, 0x0000000800000000)
}
2016-05-08T22:11:41.761+0500: 12426.468: Total time for which application threads were stopped: 0.0393950 seconds
2016-05-08T22:11:51.823+0500: 12436.530: Total time for which application threads were stopped: 0.2578650 seconds
2016-05-08T22:11:51.916+0500: 12436.623: Total time for which application threads were stopped: 0.0001040 seconds
2016-05-08T22:11:52.391+0500: 12437.098: Total time for which application threads were stopped: 0.1641230 seconds
2016-05-08T22:11:52.451+0500: 12437.157: Total time for which application threads were stopped: 0.0001060 seconds
2016-05-08T22:11:52.619+0500: 12437.325: Total time for which application threads were stopped: 0.0002450 seconds
2016-05-08T22:11:52.624+0500: 12437.331: Total time for which application threads were stopped: 0.0001060 seconds
2016-05-08T22:11:52.627+0500: 12437.334: Total time for which application threads were stopped: 0.0001040 seconds
2016-05-08T22:11:52.630+0500: 12437.336: Total time for which application threads were stopped: 0.0001270 seconds
2016-05-08T22:11:52.633+0500: 12437.340: Total time for which application threads were stopped: 0.0001020 seconds
2016-05-08T22:11:52.636+0500: 12437.342: Total time for which application threads were stopped: 0.0001000 seconds
2016-05-08T22:11:52.639+0500: 12437.345: Total time for which application threads were stopped: 0.0001050 seconds
2016-05-08T22:11:52.641+0500: 12437.348: Total time for which application threads were stopped: 0.0001010 seconds
2016-05-08T22:11:52.647+0500: 12437.353: Total time for which application threads were stopped: 0.0001040 seconds
2016-05-08T22:11:52.650+0500: 12437.356: Total time for which application threads were stopped: 0.0001150 seconds
2016-05-08T22:11:52.653+0500: 12437.359: Total time for which application threads were stopped: 0.0001070 seconds
2016-05-08T22:11:52.656+0500: 12437.362: Total time for which application threads were stopped: 0.0001040 seconds
2016-05-08T22:11:52.659+0500: 12437.365: Total time for which application threads were stopped: 0.0001040 seconds
2016-05-08T22:11:52.662+0500: 12437.368: Total time for which application threads were stopped: 0.0001020 seconds
2016-05-08T22:11:52.664+0500: 12437.371: Total time for which application threads were stopped: 0.0001000 seconds
2016-05-08T22:11:52.667+0500: 12437.374: Total time for which application threads were stopped: 0.0001060 seconds
2016-05-08T22:11:52.700+0500: 12437.406: Total time for which application threads were stopped: 0.0001390 seconds
2016-05-08T22:11:52.703+0500: 12437.410: Total time for which application threads were stopped: 0.0001060 seconds
2016-05-08T22:11:52.709+0500: 12437.416: Total time for which application threads were stopped: 0.0001050 seconds
2016-05-08T22:11:52.712+0500: 12437.418: Total time for which application threads were stopped: 0.0001030 seconds
2016-05-08T22:11:59.234+0500: 12443.940: Total time for which application threads were stopped: 0.1348690 seconds
{Heap before GC invocations=28 (full 0):
 par new generation   total 109248K, used 88104K [0x00000007dae00000, 0x00000007e2e00000, 0x00000007e2e00000)
  eden space 87424K, 100% used [0x00000007dae00000, 0x00000007e0360000, 0x00000007e0360000)
  from space 21824K,   3% used [0x00000007e0360000, 0x00000007e040a3e8, 0x00000007e18b0000)
  to   space 21824K,   0% used [0x00000007e18b0000, 0x00000007e18b0000, 0x00000007e2e00000)
 concurrent mark-sweep generation total 393216K, used 12394K [0x00000007e2e00000, 0x00000007fae00000, 0x00000007fae00000)
 concurrent-mark-sweep perm gen total 30656K, used 30460K [0x00000007fae00000, 0x00000007fcbf0000, 0x0000000800000000)
2016-05-08T22:12:00.019+0500: 12444.725: [GC2016-05-08T22:12:00.019+0500: 12444.725: [ParNew
Desired survivor size 20112992 bytes, new threshold 8 (max 8)
- age   1:     429048 bytes,     429048 total
- age   2:      26832 bytes,     455880 total
- age   3:      19040 bytes,     474920 total
- age   4:      20760 bytes,     495680 total
- age   5:      15744 bytes,     511424 total
- age   6:      10840 bytes,     522264 total
- age   7:      10400 bytes,     532664 total
- age   8:      14712 bytes,     547376 total
: 88104K->832K(109248K), 0.0530760 secs] 100499K->13250K(502464K), 0.0531920 secs] [Times: user=0.03 sys=0.01, real=0.06 secs] 
Heap after GC invocations=29 (full 0):
 par new generation   total 109248K, used 832K [0x00000007dae00000, 0x00000007e2e00000, 0x00000007e2e00000)
  eden space 87424K,   0% used [0x00000007dae00000, 0x00000007dae00000, 0x00000007e0360000)
  from space 21824K,   3% used [0x00000007e18b0000, 0x00000007e1980080, 0x00000007e2e00000)
  to   space 21824K,   0% used [0x00000007e0360000, 0x00000007e0360000, 0x00000007e18b0000)
 concurrent mark-sweep generation total 393216K, used 12418K [0x00000007e2e00000, 0x00000007fae00000, 0x00000007fae00000)
 concurrent-mark-sweep perm gen total 30656K, used 30460K [0x00000007fae00000, 0x00000007fcbf0000, 0x0000000800000000)
}
2016-05-08T22:12:00.072+0500: 12444.779: Total time for which application threads were stopped: 0.1864920 seconds
2016-05-08T22:12:01.079+0500: 12445.785: Total time for which application threads were stopped: 0.0018020 seconds
{Heap before GC invocations=29 (full 0):
 par new generation   total 109248K, used 88254K [0x00000007dae00000, 0x00000007e2e00000, 0x00000007e2e00000)
  eden space 87424K,  99% used [0x00000007dae00000, 0x00000007e035f870, 0x00000007e0360000)
  from space 21824K,   3% used [0x00000007e18b0000, 0x00000007e1980080, 0x00000007e2e00000)
  to   space 21824K,   0% used [0x00000007e0360000, 0x00000007e0360000, 0x00000007e18b0000)
 concurrent mark-sweep generation total 393216K, used 12418K [0x00000007e2e00000, 0x00000007fae00000, 0x00000007fae00000)
 concurrent-mark-sweep perm gen total 30656K, used 30507K [0x00000007fae00000, 0x00000007fcbf0000, 0x0000000800000000)
2016-05-08T22:12:01.708+0500: 12446.414: [GC2016-05-08T22:12:01.708+0500: 12446.414: [ParNew
Desired survivor size 20112992 bytes, new threshold 8 (max 8)
- age   1:     428000 bytes,     428000 total
- age   2:      22552 bytes,     450552 total
- age   3:      26376 bytes,     476928 total
- age   4:      18704 bytes,     495632 total
- age   5:      20472 bytes,     516104 total
- age   6:      15384 bytes,     531488 total
- age   7:      10648 bytes,     542136 total
- age   8:      10208 bytes,     552344 total
: 88254K->674K(109248K), 0.0114450 secs] 100672K->13106K(502464K), 0.0115740 secs] [Times: user=0.01 sys=0.00, real=0.01 secs] 
Heap after GC invocations=30 (full 0):
 par new generation   total 109248K, used 674K [0x00000007dae00000, 0x00000007e2e00000, 0x00000007e2e00000)
  eden space 87424K,   0% used [0x00000007dae00000, 0x00000007dae00000, 0x00000007e0360000)
  from space 21824K,   3% used [0x00000007e0360000, 0x00000007e0408980, 0x00000007e18b0000)
  to   space 21824K,   0% used [0x00000007e18b0000, 0x00000007e18b0000, 0x00000007e2e00000)
 concurrent mark-sweep generation total 393216K, used 12432K [0x00000007e2e00000, 0x00000007fae00000, 0x00000007fae00000)
 concurrent-mark-sweep perm gen total 30656K, used 30507K [0x00000007fae00000, 0x00000007fcbf0000, 0x0000000800000000)
}
2016-05-08T22:12:01.720+0500: 12446.426: Total time for which application threads were stopped: 0.1273620 seconds
2016-05-08T22:12:02.429+0500: 12447.136: Total time for which application threads were stopped: 0.0210270 seconds
{Heap before GC invocations=30 (full 0):
 par new generation   total 109248K, used 88098K [0x00000007dae00000, 0x00000007e2e00000, 0x00000007e2e00000)
  eden space 87424K, 100% used [0x00000007dae00000, 0x00000007e0360000, 0x00000007e0360000)
  from space 21824K,   3% used [0x00000007e0360000, 0x00000007e0408980, 0x00000007e18b0000)
  to   space 21824K,   0% used [0x00000007e18b0000, 0x00000007e18b0000, 0x00000007e2e00000)
 concurrent mark-sweep generation total 393216K, used 12432K [0x00000007e2e00000, 0x00000007fae00000, 0x00000007fae00000)
 concurrent-mark-sweep perm gen total 30656K, used 30512K [0x00000007fae00000, 0x00000007fcbf0000, 0x0000000800000000)
2016-05-08T22:12:03.122+0500: 12447.828: [GC2016-05-08T22:12:03.122+0500: 12447.829: [ParNew
Desired survivor size 20112992 bytes, new threshold 8 (max 8)
- age   1:     441480 bytes,     441480 total
- age   2:      16664 bytes,     458144 total
- age   3:      22288 bytes,     480432 total
- age   4:      17560 bytes,     497992 total
- age   5:      18320 bytes,     516312 total
- age   6:      20088 bytes,     536400 total
- age   7:      15240 bytes,     551640 total
- age   8:      10432 bytes,     562072 total
: 88098K->602K(109248K), 0.0279860 secs] 100530K->13044K(502464K), 0.0281220 secs] [Times: user=0.03 sys=0.00, real=0.03 secs] 
Heap after GC invocations=31 (full 0):
 par new generation   total 109248K, used 602K [0x00000007dae00000, 0x00000007e2e00000, 0x00000007e2e00000)
  eden space 87424K,   0% used [0x00000007dae00000, 0x00000007dae00000, 0x00000007e0360000)
  from space 21824K,   2% used [0x00000007e18b0000, 0x00000007e1946b40, 0x00000007e2e00000)
  to   space 21824K,   0% used [0x00000007e0360000, 0x00000007e0360000, 0x00000007e18b0000)
 concurrent mark-sweep generation total 393216K, used 12442K [0x00000007e2e00000, 0x00000007fae00000, 0x00000007fae00000)
 concurrent-mark-sweep perm gen total 30656K, used 30512K [0x00000007fae00000, 0x00000007fcbf0000, 0x0000000800000000)
}
2016-05-08T22:12:03.150+0500: 12447.857: Total time for which application threads were stopped: 0.1069730 seconds
2016-05-08T22:12:04.155+0500: 12448.862: Total time for which application threads were stopped: 0.0016250 seconds
{Heap before GC invocations=31 (full 0):
 par new generation   total 109248K, used 88026K [0x00000007dae00000, 0x00000007e2e00000, 0x00000007e2e00000)
  eden space 87424K, 100% used [0x00000007dae00000, 0x00000007e0360000, 0x00000007e0360000)
  from space 21824K,   2% used [0x00000007e18b0000, 0x00000007e1946b40, 0x00000007e2e00000)
  to   space 21824K,   0% used [0x00000007e0360000, 0x00000007e0360000, 0x00000007e18b0000)
 concurrent mark-sweep generation total 393216K, used 12442K [0x00000007e2e00000, 0x00000007fae00000, 0x00000007fae00000)
 concurrent-mark-sweep perm gen total 30656K, used 30512K [0x00000007fae00000, 0x00000007fcbf0000, 0x0000000800000000)
2016-05-08T22:12:06.819+0500: 12451.526: [GC2016-05-08T22:12:06.864+0500: 12451.571: [ParNew
Desired survivor size 20112992 bytes, new threshold 8 (max 8)
- age   1:     440912 bytes,     440912 total
- age   2:      25880 bytes,     466792 total
- age   3:      16208 bytes,     483000 total
- age   4:      21904 bytes,     504904 total
- age   5:      17168 bytes,     522072 total
- age   6:      18128 bytes,     540200 total
- age   7:      19872 bytes,     560072 total
- age   8:      15184 bytes,     575256 total
: 88026K->639K(109248K), 0.0129310 secs] 100468K->13092K(502464K), 0.0578810 secs] [Times: user=0.01 sys=0.00, real=0.06 secs] 
Heap after GC invocations=32 (full 0):
 par new generation   total 109248K, used 639K [0x00000007dae00000, 0x00000007e2e00000, 0x00000007e2e00000)
  eden space 87424K,   0% used [0x00000007dae00000, 0x00000007dae00000, 0x00000007e0360000)
  from space 21824K,   2% used [0x00000007e0360000, 0x00000007e03fff90, 0x00000007e18b0000)
  to   space 21824K,   0% used [0x00000007e18b0000, 0x00000007e18b0000, 0x00000007e2e00000)
 concurrent mark-sweep generation total 393216K, used 12452K [0x00000007e2e00000, 0x00000007fae00000, 0x00000007fae00000)
 concurrent-mark-sweep perm gen total 30656K, used 30512K [0x00000007fae00000, 0x00000007fcbf0000, 0x0000000800000000)
}
2016-05-08T22:12:06.877+0500: 12451.584: Total time for which application threads were stopped: 0.0595850 seconds
2016-05-08T22:12:54.076+0500: 12498.783: Total time for which application threads were stopped: 0.1015280 seconds
2016-05-08T22:12:54.705+0500: 12499.412: Total time for which application threads were stopped: 0.0271700 seconds
2016-05-08T22:12:55.698+0500: 12500.405: Total time for which application threads were stopped: 0.0031100 seconds
2016-05-08T22:12:55.699+0500: 12500.405: Total time for which application threads were stopped: 0.0000960 seconds
2016-05-08T22:12:55.763+0500: 12500.469: Total time for which application threads were stopped: 0.0461780 seconds
2016-05-08T22:12:57.846+0500: 12502.552: Total time for which application threads were stopped: 0.0785320 seconds
2016-05-08T22:12:59.023+0500: 12503.730: Total time for which application threads were stopped: 0.0022530 seconds
2016-05-08T22:12:59.024+0500: 12503.731: Total time for which application threads were stopped: 0.0002450 seconds
2016-05-08T22:12:59.699+0500: 12504.406: Total time for which application threads were stopped: 0.0022070 seconds
2016-05-08T22:12:59.699+0500: 12504.406: Total time for which application threads were stopped: 0.0000770 seconds
2016-05-08T22:12:59.916+0500: 12504.623: Total time for which application threads were stopped: 0.0002290 seconds
2016-05-08T22:12:59.916+0500: 12504.623: Total time for which application threads were stopped: 0.0000700 seconds
2016-05-08T22:13:02.930+0500: 12507.637: Total time for which application threads were stopped: 0.0029160 seconds
2016-05-08T22:13:05.202+0500: 12509.908: Total time for which application threads were stopped: 0.0016560 seconds
2016-05-08T22:13:05.203+0500: 12509.909: Total time for which application threads were stopped: 0.0001120 seconds
2016-05-08T22:13:05.338+0500: 12510.044: Total time for which application threads were stopped: 0.0001570 seconds
2016-05-08T22:13:07.347+0500: 12512.054: Total time for which application threads were stopped: 0.0024090 seconds
2016-05-08T22:13:11.063+0500: 12515.769: Total time for which application threads were stopped: 0.0015230 seconds
2016-05-08T22:13:11.063+0500: 12515.770: Total time for which application threads were stopped: 0.0000670 seconds
2016-05-08T22:13:11.063+0500: 12515.770: Total time for which application threads were stopped: 0.0000370 seconds
2016-05-08T22:13:11.064+0500: 12515.770: Total time for which application threads were stopped: 0.0000360 seconds
2016-05-08T22:13:11.064+0500: 12515.770: Total time for which application threads were stopped: 0.0000340 seconds
2016-05-08T22:13:11.065+0500: 12515.771: Total time for which application threads were stopped: 0.0001130 seconds
2016-05-08T22:13:11.065+0500: 12515.772: Total time for which application threads were stopped: 0.0000420 seconds
2016-05-08T22:13:11.065+0500: 12515.772: Total time for which application threads were stopped: 0.0000350 seconds
2016-05-08T22:13:11.065+0500: 12515.772: Total time for which application threads were stopped: 0.0000340 seconds
2016-05-08T22:13:11.066+0500: 12515.772: Total time for which application threads were stopped: 0.0000340 seconds
2016-05-08T22:13:11.066+0500: 12515.772: Total time for which application threads were stopped: 0.0000420 seconds
2016-05-08T22:13:11.066+0500: 12515.772: Total time for which application threads were stopped: 0.0000350 seconds
2016-05-08T22:13:11.066+0500: 12515.822: Total time for which application threads were stopped: 0.0493780 seconds
2016-05-08T22:13:11.117+0500: 12515.823: Total time for which application threads were stopped: 0.0000990 seconds
2016-05-08T22:13:11.117+0500: 12515.824: Total time for which application threads were stopped: 0.0000450 seconds
2016-05-08T22:13:11.197+0500: 12515.903: Total time for which application threads were stopped: 0.0001670 seconds
2016-05-08T22:13:11.197+0500: 12515.903: Total time for which application threads were stopped: 0.0000630 seconds
2016-05-08T22:13:11.259+0500: 12515.965: Total time for which application threads were stopped: 0.0277400 seconds
2016-05-08T22:13:11.259+0500: 12515.965: Total time for which application threads were stopped: 0.0000840 seconds
2016-05-08T22:13:11.260+0500: 12515.966: Total time for which application threads were stopped: 0.0000420 seconds
2016-05-08T22:13:11.944+0500: 12516.651: Total time for which application threads were stopped: 0.0017380 seconds
2016-05-08T22:13:11.945+0500: 12516.651: Total time for which application threads were stopped: 0.0001170 seconds
2016-05-08T22:13:11.959+0500: 12516.666: Total time for which application threads were stopped: 0.0001390 seconds
2016-05-08T22:13:11.959+0500: 12516.666: Total time for which application threads were stopped: 0.0000930 seconds
2016-05-08T22:14:02.177+0500: 12566.884: Total time for which application threads were stopped: 0.0037240 seconds
2016-05-08T22:14:11.983+0500: 12576.689: Total time for which application threads were stopped: 0.0066720 seconds
2016-05-08T22:14:46.117+0500: 12610.823: Total time for which application threads were stopped: 0.0044390 seconds
{Heap before GC invocations=32 (full 0):
 par new generation   total 109248K, used 88063K [0x00000007dae00000, 0x00000007e2e00000, 0x00000007e2e00000)
  eden space 87424K, 100% used [0x00000007dae00000, 0x00000007e0360000, 0x00000007e0360000)
  from space 21824K,   2% used [0x00000007e0360000, 0x00000007e03fff90, 0x00000007e18b0000)
  to   space 21824K,   0% used [0x00000007e18b0000, 0x00000007e18b0000, 0x00000007e2e00000)
 concurrent mark-sweep generation total 393216K, used 12452K [0x00000007e2e00000, 0x00000007fae00000, 0x00000007fae00000)
 concurrent-mark-sweep perm gen total 31040K, used 30849K [0x00000007fae00000, 0x00000007fcc50000, 0x0000000800000000)
2016-05-08T22:15:21.027+0500: 12645.733: [GC2016-05-08T22:15:21.052+0500: 12645.759: [ParNew
Desired survivor size 20112992 bytes, new threshold 8 (max 8)
- age   1:     856016 bytes,     856016 total
- age   2:      14376 bytes,     870392 total
- age   3:      24808 bytes,     895200 total
- age   4:      15488 bytes,     910688 total
- age   5:      21080 bytes,     931768 total
- age   6:      16544 bytes,     948312 total
- age   7:      17600 bytes,     965912 total
- age   8:      19248 bytes,     985160 total
: 88063K->1019K(109248K), 0.1391070 secs] 100516K->13486K(502464K), 0.1644370 secs] [Times: user=0.04 sys=0.04, real=0.17 secs] 
Heap after GC invocations=33 (full 0):
 par new generation   total 109248K, used 1019K [0x00000007dae00000, 0x00000007e2e00000, 0x00000007e2e00000)
  eden space 87424K,   0% used [0x00000007dae00000, 0x00000007dae00000, 0x00000007e0360000)
  from space 21824K,   4% used [0x00000007e18b0000, 0x00000007e19aeef8, 0x00000007e2e00000)
  to   space 21824K,   0% used [0x00000007e0360000, 0x00000007e0360000, 0x00000007e18b0000)
 concurrent mark-sweep generation total 393216K, used 12466K [0x00000007e2e00000, 0x00000007fae00000, 0x00000007fae00000)
 concurrent-mark-sweep perm gen total 31040K, used 30849K [0x00000007fae00000, 0x00000007fcc50000, 0x0000000800000000)
}
2016-05-08T22:15:21.192+0500: 12645.898: Total time for which application threads were stopped: 0.1663030 seconds
2016-05-08T22:15:22.196+0500: 12646.902: Total time for which application threads were stopped: 0.0022210 seconds
2016-05-08T22:15:22.500+0500: 12647.207: Total time for which application threads were stopped: 0.0001370 seconds
{Heap before GC invocations=33 (full 0):
 par new generation   total 109248K, used 88443K [0x00000007dae00000, 0x00000007e2e00000, 0x00000007e2e00000)
  eden space 87424K, 100% used [0x00000007dae00000, 0x00000007e0360000, 0x00000007e0360000)
  from space 21824K,   4% used [0x00000007e18b0000, 0x00000007e19aeef8, 0x00000007e2e00000)
  to   space 21824K,   0% used [0x00000007e0360000, 0x00000007e0360000, 0x00000007e18b0000)
 concurrent mark-sweep generation total 393216K, used 12466K [0x00000007e2e00000, 0x00000007fae00000, 0x00000007fae00000)
 concurrent-mark-sweep perm gen total 31040K, used 30850K [0x00000007fae00000, 0x00000007fcc50000, 0x0000000800000000)
2016-05-08T22:15:23.191+0500: 12647.898: [GC2016-05-08T22:15:23.191+0500: 12647.898: [ParNew
Desired survivor size 20112992 bytes, new threshold 8 (max 8)
- age   1:     446888 bytes,     446888 total
- age   2:     266664 bytes,     713552 total
- age   3:      13296 bytes,     726848 total
- age   4:      15296 bytes,     742144 total
- age   5:      14648 bytes,     756792 total
- age   6:      20096 bytes,     776888 total
- age   7:      15920 bytes,     792808 total
- age   8:      17096 bytes,     809904 total
: 88443K->885K(109248K), 0.0174160 secs] 100910K->13370K(502464K), 0.0175560 secs] [Times: user=0.02 sys=0.00, real=0.01 secs] 
Heap after GC invocations=34 (full 0):
 par new generation   total 109248K, used 885K [0x00000007dae00000, 0x00000007e2e00000, 0x00000007e2e00000)
  eden space 87424K,   0% used [0x00000007dae00000, 0x00000007dae00000, 0x00000007e0360000)
  from space 21824K,   4% used [0x00000007e0360000, 0x00000007e043d558, 0x00000007e18b0000)
  to   space 21824K,   0% used [0x00000007e18b0000, 0x00000007e18b0000, 0x00000007e2e00000)
 concurrent mark-sweep generation total 393216K, used 12484K [0x00000007e2e00000, 0x00000007fae00000, 0x00000007fae00000)
 concurrent-mark-sweep perm gen total 31040K, used 30850K [0x00000007fae00000, 0x00000007fcc50000, 0x0000000800000000)
}
2016-05-08T22:15:23.209+0500: 12647.915: Total time for which application threads were stopped: 0.0194100 seconds
2016-05-08T22:15:24.216+0500: 12648.923: Total time for which application threads were stopped: 0.0030000 seconds
{Heap before GC invocations=34 (full 0):
 par new generation   total 109248K, used 88309K [0x00000007dae00000, 0x00000007e2e00000, 0x00000007e2e00000)
  eden space 87424K, 100% used [0x00000007dae00000, 0x00000007e0360000, 0x00000007e0360000)
  from space 21824K,   4% used [0x00000007e0360000, 0x00000007e043d558, 0x00000007e18b0000)
  to   space 21824K,   0% used [0x00000007e18b0000, 0x00000007e18b0000, 0x00000007e2e00000)
 concurrent mark-sweep generation total 393216K, used 12484K [0x00000007e2e00000, 0x00000007fae00000, 0x00000007fae00000)
 concurrent-mark-sweep perm gen total 31040K, used 30851K [0x00000007fae00000, 0x00000007fcc50000, 0x0000000800000000)
2016-05-08T22:15:24.615+0500: 12649.321: [GC2016-05-08T22:15:24.615+0500: 12649.321: [ParNew
Desired survivor size 20112992 bytes, new threshold 8 (max 8)
- age   1:     456704 bytes,     456704 total
- age   2:      46600 bytes,     503304 total
- age   3:     265728 bytes,     769032 total
- age   4:      12720 bytes,     781752 total
- age   5:      14424 bytes,     796176 total
- age   6:      14024 bytes,     810200 total
- age   7:      19496 bytes,     829696 total
- age   8:      15440 bytes,     845136 total
: 88309K->1079K(109248K), 0.0829800 secs] 100794K->13580K(502464K), 0.0830800 secs] [Times: user=0.01 sys=0.00, real=0.08 secs] 
Heap after GC invocations=35 (full 0):
 par new generation   total 109248K, used 1079K [0x00000007dae00000, 0x00000007e2e00000, 0x00000007e2e00000)
  eden space 87424K,   0% used [0x00000007dae00000, 0x00000007dae00000, 0x00000007e0360000)
  from space 21824K,   4% used [0x00000007e18b0000, 0x00000007e19bddf0, 0x00000007e2e00000)
  to   space 21824K,   0% used [0x00000007e0360000, 0x00000007e0360000, 0x00000007e18b0000)
 concurrent mark-sweep generation total 393216K, used 12500K [0x00000007e2e00000, 0x00000007fae00000, 0x00000007fae00000)
 concurrent-mark-sweep perm gen total 31040K, used 30851K [0x00000007fae00000, 0x00000007fcc50000, 0x0000000800000000)
}
2016-05-08T22:15:24.698+0500: 12649.404: Total time for which application threads were stopped: 0.0834420 seconds
{Heap before GC invocations=35 (full 0):
 par new generation   total 109248K, used 88503K [0x00000007dae00000, 0x00000007e2e00000, 0x00000007e2e00000)
  eden space 87424K, 100% used [0x00000007dae00000, 0x00000007e0360000, 0x00000007e0360000)
  from space 21824K,   4% used [0x00000007e18b0000, 0x00000007e19bddf0, 0x00000007e2e00000)
  to   space 21824K,   0% used [0x00000007e0360000, 0x00000007e0360000, 0x00000007e18b0000)
 concurrent mark-sweep generation total 393216K, used 12500K [0x00000007e2e00000, 0x00000007fae00000, 0x00000007fae00000)
 concurrent-mark-sweep perm gen total 31040K, used 30853K [0x00000007fae00000, 0x00000007fcc50000, 0x0000000800000000)
2016-05-08T22:15:29.599+0500: 12654.306: [GC2016-05-08T22:15:29.620+0500: 12654.326: [ParNew
Desired survivor size 20112992 bytes, new threshold 8 (max 8)
- age   1:     464912 bytes,     464912 total
- age   2:      35896 bytes,     500808 total
- age   3:      44600 bytes,     545408 total
- age   4:     264288 bytes,     809696 total
- age   5:      12552 bytes,     822248 total
- age   6:      14304 bytes,     836552 total
- age   7:      13880 bytes,     850432 total
- age   8:      19400 bytes,     869832 total
: 88503K->998K(109248K), 0.0100640 secs] 101004K->13514K(502464K), 0.0306050 secs] [Times: user=0.01 sys=0.00, real=0.04 secs] 
Heap after GC invocations=36 (full 0):
 par new generation   total 109248K, used 998K [0x00000007dae00000, 0x00000007e2e00000, 0x00000007e2e00000)
  eden space 87424K,   0% used [0x00000007dae00000, 0x00000007dae00000, 0x00000007e0360000)
  from space 21824K,   4% used [0x00000007e0360000, 0x00000007e0459a88, 0x00000007e18b0000)
  to   space 21824K,   0% used [0x00000007e18b0000, 0x00000007e18b0000, 0x00000007e2e00000)
 concurrent mark-sweep generation total 393216K, used 12515K [0x00000007e2e00000, 0x00000007fae00000, 0x00000007fae00000)
 concurrent-mark-sweep perm gen total 31040K, used 30853K [0x00000007fae00000, 0x00000007fcc50000, 0x0000000800000000)
}
2016-05-08T22:15:29.630+0500: 12654.336: Total time for which application threads were stopped: 0.0323150 seconds
2016-05-08T22:15:31.130+0500: 12655.836: Total time for which application threads were stopped: 0.0015550 seconds
{Heap before GC invocations=36 (full 0):
 par new generation   total 109248K, used 88422K [0x00000007dae00000, 0x00000007e2e00000, 0x00000007e2e00000)
  eden space 87424K, 100% used [0x00000007dae00000, 0x00000007e0360000, 0x00000007e0360000)
  from space 21824K,   4% used [0x00000007e0360000, 0x00000007e0459a88, 0x00000007e18b0000)
  to   space 21824K,   0% used [0x00000007e18b0000, 0x00000007e18b0000, 0x00000007e2e00000)
 concurrent mark-sweep generation total 393216K, used 12515K [0x00000007e2e00000, 0x00000007fae00000, 0x00000007fae00000)
 concurrent-mark-sweep perm gen total 31040K, used 30854K [0x00000007fae00000, 0x00000007fcc50000, 0x0000000800000000)
2016-05-08T22:15:31.733+0500: 12656.440: [GC2016-05-08T22:15:31.733+0500: 12656.440: [ParNew
Desired survivor size 20112992 bytes, new threshold 8 (max 8)
- age   1:     469856 bytes,     469856 total
- age   2:      30256 bytes,     500112 total
- age   3:      34408 bytes,     534520 total
- age   4:      35040 bytes,     569560 total
- age   5:     263496 bytes,     833056 total
- age   6:      12480 bytes,     845536 total
- age   7:      14256 bytes,     859792 total
- age   8:      13880 bytes,     873672 total
: 88422K->1046K(109248K), 0.0315980 secs] 100938K->13580K(502464K), 0.0317310 secs] [Times: user=0.01 sys=0.00, real=0.03 secs] 
Heap after GC invocations=37 (full 0):
 par new generation   total 109248K, used 1046K [0x00000007dae00000, 0x00000007e2e00000, 0x00000007e2e00000)
  eden space 87424K,   0% used [0x00000007dae00000, 0x00000007dae00000, 0x00000007e0360000)
  from space 21824K,   4% used [0x00000007e18b0000, 0x00000007e19b5810, 0x00000007e2e00000)
  to   space 21824K,   0% used [0x00000007e0360000, 0x00000007e0360000, 0x00000007e18b0000)
 concurrent mark-sweep generation total 393216K, used 12534K [0x00000007e2e00000, 0x00000007fae00000, 0x00000007fae00000)
 concurrent-mark-sweep perm gen total 31040K, used 30854K [0x00000007fae00000, 0x00000007fcc50000, 0x0000000800000000)
}
2016-05-08T22:15:31.765+0500: 12656.472: Total time for which application threads were stopped: 0.0348410 seconds
2016-05-08T22:15:32.770+0500: 12657.476: Total time for which application threads were stopped: 0.0017120 seconds
{Heap before GC invocations=37 (full 0):
 par new generation   total 109248K, used 88470K [0x00000007dae00000, 0x00000007e2e00000, 0x00000007e2e00000)
  eden space 87424K, 100% used [0x00000007dae00000, 0x00000007e0360000, 0x00000007e0360000)
  from space 21824K,   4% used [0x00000007e18b0000, 0x00000007e19b5810, 0x00000007e2e00000)
  to   space 21824K,   0% used [0x00000007e0360000, 0x00000007e0360000, 0x00000007e18b0000)
 concurrent mark-sweep generation total 393216K, used 12534K [0x00000007e2e00000, 0x00000007fae00000, 0x00000007fae00000)
 concurrent-mark-sweep perm gen total 31040K, used 30855K [0x00000007fae00000, 0x00000007fcc50000, 0x0000000800000000)
2016-05-08T22:15:34.133+0500: 12658.839: [GC2016-05-08T22:15:34.133+0500: 12658.839: [ParNew
Desired survivor size 20112992 bytes, new threshold 8 (max 8)
- age   1:     421200 bytes,     421200 total
- age   2:      32560 bytes,     453760 total
- age   3:      28352 bytes,     482112 total
- age   4:      33520 bytes,     515632 total
- age   5:      34144 bytes,     549776 total
- age   6:     262872 bytes,     812648 total
- age   7:      12480 bytes,     825128 total
- age   8:      14184 bytes,     839312 total
: 88470K->1061K(109248K), 0.0818240 secs] 101004K->13609K(502464K), 0.0820400 secs] [Times: user=0.01 sys=0.00, real=0.08 secs] 
Heap after GC invocations=38 (full 0):
 par new generation   total 109248K, used 1061K [0x00000007dae00000, 0x00000007e2e00000, 0x00000007e2e00000)
  eden space 87424K,   0% used [0x00000007dae00000, 0x00000007dae00000, 0x00000007e0360000)
  from space 21824K,   4% used [0x00000007e0360000, 0x00000007e0469578, 0x00000007e18b0000)
  to   space 21824K,   0% used [0x00000007e18b0000, 0x00000007e18b0000, 0x00000007e2e00000)
 concurrent mark-sweep generation total 393216K, used 12548K [0x00000007e2e00000, 0x00000007fae00000, 0x00000007fae00000)
 concurrent-mark-sweep perm gen total 31040K, used 30855K [0x00000007fae00000, 0x00000007fcc50000, 0x0000000800000000)
}
2016-05-08T22:15:34.216+0500: 12658.922: Total time for which application threads were stopped: 0.0840520 seconds
2016-05-08T22:15:35.219+0500: 12659.925: Total time for which application threads were stopped: 0.0013880 seconds
{Heap before GC invocations=38 (full 0):
 par new generation   total 109248K, used 88485K [0x00000007dae00000, 0x00000007e2e00000, 0x00000007e2e00000)
  eden space 87424K, 100% used [0x00000007dae00000, 0x00000007e0360000, 0x00000007e0360000)
  from space 21824K,   4% used [0x00000007e0360000, 0x00000007e0469578, 0x00000007e18b0000)
  to   space 21824K,   0% used [0x00000007e18b0000, 0x00000007e18b0000, 0x00000007e2e00000)
 concurrent mark-sweep generation total 393216K, used 12548K [0x00000007e2e00000, 0x00000007fae00000, 0x00000007fae00000)
 concurrent-mark-sweep perm gen total 31040K, used 30855K [0x00000007fae00000, 0x00000007fcc50000, 0x0000000800000000)
2016-05-08T22:15:35.342+0500: 12660.048: [GC2016-05-08T22:15:35.342+0500: 12660.048: [ParNew
Desired survivor size 20112992 bytes, new threshold 8 (max 8)
- age   1:     439256 bytes,     439256 total
- age   2:      21848 bytes,     461104 total
- age   3:      31648 bytes,     492752 total
- age   4:      27848 bytes,     520600 total
- age   5:      33040 bytes,     553640 total
- age   6:      33424 bytes,     587064 total
- age   7:     262464 bytes,     849528 total
- age   8:      12456 bytes,     861984 total
: 88485K->1039K(109248K), 0.0818850 secs] 101033K->13601K(502464K), 0.0820180 secs] [Times: user=0.01 sys=0.00, real=0.08 secs] 
Heap after GC invocations=39 (full 0):
 par new generation   total 109248K, used 1039K [0x00000007dae00000, 0x00000007e2e00000, 0x00000007e2e00000)
  eden space 87424K,   0% used [0x00000007dae00000, 0x00000007dae00000, 0x00000007e0360000)
  from space 21824K,   4% used [0x00000007e18b0000, 0x00000007e19b3d00, 0x00000007e2e00000)
  to   space 21824K,   0% used [0x00000007e0360000, 0x00000007e0360000, 0x00000007e18b0000)
 concurrent mark-sweep generation total 393216K, used 12562K [0x00000007e2e00000, 0x00000007fae00000, 0x00000007fae00000)
 concurrent-mark-sweep perm gen total 31040K, used 30855K [0x00000007fae00000, 0x00000007fcc50000, 0x0000000800000000)
}
2016-05-08T22:15:35.424+0500: 12660.131: Total time for which application threads were stopped: 0.0822640 seconds
2016-05-08T22:15:51.501+0500: 12676.208: Total time for which application threads were stopped: 0.0056660 seconds
{Heap before GC invocations=39 (full 0):
 par new generation   total 109248K, used 88463K [0x00000007dae00000, 0x00000007e2e00000, 0x00000007e2e00000)
  eden space 87424K, 100% used [0x00000007dae00000, 0x00000007e0360000, 0x00000007e0360000)
  from space 21824K,   4% used [0x00000007e18b0000, 0x00000007e19b3d00, 0x00000007e2e00000)
  to   space 21824K,   0% used [0x00000007e0360000, 0x00000007e0360000, 0x00000007e18b0000)
 concurrent mark-sweep generation total 393216K, used 12562K [0x00000007e2e00000, 0x00000007fae00000, 0x00000007fae00000)
 concurrent-mark-sweep perm gen total 31040K, used 30856K [0x00000007fae00000, 0x00000007fcc50000, 0x0000000800000000)
2016-05-08T22:15:52.258+0500: 12676.964: [GC2016-05-08T22:15:52.311+0500: 12677.018: [ParNew
Desired survivor size 20112992 bytes, new threshold 8 (max 8)
- age   1:     453496 bytes,     453496 total
- age   2:      19728 bytes,     473224 total
- age   3:      19872 bytes,     493096 total
- age   4:      22736 bytes,     515832 total
- age   5:      27392 bytes,     543224 total
- age   6:      32608 bytes,     575832 total
- age   7:      33088 bytes,     608920 total
- age   8:     262072 bytes,     870992 total
: 88463K->1141K(109248K), 0.0073290 secs] 101025K->13716K(502464K), 0.0606700 secs] [Times: user=0.01 sys=0.00, real=0.06 secs] 
Heap after GC invocations=40 (full 0):
 par new generation   total 109248K, used 1141K [0x00000007dae00000, 0x00000007e2e00000, 0x00000007e2e00000)
  eden space 87424K,   0% used [0x00000007dae00000, 0x00000007dae00000, 0x00000007e0360000)
  from space 21824K,   5% used [0x00000007e0360000, 0x00000007e047d780, 0x00000007e18b0000)
  to   space 21824K,   0% used [0x00000007e18b0000, 0x00000007e18b0000, 0x00000007e2e00000)
 concurrent mark-sweep generation total 393216K, used 12574K [0x00000007e2e00000, 0x00000007fae00000, 0x00000007fae00000)
 concurrent-mark-sweep perm gen total 31040K, used 30856K [0x00000007fae00000, 0x00000007fcc50000, 0x0000000800000000)
}
2016-05-08T22:15:52.319+0500: 12677.025: Total time for which application threads were stopped: 0.0620290 seconds
2016-05-08T22:19:07.901+0500: 12872.608: Total time for which application threads were stopped: 0.0037120 seconds
2016-05-08T22:19:07.902+0500: 12872.608: Total time for which application threads were stopped: 0.0000680 seconds
2016-05-08T22:19:08.236+0500: 12872.942: Total time for which application threads were stopped: 0.0001780 seconds
2016-05-08T22:19:08.932+0500: 12873.639: Total time for which application threads were stopped: 0.0022190 seconds
2016-05-08T22:19:09.325+0500: 12874.031: Total time for which application threads were stopped: 0.0001590 seconds
{Heap before GC invocations=40 (full 0):
 par new generation   total 109248K, used 88565K [0x00000007dae00000, 0x00000007e2e00000, 0x00000007e2e00000)
  eden space 87424K, 100% used [0x00000007dae00000, 0x00000007e0360000, 0x00000007e0360000)
  from space 21824K,   5% used [0x00000007e0360000, 0x00000007e047d780, 0x00000007e18b0000)
  to   space 21824K,   0% used [0x00000007e18b0000, 0x00000007e18b0000, 0x00000007e2e00000)
 concurrent mark-sweep generation total 393216K, used 12574K [0x00000007e2e00000, 0x00000007fae00000, 0x00000007fae00000)
 concurrent-mark-sweep perm gen total 31040K, used 30858K [0x00000007fae00000, 0x00000007fcc50000, 0x0000000800000000)
2016-05-08T22:19:09.769+0500: 12874.475: [GC2016-05-08T22:19:09.789+0500: 12874.495: [ParNew
Desired survivor size 20112992 bytes, new threshold 8 (max 8)
- age   1:    1658784 bytes,    1658784 total
- age   2:     300760 bytes,    1959544 total
- age   3:      19632 bytes,    1979176 total
- age   4:      19728 bytes,    1998904 total
- age   5:      22560 bytes,    2021464 total
- age   6:      27248 bytes,    2048712 total
- age   7:      32560 bytes,    2081272 total
- age   8:      32968 bytes,    2114240 total
: 88565K->2281K(109248K), 0.1248850 secs] 101140K->15113K(502464K), 0.1446830 secs] [Times: user=0.07 sys=0.03, real=0.15 secs] 
Heap after GC invocations=41 (full 0):
 par new generation   total 109248K, used 2281K [0x00000007dae00000, 0x00000007e2e00000, 0x00000007e2e00000)
  eden space 87424K,   0% used [0x00000007dae00000, 0x00000007dae00000, 0x00000007e0360000)
  from space 21824K,  10% used [0x00000007e18b0000, 0x00000007e1aea4f0, 0x00000007e2e00000)
  to   space 21824K,   0% used [0x00000007e0360000, 0x00000007e0360000, 0x00000007e18b0000)
 concurrent mark-sweep generation total 393216K, used 12832K [0x00000007e2e00000, 0x00000007fae00000, 0x00000007fae00000)
 concurrent-mark-sweep perm gen total 31040K, used 30858K [0x00000007fae00000, 0x00000007fcc50000, 0x0000000800000000)
}
2016-05-08T22:19:09.914+0500: 12874.620: Total time for which application threads were stopped: 0.1467370 seconds
2016-05-08T22:19:09.979+0500: 12874.685: Total time for which application threads were stopped: 0.0001970 seconds
2016-05-08T22:19:10.324+0500: 12875.030: Total time for which application threads were stopped: 0.0016850 seconds
2016-05-08T22:19:10.733+0500: 12875.439: Total time for which application threads were stopped: 0.0001420 seconds
{Heap before GC invocations=41 (full 0):
 par new generation   total 109248K, used 89705K [0x00000007dae00000, 0x00000007e2e00000, 0x00000007e2e00000)
  eden space 87424K, 100% used [0x00000007dae00000, 0x00000007e0360000, 0x00000007e0360000)
  from space 21824K,  10% used [0x00000007e18b0000, 0x00000007e1aea4f0, 0x00000007e2e00000)
  to   space 21824K,   0% used [0x00000007e0360000, 0x00000007e0360000, 0x00000007e18b0000)
 concurrent mark-sweep generation total 393216K, used 12832K [0x00000007e2e00000, 0x00000007fae00000, 0x00000007fae00000)
 concurrent-mark-sweep perm gen total 31040K, used 30862K [0x00000007fae00000, 0x00000007fcc50000, 0x0000000800000000)
2016-05-08T22:19:11.027+0500: 12875.734: [GC2016-05-08T22:19:11.027+0500: 12875.734: [ParNew
Desired survivor size 20112992 bytes, new threshold 8 (max 8)
- age   1:    1338944 bytes,    1338944 total
- age   2:     150408 bytes,    1489352 total
- age   3:     300688 bytes,    1790040 total
- age   4:      19560 bytes,    1809600 total
- age   5:      19656 bytes,    1829256 total
- age   6:      22488 bytes,    1851744 total
- age   7:      27104 bytes,    1878848 total
- age   8:      32488 bytes,    1911336 total
: 89705K->2385K(109248K), 0.0424150 secs] 102537K->15249K(502464K), 0.0425290 secs] [Times: user=0.02 sys=0.01, real=0.05 secs] 
Heap after GC invocations=42 (full 0):
 par new generation   total 109248K, used 2385K [0x00000007dae00000, 0x00000007e2e00000, 0x00000007e2e00000)
  eden space 87424K,   0% used [0x00000007dae00000, 0x00000007dae00000, 0x00000007e0360000)
  from space 21824K,  10% used [0x00000007e0360000, 0x00000007e05b45e0, 0x00000007e18b0000)
  to   space 21824K,   0% used [0x00000007e18b0000, 0x00000007e18b0000, 0x00000007e2e00000)
 concurrent mark-sweep generation total 393216K, used 12864K [0x00000007e2e00000, 0x00000007fae00000, 0x00000007fae00000)
 concurrent-mark-sweep perm gen total 31040K, used 30862K [0x00000007fae00000, 0x00000007fcc50000, 0x0000000800000000)
}
2016-05-08T22:19:11.070+0500: 12875.776: Total time for which application threads were stopped: 0.0442030 seconds
2016-05-08T22:19:11.073+0500: 12875.780: Total time for which application threads were stopped: 0.0006740 seconds
2016-05-08T22:19:11.421+0500: 12876.127: Total time for which application threads were stopped: 0.0005580 seconds
2016-05-08T22:19:11.652+0500: 12876.359: Total time for which application threads were stopped: 0.0024130 seconds
2016-05-08T22:19:11.905+0500: 12876.611: Total time for which application threads were stopped: 0.0001700 seconds
{Heap before GC invocations=42 (full 0):
 par new generation   total 109248K, used 89809K [0x00000007dae00000, 0x00000007e2e00000, 0x00000007e2e00000)
  eden space 87424K, 100% used [0x00000007dae00000, 0x00000007e0360000, 0x00000007e0360000)
  from space 21824K,  10% used [0x00000007e0360000, 0x00000007e05b45e0, 0x00000007e18b0000)
  to   space 21824K,   0% used [0x00000007e18b0000, 0x00000007e18b0000, 0x00000007e2e00000)
 concurrent mark-sweep generation total 393216K, used 12864K [0x00000007e2e00000, 0x00000007fae00000, 0x00000007fae00000)
 concurrent-mark-sweep perm gen total 31040K, used 30870K [0x00000007fae00000, 0x00000007fcc50000, 0x0000000800000000)
2016-05-08T22:19:11.945+0500: 12876.651: [GC2016-05-08T22:19:11.945+0500: 12876.651: [ParNew
Desired survivor size 20112992 bytes, new threshold 8 (max 8)
- age   1:    1266512 bytes,    1266512 total
- age   2:      38672 bytes,    1305184 total
- age   3:     132112 bytes,    1437296 total
- age   4:     298312 bytes,    1735608 total
- age   5:      19368 bytes,    1754976 total
- age   6:      19560 bytes,    1774536 total
- age   7:      22392 bytes,    1796928 total
- age   8:      27104 bytes,    1824032 total
: 89809K->2343K(109248K), 0.0493640 secs] 102673K->15239K(502464K), 0.0495040 secs] [Times: user=0.07 sys=0.01, real=0.05 secs] 
Heap after GC invocations=43 (full 0):
 par new generation   total 109248K, used 2343K [0x00000007dae00000, 0x00000007e2e00000, 0x00000007e2e00000)
  eden space 87424K,   0% used [0x00000007dae00000, 0x00000007dae00000, 0x00000007e0360000)
  from space 21824K,  10% used [0x00000007e18b0000, 0x00000007e1af9d90, 0x00000007e2e00000)
  to   space 21824K,   0% used [0x00000007e0360000, 0x00000007e0360000, 0x00000007e18b0000)
 concurrent mark-sweep generation total 393216K, used 12895K [0x00000007e2e00000, 0x00000007fae00000, 0x00000007fae00000)
 concurrent-mark-sweep perm gen total 31040K, used 30870K [0x00000007fae00000, 0x00000007fcc50000, 0x0000000800000000)
}
2016-05-08T22:19:11.994+0500: 12876.701: Total time for which application threads were stopped: 0.0497960 seconds
2016-05-08T22:19:12.302+0500: 12877.008: Total time for which application threads were stopped: 0.0018980 seconds
2016-05-08T22:19:12.544+0500: 12877.251: Total time for which application threads were stopped: 0.0001760 seconds
2016-05-08T22:19:12.860+0500: 12877.567: Total time for which application threads were stopped: 0.0015810 seconds
{Heap before GC invocations=43 (full 0):
 par new generation   total 109248K, used 89756K [0x00000007dae00000, 0x00000007e2e00000, 0x00000007e2e00000)
  eden space 87424K,  99% used [0x00000007dae00000, 0x00000007e035d468, 0x00000007e0360000)
  from space 21824K,  10% used [0x00000007e18b0000, 0x00000007e1af9d90, 0x00000007e2e00000)
  to   space 21824K,   0% used [0x00000007e0360000, 0x00000007e0360000, 0x00000007e18b0000)
 concurrent mark-sweep generation total 393216K, used 12895K [0x00000007e2e00000, 0x00000007fae00000, 0x00000007fae00000)
 concurrent-mark-sweep perm gen total 31040K, used 30873K [0x00000007fae00000, 0x00000007fcc50000, 0x0000000800000000)
2016-05-08T22:19:12.964+0500: 12877.671: [GC2016-05-08T22:19:12.964+0500: 12877.671: [ParNew
Desired survivor size 20112992 bytes, new threshold 8 (max 8)
- age   1:    1432352 bytes,    1432352 total
- age   2:       9592 bytes,    1441944 total
- age   3:      12352 bytes,    1454296 total
- age   4:     132112 bytes,    1586408 total
- age   5:     298240 bytes,    1884648 total
- age   6:      19272 bytes,    1903920 total
- age   7:      19464 bytes,    1923384 total
- age   8:      22320 bytes,    1945704 total
: 89756K->2390K(109248K), 0.0118710 secs] 102652K->15313K(502464K), 0.0119960 secs] [Times: user=0.01 sys=0.00, real=0.01 secs] 
Heap after GC invocations=44 (full 0):
 par new generation   total 109248K, used 2390K [0x00000007dae00000, 0x00000007e2e00000, 0x00000007e2e00000)
  eden space 87424K,   0% used [0x00000007dae00000, 0x00000007dae00000, 0x00000007e0360000)
  from space 21824K,  10% used [0x00000007e0360000, 0x00000007e05b5bb8, 0x00000007e18b0000)
  to   space 21824K,   0% used [0x00000007e18b0000, 0x00000007e18b0000, 0x00000007e2e00000)
 concurrent mark-sweep generation total 393216K, used 12922K [0x00000007e2e00000, 0x00000007fae00000, 0x00000007fae00000)
 concurrent-mark-sweep perm gen total 31040K, used 30873K [0x00000007fae00000, 0x00000007fcc50000, 0x0000000800000000)
}
2016-05-08T22:19:12.976+0500: 12877.683: Total time for which application threads were stopped: 0.0122430 seconds
2016-05-08T22:19:13.317+0500: 12878.023: Total time for which application threads were stopped: 0.0006380 seconds
2016-05-08T22:19:14.164+0500: 12878.871: Total time for which application threads were stopped: 0.0012920 seconds
2016-05-08T22:19:14.777+0500: 12879.484: Total time for which application threads were stopped: 0.0012590 seconds
{Heap before GC invocations=44 (full 0):
 par new generation   total 109248K, used 89814K [0x00000007dae00000, 0x00000007e2e00000, 0x00000007e2e00000)
  eden space 87424K, 100% used [0x00000007dae00000, 0x00000007e0360000, 0x00000007e0360000)
  from space 21824K,  10% used [0x00000007e0360000, 0x00000007e05b5bb8, 0x00000007e18b0000)
  to   space 21824K,   0% used [0x00000007e18b0000, 0x00000007e18b0000, 0x00000007e2e00000)
 concurrent mark-sweep generation total 393216K, used 12922K [0x00000007e2e00000, 0x00000007fae00000, 0x00000007fae00000)
 concurrent-mark-sweep perm gen total 31040K, used 30881K [0x00000007fae00000, 0x00000007fcc50000, 0x0000000800000000)
2016-05-08T22:19:14.894+0500: 12879.600: [GC2016-05-08T22:19:14.894+0500: 12879.600: [ParNew
Desired survivor size 20112992 bytes, new threshold 8 (max 8)
- age   1:    1167024 bytes,    1167024 total
- age   2:      57040 bytes,    1224064 total
- age   3:       7784 bytes,    1231848 total
- age   4:      11528 bytes,    1243376 total
- age   5:     132088 bytes,    1375464 total
- age   6:     298072 bytes,    1673536 total
- age   7:      19176 bytes,    1692712 total
- age   8:      19392 bytes,    1712104 total
: 89814K->2094K(109248K), 0.0186050 secs] 102737K->15038K(502464K), 0.0187070 secs] [Times: user=0.01 sys=0.00, real=0.02 secs] 
Heap after GC invocations=45 (full 0):
 par new generation   total 109248K, used 2094K [0x00000007dae00000, 0x00000007e2e00000, 0x00000007e2e00000)
  eden space 87424K,   0% used [0x00000007dae00000, 0x00000007dae00000, 0x00000007e0360000)
  from space 21824K,   9% used [0x00000007e18b0000, 0x00000007e1abbbb0, 0x00000007e2e00000)
  to   space 21824K,   0% used [0x00000007e0360000, 0x00000007e0360000, 0x00000007e18b0000)
 concurrent mark-sweep generation total 393216K, used 12943K [0x00000007e2e00000, 0x00000007fae00000, 0x00000007fae00000)
 concurrent-mark-sweep perm gen total 31040K, used 30881K [0x00000007fae00000, 0x00000007fcc50000, 0x0000000800000000)
}
2016-05-08T22:19:14.912+0500: 12879.619: Total time for which application threads were stopped: 0.0190290 seconds
2016-05-08T22:19:14.999+0500: 12879.705: Total time for which application threads were stopped: 0.0001620 seconds
2016-05-08T22:19:15.246+0500: 12879.953: Total time for which application threads were stopped: 0.0001870 seconds
2016-05-08T22:19:15.464+0500: 12880.171: Total time for which application threads were stopped: 0.0021460 seconds
{Heap before GC invocations=45 (full 0):
 par new generation   total 109248K, used 89518K [0x00000007dae00000, 0x00000007e2e00000, 0x00000007e2e00000)
  eden space 87424K, 100% used [0x00000007dae00000, 0x00000007e0360000, 0x00000007e0360000)
  from space 21824K,   9% used [0x00000007e18b0000, 0x00000007e1abbbb0, 0x00000007e2e00000)
  to   space 21824K,   0% used [0x00000007e0360000, 0x00000007e0360000, 0x00000007e18b0000)
 concurrent mark-sweep generation total 393216K, used 12943K [0x00000007e2e00000, 0x00000007fae00000, 0x00000007fae00000)
 concurrent-mark-sweep perm gen total 31040K, used 30890K [0x00000007fae00000, 0x00000007fcc50000, 0x0000000800000000)
2016-05-08T22:19:15.591+0500: 12880.297: [GC2016-05-08T22:19:15.591+0500: 12880.297: [ParNew
Desired survivor size 20112992 bytes, new threshold 8 (max 8)
- age   1:    1262952 bytes,    1262952 total
- age   2:      20984 bytes,    1283936 total
- age   3:      53984 bytes,    1337920 total
- age   4:       7184 bytes,    1345104 total
- age   5:      11528 bytes,    1356632 total
- age   6:     132040 bytes,    1488672 total
- age   7:     297952 bytes,    1786624 total
- age   8:      19032 bytes,    1805656 total
: 89518K->2148K(109248K), 0.0203690 secs] 102462K->15111K(502464K), 0.0205030 secs] [Times: user=0.01 sys=0.00, real=0.02 secs] 
Heap after GC invocations=46 (full 0):
 par new generation   total 109248K, used 2148K [0x00000007dae00000, 0x00000007e2e00000, 0x00000007e2e00000)
  eden space 87424K,   0% used [0x00000007dae00000, 0x00000007dae00000, 0x00000007e0360000)
  from space 21824K,   9% used [0x00000007e0360000, 0x00000007e0579328, 0x00000007e18b0000)
  to   space 21824K,   0% used [0x00000007e18b0000, 0x00000007e18b0000, 0x00000007e2e00000)
 concurrent mark-sweep generation total 393216K, used 12962K [0x00000007e2e00000, 0x00000007fae00000, 0x00000007fae00000)
 concurrent-mark-sweep perm gen total 31040K, used 30890K [0x00000007fae00000, 0x00000007fcc50000, 0x0000000800000000)
}
2016-05-08T22:19:15.612+0500: 12880.318: Total time for which application threads were stopped: 0.0207590 seconds
2016-05-08T22:19:15.694+0500: 12880.401: Total time for which application threads were stopped: 0.0004490 seconds
2016-05-08T22:19:15.696+0500: 12880.402: Total time for which application threads were stopped: 0.0002900 seconds
2016-05-08T22:19:15.946+0500: 12880.652: Total time for which application threads were stopped: 0.0107800 seconds
2016-05-08T22:19:16.130+0500: 12880.837: Total time for which application threads were stopped: 0.0014910 seconds
{Heap before GC invocations=46 (full 0):
 par new generation   total 109248K, used 89572K [0x00000007dae00000, 0x00000007e2e00000, 0x00000007e2e00000)
  eden space 87424K, 100% used [0x00000007dae00000, 0x00000007e0360000, 0x00000007e0360000)
  from space 21824K,   9% used [0x00000007e0360000, 0x00000007e0579328, 0x00000007e18b0000)
  to   space 21824K,   0% used [0x00000007e18b0000, 0x00000007e18b0000, 0x00000007e2e00000)
 concurrent mark-sweep generation total 393216K, used 12962K [0x00000007e2e00000, 0x00000007fae00000, 0x00000007fae00000)
 concurrent-mark-sweep perm gen total 31040K, used 30893K [0x00000007fae00000, 0x00000007fcc50000, 0x0000000800000000)
2016-05-08T22:19:16.420+0500: 12881.127: [GC2016-05-08T22:19:16.420+0500: 12881.127: [ParNew
Desired survivor size 20112992 bytes, new threshold 8 (max 8)
- age   1:    1287472 bytes,    1287472 total
- age   2:      24800 bytes,    1312272 total
- age   3:       5736 bytes,    1318008 total
- age   4:      53984 bytes,    1371992 total
- age   5:       4904 bytes,    1376896 total
- age   6:      11328 bytes,    1388224 total
- age   7:     132040 bytes,    1520264 total
- age   8:     297856 bytes,    1818120 total
: 89572K->2036K(109248K), 0.0353830 secs] 102535K->15017K(502464K), 0.0354760 secs] [Times: user=0.03 sys=0.00, real=0.03 secs] 
Heap after GC invocations=47 (full 0):
 par new generation   total 109248K, used 2036K [0x00000007dae00000, 0x00000007e2e00000, 0x00000007e2e00000)
  eden space 87424K,   0% used [0x00000007dae00000, 0x00000007dae00000, 0x00000007e0360000)
  from space 21824K,   9% used [0x00000007e18b0000, 0x00000007e1aad010, 0x00000007e2e00000)
  to   space 21824K,   0% used [0x00000007e0360000, 0x00000007e0360000, 0x00000007e18b0000)
 concurrent mark-sweep generation total 393216K, used 12981K [0x00000007e2e00000, 0x00000007fae00000, 0x00000007fae00000)
 concurrent-mark-sweep perm gen total 31040K, used 30893K [0x00000007fae00000, 0x00000007fcc50000, 0x0000000800000000)
}
2016-05-08T22:19:16.456+0500: 12881.162: Total time for which application threads were stopped: 0.0357210 seconds
2016-05-08T22:19:16.497+0500: 12881.203: Total time for which application threads were stopped: 0.0001530 seconds
2016-05-08T22:19:16.757+0500: 12881.463: Total time for which application threads were stopped: 0.0011690 seconds
2016-05-08T22:19:17.023+0500: 12881.730: Total time for which application threads were stopped: 0.0001540 seconds
{Heap before GC invocations=47 (full 0):
 par new generation   total 109248K, used 89460K [0x00000007dae00000, 0x00000007e2e00000, 0x00000007e2e00000)
  eden space 87424K, 100% used [0x00000007dae00000, 0x00000007e0360000, 0x00000007e0360000)
  from space 21824K,   9% used [0x00000007e18b0000, 0x00000007e1aad010, 0x00000007e2e00000)
  to   space 21824K,   0% used [0x00000007e0360000, 0x00000007e0360000, 0x00000007e18b0000)
 concurrent mark-sweep generation total 393216K, used 12981K [0x00000007e2e00000, 0x00000007fae00000, 0x00000007fae00000)
 concurrent-mark-sweep perm gen total 31040K, used 30898K [0x00000007fae00000, 0x00000007fcc50000, 0x0000000800000000)
2016-05-08T22:19:17.231+0500: 12881.937: [GC2016-05-08T22:19:17.231+0500: 12881.937: [ParNew
Desired survivor size 20112992 bytes, new threshold 8 (max 8)
- age   1:    1643192 bytes,    1643192 total
- age   2:      13216 bytes,    1656408 total
- age   3:       6832 bytes,    1663240 total
- age   4:       5736 bytes,    1668976 total
- age   5:      53984 bytes,    1722960 total
- age   6:       4904 bytes,    1727864 total
- age   7:      11328 bytes,    1739192 total
- age   8:     131888 bytes,    1871080 total
: 89460K->2654K(109248K), 0.0592180 secs] 102441K->15926K(502464K), 0.0593430 secs] [Times: user=0.03 sys=0.01, real=0.06 secs] 
Heap after GC invocations=48 (full 0):
 par new generation   total 109248K, used 2654K [0x00000007dae00000, 0x00000007e2e00000, 0x00000007e2e00000)
  eden space 87424K,   0% used [0x00000007dae00000, 0x00000007dae00000, 0x00000007e0360000)
  from space 21824K,  12% used [0x00000007e0360000, 0x00000007e05f79b0, 0x00000007e18b0000)
  to   space 21824K,   0% used [0x00000007e18b0000, 0x00000007e18b0000, 0x00000007e2e00000)
 concurrent mark-sweep generation total 393216K, used 13272K [0x00000007e2e00000, 0x00000007fae00000, 0x00000007fae00000)
 concurrent-mark-sweep perm gen total 31040K, used 30898K [0x00000007fae00000, 0x00000007fcc50000, 0x0000000800000000)
}
2016-05-08T22:19:17.290+0500: 12881.997: Total time for which application threads were stopped: 0.0595810 seconds
2016-05-08T22:19:17.296+0500: 12882.002: Total time for which application threads were stopped: 0.0012460 seconds
2016-05-08T22:19:18.289+0500: 12882.995: Total time for which application threads were stopped: 0.0014960 seconds
2016-05-08T22:19:19.026+0500: 12883.732: Total time for which application threads were stopped: 0.0135500 seconds
2016-05-08T22:19:20.001+0500: 12884.707: Total time for which application threads were stopped: 0.0013330 seconds
{Heap before GC invocations=48 (full 0):
 par new generation   total 109248K, used 90066K [0x00000007dae00000, 0x00000007e2e00000, 0x00000007e2e00000)
  eden space 87424K,  99% used [0x00000007dae00000, 0x00000007e035cf58, 0x00000007e0360000)
  from space 21824K,  12% used [0x00000007e0360000, 0x00000007e05f79b0, 0x00000007e18b0000)
  to   space 21824K,   0% used [0x00000007e18b0000, 0x00000007e18b0000, 0x00000007e2e00000)
 concurrent mark-sweep generation total 393216K, used 13272K [0x00000007e2e00000, 0x00000007fae00000, 0x00000007fae00000)
 concurrent-mark-sweep perm gen total 31040K, used 30908K [0x00000007fae00000, 0x00000007fcc50000, 0x0000000800000000)
2016-05-08T22:19:20.024+0500: 12884.730: [GC2016-05-08T22:19:20.046+0500: 12884.752: [ParNew
Desired survivor size 20112992 bytes, new threshold 8 (max 8)
- age   1:    1736256 bytes,    1736256 total
- age   2:      13744 bytes,    1750000 total
- age   3:      10168 bytes,    1760168 total
- age   4:       6216 bytes,    1766384 total
- age   5:       5736 bytes,    1772120 total
- age   6:      53984 bytes,    1826104 total
- age   7:       4904 bytes,    1831008 total
- age   8:      11328 bytes,    1842336 total
: 90066K->2157K(109248K), 0.1130820 secs] 103338K->15558K(502464K), 0.1346310 secs] [Times: user=0.10 sys=0.01, real=0.13 secs] 
Heap after GC invocations=49 (full 0):
 par new generation   total 109248K, used 2157K [0x00000007dae00000, 0x00000007e2e00000, 0x00000007e2e00000)
  eden space 87424K,   0% used [0x00000007dae00000, 0x00000007dae00000, 0x00000007e0360000)
  from space 21824K,   9% used [0x00000007e18b0000, 0x00000007e1acb688, 0x00000007e2e00000)
  to   space 21824K,   0% used [0x00000007e0360000, 0x00000007e0360000, 0x00000007e18b0000)
 concurrent mark-sweep generation total 393216K, used 13401K [0x00000007e2e00000, 0x00000007fae00000, 0x00000007fae00000)
 concurrent-mark-sweep perm gen total 31040K, used 30908K [0x00000007fae00000, 0x00000007fcc50000, 0x0000000800000000)
}
2016-05-08T22:19:20.159+0500: 12884.865: Total time for which application threads were stopped: 0.1348960 seconds
2016-05-08T22:19:20.823+0500: 12885.529: Total time for which application threads were stopped: 0.0014930 seconds
2016-05-08T22:19:21.730+0500: 12886.437: Total time for which application threads were stopped: 0.0014390 seconds
2016-05-08T22:19:22.253+0500: 12886.959: Total time for which application threads were stopped: 0.0011820 seconds
{Heap before GC invocations=49 (full 0):
 par new generation   total 109248K, used 89581K [0x00000007dae00000, 0x00000007e2e00000, 0x00000007e2e00000)
  eden space 87424K, 100% used [0x00000007dae00000, 0x00000007e0360000, 0x00000007e0360000)
  from space 21824K,   9% used [0x00000007e18b0000, 0x00000007e1acb688, 0x00000007e2e00000)
  to   space 21824K,   0% used [0x00000007e0360000, 0x00000007e0360000, 0x00000007e18b0000)
 concurrent mark-sweep generation total 393216K, used 13401K [0x00000007e2e00000, 0x00000007fae00000, 0x00000007fae00000)
 concurrent-mark-sweep perm gen total 31040K, used 30913K [0x00000007fae00000, 0x00000007fcc50000, 0x0000000800000000)
2016-05-08T22:19:22.331+0500: 12887.037: [GC2016-05-08T22:19:22.331+0500: 12887.038: [ParNew
Desired survivor size 20112992 bytes, new threshold 8 (max 8)
- age   1:    1601632 bytes,    1601632 total
- age   2:      11512 bytes,    1613144 total
- age   3:      11240 bytes,    1624384 total
- age   4:       8856 bytes,    1633240 total
- age   5:       5584 bytes,    1638824 total
- age   6:       5736 bytes,    1644560 total
- age   7:      53984 bytes,    1698544 total
- age   8:       4904 bytes,    1703448 total
: 89581K->2000K(109248K), 0.0635700 secs] 102982K->15413K(502464K), 0.0636870 secs] [Times: user=0.05 sys=0.00, real=0.06 secs] 
Heap after GC invocations=50 (full 0):
 par new generation   total 109248K, used 2000K [0x00000007dae00000, 0x00000007e2e00000, 0x00000007e2e00000)
  eden space 87424K,   0% used [0x00000007dae00000, 0x00000007dae00000, 0x00000007e0360000)
  from space 21824K,   9% used [0x00000007e0360000, 0x00000007e05543e0, 0x00000007e18b0000)
  to   space 21824K,   0% used [0x00000007e18b0000, 0x00000007e18b0000, 0x00000007e2e00000)
 concurrent mark-sweep generation total 393216K, used 13412K [0x00000007e2e00000, 0x00000007fae00000, 0x00000007fae00000)
 concurrent-mark-sweep perm gen total 31040K, used 30913K [0x00000007fae00000, 0x00000007fcc50000, 0x0000000800000000)
}
2016-05-08T22:19:22.395+0500: 12887.101: Total time for which application threads were stopped: 0.0752720 seconds
2016-05-08T22:19:22.760+0500: 12887.466: Total time for which application threads were stopped: 0.0117420 seconds
2016-05-08T22:19:22.983+0500: 12887.689: Total time for which application threads were stopped: 0.0001620 seconds
2016-05-08T22:19:23.178+0500: 12887.884: Total time for which application threads were stopped: 0.0001630 seconds
{Heap before GC invocations=50 (full 0):
 par new generation   total 109248K, used 89424K [0x00000007dae00000, 0x00000007e2e00000, 0x00000007e2e00000)
  eden space 87424K, 100% used [0x00000007dae00000, 0x00000007e0360000, 0x00000007e0360000)
  from space 21824K,   9% used [0x00000007e0360000, 0x00000007e05543e0, 0x00000007e18b0000)
  to   space 21824K,   0% used [0x00000007e18b0000, 0x00000007e18b0000, 0x00000007e2e00000)
 concurrent mark-sweep generation total 393216K, used 13412K [0x00000007e2e00000, 0x00000007fae00000, 0x00000007fae00000)
 concurrent-mark-sweep perm gen total 31040K, used 30920K [0x00000007fae00000, 0x00000007fcc50000, 0x0000000800000000)
2016-05-08T22:19:23.206+0500: 12887.912: [GC2016-05-08T22:19:23.206+0500: 12887.913: [ParNew
Desired survivor size 20112992 bytes, new threshold 8 (max 8)
- age   1:    1730560 bytes,    1730560 total
- age   2:      44008 bytes,    1774568 total
- age   3:       9032 bytes,    1783600 total
- age   4:      10616 bytes,    1794216 total
- age   5:       6576 bytes,    1800792 total
- age   6:       5584 bytes,    1806376 total
- age   7:       5736 bytes,    1812112 total
- age   8:      53984 bytes,    1866096 total
: 89424K->2172K(109248K), 0.0808360 secs] 102837K->15589K(502464K), 0.0809480 secs] [Times: user=0.08 sys=0.00, real=0.08 secs] 
Heap after GC invocations=51 (full 0):
 par new generation   total 109248K, used 2172K [0x00000007dae00000, 0x00000007e2e00000, 0x00000007e2e00000)
  eden space 87424K,   0% used [0x00000007dae00000, 0x00000007dae00000, 0x00000007e0360000)
  from space 21824K,   9% used [0x00000007e18b0000, 0x00000007e1acf190, 0x00000007e2e00000)
  to   space 21824K,   0% used [0x00000007e0360000, 0x00000007e0360000, 0x00000007e18b0000)
 concurrent mark-sweep generation total 393216K, used 13417K [0x00000007e2e00000, 0x00000007fae00000, 0x00000007fae00000)
 concurrent-mark-sweep perm gen total 31040K, used 30920K [0x00000007fae00000, 0x00000007fcc50000, 0x0000000800000000)
}
2016-05-08T22:19:23.287+0500: 12887.993: Total time for which application threads were stopped: 0.0814280 seconds
2016-05-08T22:19:23.591+0500: 12888.297: Total time for which application threads were stopped: 0.0012640 seconds
2016-05-08T22:19:24.081+0500: 12888.787: Total time for which application threads were stopped: 0.0111520 seconds
2016-05-08T22:19:24.407+0500: 12889.113: Total time for which application threads were stopped: 0.0010790 seconds
{Heap before GC invocations=51 (full 0):
 par new generation   total 109248K, used 89596K [0x00000007dae00000, 0x00000007e2e00000, 0x00000007e2e00000)
  eden space 87424K, 100% used [0x00000007dae00000, 0x00000007e0360000, 0x00000007e0360000)
  from space 21824K,   9% used [0x00000007e18b0000, 0x00000007e1acf190, 0x00000007e2e00000)
  to   space 21824K,   0% used [0x00000007e0360000, 0x00000007e0360000, 0x00000007e18b0000)
 concurrent mark-sweep generation total 393216K, used 13417K [0x00000007e2e00000, 0x00000007fae00000, 0x00000007fae00000)
 concurrent-mark-sweep perm gen total 31040K, used 30928K [0x00000007fae00000, 0x00000007fcc50000, 0x0000000800000000)
2016-05-08T22:19:24.455+0500: 12889.161: [GC2016-05-08T22:19:24.455+0500: 12889.161: [ParNew
Desired survivor size 20112992 bytes, new threshold 8 (max 8)
- age   1:    1467800 bytes,    1467800 total
- age   2:      16952 bytes,    1484752 total
- age   3:      11840 bytes,    1496592 total
- age   4:       9032 bytes,    1505624 total
- age   5:      10616 bytes,    1516240 total
- age   6:       6576 bytes,    1522816 total
- age   7:       5584 bytes,    1528400 total
- age   8:       5736 bytes,    1534136 total
: 89596K->1858K(109248K), 0.0783050 secs] 103013K->15328K(502464K), 0.0784060 secs] [Times: user=0.09 sys=0.00, real=0.08 secs] 
Heap after GC invocations=52 (full 0):
 par new generation   total 109248K, used 1858K [0x00000007dae00000, 0x00000007e2e00000, 0x00000007e2e00000)
  eden space 87424K,   0% used [0x00000007dae00000, 0x00000007dae00000, 0x00000007e0360000)
  from space 21824K,   8% used [0x00000007e0360000, 0x00000007e0530bd0, 0x00000007e18b0000)
  to   space 21824K,   0% used [0x00000007e18b0000, 0x00000007e18b0000, 0x00000007e2e00000)
 concurrent mark-sweep generation total 393216K, used 13469K [0x00000007e2e00000, 0x00000007fae00000, 0x00000007fae00000)
 concurrent-mark-sweep perm gen total 31040K, used 30928K [0x00000007fae00000, 0x00000007fcc50000, 0x0000000800000000)
}
2016-05-08T22:19:24.533+0500: 12889.240: Total time for which application threads were stopped: 0.0786530 seconds
2016-05-08T22:19:24.691+0500: 12889.397: Total time for which application threads were stopped: 0.0002960 seconds
2016-05-08T22:19:24.982+0500: 12889.688: Total time for which application threads were stopped: 0.0011870 seconds
2016-05-08T22:19:24.982+0500: 12889.689: Total time for which application threads were stopped: 0.0002220 seconds
{Heap before GC invocations=52 (full 0):
 par new generation   total 109248K, used 89282K [0x00000007dae00000, 0x00000007e2e00000, 0x00000007e2e00000)
  eden space 87424K, 100% used [0x00000007dae00000, 0x00000007e0360000, 0x00000007e0360000)
  from space 21824K,   8% used [0x00000007e0360000, 0x00000007e0530bd0, 0x00000007e18b0000)
  to   space 21824K,   0% used [0x00000007e18b0000, 0x00000007e18b0000, 0x00000007e2e00000)
 concurrent mark-sweep generation total 393216K, used 13469K [0x00000007e2e00000, 0x00000007fae00000, 0x00000007fae00000)
 concurrent-mark-sweep perm gen total 31040K, used 30932K [0x00000007fae00000, 0x00000007fcc50000, 0x0000000800000000)
2016-05-08T22:19:25.332+0500: 12890.038: [GC2016-05-08T22:19:25.332+0500: 12890.038: [ParNew
Desired survivor size 20112992 bytes, new threshold 8 (max 8)
- age   1:    1772360 bytes,    1772360 total
- age   2:       6800 bytes,    1779160 total
- age   3:      10808 bytes,    1789968 total
- age   4:      10816 bytes,    1800784 total
- age   5:       9032 bytes,    1809816 total
- age   6:      10616 bytes,    1820432 total
- age   7:       6576 bytes,    1827008 total
- age   8:       5584 bytes,    1832592 total
: 89282K->2075K(109248K), 0.0673170 secs] 102752K->15551K(502464K), 0.0674480 secs] [Times: user=0.05 sys=0.01, real=0.07 secs] 
Heap after GC invocations=53 (full 0):
 par new generation   total 109248K, used 2075K [0x00000007dae00000, 0x00000007e2e00000, 0x00000007e2e00000)
  eden space 87424K,   0% used [0x00000007dae00000, 0x00000007dae00000, 0x00000007e0360000)
  from space 21824K,   9% used [0x00000007e18b0000, 0x00000007e1ab6ef0, 0x00000007e2e00000)
  to   space 21824K,   0% used [0x00000007e0360000, 0x00000007e0360000, 0x00000007e18b0000)
 concurrent mark-sweep generation total 393216K, used 13475K [0x00000007e2e00000, 0x00000007fae00000, 0x00000007fae00000)
 concurrent-mark-sweep perm gen total 31040K, used 30932K [0x00000007fae00000, 0x00000007fcc50000, 0x0000000800000000)
}
2016-05-08T22:19:25.400+0500: 12890.106: Total time for which application threads were stopped: 0.0677240 seconds
{Heap before GC invocations=53 (full 0):
 par new generation   total 109248K, used 89499K [0x00000007dae00000, 0x00000007e2e00000, 0x00000007e2e00000)
  eden space 87424K, 100% used [0x00000007dae00000, 0x00000007e0360000, 0x00000007e0360000)
  from space 21824K,   9% used [0x00000007e18b0000, 0x00000007e1ab6ef0, 0x00000007e2e00000)
  to   space 21824K,   0% used [0x00000007e0360000, 0x00000007e0360000, 0x00000007e18b0000)
 concurrent mark-sweep generation total 393216K, used 13475K [0x00000007e2e00000, 0x00000007fae00000, 0x00000007fae00000)
 concurrent-mark-sweep perm gen total 31040K, used 30933K [0x00000007fae00000, 0x00000007fcc50000, 0x0000000800000000)
2016-05-08T22:19:26.285+0500: 12890.992: [GC2016-05-08T22:19:26.285+0500: 12890.992: [ParNew
Desired survivor size 20112992 bytes, new threshold 8 (max 8)
- age   1:    1802448 bytes,    1802448 total
- age   2:       8472 bytes,    1810920 total
- age   3:       5592 bytes,    1816512 total
- age   4:      10808 bytes,    1827320 total
- age   5:      10816 bytes,    1838136 total
- age   6:       8432 bytes,    1846568 total
- age   7:      10616 bytes,    1857184 total
- age   8:       6576 bytes,    1863760 total
: 89499K->2240K(109248K), 0.0290960 secs] 102975K->15721K(502464K), 0.0292260 secs] [Times: user=0.04 sys=0.00, real=0.03 secs] 
Heap after GC invocations=54 (full 0):
 par new generation   total 109248K, used 2240K [0x00000007dae00000, 0x00000007e2e00000, 0x00000007e2e00000)
  eden space 87424K,   0% used [0x00000007dae00000, 0x00000007dae00000, 0x00000007e0360000)
  from space 21824K,  10% used [0x00000007e0360000, 0x00000007e05903e0, 0x00000007e18b0000)
  to   space 21824K,   0% used [0x00000007e18b0000, 0x00000007e18b0000, 0x00000007e2e00000)
 concurrent mark-sweep generation total 393216K, used 13480K [0x00000007e2e00000, 0x00000007fae00000, 0x00000007fae00000)
 concurrent-mark-sweep perm gen total 31040K, used 30933K [0x00000007fae00000, 0x00000007fcc50000, 0x0000000800000000)
}
2016-05-08T22:19:26.315+0500: 12891.021: Total time for which application threads were stopped: 0.0306900 seconds
{Heap before GC invocations=54 (full 0):
 par new generation   total 109248K, used 89664K [0x00000007dae00000, 0x00000007e2e00000, 0x00000007e2e00000)
  eden space 87424K, 100% used [0x00000007dae00000, 0x00000007e0360000, 0x00000007e0360000)
  from space 21824K,  10% used [0x00000007e0360000, 0x00000007e05903e0, 0x00000007e18b0000)
  to   space 21824K,   0% used [0x00000007e18b0000, 0x00000007e18b0000, 0x00000007e2e00000)
 concurrent mark-sweep generation total 393216K, used 13480K [0x00000007e2e00000, 0x00000007fae00000, 0x00000007fae00000)
 concurrent-mark-sweep perm gen total 31040K, used 30943K [0x00000007fae00000, 0x00000007fcc50000, 0x0000000800000000)
2016-05-08T22:19:27.193+0500: 12891.900: [GC2016-05-08T22:19:27.193+0500: 12891.900: [ParNew
Desired survivor size 20112992 bytes, new threshold 8 (max 8)
- age   1:    1265656 bytes,    1265656 total
- age   2:      15888 bytes,    1281544 total
- age   3:       6576 bytes,    1288120 total
- age   4:       4992 bytes,    1293112 total
- age   5:       8528 bytes,    1301640 total
- age   6:      10816 bytes,    1312456 total
- age   7:       8432 bytes,    1320888 total
- age   8:      10616 bytes,    1331504 total
: 89664K->1818K(109248K), 0.0778670 secs] 103145K->15305K(502464K), 0.0779820 secs] [Times: user=0.07 sys=0.01, real=0.08 secs] 
Heap after GC invocations=55 (full 0):
 par new generation   total 109248K, used 1818K [0x00000007dae00000, 0x00000007e2e00000, 0x00000007e2e00000)
  eden space 87424K,   0% used [0x00000007dae00000, 0x00000007dae00000, 0x00000007e0360000)
  from space 21824K,   8% used [0x00000007e18b0000, 0x00000007e1a76aa8, 0x00000007e2e00000)
  to   space 21824K,   0% used [0x00000007e0360000, 0x00000007e0360000, 0x00000007e18b0000)
 concurrent mark-sweep generation total 393216K, used 13487K [0x00000007e2e00000, 0x00000007fae00000, 0x00000007fae00000)
 concurrent-mark-sweep perm gen total 31040K, used 30943K [0x00000007fae00000, 0x00000007fcc50000, 0x0000000800000000)
}
2016-05-08T22:19:27.271+0500: 12891.978: Total time for which application threads were stopped: 0.0793680 seconds
{Heap before GC invocations=55 (full 0):
 par new generation   total 109248K, used 89242K [0x00000007dae00000, 0x00000007e2e00000, 0x00000007e2e00000)
  eden space 87424K, 100% used [0x00000007dae00000, 0x00000007e0360000, 0x00000007e0360000)
  from space 21824K,   8% used [0x00000007e18b0000, 0x00000007e1a76aa8, 0x00000007e2e00000)
  to   space 21824K,   0% used [0x00000007e0360000, 0x00000007e0360000, 0x00000007e18b0000)
 concurrent mark-sweep generation total 393216K, used 13487K [0x00000007e2e00000, 0x00000007fae00000, 0x00000007fae00000)
 concurrent-mark-sweep perm gen total 31040K, used 30949K [0x00000007fae00000, 0x00000007fcc50000, 0x0000000800000000)
2016-05-08T22:19:28.036+0500: 12892.742: [GC2016-05-08T22:19:28.036+0500: 12892.742: [ParNew
Desired survivor size 20112992 bytes, new threshold 8 (max 8)
- age   1:    1686744 bytes,    1686744 total
- age   2:      68288 bytes,    1755032 total
- age   3:       6848 bytes,    1761880 total
- age   4:       5920 bytes,    1767800 total
- age   5:       4992 bytes,    1772792 total
- age   6:       8528 bytes,    1781320 total
- age   7:      10216 bytes,    1791536 total
- age   8:       8432 bytes,    1799968 total
: 89242K->2047K(109248K), 0.0088720 secs] 102729K->15544K(502464K), 0.0090190 secs] [Times: user=0.01 sys=0.00, real=0.01 secs] 
Heap after GC invocations=56 (full 0):
 par new generation   total 109248K, used 2047K [0x00000007dae00000, 0x00000007e2e00000, 0x00000007e2e00000)
  eden space 87424K,   0% used [0x00000007dae00000, 0x00000007dae00000, 0x00000007e0360000)
  from space 21824K,   9% used [0x00000007e0360000, 0x00000007e055fc50, 0x00000007e18b0000)
  to   space 21824K,   0% used [0x00000007e18b0000, 0x00000007e18b0000, 0x00000007e2e00000)
 concurrent mark-sweep generation total 393216K, used 13497K [0x00000007e2e00000, 0x00000007fae00000, 0x00000007fae00000)
 concurrent-mark-sweep perm gen total 31040K, used 30949K [0x00000007fae00000, 0x00000007fcc50000, 0x0000000800000000)
}
2016-05-08T22:19:28.045+0500: 12892.751: Total time for which application threads were stopped: 0.0102870 seconds
2016-05-08T22:19:29.060+0500: 12893.767: Total time for which application threads were stopped: 0.0124000 seconds
{Heap before GC invocations=56 (full 0):
 par new generation   total 109248K, used 89471K [0x00000007dae00000, 0x00000007e2e00000, 0x00000007e2e00000)
  eden space 87424K, 100% used [0x00000007dae00000, 0x00000007e0360000, 0x00000007e0360000)
  from space 21824K,   9% used [0x00000007e0360000, 0x00000007e055fc50, 0x00000007e18b0000)
  to   space 21824K,   0% used [0x00000007e18b0000, 0x00000007e18b0000, 0x00000007e2e00000)
 concurrent mark-sweep generation total 393216K, used 13497K [0x00000007e2e00000, 0x00000007fae00000, 0x00000007fae00000)
 concurrent-mark-sweep perm gen total 31040K, used 30956K [0x00000007fae00000, 0x00000007fcc50000, 0x0000000800000000)
2016-05-08T22:19:29.235+0500: 12893.941: [GC2016-05-08T22:19:29.235+0500: 12893.941: [ParNew
Desired survivor size 20112992 bytes, new threshold 8 (max 8)
- age   1:    1452472 bytes,    1452472 total
- age   2:       7784 bytes,    1460256 total
- age   3:      58536 bytes,    1518792 total
- age   4:       6848 bytes,    1525640 total
- age   5:       5296 bytes,    1530936 total
- age   6:       4992 bytes,    1535928 total
- age   7:       8528 bytes,    1544456 total
- age   8:      10216 bytes,    1554672 total
: 89471K->2188K(109248K), 0.0795320 secs] 102968K->15694K(502464K), 0.0796960 secs] [Times: user=0.08 sys=0.01, real=0.08 secs] 
Heap after GC invocations=57 (full 0):
 par new generation   total 109248K, used 2188K [0x00000007dae00000, 0x00000007e2e00000, 0x00000007e2e00000)
  eden space 87424K,   0% used [0x00000007dae00000, 0x00000007dae00000, 0x00000007e0360000)
  from space 21824K,  10% used [0x00000007e18b0000, 0x00000007e1ad31b0, 0x00000007e2e00000)
  to   space 21824K,   0% used [0x00000007e0360000, 0x00000007e0360000, 0x00000007e18b0000)
 concurrent mark-sweep generation total 393216K, used 13505K [0x00000007e2e00000, 0x00000007fae00000, 0x00000007fae00000)
 concurrent-mark-sweep perm gen total 31040K, used 30956K [0x00000007fae00000, 0x00000007fcc50000, 0x0000000800000000)
}
2016-05-08T22:19:29.315+0500: 12894.021: Total time for which application threads were stopped: 0.0805730 seconds
2016-05-08T22:19:30.317+0500: 12895.024: Total time for which application threads were stopped: 0.0009360 seconds
{Heap before GC invocations=57 (full 0):
 par new generation   total 109248K, used 89612K [0x00000007dae00000, 0x00000007e2e00000, 0x00000007e2e00000)
  eden space 87424K, 100% used [0x00000007dae00000, 0x00000007e0360000, 0x00000007e0360000)
  from space 21824K,  10% used [0x00000007e18b0000, 0x00000007e1ad31b0, 0x00000007e2e00000)
  to   space 21824K,   0% used [0x00000007e0360000, 0x00000007e0360000, 0x00000007e18b0000)
 concurrent mark-sweep generation total 393216K, used 13505K [0x00000007e2e00000, 0x00000007fae00000, 0x00000007fae00000)
 concurrent-mark-sweep perm gen total 31040K, used 30962K [0x00000007fae00000, 0x00000007fcc50000, 0x0000000800000000)
2016-05-08T22:19:30.331+0500: 12895.037: [GC2016-05-08T22:19:30.331+0500: 12895.037: [ParNew
Desired survivor size 20112992 bytes, new threshold 8 (max 8)
- age   1:    1505152 bytes,    1505152 total
- age   2:      48536 bytes,    1553688 total
- age   3:       5976 bytes,    1559664 total
- age   4:      57912 bytes,    1617576 total
- age   5:       6848 bytes,    1624424 total
- age   6:       5296 bytes,    1629720 total
- age   7:       4992 bytes,    1634712 total
- age   8:       8528 bytes,    1643240 total
: 89612K->1914K(109248K), 0.0487040 secs] 103118K->15430K(502464K), 0.0488440 secs] [Times: user=0.03 sys=0.01, real=0.04 secs] 
Heap after GC invocations=58 (full 0):
 par new generation   total 109248K, used 1914K [0x00000007dae00000, 0x00000007e2e00000, 0x00000007e2e00000)
  eden space 87424K,   0% used [0x00000007dae00000, 0x00000007dae00000, 0x00000007e0360000)
  from space 21824K,   8% used [0x00000007e0360000, 0x00000007e053eb50, 0x00000007e18b0000)
  to   space 21824K,   0% used [0x00000007e18b0000, 0x00000007e18b0000, 0x00000007e2e00000)
 concurrent mark-sweep generation total 393216K, used 13515K [0x00000007e2e00000, 0x00000007fae00000, 0x00000007fae00000)
 concurrent-mark-sweep perm gen total 31040K, used 30962K [0x00000007fae00000, 0x00000007fcc50000, 0x0000000800000000)
}
2016-05-08T22:19:30.380+0500: 12895.086: Total time for which application threads were stopped: 0.0490920 seconds
{Heap before GC invocations=58 (full 0):
 par new generation   total 109248K, used 89338K [0x00000007dae00000, 0x00000007e2e00000, 0x00000007e2e00000)
  eden space 87424K, 100% used [0x00000007dae00000, 0x00000007e0360000, 0x00000007e0360000)
  from space 21824K,   8% used [0x00000007e0360000, 0x00000007e053eb50, 0x00000007e18b0000)
  to   space 21824K,   0% used [0x00000007e18b0000, 0x00000007e18b0000, 0x00000007e2e00000)
 concurrent mark-sweep generation total 393216K, used 13515K [0x00000007e2e00000, 0x00000007fae00000, 0x00000007fae00000)
 concurrent-mark-sweep perm gen total 31040K, used 30968K [0x00000007fae00000, 0x00000007fcc50000, 0x0000000800000000)
2016-05-08T22:19:30.981+0500: 12895.688: [GC2016-05-08T22:19:30.981+0500: 12895.688: [ParNew
Desired survivor size 20112992 bytes, new threshold 8 (max 8)
- age   1:    1563536 bytes,    1563536 total
- age   2:      17808 bytes,    1581344 total
- age   3:      38744 bytes,    1620088 total
- age   4:       5976 bytes,    1626064 total
- age   5:      57912 bytes,    1683976 total
- age   6:       6848 bytes,    1690824 total
- age   7:       5296 bytes,    1696120 total
- age   8:       4992 bytes,    1701112 total
: 89338K->1959K(109248K), 0.0106000 secs] 102854K->15483K(502464K), 0.0107120 secs] [Times: user=0.02 sys=0.01, real=0.01 secs] 
Heap after GC invocations=59 (full 0):
 par new generation   total 109248K, used 1959K [0x00000007dae00000, 0x00000007e2e00000, 0x00000007e2e00000)
  eden space 87424K,   0% used [0x00000007dae00000, 0x00000007dae00000, 0x00000007e0360000)
  from space 21824K,   8% used [0x00000007e18b0000, 0x00000007e1a99e58, 0x00000007e2e00000)
  to   space 21824K,   0% used [0x00000007e0360000, 0x00000007e0360000, 0x00000007e18b0000)
 concurrent mark-sweep generation total 393216K, used 13524K [0x00000007e2e00000, 0x00000007fae00000, 0x00000007fae00000)
 concurrent-mark-sweep perm gen total 31040K, used 30968K [0x00000007fae00000, 0x00000007fcc50000, 0x0000000800000000)
}
2016-05-08T22:19:30.992+0500: 12895.698: Total time for which application threads were stopped: 0.0122880 seconds
{Heap before GC invocations=59 (full 0):
 par new generation   total 109248K, used 89383K [0x00000007dae00000, 0x00000007e2e00000, 0x00000007e2e00000)
  eden space 87424K, 100% used [0x00000007dae00000, 0x00000007e0360000, 0x00000007e0360000)
  from space 21824K,   8% used [0x00000007e18b0000, 0x00000007e1a99e58, 0x00000007e2e00000)
  to   space 21824K,   0% used [0x00000007e0360000, 0x00000007e0360000, 0x00000007e18b0000)
 concurrent mark-sweep generation total 393216K, used 13524K [0x00000007e2e00000, 0x00000007fae00000, 0x00000007fae00000)
 concurrent-mark-sweep perm gen total 31040K, used 30973K [0x00000007fae00000, 0x00000007fcc50000, 0x0000000800000000)
2016-05-08T22:19:31.612+0500: 12896.318: [GC2016-05-08T22:19:31.612+0500: 12896.318: [ParNew
Desired survivor size 20112992 bytes, new threshold 8 (max 8)
- age   1:    1710704 bytes,    1710704 total
- age   2:       7352 bytes,    1718056 total
- age   3:       8408 bytes,    1726464 total
- age   4:      38744 bytes,    1765208 total
- age   5:       5976 bytes,    1771184 total
- age   6:      55632 bytes,    1826816 total
- age   7:       6848 bytes,    1833664 total
- age   8:       5296 bytes,    1838960 total
: 89383K->2266K(109248K), 0.0127140 secs] 102907K->15795K(502464K), 0.0128300 secs] [Times: user=0.02 sys=0.01, real=0.01 secs] 
Heap after GC invocations=60 (full 0):
 par new generation   total 109248K, used 2266K [0x00000007dae00000, 0x00000007e2e00000, 0x00000007e2e00000)
  eden space 87424K,   0% used [0x00000007dae00000, 0x00000007dae00000, 0x00000007e0360000)
  from space 21824K,  10% used [0x00000007e0360000, 0x00000007e05968f8, 0x00000007e18b0000)
  to   space 21824K,   0% used [0x00000007e18b0000, 0x00000007e18b0000, 0x00000007e2e00000)
 concurrent mark-sweep generation total 393216K, used 13529K [0x00000007e2e00000, 0x00000007fae00000, 0x00000007fae00000)
 concurrent-mark-sweep perm gen total 31040K, used 30973K [0x00000007fae00000, 0x00000007fcc50000, 0x0000000800000000)
}
2016-05-08T22:19:31.625+0500: 12896.331: Total time for which application threads were stopped: 0.0142850 seconds
{Heap before GC invocations=60 (full 0):
 par new generation   total 109248K, used 89690K [0x00000007dae00000, 0x00000007e2e00000, 0x00000007e2e00000)
  eden space 87424K, 100% used [0x00000007dae00000, 0x00000007e0360000, 0x00000007e0360000)
  from space 21824K,  10% used [0x00000007e0360000, 0x00000007e05968f8, 0x00000007e18b0000)
  to   space 21824K,   0% used [0x00000007e18b0000, 0x00000007e18b0000, 0x00000007e2e00000)
 concurrent mark-sweep generation total 393216K, used 13529K [0x00000007e2e00000, 0x00000007fae00000, 0x00000007fae00000)
 concurrent-mark-sweep perm gen total 31040K, used 30974K [0x00000007fae00000, 0x00000007fcc50000, 0x0000000800000000)
2016-05-08T22:19:32.293+0500: 12896.999: [GC2016-05-08T22:19:32.293+0500: 12896.999: [ParNew
Desired survivor size 20112992 bytes, new threshold 8 (max 8)
- age   1:    1822144 bytes,    1822144 total
- age   2:       8952 bytes,    1831096 total
- age   3:       4536 bytes,    1835632 total
- age   4:       7808 bytes,    1843440 total
- age   5:      37944 bytes,    1881384 total
- age   6:       5376 bytes,    1886760 total
- age   7:      55632 bytes,    1942392 total
- age   8:       6216 bytes,    1948608 total
: 89690K->2255K(109248K), 0.0309780 secs] 103219K->15790K(502464K), 0.0311140 secs] [Times: user=0.04 sys=0.00, real=0.03 secs] 
Heap after GC invocations=61 (full 0):
 par new generation   total 109248K, used 2255K [0x00000007dae00000, 0x00000007e2e00000, 0x00000007e2e00000)
  eden space 87424K,   0% used [0x00000007dae00000, 0x00000007dae00000, 0x00000007e0360000)
  from space 21824K,  10% used [0x00000007e18b0000, 0x00000007e1ae3ec0, 0x00000007e2e00000)
  to   space 21824K,   0% used [0x00000007e0360000, 0x00000007e0360000, 0x00000007e18b0000)
 concurrent mark-sweep generation total 393216K, used 13534K [0x00000007e2e00000, 0x00000007fae00000, 0x00000007fae00000)
 concurrent-mark-sweep perm gen total 31040K, used 30974K [0x00000007fae00000, 0x00000007fcc50000, 0x0000000800000000)
}
2016-05-08T22:19:32.324+0500: 12897.030: Total time for which application threads were stopped: 0.0322840 seconds
{Heap before GC invocations=61 (full 0):
 par new generation   total 109248K, used 89679K [0x00000007dae00000, 0x00000007e2e00000, 0x00000007e2e00000)
  eden space 87424K, 100% used [0x00000007dae00000, 0x00000007e0360000, 0x00000007e0360000)
  from space 21824K,  10% used [0x00000007e18b0000, 0x00000007e1ae3ec0, 0x00000007e2e00000)
  to   space 21824K,   0% used [0x00000007e0360000, 0x00000007e0360000, 0x00000007e18b0000)
 concurrent mark-sweep generation total 393216K, used 13534K [0x00000007e2e00000, 0x00000007fae00000, 0x00000007fae00000)
 concurrent-mark-sweep perm gen total 31040K, used 30978K [0x00000007fae00000, 0x00000007fcc50000, 0x0000000800000000)
2016-05-08T22:19:33.176+0500: 12897.882: [GC2016-05-08T22:19:33.176+0500: 12897.882: [ParNew
Desired survivor size 20112992 bytes, new threshold 8 (max 8)
- age   1:    1752216 bytes,    1752216 total
- age   2:     403272 bytes,    2155488 total
- age   3:       7144 bytes,    2162632 total
- age   4:       4536 bytes,    2167168 total
- age   5:       7384 bytes,    2174552 total
- age   6:      37944 bytes,    2212496 total
- age   7:       5376 bytes,    2217872 total
- age   8:      55632 bytes,    2273504 total
: 89679K->3122K(109248K), 0.1013410 secs] 103214K->16662K(502464K), 0.1014840 secs] [Times: user=0.09 sys=0.00, real=0.10 secs] 
Heap after GC invocations=62 (full 0):
 par new generation   total 109248K, used 3122K [0x00000007dae00000, 0x00000007e2e00000, 0x00000007e2e00000)
  eden space 87424K,   0% used [0x00000007dae00000, 0x00000007dae00000, 0x00000007e0360000)
  from space 21824K,  14% used [0x00000007e0360000, 0x00000007e066c918, 0x00000007e18b0000)
  to   space 21824K,   0% used [0x00000007e18b0000, 0x00000007e18b0000, 0x00000007e2e00000)
 concurrent mark-sweep generation total 393216K, used 13540K [0x00000007e2e00000, 0x00000007fae00000, 0x00000007fae00000)
 concurrent-mark-sweep perm gen total 31040K, used 30978K [0x00000007fae00000, 0x00000007fcc50000, 0x0000000800000000)
}
2016-05-08T22:19:33.277+0500: 12897.984: Total time for which application threads were stopped: 0.1028550 seconds
{Heap before GC invocations=62 (full 0):
 par new generation   total 109248K, used 90546K [0x00000007dae00000, 0x00000007e2e00000, 0x00000007e2e00000)
  eden space 87424K, 100% used [0x00000007dae00000, 0x00000007e0360000, 0x00000007e0360000)
  from space 21824K,  14% used [0x00000007e0360000, 0x00000007e066c918, 0x00000007e18b0000)
  to   space 21824K,   0% used [0x00000007e18b0000, 0x00000007e18b0000, 0x00000007e2e00000)
 concurrent mark-sweep generation total 393216K, used 13540K [0x00000007e2e00000, 0x00000007fae00000, 0x00000007fae00000)
 concurrent-mark-sweep perm gen total 31040K, used 30980K [0x00000007fae00000, 0x00000007fcc50000, 0x0000000800000000)
2016-05-08T22:19:33.952+0500: 12898.659: [GC2016-05-08T22:19:33.952+0500: 12898.659: [ParNew
Desired survivor size 20112992 bytes, new threshold 8 (max 8)
- age   1:    2134024 bytes,    2134024 total
- age   2:      13136 bytes,    2147160 total
- age   3:     396088 bytes,    2543248 total
- age   4:       7144 bytes,    2550392 total
- age   5:       4536 bytes,    2554928 total
- age   6:       7184 bytes,    2562112 total
- age   7:      37944 bytes,    2600056 total
- age   8:       5376 bytes,    2605432 total
: 90546K->2802K(109248K), 0.0507500 secs] 104086K->16396K(502464K), 0.0508630 secs] [Times: user=0.04 sys=0.01, real=0.05 secs] 
Heap after GC invocations=63 (full 0):
 par new generation   total 109248K, used 2802K [0x00000007dae00000, 0x00000007e2e00000, 0x00000007e2e00000)
  eden space 87424K,   0% used [0x00000007dae00000, 0x00000007dae00000, 0x00000007e0360000)
  from space 21824K,  12% used [0x00000007e18b0000, 0x00000007e1b6c870, 0x00000007e2e00000)
  to   space 21824K,   0% used [0x00000007e0360000, 0x00000007e0360000, 0x00000007e18b0000)
 concurrent mark-sweep generation total 393216K, used 13594K [0x00000007e2e00000, 0x00000007fae00000, 0x00000007fae00000)
 concurrent-mark-sweep perm gen total 31040K, used 30980K [0x00000007fae00000, 0x00000007fcc50000, 0x0000000800000000)
}
2016-05-08T22:19:34.003+0500: 12898.709: Total time for which application threads were stopped: 0.0521140 seconds
{Heap before GC invocations=63 (full 0):
 par new generation   total 109248K, used 90226K [0x00000007dae00000, 0x00000007e2e00000, 0x00000007e2e00000)
  eden space 87424K, 100% used [0x00000007dae00000, 0x00000007e0360000, 0x00000007e0360000)
  from space 21824K,  12% used [0x00000007e18b0000, 0x00000007e1b6c870, 0x00000007e2e00000)
  to   space 21824K,   0% used [0x00000007e0360000, 0x00000007e0360000, 0x00000007e18b0000)
 concurrent mark-sweep generation total 393216K, used 13594K [0x00000007e2e00000, 0x00000007fae00000, 0x00000007fae00000)
 concurrent-mark-sweep perm gen total 31040K, used 30983K [0x00000007fae00000, 0x00000007fcc50000, 0x0000000800000000)
2016-05-08T22:19:34.850+0500: 12899.556: [GC2016-05-08T22:19:34.850+0500: 12899.556: [ParNew
Desired survivor size 20112992 bytes, new threshold 8 (max 8)
- age   1:    1974208 bytes,    1974208 total
- age   2:     230456 bytes,    2204664 total
- age   3:       5208 bytes,    2209872 total
- age   4:     394824 bytes,    2604696 total
- age   5:       4864 bytes,    2609560 total
- age   6:       4536 bytes,    2614096 total
- age   7:       7184 bytes,    2621280 total
- age   8:      37944 bytes,    2659224 total
: 90226K->3569K(109248K), 0.0201860 secs] 103820K->17169K(502464K), 0.0203230 secs] [Times: user=0.02 sys=0.00, real=0.02 secs] 
Heap after GC invocations=64 (full 0):
 par new generation   total 109248K, used 3569K [0x00000007dae00000, 0x00000007e2e00000, 0x00000007e2e00000)
  eden space 87424K,   0% used [0x00000007dae00000, 0x00000007dae00000, 0x00000007e0360000)
  from space 21824K,  16% used [0x00000007e0360000, 0x00000007e06dc770, 0x00000007e18b0000)
  to   space 21824K,   0% used [0x00000007e18b0000, 0x00000007e18b0000, 0x00000007e2e00000)
 concurrent mark-sweep generation total 393216K, used 13599K [0x00000007e2e00000, 0x00000007fae00000, 0x00000007fae00000)
 concurrent-mark-sweep perm gen total 31040K, used 30983K [0x00000007fae00000, 0x00000007fcc50000, 0x0000000800000000)
}
2016-05-08T22:19:34.870+0500: 12899.576: Total time for which application threads were stopped: 0.0217150 seconds
{Heap before GC invocations=64 (full 0):
 par new generation   total 109248K, used 90993K [0x00000007dae00000, 0x00000007e2e00000, 0x00000007e2e00000)
  eden space 87424K, 100% used [0x00000007dae00000, 0x00000007e0360000, 0x00000007e0360000)
  from space 21824K,  16% used [0x00000007e0360000, 0x00000007e06dc770, 0x00000007e18b0000)
  to   space 21824K,   0% used [0x00000007e18b0000, 0x00000007e18b0000, 0x00000007e2e00000)
 concurrent mark-sweep generation total 393216K, used 13599K [0x00000007e2e00000, 0x00000007fae00000, 0x00000007fae00000)
 concurrent-mark-sweep perm gen total 31040K, used 30989K [0x00000007fae00000, 0x00000007fcc50000, 0x0000000800000000)
2016-05-08T22:19:35.515+0500: 12900.221: [GC2016-05-08T22:19:35.515+0500: 12900.221: [ParNew
Desired survivor size 20112992 bytes, new threshold 8 (max 8)
- age   1:    1635184 bytes,    1635184 total
- age   2:     161608 bytes,    1796792 total
- age   3:     227928 bytes,    2024720 total
- age   4:       5208 bytes,    2029928 total
- age   5:     394224 bytes,    2424152 total
- age   6:       4864 bytes,    2429016 total
- age   7:       4536 bytes,    2433552 total
- age   8:       7184 bytes,    2440736 total
: 90993K->3147K(109248K), 0.0391930 secs] 104593K->16783K(502464K), 0.0393070 secs] [Times: user=0.03 sys=0.00, real=0.04 secs] 
Heap after GC invocations=65 (full 0):
 par new generation   total 109248K, used 3147K [0x00000007dae00000, 0x00000007e2e00000, 0x00000007e2e00000)
  eden space 87424K,   0% used [0x00000007dae00000, 0x00000007dae00000, 0x00000007e0360000)
  from space 21824K,  14% used [0x00000007e18b0000, 0x00000007e1bc2c68, 0x00000007e2e00000)
  to   space 21824K,   0% used [0x00000007e0360000, 0x00000007e0360000, 0x00000007e18b0000)
 concurrent mark-sweep generation total 393216K, used 13636K [0x00000007e2e00000, 0x00000007fae00000, 0x00000007fae00000)
 concurrent-mark-sweep perm gen total 31040K, used 30989K [0x00000007fae00000, 0x00000007fcc50000, 0x0000000800000000)
}
2016-05-08T22:19:35.554+0500: 12900.260: Total time for which application threads were stopped: 0.0402290 seconds
{Heap before GC invocations=65 (full 0):
 par new generation   total 109248K, used 90571K [0x00000007dae00000, 0x00000007e2e00000, 0x00000007e2e00000)
  eden space 87424K, 100% used [0x00000007dae00000, 0x00000007e0360000, 0x00000007e0360000)
  from space 21824K,  14% used [0x00000007e18b0000, 0x00000007e1bc2c68, 0x00000007e2e00000)
  to   space 21824K,   0% used [0x00000007e0360000, 0x00000007e0360000, 0x00000007e18b0000)
 concurrent mark-sweep generation total 393216K, used 13636K [0x00000007e2e00000, 0x00000007fae00000, 0x00000007fae00000)
 concurrent-mark-sweep perm gen total 31040K, used 30991K [0x00000007fae00000, 0x00000007fcc50000, 0x0000000800000000)
2016-05-08T22:19:36.419+0500: 12901.126: [GC2016-05-08T22:19:36.419+0500: 12901.126: [ParNew
Desired survivor size 20112992 bytes, new threshold 8 (max 8)
- age   1:    1989960 bytes,    1989960 total
- age   2:      33744 bytes,    2023704 total
- age   3:     160336 bytes,    2184040 total
- age   4:     227928 bytes,    2411968 total
- age   5:       5208 bytes,    2417176 total
- age   6:     394224 bytes,    2811400 total
- age   7:       4864 bytes,    2816264 total
- age   8:       4536 bytes,    2820800 total
: 90571K->3653K(109248K), 0.0522170 secs] 104207K->17297K(502464K), 0.0523770 secs] [Times: user=0.05 sys=0.00, real=0.06 secs] 
Heap after GC invocations=66 (full 0):
 par new generation   total 109248K, used 3653K [0x00000007dae00000, 0x00000007e2e00000, 0x00000007e2e00000)
  eden space 87424K,   0% used [0x00000007dae00000, 0x00000007dae00000, 0x00000007e0360000)
  from space 21824K,  16% used [0x00000007e0360000, 0x00000007e06f15f8, 0x00000007e18b0000)
  to   space 21824K,   0% used [0x00000007e18b0000, 0x00000007e18b0000, 0x00000007e2e00000)
 concurrent mark-sweep generation total 393216K, used 13643K [0x00000007e2e00000, 0x00000007fae00000, 0x00000007fae00000)
 concurrent-mark-sweep perm gen total 31040K, used 30991K [0x00000007fae00000, 0x00000007fcc50000, 0x0000000800000000)
}
2016-05-08T22:19:36.472+0500: 12901.178: Total time for which application threads were stopped: 0.0540680 seconds
{Heap before GC invocations=66 (full 0):
 par new generation   total 109248K, used 91077K [0x00000007dae00000, 0x00000007e2e00000, 0x00000007e2e00000)
  eden space 87424K, 100% used [0x00000007dae00000, 0x00000007e0360000, 0x00000007e0360000)
  from space 21824K,  16% used [0x00000007e0360000, 0x00000007e06f15f8, 0x00000007e18b0000)
  to   space 21824K,   0% used [0x00000007e18b0000, 0x00000007e18b0000, 0x00000007e2e00000)
 concurrent mark-sweep generation total 393216K, used 13643K [0x00000007e2e00000, 0x00000007fae00000, 0x00000007fae00000)
 concurrent-mark-sweep perm gen total 31040K, used 30991K [0x00000007fae00000, 0x00000007fcc50000, 0x0000000800000000)
2016-05-08T22:19:37.253+0500: 12901.959: [GC2016-05-08T22:19:37.253+0500: 12901.959: [ParNew
Desired survivor size 20112992 bytes, new threshold 8 (max 8)
- age   1:    1491048 bytes,    1491048 total
- age   2:      11072 bytes,    1502120 total
- age   3:       5696 bytes,    1507816 total
- age   4:     159736 bytes,    1667552 total
- age   5:     227928 bytes,    1895480 total
- age   6:       5208 bytes,    1900688 total
- age   7:     394224 bytes,    2294912 total
- age   8:       4864 bytes,    2299776 total
: 91077K->2979K(109248K), 0.0100250 secs] 104721K->16627K(502464K), 0.0101370 secs] [Times: user=0.02 sys=0.00, real=0.01 secs] 
Heap after GC invocations=67 (full 0):
 par new generation   total 109248K, used 2979K [0x00000007dae00000, 0x00000007e2e00000, 0x00000007e2e00000)
  eden space 87424K,   0% used [0x00000007dae00000, 0x00000007dae00000, 0x00000007e0360000)
  from space 21824K,  13% used [0x00000007e18b0000, 0x00000007e1b98eb0, 0x00000007e2e00000)
  to   space 21824K,   0% used [0x00000007e0360000, 0x00000007e0360000, 0x00000007e18b0000)
 concurrent mark-sweep generation total 393216K, used 13648K [0x00000007e2e00000, 0x00000007fae00000, 0x00000007fae00000)
 concurrent-mark-sweep perm gen total 31040K, used 30991K [0x00000007fae00000, 0x00000007fcc50000, 0x0000000800000000)
}
2016-05-08T22:19:37.263+0500: 12901.970: Total time for which application threads were stopped: 0.0112930 seconds
{Heap before GC invocations=67 (full 0):
 par new generation   total 109248K, used 90403K [0x00000007dae00000, 0x00000007e2e00000, 0x00000007e2e00000)
  eden space 87424K, 100% used [0x00000007dae00000, 0x00000007e0360000, 0x00000007e0360000)
  from space 21824K,  13% used [0x00000007e18b0000, 0x00000007e1b98eb0, 0x00000007e2e00000)
  to   space 21824K,   0% used [0x00000007e0360000, 0x00000007e0360000, 0x00000007e18b0000)
 concurrent mark-sweep generation total 393216K, used 13648K [0x00000007e2e00000, 0x00000007fae00000, 0x00000007fae00000)
 concurrent-mark-sweep perm gen total 31040K, used 30995K [0x00000007fae00000, 0x00000007fcc50000, 0x0000000800000000)
2016-05-08T22:19:38.109+0500: 12902.815: [GC2016-05-08T22:19:38.171+0500: 12902.877: [ParNew
Desired survivor size 20112992 bytes, new threshold 8 (max 8)
- age   1:    1434792 bytes,    1434792 total
- age   2:       7424 bytes,    1442216 total
- age   3:       7864 bytes,    1450080 total
- age   4:       4896 bytes,    1454976 total
- age   5:     157456 bytes,    1612432 total
- age   6:     227320 bytes,    1839752 total
- age   7:       5208 bytes,    1844960 total
- age   8:     393600 bytes,    2238560 total
: 90403K->2783K(109248K), 0.0111710 secs] 104051K->16436K(502464K), 0.0730930 secs] [Times: user=0.02 sys=0.00, real=0.08 secs] 
Heap after GC invocations=68 (full 0):
 par new generation   total 109248K, used 2783K [0x00000007dae00000, 0x00000007e2e00000, 0x00000007e2e00000)
  eden space 87424K,   0% used [0x00000007dae00000, 0x00000007dae00000, 0x00000007e0360000)
  from space 21824K,  12% used [0x00000007e0360000, 0x00000007e0617fc8, 0x00000007e18b0000)
  to   space 21824K,   0% used [0x00000007e18b0000, 0x00000007e18b0000, 0x00000007e2e00000)
 concurrent mark-sweep generation total 393216K, used 13653K [0x00000007e2e00000, 0x00000007fae00000, 0x00000007fae00000)
 concurrent-mark-sweep perm gen total 31040K, used 30995K [0x00000007fae00000, 0x00000007fcc50000, 0x0000000800000000)
}
2016-05-08T22:19:38.182+0500: 12902.888: Total time for which application threads were stopped: 0.0739930 seconds
2016-05-08T22:19:39.184+0500: 12903.891: Total time for which application threads were stopped: 0.0009270 seconds
{Heap before GC invocations=68 (full 0):
 par new generation   total 109248K, used 90207K [0x00000007dae00000, 0x00000007e2e00000, 0x00000007e2e00000)
  eden space 87424K, 100% used [0x00000007dae00000, 0x00000007e0360000, 0x00000007e0360000)
  from space 21824K,  12% used [0x00000007e0360000, 0x00000007e0617fc8, 0x00000007e18b0000)
  to   space 21824K,   0% used [0x00000007e18b0000, 0x00000007e18b0000, 0x00000007e2e00000)
 concurrent mark-sweep generation total 393216K, used 13653K [0x00000007e2e00000, 0x00000007fae00000, 0x00000007fae00000)
 concurrent-mark-sweep perm gen total 31040K, used 30996K [0x00000007fae00000, 0x00000007fcc50000, 0x0000000800000000)
2016-05-08T22:19:39.213+0500: 12903.920: [GC2016-05-08T22:19:39.213+0500: 12903.920: [ParNew
Desired survivor size 20112992 bytes, new threshold 8 (max 8)
- age   1:    1445848 bytes,    1445848 total
- age   2:      32856 bytes,    1478704 total
- age   3:       5600 bytes,    1484304 total
- age   4:       7864 bytes,    1492168 total
- age   5:       4896 bytes,    1497064 total
- age   6:     157456 bytes,    1654520 total
- age   7:     227320 bytes,    1881840 total
- age   8:       5208 bytes,    1887048 total
: 90207K->2346K(109248K), 0.1043600 secs] 103860K->16386K(502464K), 0.1046130 secs] [Times: user=0.09 sys=0.01, real=0.10 secs] 
Heap after GC invocations=69 (full 0):
 par new generation   total 109248K, used 2346K [0x00000007dae00000, 0x00000007e2e00000, 0x00000007e2e00000)
  eden space 87424K,   0% used [0x00000007dae00000, 0x00000007dae00000, 0x00000007e0360000)
  from space 21824K,  10% used [0x00000007e18b0000, 0x00000007e1afa9e0, 0x00000007e2e00000)
  to   space 21824K,   0% used [0x00000007e0360000, 0x00000007e0360000, 0x00000007e18b0000)
 concurrent mark-sweep generation total 393216K, used 14040K [0x00000007e2e00000, 0x00000007fae00000, 0x00000007fae00000)
 concurrent-mark-sweep perm gen total 31040K, used 30996K [0x00000007fae00000, 0x00000007fcc50000, 0x0000000800000000)
}
2016-05-08T22:19:39.318+0500: 12904.024: Total time for which application threads were stopped: 0.1048560 seconds
{Heap before GC invocations=69 (full 0):
 par new generation   total 109248K, used 89770K [0x00000007dae00000, 0x00000007e2e00000, 0x00000007e2e00000)
  eden space 87424K, 100% used [0x00000007dae00000, 0x00000007e0360000, 0x00000007e0360000)
  from space 21824K,  10% used [0x00000007e18b0000, 0x00000007e1afa9e0, 0x00000007e2e00000)
  to   space 21824K,   0% used [0x00000007e0360000, 0x00000007e0360000, 0x00000007e18b0000)
 concurrent mark-sweep generation total 393216K, used 14040K [0x00000007e2e00000, 0x00000007fae00000, 0x00000007fae00000)
 concurrent-mark-sweep perm gen total 31040K, used 31003K [0x00000007fae00000, 0x00000007fcc50000, 0x0000000800000000)
2016-05-08T22:19:39.991+0500: 12904.697: [GC2016-05-08T22:19:39.991+0500: 12904.697: [ParNew
Desired survivor size 20112992 bytes, new threshold 8 (max 8)
- age   1:    1384208 bytes,    1384208 total
- age   2:      27168 bytes,    1411376 total
- age   3:       9448 bytes,    1420824 total
- age   4:       5600 bytes,    1426424 total
- age   5:       7864 bytes,    1434288 total
- age   6:       4896 bytes,    1439184 total
- age   7:     157456 bytes,    1596640 total
- age   8:     227320 bytes,    1823960 total
: 89770K->2215K(109248K), 0.0092430 secs] 103810K->16261K(502464K), 0.0093700 secs] [Times: user=0.01 sys=0.00, real=0.01 secs] 
Heap after GC invocations=70 (full 0):
 par new generation   total 109248K, used 2215K [0x00000007dae00000, 0x00000007e2e00000, 0x00000007e2e00000)
  eden space 87424K,   0% used [0x00000007dae00000, 0x00000007dae00000, 0x00000007e0360000)
  from space 21824K,  10% used [0x00000007e0360000, 0x00000007e0589de0, 0x00000007e18b0000)
  to   space 21824K,   0% used [0x00000007e18b0000, 0x00000007e18b0000, 0x00000007e2e00000)
 concurrent mark-sweep generation total 393216K, used 14045K [0x00000007e2e00000, 0x00000007fae00000, 0x00000007fae00000)
 concurrent-mark-sweep perm gen total 31040K, used 31003K [0x00000007fae00000, 0x00000007fcc50000, 0x0000000800000000)
}
2016-05-08T22:19:40.000+0500: 12904.706: Total time for which application threads were stopped: 0.0112050 seconds
{Heap before GC invocations=70 (full 0):
 par new generation   total 109248K, used 89627K [0x00000007dae00000, 0x00000007e2e00000, 0x00000007e2e00000)
  eden space 87424K,  99% used [0x00000007dae00000, 0x00000007e035d1d0, 0x00000007e0360000)
  from space 21824K,  10% used [0x00000007e0360000, 0x00000007e0589de0, 0x00000007e18b0000)
  to   space 21824K,   0% used [0x00000007e18b0000, 0x00000007e18b0000, 0x00000007e2e00000)
 concurrent mark-sweep generation total 393216K, used 14045K [0x00000007e2e00000, 0x00000007fae00000, 0x00000007fae00000)
 concurrent-mark-sweep perm gen total 31040K, used 31007K [0x00000007fae00000, 0x00000007fcc50000, 0x0000000800000000)
2016-05-08T22:19:40.915+0500: 12905.621: [GC2016-05-08T22:19:40.915+0500: 12905.621: [ParNew
Desired survivor size 20112992 bytes, new threshold 8 (max 8)
- age   1:    1622232 bytes,    1622232 total
- age   2:       7192 bytes,    1629424 total
- age   3:       5584 bytes,    1635008 total
- age   4:       9448 bytes,    1644456 total
- age   5:       5600 bytes,    1650056 total
- age   6:       7864 bytes,    1657920 total
- age   7:       4896 bytes,    1662816 total
- age   8:     157456 bytes,    1820272 total
: 89627K->2212K(109248K), 0.0299560 secs] 103673K->16480K(502464K), 0.0300690 secs] [Times: user=0.01 sys=0.00, real=0.03 secs] 
Heap after GC invocations=71 (full 0):
 par new generation   total 109248K, used 2212K [0x00000007dae00000, 0x00000007e2e00000, 0x00000007e2e00000)
  eden space 87424K,   0% used [0x00000007dae00000, 0x00000007dae00000, 0x00000007e0360000)
  from space 21824K,  10% used [0x00000007e18b0000, 0x00000007e1ad9290, 0x00000007e2e00000)
  to   space 21824K,   0% used [0x00000007e0360000, 0x00000007e0360000, 0x00000007e18b0000)
 concurrent mark-sweep generation total 393216K, used 14267K [0x00000007e2e00000, 0x00000007fae00000, 0x00000007fae00000)
 concurrent-mark-sweep perm gen total 31040K, used 31007K [0x00000007fae00000, 0x00000007fcc50000, 0x0000000800000000)
}
2016-05-08T22:19:40.945+0500: 12905.651: Total time for which application threads were stopped: 0.0310130 seconds
{Heap before GC invocations=71 (full 0):
 par new generation   total 109248K, used 89636K [0x00000007dae00000, 0x00000007e2e00000, 0x00000007e2e00000)
  eden space 87424K, 100% used [0x00000007dae00000, 0x00000007e0360000, 0x00000007e0360000)
  from space 21824K,  10% used [0x00000007e18b0000, 0x00000007e1ad9290, 0x00000007e2e00000)
  to   space 21824K,   0% used [0x00000007e0360000, 0x00000007e0360000, 0x00000007e18b0000)
 concurrent mark-sweep generation total 393216K, used 14267K [0x00000007e2e00000, 0x00000007fae00000, 0x00000007fae00000)
 concurrent-mark-sweep perm gen total 31040K, used 31009K [0x00000007fae00000, 0x00000007fcc50000, 0x0000000800000000)
2016-05-08T22:19:41.495+0500: 12906.201: [GC2016-05-08T22:19:41.495+0500: 12906.201: [ParNew
Desired survivor size 20112992 bytes, new threshold 8 (max 8)
- age   1:    1971960 bytes,    1971960 total
- age   2:      21816 bytes,    1993776 total
- age   3:       4632 bytes,    1998408 total
- age   4:       4984 bytes,    2003392 total
- age   5:       7168 bytes,    2010560 total
- age   6:       5600 bytes,    2016160 total
- age   7:       7864 bytes,    2024024 total
- age   8:       4896 bytes,    2028920 total
: 89636K->2348K(109248K), 0.0690020 secs] 103904K->16771K(502464K), 0.0691270 secs] [Times: user=0.03 sys=0.01, real=0.07 secs] 
Heap after GC invocations=72 (full 0):
 par new generation   total 109248K, used 2348K [0x00000007dae00000, 0x00000007e2e00000, 0x00000007e2e00000)
  eden space 87424K,   0% used [0x00000007dae00000, 0x00000007dae00000, 0x00000007e0360000)
  from space 21824K,  10% used [0x00000007e0360000, 0x00000007e05ab2a0, 0x00000007e18b0000)
  to   space 21824K,   0% used [0x00000007e18b0000, 0x00000007e18b0000, 0x00000007e2e00000)
 concurrent mark-sweep generation total 393216K, used 14423K [0x00000007e2e00000, 0x00000007fae00000, 0x00000007fae00000)
 concurrent-mark-sweep perm gen total 31040K, used 31009K [0x00000007fae00000, 0x00000007fcc50000, 0x0000000800000000)
}
2016-05-08T22:19:41.564+0500: 12906.270: Total time for which application threads were stopped: 0.0700980 seconds
{Heap before GC invocations=72 (full 0):
 par new generation   total 109248K, used 89772K [0x00000007dae00000, 0x00000007e2e00000, 0x00000007e2e00000)
  eden space 87424K, 100% used [0x00000007dae00000, 0x00000007e0360000, 0x00000007e0360000)
  from space 21824K,  10% used [0x00000007e0360000, 0x00000007e05ab2a0, 0x00000007e18b0000)
  to   space 21824K,   0% used [0x00000007e18b0000, 0x00000007e18b0000, 0x00000007e2e00000)
 concurrent mark-sweep generation total 393216K, used 14423K [0x00000007e2e00000, 0x00000007fae00000, 0x00000007fae00000)
 concurrent-mark-sweep perm gen total 31232K, used 31011K [0x00000007fae00000, 0x00000007fcc80000, 0x0000000800000000)
2016-05-08T22:19:42.185+0500: 12906.892: [GC2016-05-08T22:19:42.185+0500: 12906.892: [ParNew
Desired survivor size 20112992 bytes, new threshold 8 (max 8)
- age   1:    2032672 bytes,    2032672 total
- age   2:      18640 bytes,    2051312 total
- age   3:       5896 bytes,    2057208 total
- age   4:       4632 bytes,    2061840 total
- age   5:       4984 bytes,    2066824 total
- age   6:       7168 bytes,    2073992 total
- age   7:       4992 bytes,    2078984 total
- age   8:       7224 bytes,    2086208 total
: 89772K->2872K(109248K), 0.0397830 secs] 104195K->17300K(502464K), 0.0399000 secs] [Times: user=0.04 sys=0.00, real=0.04 secs] 
Heap after GC invocations=73 (full 0):
 par new generation   total 109248K, used 2872K [0x00000007dae00000, 0x00000007e2e00000, 0x00000007e2e00000)
  eden space 87424K,   0% used [0x00000007dae00000, 0x00000007dae00000, 0x00000007e0360000)
  from space 21824K,  13% used [0x00000007e18b0000, 0x00000007e1b7e310, 0x00000007e2e00000)
  to   space 21824K,   0% used [0x00000007e0360000, 0x00000007e0360000, 0x00000007e18b0000)
 concurrent mark-sweep generation total 393216K, used 14427K [0x00000007e2e00000, 0x00000007fae00000, 0x00000007fae00000)
 concurrent-mark-sweep perm gen total 31232K, used 31011K [0x00000007fae00000, 0x00000007fcc80000, 0x0000000800000000)
}
2016-05-08T22:19:42.225+0500: 12906.932: Total time for which application threads were stopped: 0.0411110 seconds
{Heap before GC invocations=73 (full 0):
 par new generation   total 109248K, used 90288K [0x00000007dae00000, 0x00000007e2e00000, 0x00000007e2e00000)
  eden space 87424K,  99% used [0x00000007dae00000, 0x00000007e035df20, 0x00000007e0360000)
  from space 21824K,  13% used [0x00000007e18b0000, 0x00000007e1b7e310, 0x00000007e2e00000)
  to   space 21824K,   0% used [0x00000007e0360000, 0x00000007e0360000, 0x00000007e18b0000)
 concurrent mark-sweep generation total 393216K, used 14427K [0x00000007e2e00000, 0x00000007fae00000, 0x00000007fae00000)
 concurrent-mark-sweep perm gen total 31232K, used 31016K [0x00000007fae00000, 0x00000007fcc80000, 0x0000000800000000)
2016-05-08T22:19:42.985+0500: 12907.691: [GC2016-05-08T22:19:42.985+0500: 12907.691: [ParNew
Desired survivor size 20112992 bytes, new threshold 8 (max 8)
- age   1:    1741032 bytes,    1741032 total
- age   2:       8272 bytes,    1749304 total
- age   3:       7768 bytes,    1757072 total
- age   4:       5896 bytes,    1762968 total
- age   5:       4632 bytes,    1767600 total
- age   6:       4984 bytes,    1772584 total
- age   7:       7168 bytes,    1779752 total
- age   8:       4992 bytes,    1784744 total
: 90288K->2043K(109248K), 0.0090080 secs] 104716K->16478K(502464K), 0.0091370 secs] [Times: user=0.02 sys=0.00, real=0.01 secs] 
Heap after GC invocations=74 (full 0):
 par new generation   total 109248K, used 2043K [0x00000007dae00000, 0x00000007e2e00000, 0x00000007e2e00000)
  eden space 87424K,   0% used [0x00000007dae00000, 0x00000007dae00000, 0x00000007e0360000)
  from space 21824K,   9% used [0x00000007e0360000, 0x00000007e055eff0, 0x00000007e18b0000)
  to   space 21824K,   0% used [0x00000007e18b0000, 0x00000007e18b0000, 0x00000007e2e00000)
 concurrent mark-sweep generation total 393216K, used 14434K [0x00000007e2e00000, 0x00000007fae00000, 0x00000007fae00000)
 concurrent-mark-sweep perm gen total 31232K, used 31016K [0x00000007fae00000, 0x00000007fcc80000, 0x0000000800000000)
}
2016-05-08T22:19:42.994+0500: 12907.701: Total time for which application threads were stopped: 0.0103480 seconds
{Heap before GC invocations=74 (full 0):
 par new generation   total 109248K, used 89467K [0x00000007dae00000, 0x00000007e2e00000, 0x00000007e2e00000)
  eden space 87424K, 100% used [0x00000007dae00000, 0x00000007e0360000, 0x00000007e0360000)
  from space 21824K,   9% used [0x00000007e0360000, 0x00000007e055eff0, 0x00000007e18b0000)
  to   space 21824K,   0% used [0x00000007e18b0000, 0x00000007e18b0000, 0x00000007e2e00000)
 concurrent mark-sweep generation total 393216K, used 14434K [0x00000007e2e00000, 0x00000007fae00000, 0x00000007fae00000)
 concurrent-mark-sweep perm gen total 31232K, used 31018K [0x00000007fae00000, 0x00000007fcc80000, 0x0000000800000000)
2016-05-08T22:19:43.719+0500: 12908.425: [GC2016-05-08T22:19:43.719+0500: 12908.425: [ParNew
Desired survivor size 20112992 bytes, new threshold 8 (max 8)
- age   1:    1479376 bytes,    1479376 total
- age   2:      32048 bytes,    1511424 total
- age   3:       6400 bytes,    1517824 total
- age   4:       7160 bytes,    1524984 total
- age   5:       5840 bytes,    1530824 total
- age   6:       4632 bytes,    1535456 total
- age   7:       4984 bytes,    1540440 total
- age   8:       6544 bytes,    1546984 total
: 89467K->2328K(109248K), 0.0590750 secs] 103902K->16768K(502464K), 0.0591840 secs] [Times: user=0.01 sys=0.00, real=0.06 secs] 
Heap after GC invocations=75 (full 0):
 par new generation   total 109248K, used 2328K [0x00000007dae00000, 0x00000007e2e00000, 0x00000007e2e00000)
  eden space 87424K,   0% used [0x00000007dae00000, 0x00000007dae00000, 0x00000007e0360000)
  from space 21824K,  10% used [0x00000007e18b0000, 0x00000007e1af63d0, 0x00000007e2e00000)
  to   space 21824K,   0% used [0x00000007e0360000, 0x00000007e0360000, 0x00000007e18b0000)
 concurrent mark-sweep generation total 393216K, used 14439K [0x00000007e2e00000, 0x00000007fae00000, 0x00000007fae00000)
 concurrent-mark-sweep perm gen total 31232K, used 31018K [0x00000007fae00000, 0x00000007fcc80000, 0x0000000800000000)
}
2016-05-08T22:19:43.778+0500: 12908.484: Total time for which application threads were stopped: 0.0601420 seconds
{Heap before GC invocations=75 (full 0):
 par new generation   total 109248K, used 89752K [0x00000007dae00000, 0x00000007e2e00000, 0x00000007e2e00000)
  eden space 87424K, 100% used [0x00000007dae00000, 0x00000007e0360000, 0x00000007e0360000)
  from space 21824K,  10% used [0x00000007e18b0000, 0x00000007e1af63d0, 0x00000007e2e00000)
  to   space 21824K,   0% used [0x00000007e0360000, 0x00000007e0360000, 0x00000007e18b0000)
 concurrent mark-sweep generation total 393216K, used 14439K [0x00000007e2e00000, 0x00000007fae00000, 0x00000007fae00000)
 concurrent-mark-sweep perm gen total 31232K, used 31019K [0x00000007fae00000, 0x00000007fcc80000, 0x0000000800000000)
2016-05-08T22:19:44.714+0500: 12909.420: [GC2016-05-08T22:19:44.714+0500: 12909.420: [ParNew
Desired survivor size 20112992 bytes, new threshold 8 (max 8)
- age   1:    2173776 bytes,    2173776 total
- age   2:      21736 bytes,    2195512 total
- age   3:       4920 bytes,    2200432 total
- age   4:       5744 bytes,    2206176 total
- age   5:       4880 bytes,    2211056 total
- age   6:       5840 bytes,    2216896 total
- age   7:       4632 bytes,    2221528 total
- age   8:       4984 bytes,    2226512 total
: 89752K->2363K(109248K), 0.0102960 secs] 104192K->16808K(502464K), 0.0104220 secs] [Times: user=0.02 sys=0.00, real=0.01 secs] 
Heap after GC invocations=76 (full 0):
 par new generation   total 109248K, used 2363K [0x00000007dae00000, 0x00000007e2e00000, 0x00000007e2e00000)
  eden space 87424K,   0% used [0x00000007dae00000, 0x00000007dae00000, 0x00000007e0360000)
  from space 21824K,  10% used [0x00000007e0360000, 0x00000007e05aed10, 0x00000007e18b0000)
  to   space 21824K,   0% used [0x00000007e18b0000, 0x00000007e18b0000, 0x00000007e2e00000)
 concurrent mark-sweep generation total 393216K, used 14445K [0x00000007e2e00000, 0x00000007fae00000, 0x00000007fae00000)
 concurrent-mark-sweep perm gen total 31232K, used 31019K [0x00000007fae00000, 0x00000007fcc80000, 0x0000000800000000)
}
2016-05-08T22:19:44.724+0500: 12909.431: Total time for which application threads were stopped: 0.0116510 seconds
{Heap before GC invocations=76 (full 0):
 par new generation   total 109248K, used 89781K [0x00000007dae00000, 0x00000007e2e00000, 0x00000007e2e00000)
  eden space 87424K,  99% used [0x00000007dae00000, 0x00000007e035e748, 0x00000007e0360000)
  from space 21824K,  10% used [0x00000007e0360000, 0x00000007e05aed10, 0x00000007e18b0000)
  to   space 21824K,   0% used [0x00000007e18b0000, 0x00000007e18b0000, 0x00000007e2e00000)
 concurrent mark-sweep generation total 393216K, used 14445K [0x00000007e2e00000, 0x00000007fae00000, 0x00000007fae00000)
 concurrent-mark-sweep perm gen total 31232K, used 31022K [0x00000007fae00000, 0x00000007fcc80000, 0x0000000800000000)
2016-05-08T22:19:45.577+0500: 12910.284: [GC2016-05-08T22:19:45.577+0500: 12910.284: [ParNew
Desired survivor size 20112992 bytes, new threshold 8 (max 8)
- age   1:    1602552 bytes,    1602552 total
- age   2:      11032 bytes,    1613584 total
- age   3:       5488 bytes,    1619072 total
- age   4:       4920 bytes,    1623992 total
- age   5:       5744 bytes,    1629736 total
- age   6:       4880 bytes,    1634616 total
- age   7:       5840 bytes,    1640456 total
- age   8:       4632 bytes,    1645088 total
: 89781K->2741K(109248K), 0.0314880 secs] 104226K->17191K(502464K), 0.0316850 secs] [Times: user=0.01 sys=0.00, real=0.03 secs] 
Heap after GC invocations=77 (full 0):
 par new generation   total 109248K, used 2741K [0x00000007dae00000, 0x00000007e2e00000, 0x00000007e2e00000)
  eden space 87424K,   0% used [0x00000007dae00000, 0x00000007dae00000, 0x00000007e0360000)
  from space 21824K,  12% used [0x00000007e18b0000, 0x00000007e1b5d4a0, 0x00000007e2e00000)
  to   space 21824K,   0% used [0x00000007e0360000, 0x00000007e0360000, 0x00000007e18b0000)
 concurrent mark-sweep generation total 393216K, used 14450K [0x00000007e2e00000, 0x00000007fae00000, 0x00000007fae00000)
 concurrent-mark-sweep perm gen total 31232K, used 31022K [0x00000007fae00000, 0x00000007fcc80000, 0x0000000800000000)
}
2016-05-08T22:19:45.609+0500: 12910.315: Total time for which application threads were stopped: 0.0326950 seconds
2016-05-08T22:19:45.636+0500: 12910.343: Total time for which application threads were stopped: 0.0004440 seconds
{Heap before GC invocations=77 (full 0):
 par new generation   total 109248K, used 90138K [0x00000007dae00000, 0x00000007e2e00000, 0x00000007e2e00000)
  eden space 87424K,  99% used [0x00000007dae00000, 0x00000007e0359370, 0x00000007e0360000)
  from space 21824K,  12% used [0x00000007e18b0000, 0x00000007e1b5d4a0, 0x00000007e2e00000)
  to   space 21824K,   0% used [0x00000007e0360000, 0x00000007e0360000, 0x00000007e18b0000)
 concurrent mark-sweep generation total 393216K, used 14450K [0x00000007e2e00000, 0x00000007fae00000, 0x00000007fae00000)
 concurrent-mark-sweep perm gen total 31232K, used 31025K [0x00000007fae00000, 0x00000007fcc80000, 0x0000000800000000)
2016-05-08T22:19:46.134+0500: 12910.840: [GC2016-05-08T22:19:46.134+0500: 12910.840: [ParNew
Desired survivor size 20112992 bytes, new threshold 8 (max 8)
- age   1:    2302864 bytes,    2302864 total
- age   2:      29016 bytes,    2331880 total
- age   3:       8552 bytes,    2340432 total
- age   4:       5488 bytes,    2345920 total
- age   5:       4920 bytes,    2350840 total
- age   6:       5744 bytes,    2356584 total
- age   7:       4880 bytes,    2361464 total
- age   8:       5840 bytes,    2367304 total
: 90138K->2682K(109248K), 0.0134050 secs] 104588K->17138K(502464K), 0.0135280 secs] [Times: user=0.01 sys=0.00, real=0.01 secs] 
Heap after GC invocations=78 (full 0):
 par new generation   total 109248K, used 2682K [0x00000007dae00000, 0x00000007e2e00000, 0x00000007e2e00000)
  eden space 87424K,   0% used [0x00000007dae00000, 0x00000007dae00000, 0x00000007e0360000)
  from space 21824K,  12% used [0x00000007e0360000, 0x00000007e05febe0, 0x00000007e18b0000)
  to   space 21824K,   0% used [0x00000007e18b0000, 0x00000007e18b0000, 0x00000007e2e00000)
 concurrent mark-sweep generation total 393216K, used 14455K [0x00000007e2e00000, 0x00000007fae00000, 0x00000007fae00000)
 concurrent-mark-sweep perm gen total 31232K, used 31025K [0x00000007fae00000, 0x00000007fcc80000, 0x0000000800000000)
}
2016-05-08T22:19:46.147+0500: 12910.854: Total time for which application threads were stopped: 0.0144500 seconds
{Heap before GC invocations=78 (full 0):
 par new generation   total 109248K, used 90083K [0x00000007dae00000, 0x00000007e2e00000, 0x00000007e2e00000)
  eden space 87424K,  99% used [0x00000007dae00000, 0x00000007e035a040, 0x00000007e0360000)
  from space 21824K,  12% used [0x00000007e0360000, 0x00000007e05febe0, 0x00000007e18b0000)
  to   space 21824K,   0% used [0x00000007e18b0000, 0x00000007e18b0000, 0x00000007e2e00000)
 concurrent mark-sweep generation total 393216K, used 14455K [0x00000007e2e00000, 0x00000007fae00000, 0x00000007fae00000)
 concurrent-mark-sweep perm gen total 31232K, used 31028K [0x00000007fae00000, 0x00000007fcc80000, 0x0000000800000000)
2016-05-08T22:19:46.932+0500: 12911.639: [GC2016-05-08T22:19:46.932+0500: 12911.639: [ParNew
Desired survivor size 20112992 bytes, new threshold 8 (max 8)
- age   1:    1966032 bytes,    1966032 total
- age   2:      23192 bytes,    1989224 total
- age   3:       5688 bytes,    1994912 total
- age   4:       6272 bytes,    2001184 total
- age   5:       4888 bytes,    2006072 total
- age   6:       4920 bytes,    2010992 total
- age   7:       5120 bytes,    2016112 total
- age   8:       4880 bytes,    2020992 total
: 90083K->2816K(109248K), 0.0108390 secs] 104538K->17277K(502464K), 0.0109520 secs] [Times: user=0.02 sys=0.00, real=0.01 secs] 
Heap after GC invocations=79 (full 0):
 par new generation   total 109248K, used 2816K [0x00000007dae00000, 0x00000007e2e00000, 0x00000007e2e00000)
  eden space 87424K,   0% used [0x00000007dae00000, 0x00000007dae00000, 0x00000007e0360000)
  from space 21824K,  12% used [0x00000007e18b0000, 0x00000007e1b70228, 0x00000007e2e00000)
  to   space 21824K,   0% used [0x00000007e0360000, 0x00000007e0360000, 0x00000007e18b0000)
 concurrent mark-sweep generation total 393216K, used 14460K [0x00000007e2e00000, 0x00000007fae00000, 0x00000007fae00000)
 concurrent-mark-sweep perm gen total 31232K, used 31028K [0x00000007fae00000, 0x00000007fcc80000, 0x0000000800000000)
}
2016-05-08T22:19:46.943+0500: 12911.650: Total time for which application threads were stopped: 0.0119830 seconds
{Heap before GC invocations=79 (full 0):
 par new generation   total 109248K, used 90240K [0x00000007dae00000, 0x00000007e2e00000, 0x00000007e2e00000)
  eden space 87424K, 100% used [0x00000007dae00000, 0x00000007e0360000, 0x00000007e0360000)
  from space 21824K,  12% used [0x00000007e18b0000, 0x00000007e1b70228, 0x00000007e2e00000)
  to   space 21824K,   0% used [0x00000007e0360000, 0x00000007e0360000, 0x00000007e18b0000)
 concurrent mark-sweep generation total 393216K, used 14460K [0x00000007e2e00000, 0x00000007fae00000, 0x00000007fae00000)
 concurrent-mark-sweep perm gen total 31232K, used 31029K [0x00000007fae00000, 0x00000007fcc80000, 0x0000000800000000)
2016-05-08T22:19:47.497+0500: 12912.203: [GC2016-05-08T22:19:47.497+0500: 12912.203: [ParNew
Desired survivor size 20112992 bytes, new threshold 8 (max 8)
- age   1:    2207768 bytes,    2207768 total
- age   2:       8864 bytes,    2216632 total
- age   3:      15880 bytes,    2232512 total
- age   4:       5688 bytes,    2238200 total
- age   5:       6272 bytes,    2244472 total
- age   6:       4888 bytes,    2249360 total
- age   7:       4920 bytes,    2254280 total
- age   8:       5120 bytes,    2259400 total
: 90240K->2682K(109248K), 0.0092390 secs] 104701K->17148K(502464K), 0.0093570 secs] [Times: user=0.02 sys=0.00, real=0.01 secs] 
Heap after GC invocations=80 (full 0):
 par new generation   total 109248K, used 2682K [0x00000007dae00000, 0x00000007e2e00000, 0x00000007e2e00000)
  eden space 87424K,   0% used [0x00000007dae00000, 0x00000007dae00000, 0x00000007e0360000)
  from space 21824K,  12% used [0x00000007e0360000, 0x00000007e05feaf0, 0x00000007e18b0000)
  to   space 21824K,   0% used [0x00000007e18b0000, 0x00000007e18b0000, 0x00000007e2e00000)
 concurrent mark-sweep generation total 393216K, used 14465K [0x00000007e2e00000, 0x00000007fae00000, 0x00000007fae00000)
 concurrent-mark-sweep perm gen total 31232K, used 31029K [0x00000007fae00000, 0x00000007fcc80000, 0x0000000800000000)
}
2016-05-08T22:19:47.506+0500: 12912.213: Total time for which application threads were stopped: 0.0106350 seconds
{Heap before GC invocations=80 (full 0):
 par new generation   total 109248K, used 90106K [0x00000007dae00000, 0x00000007e2e00000, 0x00000007e2e00000)
  eden space 87424K, 100% used [0x00000007dae00000, 0x00000007e0360000, 0x00000007e0360000)
  from space 21824K,  12% used [0x00000007e0360000, 0x00000007e05feaf0, 0x00000007e18b0000)
  to   space 21824K,   0% used [0x00000007e18b0000, 0x00000007e18b0000, 0x00000007e2e00000)
 concurrent mark-sweep generation total 393216K, used 14465K [0x00000007e2e00000, 0x00000007fae00000, 0x00000007fae00000)
 concurrent-mark-sweep perm gen total 31232K, used 31031K [0x00000007fae00000, 0x00000007fcc80000, 0x0000000800000000)
2016-05-08T22:19:48.151+0500: 12912.858: [GC2016-05-08T22:19:48.152+0500: 12912.858: [ParNew
Desired survivor size 20112992 bytes, new threshold 8 (max 8)
- age   1:    2009472 bytes,    2009472 total
- age   2:      14640 bytes,    2024112 total
- age   3:       6968 bytes,    2031080 total
- age   4:      15880 bytes,    2046960 total
- age   5:       5040 bytes,    2052000 total
- age   6:       6272 bytes,    2058272 total
- age   7:       4264 bytes,    2062536 total
- age   8:       4920 bytes,    2067456 total
: 90106K->3017K(109248K), 0.0099660 secs] 104572K->17487K(502464K), 0.0102550 secs] [Times: user=0.02 sys=0.00, real=0.01 secs] 
Heap after GC invocations=81 (full 0):
 par new generation   total 109248K, used 3017K [0x00000007dae00000, 0x00000007e2e00000, 0x00000007e2e00000)
  eden space 87424K,   0% used [0x00000007dae00000, 0x00000007dae00000, 0x00000007e0360000)
  from space 21824K,  13% used [0x00000007e18b0000, 0x00000007e1ba2760, 0x00000007e2e00000)
  to   space 21824K,   0% used [0x00000007e0360000, 0x00000007e0360000, 0x00000007e18b0000)
 concurrent mark-sweep generation total 393216K, used 14469K [0x00000007e2e00000, 0x00000007fae00000, 0x00000007fae00000)
 concurrent-mark-sweep perm gen total 31232K, used 31031K [0x00000007fae00000, 0x00000007fcc80000, 0x0000000800000000)
}
2016-05-08T22:19:48.162+0500: 12912.868: Total time for which application threads were stopped: 0.0113210 seconds
{Heap before GC invocations=81 (full 0):
 par new generation   total 109248K, used 90441K [0x00000007dae00000, 0x00000007e2e00000, 0x00000007e2e00000)
  eden space 87424K, 100% used [0x00000007dae00000, 0x00000007e0360000, 0x00000007e0360000)
  from space 21824K,  13% used [0x00000007e18b0000, 0x00000007e1ba2760, 0x00000007e2e00000)
  to   space 21824K,   0% used [0x00000007e0360000, 0x00000007e0360000, 0x00000007e18b0000)
 concurrent mark-sweep generation total 393216K, used 14469K [0x00000007e2e00000, 0x00000007fae00000, 0x00000007fae00000)
 concurrent-mark-sweep perm gen total 31232K, used 31031K [0x00000007fae00000, 0x00000007fcc80000, 0x0000000800000000)
2016-05-08T22:19:48.647+0500: 12913.354: [GC2016-05-08T22:19:48.647+0500: 12913.354: [ParNew
Desired survivor size 20112992 bytes, new threshold 8 (max 8)
- age   1:    2283408 bytes,    2283408 total
- age   2:       9880 bytes,    2293288 total
- age   3:       5504 bytes,    2298792 total
- age   4:       6968 bytes,    2305760 total
- age   5:      15880 bytes,    2321640 total
- age   6:       5040 bytes,    2326680 total
- age   7:       6272 bytes,    2332952 total
- age   8:       4264 bytes,    2337216 total
: 90441K->2734K(109248K), 0.0185180 secs] 104911K->17209K(502464K), 0.0186480 secs] [Times: user=0.02 sys=0.00, real=0.02 secs] 
Heap after GC invocations=82 (full 0):
 par new generation   total 109248K, used 2734K [0x00000007dae00000, 0x00000007e2e00000, 0x00000007e2e00000)
  eden space 87424K,   0% used [0x00000007dae00000, 0x00000007dae00000, 0x00000007e0360000)
  from space 21824K,  12% used [0x00000007e0360000, 0x00000007e060bb38, 0x00000007e18b0000)
  to   space 21824K,   0% used [0x00000007e18b0000, 0x00000007e18b0000, 0x00000007e2e00000)
 concurrent mark-sweep generation total 393216K, used 14474K [0x00000007e2e00000, 0x00000007fae00000, 0x00000007fae00000)
 concurrent-mark-sweep perm gen total 31232K, used 31031K [0x00000007fae00000, 0x00000007fcc80000, 0x0000000800000000)
}
2016-05-08T22:19:48.666+0500: 12913.372: Total time for which application threads were stopped: 0.0188990 seconds
{Heap before GC invocations=82 (full 0):
 par new generation   total 109248K, used 90158K [0x00000007dae00000, 0x00000007e2e00000, 0x00000007e2e00000)
  eden space 87424K, 100% used [0x00000007dae00000, 0x00000007e0360000, 0x00000007e0360000)
  from space 21824K,  12% used [0x00000007e0360000, 0x00000007e060bb38, 0x00000007e18b0000)
  to   space 21824K,   0% used [0x00000007e18b0000, 0x00000007e18b0000, 0x00000007e2e00000)
 concurrent mark-sweep generation total 393216K, used 14474K [0x00000007e2e00000, 0x00000007fae00000, 0x00000007fae00000)
 concurrent-mark-sweep perm gen total 31232K, used 31033K [0x00000007fae00000, 0x00000007fcc80000, 0x0000000800000000)
2016-05-08T22:19:49.366+0500: 12914.072: [GC2016-05-08T22:19:49.366+0500: 12914.072: [ParNew
Desired survivor size 20112992 bytes, new threshold 8 (max 8)
- age   1:    1900400 bytes,    1900400 total
- age   2:      12608 bytes,    1913008 total
- age   3:       7024 bytes,    1920032 total
- age   4:       5504 bytes,    1925536 total
- age   5:       4688 bytes,    1930224 total
- age   6:      15880 bytes,    1946104 total
- age   7:       5040 bytes,    1951144 total
- age   8:       6272 bytes,    1957416 total
: 90158K->3095K(109248K), 0.0425430 secs] 104633K->17574K(502464K), 0.0426530 secs] [Times: user=0.01 sys=0.00, real=0.04 secs] 
Heap after GC invocations=83 (full 0):
 par new generation   total 109248K, used 3095K [0x00000007dae00000, 0x00000007e2e00000, 0x00000007e2e00000)
  eden space 87424K,   0% used [0x00000007dae00000, 0x00000007dae00000, 0x00000007e0360000)
  from space 21824K,  14% used [0x00000007e18b0000, 0x00000007e1bb5c80, 0x00000007e2e00000)
  to   space 21824K,   0% used [0x00000007e0360000, 0x00000007e0360000, 0x00000007e18b0000)
 concurrent mark-sweep generation total 393216K, used 14478K [0x00000007e2e00000, 0x00000007fae00000, 0x00000007fae00000)
 concurrent-mark-sweep perm gen total 31232K, used 31033K [0x00000007fae00000, 0x00000007fcc80000, 0x0000000800000000)
}
2016-05-08T22:19:49.409+0500: 12914.115: Total time for which application threads were stopped: 0.0437120 seconds
{Heap before GC invocations=83 (full 0):
 par new generation   total 109248K, used 90496K [0x00000007dae00000, 0x00000007e2e00000, 0x00000007e2e00000)
  eden space 87424K,  99% used [0x00000007dae00000, 0x00000007e035a540, 0x00000007e0360000)
  from space 21824K,  14% used [0x00000007e18b0000, 0x00000007e1bb5c80, 0x00000007e2e00000)
  to   space 21824K,   0% used [0x00000007e0360000, 0x00000007e0360000, 0x00000007e18b0000)
 concurrent mark-sweep generation total 393216K, used 14478K [0x00000007e2e00000, 0x00000007fae00000, 0x00000007fae00000)
 concurrent-mark-sweep perm gen total 31232K, used 31034K [0x00000007fae00000, 0x00000007fcc80000, 0x0000000800000000)
2016-05-08T22:19:50.140+0500: 12914.846: [GC2016-05-08T22:19:50.140+0500: 12914.846: [ParNew
Desired survivor size 20112992 bytes, new threshold 8 (max 8)
- age   1:    2709352 bytes,    2709352 total
- age   2:      33960 bytes,    2743312 total
- age   3:       4112 bytes,    2747424 total
- age   4:       7024 bytes,    2754448 total
- age   5:       5504 bytes,    2759952 total
- age   6:       4688 bytes,    2764640 total
- age   7:      15880 bytes,    2780520 total
- age   8:       5040 bytes,    2785560 total
: 90496K->3071K(109248K), 0.0403420 secs] 104975K->17556K(502464K), 0.0404790 secs] [Times: user=0.02 sys=0.00, real=0.04 secs] 
Heap after GC invocations=84 (full 0):
 par new generation   total 109248K, used 3071K [0x00000007dae00000, 0x00000007e2e00000, 0x00000007e2e00000)
  eden space 87424K,   0% used [0x00000007dae00000, 0x00000007dae00000, 0x00000007e0360000)
  from space 21824K,  14% used [0x00000007e0360000, 0x00000007e065ff50, 0x00000007e18b0000)
  to   space 21824K,   0% used [0x00000007e18b0000, 0x00000007e18b0000, 0x00000007e2e00000)
 concurrent mark-sweep generation total 393216K, used 14485K [0x00000007e2e00000, 0x00000007fae00000, 0x00000007fae00000)
 concurrent-mark-sweep perm gen total 31232K, used 31034K [0x00000007fae00000, 0x00000007fcc80000, 0x0000000800000000)
}
2016-05-08T22:19:50.181+0500: 12914.887: Total time for which application threads were stopped: 0.0414710 seconds
{Heap before GC invocations=84 (full 0):
 par new generation   total 109248K, used 90495K [0x00000007dae00000, 0x00000007e2e00000, 0x00000007e2e00000)
  eden space 87424K, 100% used [0x00000007dae00000, 0x00000007e0360000, 0x00000007e0360000)
  from space 21824K,  14% used [0x00000007e0360000, 0x00000007e065ff50, 0x00000007e18b0000)
  to   space 21824K,   0% used [0x00000007e18b0000, 0x00000007e18b0000, 0x00000007e2e00000)
 concurrent mark-sweep generation total 393216K, used 14485K [0x00000007e2e00000, 0x00000007fae00000, 0x00000007fae00000)
 concurrent-mark-sweep perm gen total 31232K, used 31034K [0x00000007fae00000, 0x00000007fcc80000, 0x0000000800000000)
2016-05-08T22:19:50.739+0500: 12915.445: [GC2016-05-08T22:19:50.739+0500: 12915.445: [ParNew
Desired survivor size 20112992 bytes, new threshold 8 (max 8)
- age   1:    1850256 bytes,    1850256 total
- age   2:       4848 bytes,    1855104 total
- age   3:       7128 bytes,    1862232 total
- age   4:       4112 bytes,    1866344 total
- age   5:       7024 bytes,    1873368 total
- age   6:       5504 bytes,    1878872 total
- age   7:       4688 bytes,    1883560 total
- age   8:      15880 bytes,    1899440 total
: 90495K->3050K(109248K), 0.0149580 secs] 104980K->17540K(502464K), 0.0150650 secs] [Times: user=0.01 sys=0.00, real=0.02 secs] 
Heap after GC invocations=85 (full 0):
 par new generation   total 109248K, used 3050K [0x00000007dae00000, 0x00000007e2e00000, 0x00000007e2e00000)
  eden space 87424K,   0% used [0x00000007dae00000, 0x00000007dae00000, 0x00000007e0360000)
  from space 21824K,  13% used [0x00000007e18b0000, 0x00000007e1baa9b0, 0x00000007e2e00000)
  to   space 21824K,   0% used [0x00000007e0360000, 0x00000007e0360000, 0x00000007e18b0000)
 concurrent mark-sweep generation total 393216K, used 14490K [0x00000007e2e00000, 0x00000007fae00000, 0x00000007fae00000)
 concurrent-mark-sweep perm gen total 31232K, used 31034K [0x00000007fae00000, 0x00000007fcc80000, 0x0000000800000000)
}
2016-05-08T22:19:50.754+0500: 12915.460: Total time for which application threads were stopped: 0.0162510 seconds
{Heap before GC invocations=85 (full 0):
 par new generation   total 109248K, used 90474K [0x00000007dae00000, 0x00000007e2e00000, 0x00000007e2e00000)
  eden space 87424K, 100% used [0x00000007dae00000, 0x00000007e0360000, 0x00000007e0360000)
  from space 21824K,  13% used [0x00000007e18b0000, 0x00000007e1baa9b0, 0x00000007e2e00000)
  to   space 21824K,   0% used [0x00000007e0360000, 0x00000007e0360000, 0x00000007e18b0000)
 concurrent mark-sweep generation total 393216K, used 14490K [0x00000007e2e00000, 0x00000007fae00000, 0x00000007fae00000)
 concurrent-mark-sweep perm gen total 31232K, used 31036K [0x00000007fae00000, 0x00000007fcc80000, 0x0000000800000000)
2016-05-08T22:19:51.364+0500: 12916.071: [GC2016-05-08T22:19:51.364+0500: 12916.071: [ParNew
Desired survivor size 20112992 bytes, new threshold 8 (max 8)
- age   1:    2275856 bytes,    2275856 total
- age   2:      22464 bytes,    2298320 total
- age   3:       3576 bytes,    2301896 total
- age   4:       7128 bytes,    2309024 total
- age   5:       4112 bytes,    2313136 total
- age   6:       7024 bytes,    2320160 total
- age   7:       5504 bytes,    2325664 total
- age   8:       4688 bytes,    2330352 total
: 90474K->2763K(109248K), 0.0245590 secs] 104964K->17268K(502464K), 0.0246760 secs] [Times: user=0.02 sys=0.00, real=0.02 secs] 
Heap after GC invocations=86 (full 0):
 par new generation   total 109248K, used 2763K [0x00000007dae00000, 0x00000007e2e00000, 0x00000007e2e00000)
  eden space 87424K,   0% used [0x00000007dae00000, 0x00000007dae00000, 0x00000007e0360000)
  from space 21824K,  12% used [0x00000007e0360000, 0x00000007e0612c80, 0x00000007e18b0000)
  to   space 21824K,   0% used [0x00000007e18b0000, 0x00000007e18b0000, 0x00000007e2e00000)
 concurrent mark-sweep generation total 393216K, used 14505K [0x00000007e2e00000, 0x00000007fae00000, 0x00000007fae00000)
 concurrent-mark-sweep perm gen total 31232K, used 31036K [0x00000007fae00000, 0x00000007fcc80000, 0x0000000800000000)
}
2016-05-08T22:19:51.389+0500: 12916.095: Total time for which application threads were stopped: 0.0255870 seconds
{Heap before GC invocations=86 (full 0):
 par new generation   total 109248K, used 90187K [0x00000007dae00000, 0x00000007e2e00000, 0x00000007e2e00000)
  eden space 87424K, 100% used [0x00000007dae00000, 0x00000007e0360000, 0x00000007e0360000)
  from space 21824K,  12% used [0x00000007e0360000, 0x00000007e0612c80, 0x00000007e18b0000)
  to   space 21824K,   0% used [0x00000007e18b0000, 0x00000007e18b0000, 0x00000007e2e00000)
 concurrent mark-sweep generation total 393216K, used 14505K [0x00000007e2e00000, 0x00000007fae00000, 0x00000007fae00000)
 concurrent-mark-sweep perm gen total 31232K, used 31037K [0x00000007fae00000, 0x00000007fcc80000, 0x0000000800000000)
2016-05-08T22:19:52.101+0500: 12916.807: [GC2016-05-08T22:19:52.101+0500: 12916.807: [ParNew
Desired survivor size 20112992 bytes, new threshold 8 (max 8)
- age   1:    1585288 bytes,    1585288 total
- age   2:       5152 bytes,    1590440 total
- age   3:       3936 bytes,    1594376 total
- age   4:       3576 bytes,    1597952 total
- age   5:       4848 bytes,    1602800 total
- age   6:       4112 bytes,    1606912 total
- age   7:       7024 bytes,    1613936 total
- age   8:       5504 bytes,    1619440 total
: 90187K->2085K(109248K), 0.0215880 secs] 104692K->16595K(502464K), 0.0217150 secs] [Times: user=0.01 sys=0.00, real=0.02 secs] 
Heap after GC invocations=87 (full 0):
 par new generation   total 109248K, used 2085K [0x00000007dae00000, 0x00000007e2e00000, 0x00000007e2e00000)
  eden space 87424K,   0% used [0x00000007dae00000, 0x00000007dae00000, 0x00000007e0360000)
  from space 21824K,   9% used [0x00000007e18b0000, 0x00000007e1ab9438, 0x00000007e2e00000)
  to   space 21824K,   0% used [0x00000007e0360000, 0x00000007e0360000, 0x00000007e18b0000)
 concurrent mark-sweep generation total 393216K, used 14510K [0x00000007e2e00000, 0x00000007fae00000, 0x00000007fae00000)
 concurrent-mark-sweep perm gen total 31232K, used 31037K [0x00000007fae00000, 0x00000007fcc80000, 0x0000000800000000)
}
2016-05-08T22:19:52.123+0500: 12916.829: Total time for which application threads were stopped: 0.0225030 seconds
{Heap before GC invocations=87 (full 0):
 par new generation   total 109248K, used 89509K [0x00000007dae00000, 0x00000007e2e00000, 0x00000007e2e00000)
  eden space 87424K, 100% used [0x00000007dae00000, 0x00000007e0360000, 0x00000007e0360000)
  from space 21824K,   9% used [0x00000007e18b0000, 0x00000007e1ab9438, 0x00000007e2e00000)
  to   space 21824K,   0% used [0x00000007e0360000, 0x00000007e0360000, 0x00000007e18b0000)
 concurrent mark-sweep generation total 393216K, used 14510K [0x00000007e2e00000, 0x00000007fae00000, 0x00000007fae00000)
 concurrent-mark-sweep perm gen total 31232K, used 31038K [0x00000007fae00000, 0x00000007fcc80000, 0x0000000800000000)
2016-05-08T22:19:52.916+0500: 12917.623: [GC2016-05-08T22:19:52.916+0500: 12917.623: [ParNew
Desired survivor size 20112992 bytes, new threshold 8 (max 8)
- age   1:    2060552 bytes,    2060552 total
- age   2:      16728 bytes,    2077280 total
- age   3:       3880 bytes,    2081160 total
- age   4:       3936 bytes,    2085096 total
- age   5:       3576 bytes,    2088672 total
- age   6:       4848 bytes,    2093520 total
- age   7:       4112 bytes,    2097632 total
- age   8:       7024 bytes,    2104656 total
: 89509K->2372K(109248K), 0.0279130 secs] 104019K->16888K(502464K), 0.0280160 secs] [Times: user=0.01 sys=0.00, real=0.03 secs] 
Heap after GC invocations=88 (full 0):
 par new generation   total 109248K, used 2372K [0x00000007dae00000, 0x00000007e2e00000, 0x00000007e2e00000)
  eden space 87424K,   0% used [0x00000007dae00000, 0x00000007dae00000, 0x00000007e0360000)
  from space 21824K,  10% used [0x00000007e0360000, 0x00000007e05b1188, 0x00000007e18b0000)
  to   space 21824K,   0% used [0x00000007e18b0000, 0x00000007e18b0000, 0x00000007e2e00000)
 concurrent mark-sweep generation total 393216K, used 14515K [0x00000007e2e00000, 0x00000007fae00000, 0x00000007fae00000)
 concurrent-mark-sweep perm gen total 31232K, used 31038K [0x00000007fae00000, 0x00000007fcc80000, 0x0000000800000000)
}
2016-05-08T22:19:52.944+0500: 12917.651: Total time for which application threads were stopped: 0.0287830 seconds
{Heap before GC invocations=88 (full 0):
 par new generation   total 109248K, used 89796K [0x00000007dae00000, 0x00000007e2e00000, 0x00000007e2e00000)
  eden space 87424K, 100% used [0x00000007dae00000, 0x00000007e0360000, 0x00000007e0360000)
  from space 21824K,  10% used [0x00000007e0360000, 0x00000007e05b1188, 0x00000007e18b0000)
  to   space 21824K,   0% used [0x00000007e18b0000, 0x00000007e18b0000, 0x00000007e2e00000)
 concurrent mark-sweep generation total 393216K, used 14515K [0x00000007e2e00000, 0x00000007fae00000, 0x00000007fae00000)
 concurrent-mark-sweep perm gen total 31232K, used 31038K [0x00000007fae00000, 0x00000007fcc80000, 0x0000000800000000)
2016-05-08T22:19:53.519+0500: 12918.225: [GC2016-05-08T22:19:53.519+0500: 12918.225: [ParNew
Desired survivor size 20112992 bytes, new threshold 8 (max 8)
- age   1:    2288144 bytes,    2288144 total
- age   2:       5592 bytes,    2293736 total
- age   3:       5856 bytes,    2299592 total
- age   4:       3880 bytes,    2303472 total
- age   5:       3936 bytes,    2307408 total
- age   6:       3576 bytes,    2310984 total
- age   7:       4848 bytes,    2315832 total
- age   8:       4088 bytes,    2319920 total
: 89796K->3143K(109248K), 0.0192190 secs] 104312K->17666K(502464K), 0.0193640 secs] [Times: user=0.02 sys=0.00, real=0.02 secs] 
Heap after GC invocations=89 (full 0):
 par new generation   total 109248K, used 3143K [0x00000007dae00000, 0x00000007e2e00000, 0x00000007e2e00000)
  eden space 87424K,   0% used [0x00000007dae00000, 0x00000007dae00000, 0x00000007e0360000)
  from space 21824K,  14% used [0x00000007e18b0000, 0x00000007e1bc1de0, 0x00000007e2e00000)
  to   space 21824K,   0% used [0x00000007e0360000, 0x00000007e0360000, 0x00000007e18b0000)
 concurrent mark-sweep generation total 393216K, used 14522K [0x00000007e2e00000, 0x00000007fae00000, 0x00000007fae00000)
 concurrent-mark-sweep perm gen total 31232K, used 31038K [0x00000007fae00000, 0x00000007fcc80000, 0x0000000800000000)
}
2016-05-08T22:19:53.538+0500: 12918.245: Total time for which application threads were stopped: 0.0202280 seconds
{Heap before GC invocations=89 (full 0):
 par new generation   total 109248K, used 90567K [0x00000007dae00000, 0x00000007e2e00000, 0x00000007e2e00000)
  eden space 87424K, 100% used [0x00000007dae00000, 0x00000007e0360000, 0x00000007e0360000)
  from space 21824K,  14% used [0x00000007e18b0000, 0x00000007e1bc1de0, 0x00000007e2e00000)
  to   space 21824K,   0% used [0x00000007e0360000, 0x00000007e0360000, 0x00000007e18b0000)
 concurrent mark-sweep generation total 393216K, used 14522K [0x00000007e2e00000, 0x00000007fae00000, 0x00000007fae00000)
 concurrent-mark-sweep perm gen total 31232K, used 31039K [0x00000007fae00000, 0x00000007fcc80000, 0x0000000800000000)
2016-05-08T22:19:53.971+0500: 12918.678: [GC2016-05-08T22:19:53.972+0500: 12918.678: [ParNew
Desired survivor size 20112992 bytes, new threshold 8 (max 8)
- age   1:    2737144 bytes,    2737144 total
- age   2:      35232 bytes,    2772376 total
- age   3:       4384 bytes,    2776760 total
- age   4:       5856 bytes,    2782616 total
- age   5:       3880 bytes,    2786496 total
- age   6:       3936 bytes,    2790432 total
- age   7:       3576 bytes,    2794008 total
- age   8:       4848 bytes,    2798856 total
: 90567K->3455K(109248K), 0.0233650 secs] 105090K->17982K(502464K), 0.0234670 secs] [Times: user=0.01 sys=0.00, real=0.02 secs] 
Heap after GC invocations=90 (full 0):
 par new generation   total 109248K, used 3455K [0x00000007dae00000, 0x00000007e2e00000, 0x00000007e2e00000)
  eden space 87424K,   0% used [0x00000007dae00000, 0x00000007dae00000, 0x00000007e0360000)
  from space 21824K,  15% used [0x00000007e0360000, 0x00000007e06bfce0, 0x00000007e18b0000)
  to   space 21824K,   0% used [0x00000007e18b0000, 0x00000007e18b0000, 0x00000007e2e00000)
 concurrent mark-sweep generation total 393216K, used 14526K [0x00000007e2e00000, 0x00000007fae00000, 0x00000007fae00000)
 concurrent-mark-sweep perm gen total 31232K, used 31039K [0x00000007fae00000, 0x00000007fcc80000, 0x0000000800000000)
}
2016-05-08T22:19:53.995+0500: 12918.701: Total time for which application threads were stopped: 0.0237530 seconds
{Heap before GC invocations=90 (full 0):
 par new generation   total 109248K, used 90879K [0x00000007dae00000, 0x00000007e2e00000, 0x00000007e2e00000)
  eden space 87424K, 100% used [0x00000007dae00000, 0x00000007e0360000, 0x00000007e0360000)
  from space 21824K,  15% used [0x00000007e0360000, 0x00000007e06bfce0, 0x00000007e18b0000)
  to   space 21824K,   0% used [0x00000007e18b0000, 0x00000007e18b0000, 0x00000007e2e00000)
 concurrent mark-sweep generation total 393216K, used 14526K [0x00000007e2e00000, 0x00000007fae00000, 0x00000007fae00000)
 concurrent-mark-sweep perm gen total 31232K, used 31042K [0x00000007fae00000, 0x00000007fcc80000, 0x0000000800000000)
2016-05-08T22:19:54.830+0500: 12919.536: [GC2016-05-08T22:19:54.830+0500: 12919.536: [ParNew
Desired survivor size 20112992 bytes, new threshold 8 (max 8)
- age   1:    1824552 bytes,    1824552 total
- age   2:      14288 bytes,    1838840 total
- age   3:       3648 bytes,    1842488 total
- age   4:       4384 bytes,    1846872 total
- age   5:       3576 bytes,    1850448 total
- age   6:       3880 bytes,    1854328 total
- age   7:       3936 bytes,    1858264 total
- age   8:       3552 bytes,    1861816 total
: 90879K->2731K(109248K), 0.0111400 secs] 105406K->17263K(502464K), 0.0114150 secs] [Times: user=0.02 sys=0.01, real=0.01 secs] 
Heap after GC invocations=91 (full 0):
 par new generation   total 109248K, used 2731K [0x00000007dae00000, 0x00000007e2e00000, 0x00000007e2e00000)
  eden space 87424K,   0% used [0x00000007dae00000, 0x00000007dae00000, 0x00000007e0360000)
  from space 21824K,  12% used [0x00000007e18b0000, 0x00000007e1b5aed0, 0x00000007e2e00000)
  to   space 21824K,   0% used [0x00000007e0360000, 0x00000007e0360000, 0x00000007e18b0000)
 concurrent mark-sweep generation total 393216K, used 14531K [0x00000007e2e00000, 0x00000007fae00000, 0x00000007fae00000)
 concurrent-mark-sweep perm gen total 31232K, used 31042K [0x00000007fae00000, 0x00000007fcc80000, 0x0000000800000000)
}
2016-05-08T22:19:54.841+0500: 12919.547: Total time for which application threads were stopped: 0.0119600 seconds
{Heap before GC invocations=91 (full 0):
 par new generation   total 109248K, used 90142K [0x00000007dae00000, 0x00000007e2e00000, 0x00000007e2e00000)
  eden space 87424K,  99% used [0x00000007dae00000, 0x00000007e035cc50, 0x00000007e0360000)
  from space 21824K,  12% used [0x00000007e18b0000, 0x00000007e1b5aed0, 0x00000007e2e00000)
  to   space 21824K,   0% used [0x00000007e0360000, 0x00000007e0360000, 0x00000007e18b0000)
 concurrent mark-sweep generation total 393216K, used 14531K [0x00000007e2e00000, 0x00000007fae00000, 0x00000007fae00000)
 concurrent-mark-sweep perm gen total 31232K, used 31042K [0x00000007fae00000, 0x00000007fcc80000, 0x0000000800000000)
2016-05-08T22:19:55.542+0500: 12920.249: [GC2016-05-08T22:19:55.542+0500: 12920.249: [ParNew
Desired survivor size 20112992 bytes, new threshold 8 (max 8)
- age   1:    2230096 bytes,    2230096 total
- age   2:      12968 bytes,    2243064 total
- age   3:       3216 bytes,    2246280 total
- age   4:       3648 bytes,    2249928 total
- age   5:       4384 bytes,    2254312 total
- age   6:       3576 bytes,    2257888 total
- age   7:       3880 bytes,    2261768 total
- age   8:       3936 bytes,    2265704 total
: 90142K->2670K(109248K), 0.0323380 secs] 104674K->17205K(502464K), 0.0324410 secs] [Times: user=0.01 sys=0.00, real=0.03 secs] 
Heap after GC invocations=92 (full 0):
 par new generation   total 109248K, used 2670K [0x00000007dae00000, 0x00000007e2e00000, 0x00000007e2e00000)
  eden space 87424K,   0% used [0x00000007dae00000, 0x00000007dae00000, 0x00000007e0360000)
  from space 21824K,  12% used [0x00000007e0360000, 0x00000007e05fb830, 0x00000007e18b0000)
  to   space 21824K,   0% used [0x00000007e18b0000, 0x00000007e18b0000, 0x00000007e2e00000)
 concurrent mark-sweep generation total 393216K, used 14534K [0x00000007e2e00000, 0x00000007fae00000, 0x00000007fae00000)
 concurrent-mark-sweep perm gen total 31232K, used 31042K [0x00000007fae00000, 0x00000007fcc80000, 0x0000000800000000)
}
2016-05-08T22:19:55.575+0500: 12920.281: Total time for which application threads were stopped: 0.0328350 seconds
{Heap before GC invocations=92 (full 0):
 par new generation   total 109248K, used 90090K [0x00000007dae00000, 0x00000007e2e00000, 0x00000007e2e00000)
  eden space 87424K,  99% used [0x00000007dae00000, 0x00000007e035f0e0, 0x00000007e0360000)
  from space 21824K,  12% used [0x00000007e0360000, 0x00000007e05fb830, 0x00000007e18b0000)
  to   space 21824K,   0% used [0x00000007e18b0000, 0x00000007e18b0000, 0x00000007e2e00000)
 concurrent mark-sweep generation total 393216K, used 14534K [0x00000007e2e00000, 0x00000007fae00000, 0x00000007fae00000)
 concurrent-mark-sweep perm gen total 31232K, used 31044K [0x00000007fae00000, 0x00000007fcc80000, 0x0000000800000000)
2016-05-08T22:19:56.067+0500: 12920.774: [GC2016-05-08T22:19:56.067+0500: 12920.774: [ParNew
Desired survivor size 20112992 bytes, new threshold 8 (max 8)
- age   1:    2607784 bytes,    2607784 total
- age   2:      50208 bytes,    2657992 total
- age   3:      11608 bytes,    2669600 total
- age   4:       3192 bytes,    2672792 total
- age   5:       3648 bytes,    2676440 total
- age   6:       4384 bytes,    2680824 total
- age   7:       3552 bytes,    2684376 total
- age   8:       3880 bytes,    2688256 total
: 90090K->3267K(109248K), 0.0201060 secs] 104625K->17805K(502464K), 0.0202520 secs] [Times: user=0.01 sys=0.00, real=0.02 secs] 
Heap after GC invocations=93 (full 0):
 par new generation   total 109248K, used 3267K [0x00000007dae00000, 0x00000007e2e00000, 0x00000007e2e00000)
  eden space 87424K,   0% used [0x00000007dae00000, 0x00000007dae00000, 0x00000007e0360000)
  from space 21824K,  14% used [0x00000007e18b0000, 0x00000007e1be0c58, 0x00000007e2e00000)
  to   space 21824K,   0% used [0x00000007e0360000, 0x00000007e0360000, 0x00000007e18b0000)
 concurrent mark-sweep generation total 393216K, used 14538K [0x00000007e2e00000, 0x00000007fae00000, 0x00000007fae00000)
 concurrent-mark-sweep perm gen total 31232K, used 31044K [0x00000007fae00000, 0x00000007fcc80000, 0x0000000800000000)
}
2016-05-08T22:19:56.088+0500: 12920.794: Total time for which application threads were stopped: 0.0207770 seconds
{Heap before GC invocations=93 (full 0):
 par new generation   total 109248K, used 90691K [0x00000007dae00000, 0x00000007e2e00000, 0x00000007e2e00000)
  eden space 87424K, 100% used [0x00000007dae00000, 0x00000007e0360000, 0x00000007e0360000)
  from space 21824K,  14% used [0x00000007e18b0000, 0x00000007e1be0c58, 0x00000007e2e00000)
  to   space 21824K,   0% used [0x00000007e0360000, 0x00000007e0360000, 0x00000007e18b0000)
 concurrent mark-sweep generation total 393216K, used 14538K [0x00000007e2e00000, 0x00000007fae00000, 0x00000007fae00000)
 concurrent-mark-sweep perm gen total 31232K, used 31044K [0x00000007fae00000, 0x00000007fcc80000, 0x0000000800000000)
2016-05-08T22:19:56.561+0500: 12921.267: [GC2016-05-08T22:19:56.561+0500: 12921.267: [ParNew
Desired survivor size 20112992 bytes, new threshold 8 (max 8)
- age   1:    1759080 bytes,    1759080 total
- age   2:       5336 bytes,    1764416 total
- age   3:      21000 bytes,    1785416 total
- age   4:      11608 bytes,    1797024 total
- age   5:       3192 bytes,    1800216 total
- age   6:       3648 bytes,    1803864 total
- age   7:       4384 bytes,    1808248 total
- age   8:       3528 bytes,    1811776 total
: 90691K->2348K(109248K), 0.0102520 secs] 105229K->16890K(502464K), 0.0103490 secs] [Times: user=0.01 sys=0.00, real=0.01 secs] 
Heap after GC invocations=94 (full 0):
 par new generation   total 109248K, used 2348K [0x00000007dae00000, 0x00000007e2e00000, 0x00000007e2e00000)
  eden space 87424K,   0% used [0x00000007dae00000, 0x00000007dae00000, 0x00000007e0360000)
  from space 21824K,  10% used [0x00000007e0360000, 0x00000007e05ab148, 0x00000007e18b0000)
  to   space 21824K,   0% used [0x00000007e18b0000, 0x00000007e18b0000, 0x00000007e2e00000)
 concurrent mark-sweep generation total 393216K, used 14542K [0x00000007e2e00000, 0x00000007fae00000, 0x00000007fae00000)
 concurrent-mark-sweep perm gen total 31232K, used 31044K [0x00000007fae00000, 0x00000007fcc80000, 0x0000000800000000)
}
2016-05-08T22:19:56.571+0500: 12921.278: Total time for which application threads were stopped: 0.0106060 seconds
{Heap before GC invocations=94 (full 0):
 par new generation   total 109248K, used 89756K [0x00000007dae00000, 0x00000007e2e00000, 0x00000007e2e00000)
  eden space 87424K,  99% used [0x00000007dae00000, 0x00000007e035c060, 0x00000007e0360000)
  from space 21824K,  10% used [0x00000007e0360000, 0x00000007e05ab148, 0x00000007e18b0000)
  to   space 21824K,   0% used [0x00000007e18b0000, 0x00000007e18b0000, 0x00000007e2e00000)
 concurrent mark-sweep generation total 393216K, used 14542K [0x00000007e2e00000, 0x00000007fae00000, 0x00000007fae00000)
 concurrent-mark-sweep perm gen total 31232K, used 31045K [0x00000007fae00000, 0x00000007fcc80000, 0x0000000800000000)
2016-05-08T22:19:57.393+0500: 12922.100: [GC2016-05-08T22:19:57.393+0500: 12922.100: [ParNew
Desired survivor size 20112992 bytes, new threshold 8 (max 8)
- age   1:    2233760 bytes,    2233760 total
- age   2:      21792 bytes,    2255552 total
- age   3:       4064 bytes,    2259616 total
- age   4:      20976 bytes,    2280592 total
- age   5:       9328 bytes,    2289920 total
- age   6:       3192 bytes,    2293112 total
- age   7:       3648 bytes,    2296760 total
- age   8:       4384 bytes,    2301144 total
: 89756K->2613K(109248K), 0.0100300 secs] 104298K->17159K(502464K), 0.0101380 secs] [Times: user=0.01 sys=0.00, real=0.01 secs] 
Heap after GC invocations=95 (full 0):
 par new generation   total 109248K, used 2613K [0x00000007dae00000, 0x00000007e2e00000, 0x00000007e2e00000)
  eden space 87424K,   0% used [0x00000007dae00000, 0x00000007dae00000, 0x00000007e0360000)
  from space 21824K,  11% used [0x00000007e18b0000, 0x00000007e1b3d750, 0x00000007e2e00000)
  to   space 21824K,   0% used [0x00000007e0360000, 0x00000007e0360000, 0x00000007e18b0000)
 concurrent mark-sweep generation total 393216K, used 14546K [0x00000007e2e00000, 0x00000007fae00000, 0x00000007fae00000)
 concurrent-mark-sweep perm gen total 31232K, used 31045K [0x00000007fae00000, 0x00000007fcc80000, 0x0000000800000000)
}
2016-05-08T22:19:57.404+0500: 12922.110: Total time for which application threads were stopped: 0.0105700 seconds
{Heap before GC invocations=95 (full 0):
 par new generation   total 109248K, used 90037K [0x00000007dae00000, 0x00000007e2e00000, 0x00000007e2e00000)
  eden space 87424K, 100% used [0x00000007dae00000, 0x00000007e0360000, 0x00000007e0360000)
  from space 21824K,  11% used [0x00000007e18b0000, 0x00000007e1b3d750, 0x00000007e2e00000)
  to   space 21824K,   0% used [0x00000007e0360000, 0x00000007e0360000, 0x00000007e18b0000)
 concurrent mark-sweep generation total 393216K, used 14546K [0x00000007e2e00000, 0x00000007fae00000, 0x00000007fae00000)
 concurrent-mark-sweep perm gen total 31232K, used 31046K [0x00000007fae00000, 0x00000007fcc80000, 0x0000000800000000)
2016-05-08T22:19:57.860+0500: 12922.566: [GC2016-05-08T22:19:57.860+0500: 12922.566: [ParNew
Desired survivor size 20112992 bytes, new threshold 8 (max 8)
- age   1:    2669472 bytes,    2669472 total
- age   2:      11128 bytes,    2680600 total
- age   3:       3792 bytes,    2684392 total
- age   4:       3408 bytes,    2687800 total
- age   5:      20976 bytes,    2708776 total
- age   6:       9304 bytes,    2718080 total
- age   7:       3192 bytes,    2721272 total
- age   8:       3648 bytes,    2724920 total
: 90037K->3313K(109248K), 0.0193090 secs] 104583K->17864K(502464K), 0.0194170 secs] [Times: user=0.02 sys=0.00, real=0.01 secs] 
Heap after GC invocations=96 (full 0):
 par new generation   total 109248K, used 3313K [0x00000007dae00000, 0x00000007e2e00000, 0x00000007e2e00000)
  eden space 87424K,   0% used [0x00000007dae00000, 0x00000007dae00000, 0x00000007e0360000)
  from space 21824K,  15% used [0x00000007e0360000, 0x00000007e069c7a0, 0x00000007e18b0000)
  to   space 21824K,   0% used [0x00000007e18b0000, 0x00000007e18b0000, 0x00000007e2e00000)
 concurrent mark-sweep generation total 393216K, used 14550K [0x00000007e2e00000, 0x00000007fae00000, 0x00000007fae00000)
 concurrent-mark-sweep perm gen total 31232K, used 31046K [0x00000007fae00000, 0x00000007fcc80000, 0x0000000800000000)
}
2016-05-08T22:19:57.879+0500: 12922.585: Total time for which application threads were stopped: 0.0197590 seconds
{Heap before GC invocations=96 (full 0):
 par new generation   total 109248K, used 90737K [0x00000007dae00000, 0x00000007e2e00000, 0x00000007e2e00000)
  eden space 87424K, 100% used [0x00000007dae00000, 0x00000007e0360000, 0x00000007e0360000)
  from space 21824K,  15% used [0x00000007e0360000, 0x00000007e069c7a0, 0x00000007e18b0000)
  to   space 21824K,   0% used [0x00000007e18b0000, 0x00000007e18b0000, 0x00000007e2e00000)
 concurrent mark-sweep generation total 393216K, used 14550K [0x00000007e2e00000, 0x00000007fae00000, 0x00000007fae00000)
 concurrent-mark-sweep perm gen total 31232K, used 31046K [0x00000007fae00000, 0x00000007fcc80000, 0x0000000800000000)
2016-05-08T22:19:58.300+0500: 12923.007: [GC2016-05-08T22:19:58.300+0500: 12923.007: [ParNew
Desired survivor size 20112992 bytes, new threshold 8 (max 8)
- age   1:    2903264 bytes,    2903264 total
- age   2:      39696 bytes,    2942960 total
- age   3:       6192 bytes,    2949152 total
- age   4:       3792 bytes,    2952944 total
- age   5:       3384 bytes,    2956328 total
- age   6:      19632 bytes,    2975960 total
- age   7:       9280 bytes,    2985240 total
- age   8:       3144 bytes,    2988384 total
: 90737K->3515K(109248K), 0.0215660 secs] 105288K->18069K(502464K), 0.0216930 secs] [Times: user=0.02 sys=0.00, real=0.02 secs] 
Heap after GC invocations=97 (full 0):
 par new generation   total 109248K, used 3515K [0x00000007dae00000, 0x00000007e2e00000, 0x00000007e2e00000)
  eden space 87424K,   0% used [0x00000007dae00000, 0x00000007dae00000, 0x00000007e0360000)
  from space 21824K,  16% used [0x00000007e18b0000, 0x00000007e1c1ed30, 0x00000007e2e00000)
  to   space 21824K,   0% used [0x00000007e0360000, 0x00000007e0360000, 0x00000007e18b0000)
 concurrent mark-sweep generation total 393216K, used 14553K [0x00000007e2e00000, 0x00000007fae00000, 0x00000007fae00000)
 concurrent-mark-sweep perm gen total 31232K, used 31046K [0x00000007fae00000, 0x00000007fcc80000, 0x0000000800000000)
}
2016-05-08T22:19:58.322+0500: 12923.028: Total time for which application threads were stopped: 0.0220730 seconds
{Heap before GC invocations=97 (full 0):
 par new generation   total 109248K, used 90939K [0x00000007dae00000, 0x00000007e2e00000, 0x00000007e2e00000)
  eden space 87424K, 100% used [0x00000007dae00000, 0x00000007e0360000, 0x00000007e0360000)
  from space 21824K,  16% used [0x00000007e18b0000, 0x00000007e1c1ed30, 0x00000007e2e00000)
  to   space 21824K,   0% used [0x00000007e0360000, 0x00000007e0360000, 0x00000007e18b0000)
 concurrent mark-sweep generation total 393216K, used 14553K [0x00000007e2e00000, 0x00000007fae00000, 0x00000007fae00000)
 concurrent-mark-sweep perm gen total 31232K, used 31046K [0x00000007fae00000, 0x00000007fcc80000, 0x0000000800000000)
2016-05-08T22:19:58.910+0500: 12923.617: [GC2016-05-08T22:19:58.910+0500: 12923.617: [ParNew
Desired survivor size 20112992 bytes, new threshold 8 (max 8)
- age   1:    2079952 bytes,    2079952 total
- age   2:      19256 bytes,    2099208 total
- age   3:       3456 bytes,    2102664 total
- age   4:       6192 bytes,    2108856 total
- age   5:       3792 bytes,    2112648 total
- age   6:       3384 bytes,    2116032 total
- age   7:      19632 bytes,    2135664 total
- age   8:       9280 bytes,    2144944 total
: 90939K->3657K(109248K), 0.0188450 secs] 105493K->18214K(502464K), 0.0189520 secs] [Times: user=0.01 sys=0.00, real=0.01 secs] 
Heap after GC invocations=98 (full 0):
 par new generation   total 109248K, used 3657K [0x00000007dae00000, 0x00000007e2e00000, 0x00000007e2e00000)
  eden space 87424K,   0% used [0x00000007dae00000, 0x00000007dae00000, 0x00000007e0360000)
  from space 21824K,  16% used [0x00000007e0360000, 0x00000007e06f27e0, 0x00000007e18b0000)
  to   space 21824K,   0% used [0x00000007e18b0000, 0x00000007e18b0000, 0x00000007e2e00000)
 concurrent mark-sweep generation total 393216K, used 14556K [0x00000007e2e00000, 0x00000007fae00000, 0x00000007fae00000)
 concurrent-mark-sweep perm gen total 31232K, used 31046K [0x00000007fae00000, 0x00000007fcc80000, 0x0000000800000000)
}
2016-05-08T22:19:58.929+0500: 12923.636: Total time for which application threads were stopped: 0.0193810 seconds
{Heap before GC invocations=98 (full 0):
 par new generation   total 109248K, used 91081K [0x00000007dae00000, 0x00000007e2e00000, 0x00000007e2e00000)
  eden space 87424K, 100% used [0x00000007dae00000, 0x00000007e0360000, 0x00000007e0360000)
  from space 21824K,  16% used [0x00000007e0360000, 0x00000007e06f27e0, 0x00000007e18b0000)
  to   space 21824K,   0% used [0x00000007e18b0000, 0x00000007e18b0000, 0x00000007e2e00000)
 concurrent mark-sweep generation total 393216K, used 14556K [0x00000007e2e00000, 0x00000007fae00000, 0x00000007fae00000)
 concurrent-mark-sweep perm gen total 31232K, used 31048K [0x00000007fae00000, 0x00000007fcc80000, 0x0000000800000000)
2016-05-08T22:19:59.392+0500: 12924.098: [GC2016-05-08T22:19:59.392+0500: 12924.098: [ParNew
Desired survivor size 20112992 bytes, new threshold 8 (max 8)
- age   1:    2252808 bytes,    2252808 total
- age   2:      27072 bytes,    2279880 total
- age   3:       4192 bytes,    2284072 total
- age   4:       3456 bytes,    2287528 total
- age   5:       6168 bytes,    2293696 total
- age   6:       3792 bytes,    2297488 total
- age   7:       3384 bytes,    2300872 total
- age   8:      19632 bytes,    2320504 total
: 91081K->3000K(109248K), 0.0100180 secs] 105638K->17566K(502464K), 0.0101540 secs] [Times: user=0.02 sys=0.00, real=0.01 secs] 
Heap after GC invocations=99 (full 0):
 par new generation   total 109248K, used 3000K [0x00000007dae00000, 0x00000007e2e00000, 0x00000007e2e00000)
  eden space 87424K,   0% used [0x00000007dae00000, 0x00000007dae00000, 0x00000007e0360000)
  from space 21824K,  13% used [0x00000007e18b0000, 0x00000007e1b9e360, 0x00000007e2e00000)
  to   space 21824K,   0% used [0x00000007e0360000, 0x00000007e0360000, 0x00000007e18b0000)
 concurrent mark-sweep generation total 393216K, used 14565K [0x00000007e2e00000, 0x00000007fae00000, 0x00000007fae00000)
 concurrent-mark-sweep perm gen total 31232K, used 31048K [0x00000007fae00000, 0x00000007fcc80000, 0x0000000800000000)
}
2016-05-08T22:19:59.402+0500: 12924.108: Total time for which application threads were stopped: 0.0105150 seconds
{Heap before GC invocations=99 (full 0):
 par new generation   total 109248K, used 90424K [0x00000007dae00000, 0x00000007e2e00000, 0x00000007e2e00000)
  eden space 87424K, 100% used [0x00000007dae00000, 0x00000007e0360000, 0x00000007e0360000)
  from space 21824K,  13% used [0x00000007e18b0000, 0x00000007e1b9e360, 0x00000007e2e00000)
  to   space 21824K,   0% used [0x00000007e0360000, 0x00000007e0360000, 0x00000007e18b0000)
 concurrent mark-sweep generation total 393216K, used 14565K [0x00000007e2e00000, 0x00000007fae00000, 0x00000007fae00000)
 concurrent-mark-sweep perm gen total 31232K, used 31050K [0x00000007fae00000, 0x00000007fcc80000, 0x0000000800000000)
2016-05-08T22:20:00.220+0500: 12924.927: [GC2016-05-08T22:20:00.221+0500: 12924.927: [ParNew
Desired survivor size 20112992 bytes, new threshold 8 (max 8)
- age   1:    2688944 bytes,    2688944 total
- age   2:      30752 bytes,    2719696 total
- age   3:       6912 bytes,    2726608 total
- age   4:       4168 bytes,    2730776 total
- age   5:       3456 bytes,    2734232 total
- age   6:       6144 bytes,    2740376 total
- age   7:       3792 bytes,    2744168 total
- age   8:       3360 bytes,    2747528 total
: 90424K->3493K(109248K), 0.0818490 secs] 104990K->18078K(502464K), 0.0821650 secs] [Times: user=0.06 sys=0.00, real=0.08 secs] 
Heap after GC invocations=100 (full 0):
 par new generation   total 109248K, used 3493K [0x00000007dae00000, 0x00000007e2e00000, 0x00000007e2e00000)
  eden space 87424K,   0% used [0x00000007dae00000, 0x00000007dae00000, 0x00000007e0360000)
  from space 21824K,  16% used [0x00000007e0360000, 0x00000007e06c95d8, 0x00000007e18b0000)
  to   space 21824K,   0% used [0x00000007e18b0000, 0x00000007e18b0000, 0x00000007e2e00000)
 concurrent mark-sweep generation total 393216K, used 14585K [0x00000007e2e00000, 0x00000007fae00000, 0x00000007fae00000)
 concurrent-mark-sweep perm gen total 31232K, used 31050K [0x00000007fae00000, 0x00000007fcc80000, 0x0000000800000000)
}
2016-05-08T22:20:00.303+0500: 12925.009: Total time for which application threads were stopped: 0.0825870 seconds
{Heap before GC invocations=100 (full 0):
 par new generation   total 109248K, used 90917K [0x00000007dae00000, 0x00000007e2e00000, 0x00000007e2e00000)
  eden space 87424K, 100% used [0x00000007dae00000, 0x00000007e0360000, 0x00000007e0360000)
  from space 21824K,  16% used [0x00000007e0360000, 0x00000007e06c95d8, 0x00000007e18b0000)
  to   space 21824K,   0% used [0x00000007e18b0000, 0x00000007e18b0000, 0x00000007e2e00000)
 concurrent mark-sweep generation total 393216K, used 14585K [0x00000007e2e00000, 0x00000007fae00000, 0x00000007fae00000)
 concurrent-mark-sweep perm gen total 31232K, used 31052K [0x00000007fae00000, 0x00000007fcc80000, 0x0000000800000000)
2016-05-08T22:20:00.971+0500: 12925.678: [GC2016-05-08T22:20:00.971+0500: 12925.678: [ParNew
Desired survivor size 20112992 bytes, new threshold 8 (max 8)
- age   1:    2943960 bytes,    2943960 total
- age   2:      39112 bytes,    2983072 total
- age   3:       3336 bytes,    2986408 total
- age   4:       6312 bytes,    2992720 total
- age   5:       4168 bytes,    2996888 total
- age   6:       3432 bytes,    3000320 total
- age   7:       3840 bytes,    3004160 total
- age   8:       3792 bytes,    3007952 total
: 90917K->3589K(109248K), 0.0418410 secs] 105502K->18177K(502464K), 0.0419900 secs] [Times: user=0.04 sys=0.00, real=0.04 secs] 
Heap after GC invocations=101 (full 0):
 par new generation   total 109248K, used 3589K [0x00000007dae00000, 0x00000007e2e00000, 0x00000007e2e00000)
  eden space 87424K,   0% used [0x00000007dae00000, 0x00000007dae00000, 0x00000007e0360000)
  from space 21824K,  16% used [0x00000007e18b0000, 0x00000007e1c31518, 0x00000007e2e00000)
  to   space 21824K,   0% used [0x00000007e0360000, 0x00000007e0360000, 0x00000007e18b0000)
 concurrent mark-sweep generation total 393216K, used 14588K [0x00000007e2e00000, 0x00000007fae00000, 0x00000007fae00000)
 concurrent-mark-sweep perm gen total 31232K, used 31052K [0x00000007fae00000, 0x00000007fcc80000, 0x0000000800000000)
}
2016-05-08T22:20:01.013+0500: 12925.720: Total time for which application threads were stopped: 0.0529530 seconds
{Heap before GC invocations=101 (full 0):
 par new generation   total 109248K, used 91013K [0x00000007dae00000, 0x00000007e2e00000, 0x00000007e2e00000)
  eden space 87424K, 100% used [0x00000007dae00000, 0x00000007e0360000, 0x00000007e0360000)
  from space 21824K,  16% used [0x00000007e18b0000, 0x00000007e1c31518, 0x00000007e2e00000)
  to   space 21824K,   0% used [0x00000007e0360000, 0x00000007e0360000, 0x00000007e18b0000)
 concurrent mark-sweep generation total 393216K, used 14588K [0x00000007e2e00000, 0x00000007fae00000, 0x00000007fae00000)
 concurrent-mark-sweep perm gen total 31232K, used 31055K [0x00000007fae00000, 0x00000007fcc80000, 0x0000000800000000)
2016-05-08T22:20:01.652+0500: 12926.359: [GC2016-05-08T22:20:01.652+0500: 12926.359: [ParNew
Desired survivor size 20112992 bytes, new threshold 8 (max 8)
- age   1:    1985160 bytes,    1985160 total
- age   2:      48728 bytes,    2033888 total
- age   3:       4352 bytes,    2038240 total
- age   4:       3336 bytes,    2041576 total
- age   5:       6288 bytes,    2047864 total
- age   6:       3560 bytes,    2051424 total
- age   7:       3432 bytes,    2054856 total
- age   8:       3840 bytes,    2058696 total
: 91013K->3740K(109248K), 0.0441480 secs] 105601K->18332K(502464K), 0.0442550 secs] [Times: user=0.03 sys=0.00, real=0.04 secs] 
Heap after GC invocations=102 (full 0):
 par new generation   total 109248K, used 3740K [0x00000007dae00000, 0x00000007e2e00000, 0x00000007e2e00000)
  eden space 87424K,   0% used [0x00000007dae00000, 0x00000007dae00000, 0x00000007e0360000)
  from space 21824K,  17% used [0x00000007e0360000, 0x00000007e07071e8, 0x00000007e18b0000)
  to   space 21824K,   0% used [0x00000007e18b0000, 0x00000007e18b0000, 0x00000007e2e00000)
 concurrent mark-sweep generation total 393216K, used 14592K [0x00000007e2e00000, 0x00000007fae00000, 0x00000007fae00000)
 concurrent-mark-sweep perm gen total 31232K, used 31055K [0x00000007fae00000, 0x00000007fcc80000, 0x0000000800000000)
}
2016-05-08T22:20:01.697+0500: 12926.403: Total time for which application threads were stopped: 0.0446120 seconds
{Heap before GC invocations=102 (full 0):
 par new generation   total 109248K, used 91164K [0x00000007dae00000, 0x00000007e2e00000, 0x00000007e2e00000)
  eden space 87424K, 100% used [0x00000007dae00000, 0x00000007e0360000, 0x00000007e0360000)
  from space 21824K,  17% used [0x00000007e0360000, 0x00000007e07071e8, 0x00000007e18b0000)
  to   space 21824K,   0% used [0x00000007e18b0000, 0x00000007e18b0000, 0x00000007e2e00000)
 concurrent mark-sweep generation total 393216K, used 14592K [0x00000007e2e00000, 0x00000007fae00000, 0x00000007fae00000)
 concurrent-mark-sweep perm gen total 31232K, used 31055K [0x00000007fae00000, 0x00000007fcc80000, 0x0000000800000000)
2016-05-08T22:20:02.460+0500: 12927.166: [GC2016-05-08T22:20:02.460+0500: 12927.166: [ParNew
Desired survivor size 20112992 bytes, new threshold 8 (max 8)
- age   1:    2743416 bytes,    2743416 total
- age   2:      13032 bytes,    2756448 total
- age   3:       7512 bytes,    2763960 total
- age   4:       4328 bytes,    2768288 total
- age   5:       3336 bytes,    2771624 total
- age   6:       6288 bytes,    2777912 total
- age   7:       3560 bytes,    2781472 total
- age   8:       3432 bytes,    2784904 total
: 91164K->3213K(109248K), 0.0104360 secs] 105756K->17809K(502464K), 0.0105620 secs] [Times: user=0.01 sys=0.00, real=0.01 secs] 
Heap after GC invocations=103 (full 0):
 par new generation   total 109248K, used 3213K [0x00000007dae00000, 0x00000007e2e00000, 0x00000007e2e00000)
  eden space 87424K,   0% used [0x00000007dae00000, 0x00000007dae00000, 0x00000007e0360000)
  from space 21824K,  14% used [0x00000007e18b0000, 0x00000007e1bd3660, 0x00000007e2e00000)
  to   space 21824K,   0% used [0x00000007e0360000, 0x00000007e0360000, 0x00000007e18b0000)
 concurrent mark-sweep generation total 393216K, used 14595K [0x00000007e2e00000, 0x00000007fae00000, 0x00000007fae00000)
 concurrent-mark-sweep perm gen total 31232K, used 31055K [0x00000007fae00000, 0x00000007fcc80000, 0x0000000800000000)
}
2016-05-08T22:20:02.470+0500: 12927.177: Total time for which application threads were stopped: 0.0110510 seconds
{Heap before GC invocations=103 (full 0):
 par new generation   total 109248K, used 90637K [0x00000007dae00000, 0x00000007e2e00000, 0x00000007e2e00000)
  eden space 87424K, 100% used [0x00000007dae00000, 0x00000007e0360000, 0x00000007e0360000)
  from space 21824K,  14% used [0x00000007e18b0000, 0x00000007e1bd3660, 0x00000007e2e00000)
  to   space 21824K,   0% used [0x00000007e0360000, 0x00000007e0360000, 0x00000007e18b0000)
 concurrent mark-sweep generation total 393216K, used 14595K [0x00000007e2e00000, 0x00000007fae00000, 0x00000007fae00000)
 concurrent-mark-sweep perm gen total 31232K, used 31057K [0x00000007fae00000, 0x00000007fcc80000, 0x0000000800000000)
2016-05-08T22:20:03.088+0500: 12927.795: [GC2016-05-08T22:20:03.088+0500: 12927.795: [ParNew
Desired survivor size 20112992 bytes, new threshold 8 (max 8)
- age   1:    2888520 bytes,    2888520 total
- age   2:      32856 bytes,    2921376 total
- age   3:      10624 bytes,    2932000 total
- age   4:       6840 bytes,    2938840 total
- age   5:       4328 bytes,    2943168 total
- age   6:       3336 bytes,    2946504 total
- age   7:       6288 bytes,    2952792 total
- age   8:       3536 bytes,    2956328 total
: 90637K->3661K(109248K), 0.1146690 secs] 105233K->18260K(502464K), 0.1147890 secs] [Times: user=0.10 sys=0.01, real=0.12 secs] 
Heap after GC invocations=104 (full 0):
 par new generation   total 109248K, used 3661K [0x00000007dae00000, 0x00000007e2e00000, 0x00000007e2e00000)
  eden space 87424K,   0% used [0x00000007dae00000, 0x00000007dae00000, 0x00000007e0360000)
  from space 21824K,  16% used [0x00000007e0360000, 0x00000007e06f34d0, 0x00000007e18b0000)
  to   space 21824K,   0% used [0x00000007e18b0000, 0x00000007e18b0000, 0x00000007e2e00000)
 concurrent mark-sweep generation total 393216K, used 14599K [0x00000007e2e00000, 0x00000007fae00000, 0x00000007fae00000)
 concurrent-mark-sweep perm gen total 31232K, used 31057K [0x00000007fae00000, 0x00000007fcc80000, 0x0000000800000000)
}
2016-05-08T22:20:03.203+0500: 12927.910: Total time for which application threads were stopped: 0.1152160 seconds
{Heap before GC invocations=104 (full 0):
 par new generation   total 109248K, used 91085K [0x00000007dae00000, 0x00000007e2e00000, 0x00000007e2e00000)
  eden space 87424K, 100% used [0x00000007dae00000, 0x00000007e0360000, 0x00000007e0360000)
  from space 21824K,  16% used [0x00000007e0360000, 0x00000007e06f34d0, 0x00000007e18b0000)
  to   space 21824K,   0% used [0x00000007e18b0000, 0x00000007e18b0000, 0x00000007e2e00000)
 concurrent mark-sweep generation total 393216K, used 14599K [0x00000007e2e00000, 0x00000007fae00000, 0x00000007fae00000)
 concurrent-mark-sweep perm gen total 31232K, used 31057K [0x00000007fae00000, 0x00000007fcc80000, 0x0000000800000000)
2016-05-08T22:20:03.883+0500: 12928.589: [GC2016-05-08T22:20:03.883+0500: 12928.589: [ParNew
Desired survivor size 20112992 bytes, new threshold 8 (max 8)
- age   1:    2006016 bytes,    2006016 total
- age   2:      17432 bytes,    2023448 total
- age   3:       3216 bytes,    2026664 total
- age   4:       9400 bytes,    2036064 total
- age   5:       6840 bytes,    2042904 total
- age   6:       4328 bytes,    2047232 total
- age   7:       3336 bytes,    2050568 total
- age   8:       6288 bytes,    2056856 total
: 91085K->3041K(109248K), 0.0077660 secs] 105684K->17644K(502464K), 0.0078980 secs] [Times: user=0.01 sys=0.00, real=0.01 secs] 
Heap after GC invocations=105 (full 0):
 par new generation   total 109248K, used 3041K [0x00000007dae00000, 0x00000007e2e00000, 0x00000007e2e00000)
  eden space 87424K,   0% used [0x00000007dae00000, 0x00000007dae00000, 0x00000007e0360000)
  from space 21824K,  13% used [0x00000007e18b0000, 0x00000007e1ba87f8, 0x00000007e2e00000)
  to   space 21824K,   0% used [0x00000007e0360000, 0x00000007e0360000, 0x00000007e18b0000)
 concurrent mark-sweep generation total 393216K, used 14602K [0x00000007e2e00000, 0x00000007fae00000, 0x00000007fae00000)
 concurrent-mark-sweep perm gen total 31232K, used 31057K [0x00000007fae00000, 0x00000007fcc80000, 0x0000000800000000)
}
2016-05-08T22:20:03.891+0500: 12928.597: Total time for which application threads were stopped: 0.0082810 seconds
2016-05-08T22:20:04.893+0500: 12929.600: Total time for which application threads were stopped: 0.0003670 seconds
2016-05-08T22:20:05.897+0500: 12930.603: Total time for which application threads were stopped: 0.0002800 seconds
{Heap before GC invocations=105 (full 0):
 par new generation   total 109248K, used 90465K [0x00000007dae00000, 0x00000007e2e00000, 0x00000007e2e00000)
  eden space 87424K, 100% used [0x00000007dae00000, 0x00000007e0360000, 0x00000007e0360000)
  from space 21824K,  13% used [0x00000007e18b0000, 0x00000007e1ba87f8, 0x00000007e2e00000)
  to   space 21824K,   0% used [0x00000007e0360000, 0x00000007e0360000, 0x00000007e18b0000)
 concurrent mark-sweep generation total 393216K, used 14602K [0x00000007e2e00000, 0x00000007fae00000, 0x00000007fae00000)
 concurrent-mark-sweep perm gen total 31232K, used 31057K [0x00000007fae00000, 0x00000007fcc80000, 0x0000000800000000)
2016-05-08T22:20:05.950+0500: 12930.656: [GC2016-05-08T22:20:05.950+0500: 12930.656: [ParNew
Desired survivor size 20112992 bytes, new threshold 8 (max 8)
- age   1:    1932240 bytes,    1932240 total
- age   2:      15536 bytes,    1947776 total
- age   3:      15560 bytes,    1963336 total
- age   4:       3216 bytes,    1966552 total
- age   5:       9400 bytes,    1975952 total
- age   6:       4536 bytes,    1980488 total
- age   7:       3504 bytes,    1983992 total
- age   8:       3312 bytes,    1987304 total
: 90465K->2540K(109248K), 0.0146660 secs] 105068K->17148K(502464K), 0.0147720 secs] [Times: user=0.02 sys=0.00, real=0.01 secs] 
Heap after GC invocations=106 (full 0):
 par new generation   total 109248K, used 2540K [0x00000007dae00000, 0x00000007e2e00000, 0x00000007e2e00000)
  eden space 87424K,   0% used [0x00000007dae00000, 0x00000007dae00000, 0x00000007e0360000)
  from space 21824K,  11% used [0x00000007e0360000, 0x00000007e05db000, 0x00000007e18b0000)
  to   space 21824K,   0% used [0x00000007e18b0000, 0x00000007e18b0000, 0x00000007e2e00000)
 concurrent mark-sweep generation total 393216K, used 14608K [0x00000007e2e00000, 0x00000007fae00000, 0x00000007fae00000)
 concurrent-mark-sweep perm gen total 31232K, used 31057K [0x00000007fae00000, 0x00000007fcc80000, 0x0000000800000000)
}
2016-05-08T22:20:05.965+0500: 12930.671: Total time for which application threads were stopped: 0.0150280 seconds
{Heap before GC invocations=106 (full 0):
 par new generation   total 109248K, used 89964K [0x00000007dae00000, 0x00000007e2e00000, 0x00000007e2e00000)
  eden space 87424K, 100% used [0x00000007dae00000, 0x00000007e0360000, 0x00000007e0360000)
  from space 21824K,  11% used [0x00000007e0360000, 0x00000007e05db000, 0x00000007e18b0000)
  to   space 21824K,   0% used [0x00000007e18b0000, 0x00000007e18b0000, 0x00000007e2e00000)
 concurrent mark-sweep generation total 393216K, used 14608K [0x00000007e2e00000, 0x00000007fae00000, 0x00000007fae00000)
 concurrent-mark-sweep perm gen total 31232K, used 31058K [0x00000007fae00000, 0x00000007fcc80000, 0x0000000800000000)
2016-05-08T22:20:06.467+0500: 12931.173: [GC2016-05-08T22:20:06.467+0500: 12931.173: [ParNew
Desired survivor size 20112992 bytes, new threshold 8 (max 8)
- age   1:    2313000 bytes,    2313000 total
- age   2:      10184 bytes,    2323184 total
- age   3:       3160 bytes,    2326344 total
- age   4:      15512 bytes,    2341856 total
- age   5:       3216 bytes,    2345072 total
- age   6:       9400 bytes,    2354472 total
- age   7:       4512 bytes,    2358984 total
- age   8:       3456 bytes,    2362440 total
: 89964K->2825K(109248K), 0.0105440 secs] 104572K->17437K(502464K), 0.0106760 secs] [Times: user=0.01 sys=0.00, real=0.01 secs] 
Heap after GC invocations=107 (full 0):
 par new generation   total 109248K, used 2825K [0x00000007dae00000, 0x00000007e2e00000, 0x00000007e2e00000)
  eden space 87424K,   0% used [0x00000007dae00000, 0x00000007dae00000, 0x00000007e0360000)
  from space 21824K,  12% used [0x00000007e18b0000, 0x00000007e1b72770, 0x00000007e2e00000)
  to   space 21824K,   0% used [0x00000007e0360000, 0x00000007e0360000, 0x00000007e18b0000)
 concurrent mark-sweep generation total 393216K, used 14611K [0x00000007e2e00000, 0x00000007fae00000, 0x00000007fae00000)
 concurrent-mark-sweep perm gen total 31232K, used 31058K [0x00000007fae00000, 0x00000007fcc80000, 0x0000000800000000)
}
2016-05-08T22:20:06.478+0500: 12931.184: Total time for which application threads were stopped: 0.0110450 seconds
{Heap before GC invocations=107 (full 0):
 par new generation   total 109248K, used 90249K [0x00000007dae00000, 0x00000007e2e00000, 0x00000007e2e00000)
  eden space 87424K, 100% used [0x00000007dae00000, 0x00000007e0360000, 0x00000007e0360000)
  from space 21824K,  12% used [0x00000007e18b0000, 0x00000007e1b72770, 0x00000007e2e00000)
  to   space 21824K,   0% used [0x00000007e0360000, 0x00000007e0360000, 0x00000007e18b0000)
 concurrent mark-sweep generation total 393216K, used 14611K [0x00000007e2e00000, 0x00000007fae00000, 0x00000007fae00000)
 concurrent-mark-sweep perm gen total 31232K, used 31059K [0x00000007fae00000, 0x00000007fcc80000, 0x0000000800000000)
2016-05-08T22:20:06.894+0500: 12931.601: [GC2016-05-08T22:20:06.895+0500: 12931.601: [ParNew
Desired survivor size 20112992 bytes, new threshold 8 (max 8)
- age   1:    2596592 bytes,    2596592 total
- age   2:      34720 bytes,    2631312 total
- age   3:       8352 bytes,    2639664 total
- age   4:       3160 bytes,    2642824 total
- age   5:      15512 bytes,    2658336 total
- age   6:       3192 bytes,    2661528 total
- age   7:       9376 bytes,    2670904 total
- age   8:       4512 bytes,    2675416 total
: 90249K->3248K(109248K), 0.0142310 secs] 104861K->17863K(502464K), 0.0144360 secs] [Times: user=0.02 sys=0.00, real=0.01 secs] 
Heap after GC invocations=108 (full 0):
 par new generation   total 109248K, used 3248K [0x00000007dae00000, 0x00000007e2e00000, 0x00000007e2e00000)
  eden space 87424K,   0% used [0x00000007dae00000, 0x00000007dae00000, 0x00000007e0360000)
  from space 21824K,  14% used [0x00000007e0360000, 0x00000007e068c030, 0x00000007e18b0000)
  to   space 21824K,   0% used [0x00000007e18b0000, 0x00000007e18b0000, 0x00000007e2e00000)
 concurrent mark-sweep generation total 393216K, used 14615K [0x00000007e2e00000, 0x00000007fae00000, 0x00000007fae00000)
 concurrent-mark-sweep perm gen total 31232K, used 31059K [0x00000007fae00000, 0x00000007fcc80000, 0x0000000800000000)
}
2016-05-08T22:20:06.909+0500: 12931.615: Total time for which application threads were stopped: 0.0147260 seconds
2016-05-08T22:20:07.115+0500: 12931.821: Total time for which application threads were stopped: 0.0003140 seconds
{Heap before GC invocations=108 (full 0):
 par new generation   total 109248K, used 90671K [0x00000007dae00000, 0x00000007e2e00000, 0x00000007e2e00000)
  eden space 87424K,  99% used [0x00000007dae00000, 0x00000007e035fcf8, 0x00000007e0360000)
  from space 21824K,  14% used [0x00000007e0360000, 0x00000007e068c030, 0x00000007e18b0000)
  to   space 21824K,   0% used [0x00000007e18b0000, 0x00000007e18b0000, 0x00000007e2e00000)
 concurrent mark-sweep generation total 393216K, used 14615K [0x00000007e2e00000, 0x00000007fae00000, 0x00000007fae00000)
 concurrent-mark-sweep perm gen total 31232K, used 31060K [0x00000007fae00000, 0x00000007fcc80000, 0x0000000800000000)
2016-05-08T22:20:07.430+0500: 12932.136: [GC2016-05-08T22:20:07.430+0500: 12932.136: [ParNew
Desired survivor size 20112992 bytes, new threshold 8 (max 8)
- age   1:    2907552 bytes,    2907552 total
- age   2:      14384 bytes,    2921936 total
- age   3:       4304 bytes,    2926240 total
- age   4:       8352 bytes,    2934592 total
- age   5:       3160 bytes,    2937752 total
- age   6:      15512 bytes,    2953264 total
- age   7:       3192 bytes,    2956456 total
- age   8:       9376 bytes,    2965832 total
: 90671K->4403K(109248K), 0.0158080 secs] 105286K->19023K(502464K), 0.0159490 secs] [Times: user=0.02 sys=0.00, real=0.01 secs] 
Heap after GC invocations=109 (full 0):
 par new generation   total 109248K, used 4403K [0x00000007dae00000, 0x00000007e2e00000, 0x00000007e2e00000)
  eden space 87424K,   0% used [0x00000007dae00000, 0x00000007dae00000, 0x00000007e0360000)
  from space 21824K,  20% used [0x00000007e18b0000, 0x00000007e1cfcdf8, 0x00000007e2e00000)
  to   space 21824K,   0% used [0x00000007e0360000, 0x00000007e0360000, 0x00000007e18b0000)
 concurrent mark-sweep generation total 393216K, used 14619K [0x00000007e2e00000, 0x00000007fae00000, 0x00000007fae00000)
 concurrent-mark-sweep perm gen total 31232K, used 31060K [0x00000007fae00000, 0x00000007fcc80000, 0x0000000800000000)
}
2016-05-08T22:20:07.446+0500: 12932.152: Total time for which application threads were stopped: 0.0167750 seconds
{Heap before GC invocations=109 (full 0):
 par new generation   total 109248K, used 91827K [0x00000007dae00000, 0x00000007e2e00000, 0x00000007e2e00000)
  eden space 87424K, 100% used [0x00000007dae00000, 0x00000007e0360000, 0x00000007e0360000)
  from space 21824K,  20% used [0x00000007e18b0000, 0x00000007e1cfcdf8, 0x00000007e2e00000)
  to   space 21824K,   0% used [0x00000007e0360000, 0x00000007e0360000, 0x00000007e18b0000)
 concurrent mark-sweep generation total 393216K, used 14619K [0x00000007e2e00000, 0x00000007fae00000, 0x00000007fae00000)
 concurrent-mark-sweep perm gen total 31232K, used 31060K [0x00000007fae00000, 0x00000007fcc80000, 0x0000000800000000)
2016-05-08T22:20:08.020+0500: 12932.726: [GC2016-05-08T22:20:08.020+0500: 12932.726: [ParNew
Desired survivor size 20112992 bytes, new threshold 8 (max 8)
- age   1:    2867344 bytes,    2867344 total
- age   2:      47624 bytes,    2914968 total
- age   3:       4512 bytes,    2919480 total
- age   4:       4304 bytes,    2923784 total
- age   5:       6488 bytes,    2930272 total
- age   6:       3160 bytes,    2933432 total
- age   7:      15512 bytes,    2948944 total
- age   8:       3192 bytes,    2952136 total
: 91827K->3657K(109248K), 0.0114730 secs] 106447K->18286K(502464K), 0.0115880 secs] [Times: user=0.01 sys=0.00, real=0.01 secs] 
Heap after GC invocations=110 (full 0):
 par new generation   total 109248K, used 3657K [0x00000007dae00000, 0x00000007e2e00000, 0x00000007e2e00000)
  eden space 87424K,   0% used [0x00000007dae00000, 0x00000007dae00000, 0x00000007e0360000)
  from space 21824K,  16% used [0x00000007e0360000, 0x00000007e06f24c8, 0x00000007e18b0000)
  to   space 21824K,   0% used [0x00000007e18b0000, 0x00000007e18b0000, 0x00000007e2e00000)
 concurrent mark-sweep generation total 393216K, used 14629K [0x00000007e2e00000, 0x00000007fae00000, 0x00000007fae00000)
 concurrent-mark-sweep perm gen total 31232K, used 31060K [0x00000007fae00000, 0x00000007fcc80000, 0x0000000800000000)
}
2016-05-08T22:20:08.032+0500: 12932.738: Total time for which application threads were stopped: 0.0227320 seconds
{Heap before GC invocations=110 (full 0):
 par new generation   total 109248K, used 91081K [0x00000007dae00000, 0x00000007e2e00000, 0x00000007e2e00000)
  eden space 87424K, 100% used [0x00000007dae00000, 0x00000007e0360000, 0x00000007e0360000)
  from space 21824K,  16% used [0x00000007e0360000, 0x00000007e06f24c8, 0x00000007e18b0000)
  to   space 21824K,   0% used [0x00000007e18b0000, 0x00000007e18b0000, 0x00000007e2e00000)
 concurrent mark-sweep generation total 393216K, used 14629K [0x00000007e2e00000, 0x00000007fae00000, 0x00000007fae00000)
 concurrent-mark-sweep perm gen total 31232K, used 31064K [0x00000007fae00000, 0x00000007fcc80000, 0x0000000800000000)
2016-05-08T22:20:08.522+0500: 12933.228: [GC2016-05-08T22:20:08.522+0500: 12933.228: [ParNew
Desired survivor size 20112992 bytes, new threshold 8 (max 8)
- age   1:    2207568 bytes,    2207568 total
- age   2:      21520 bytes,    2229088 total
- age   3:      13368 bytes,    2242456 total
- age   4:       3864 bytes,    2246320 total
- age   5:       3704 bytes,    2250024 total
- age   6:       6488 bytes,    2256512 total
- age   7:       3160 bytes,    2259672 total
- age   8:      15512 bytes,    2275184 total
: 91081K->3226K(109248K), 0.0096810 secs] 105710K->17858K(502464K), 0.0097930 secs] [Times: user=0.02 sys=0.00, real=0.01 secs] 
Heap after GC invocations=111 (full 0):
 par new generation   total 109248K, used 3226K [0x00000007dae00000, 0x00000007e2e00000, 0x00000007e2e00000)
  eden space 87424K,   0% used [0x00000007dae00000, 0x00000007dae00000, 0x00000007e0360000)
  from space 21824K,  14% used [0x00000007e18b0000, 0x00000007e1bd6810, 0x00000007e2e00000)
  to   space 21824K,   0% used [0x00000007e0360000, 0x00000007e0360000, 0x00000007e18b0000)
 concurrent mark-sweep generation total 393216K, used 14632K [0x00000007e2e00000, 0x00000007fae00000, 0x00000007fae00000)
 concurrent-mark-sweep perm gen total 31232K, used 31064K [0x00000007fae00000, 0x00000007fcc80000, 0x0000000800000000)
}
2016-05-08T22:20:08.532+0500: 12933.238: Total time for which application threads were stopped: 0.0101460 seconds
{Heap before GC invocations=111 (full 0):
 par new generation   total 109248K, used 90650K [0x00000007dae00000, 0x00000007e2e00000, 0x00000007e2e00000)
  eden space 87424K, 100% used [0x00000007dae00000, 0x00000007e0360000, 0x00000007e0360000)
  from space 21824K,  14% used [0x00000007e18b0000, 0x00000007e1bd6810, 0x00000007e2e00000)
  to   space 21824K,   0% used [0x00000007e0360000, 0x00000007e0360000, 0x00000007e18b0000)
 concurrent mark-sweep generation total 393216K, used 14632K [0x00000007e2e00000, 0x00000007fae00000, 0x00000007fae00000)
 concurrent-mark-sweep perm gen total 31232K, used 31064K [0x00000007fae00000, 0x00000007fcc80000, 0x0000000800000000)
2016-05-08T22:20:09.083+0500: 12933.790: [GC2016-05-08T22:20:09.084+0500: 12933.790: [ParNew
Desired survivor size 20112992 bytes, new threshold 8 (max 8)
- age   1:    2439688 bytes,    2439688 total
- age   2:       5720 bytes,    2445408 total
- age   3:       4680 bytes,    2450088 total
- age   4:      13368 bytes,    2463456 total
- age   5:       3232 bytes,    2466688 total
- age   6:       3704 bytes,    2470392 total
- age   7:       4208 bytes,    2474600 total
- age   8:       3160 bytes,    2477760 total
: 90650K->2960K(109248K), 0.0099780 secs] 105282K->17608K(502464K), 0.0100890 secs] [Times: user=0.01 sys=0.00, real=0.01 secs] 
Heap after GC invocations=112 (full 0):
 par new generation   total 109248K, used 2960K [0x00000007dae00000, 0x00000007e2e00000, 0x00000007e2e00000)
  eden space 87424K,   0% used [0x00000007dae00000, 0x00000007dae00000, 0x00000007e0360000)
  from space 21824K,  13% used [0x00000007e0360000, 0x00000007e06441d0, 0x00000007e18b0000)
  to   space 21824K,   0% used [0x00000007e18b0000, 0x00000007e18b0000, 0x00000007e2e00000)
 concurrent mark-sweep generation total 393216K, used 14647K [0x00000007e2e00000, 0x00000007fae00000, 0x00000007fae00000)
 concurrent-mark-sweep perm gen total 31232K, used 31064K [0x00000007fae00000, 0x00000007fcc80000, 0x0000000800000000)
}
2016-05-08T22:20:09.094+0500: 12933.800: Total time for which application threads were stopped: 0.0105350 seconds
{Heap before GC invocations=112 (full 0):
 par new generation   total 109248K, used 90384K [0x00000007dae00000, 0x00000007e2e00000, 0x00000007e2e00000)
  eden space 87424K, 100% used [0x00000007dae00000, 0x00000007e0360000, 0x00000007e0360000)
  from space 21824K,  13% used [0x00000007e0360000, 0x00000007e06441d0, 0x00000007e18b0000)
  to   space 21824K,   0% used [0x00000007e18b0000, 0x00000007e18b0000, 0x00000007e2e00000)
 concurrent mark-sweep generation total 393216K, used 14647K [0x00000007e2e00000, 0x00000007fae00000, 0x00000007fae00000)
 concurrent-mark-sweep perm gen total 31232K, used 31066K [0x00000007fae00000, 0x00000007fcc80000, 0x0000000800000000)
2016-05-08T22:20:09.466+0500: 12934.173: [GC2016-05-08T22:20:09.466+0500: 12934.173: [ParNew
Desired survivor size 20112992 bytes, new threshold 8 (max 8)
- age   1:    2498696 bytes,    2498696 total
- age   2:      37152 bytes,    2535848 total
- age   3:       3888 bytes,    2539736 total
- age   4:       4056 bytes,    2543792 total
- age   5:      13344 bytes,    2557136 total
- age   6:       3232 bytes,    2560368 total
- age   7:       3704 bytes,    2564072 total
- age   8:       4208 bytes,    2568280 total
: 90384K->2926K(109248K), 0.0202800 secs] 105032K->17577K(502464K), 0.0204540 secs] [Times: user=0.01 sys=0.00, real=0.02 secs] 
Heap after GC invocations=113 (full 0):
 par new generation   total 109248K, used 2926K [0x00000007dae00000, 0x00000007e2e00000, 0x00000007e2e00000)
  eden space 87424K,   0% used [0x00000007dae00000, 0x00000007dae00000, 0x00000007e0360000)
  from space 21824K,  13% used [0x00000007e18b0000, 0x00000007e1b8b968, 0x00000007e2e00000)
  to   space 21824K,   0% used [0x00000007e0360000, 0x00000007e0360000, 0x00000007e18b0000)
 concurrent mark-sweep generation total 393216K, used 14650K [0x00000007e2e00000, 0x00000007fae00000, 0x00000007fae00000)
 concurrent-mark-sweep perm gen total 31232K, used 31066K [0x00000007fae00000, 0x00000007fcc80000, 0x0000000800000000)
}
2016-05-08T22:20:09.487+0500: 12934.193: Total time for which application threads were stopped: 0.0207790 seconds
{Heap before GC invocations=113 (full 0):
 par new generation   total 109248K, used 90343K [0x00000007dae00000, 0x00000007e2e00000, 0x00000007e2e00000)
  eden space 87424K,  99% used [0x00000007dae00000, 0x00000007e035e488, 0x00000007e0360000)
  from space 21824K,  13% used [0x00000007e18b0000, 0x00000007e1b8b968, 0x00000007e2e00000)
  to   space 21824K,   0% used [0x00000007e0360000, 0x00000007e0360000, 0x00000007e18b0000)
 concurrent mark-sweep generation total 393216K, used 14650K [0x00000007e2e00000, 0x00000007fae00000, 0x00000007fae00000)
 concurrent-mark-sweep perm gen total 31232K, used 31067K [0x00000007fae00000, 0x00000007fcc80000, 0x0000000800000000)
2016-05-08T22:20:09.980+0500: 12934.686: [GC2016-05-08T22:20:09.980+0500: 12934.686: [ParNew
Desired survivor size 20112992 bytes, new threshold 8 (max 8)
- age   1:    2795880 bytes,    2795880 total
- age   2:       4872 bytes,    2800752 total
- age   3:       7920 bytes,    2808672 total
- age   4:       3888 bytes,    2812560 total
- age   5:       3456 bytes,    2816016 total
- age   6:      13320 bytes,    2829336 total
- age   7:       3232 bytes,    2832568 total
- age   8:       3680 bytes,    2836248 total
: 90343K->4003K(109248K), 0.0201360 secs] 104994K->18658K(502464K), 0.0202370 secs] [Times: user=0.02 sys=0.01, real=0.02 secs] 
Heap after GC invocations=114 (full 0):
 par new generation   total 109248K, used 4003K [0x00000007dae00000, 0x00000007e2e00000, 0x00000007e2e00000)
  eden space 87424K,   0% used [0x00000007dae00000, 0x00000007dae00000, 0x00000007e0360000)
  from space 21824K,  18% used [0x00000007e0360000, 0x00000007e0748fb0, 0x00000007e18b0000)
  to   space 21824K,   0% used [0x00000007e18b0000, 0x00000007e18b0000, 0x00000007e2e00000)
 concurrent mark-sweep generation total 393216K, used 14655K [0x00000007e2e00000, 0x00000007fae00000, 0x00000007fae00000)
 concurrent-mark-sweep perm gen total 31232K, used 31067K [0x00000007fae00000, 0x00000007fcc80000, 0x0000000800000000)
}
2016-05-08T22:20:10.000+0500: 12934.707: Total time for which application threads were stopped: 0.0206620 seconds
{Heap before GC invocations=114 (full 0):
 par new generation   total 109248K, used 91427K [0x00000007dae00000, 0x00000007e2e00000, 0x00000007e2e00000)
  eden space 87424K, 100% used [0x00000007dae00000, 0x00000007e0360000, 0x00000007e0360000)
  from space 21824K,  18% used [0x00000007e0360000, 0x00000007e0748fb0, 0x00000007e18b0000)
  to   space 21824K,   0% used [0x00000007e18b0000, 0x00000007e18b0000, 0x00000007e2e00000)
 concurrent mark-sweep generation total 393216K, used 14655K [0x00000007e2e00000, 0x00000007fae00000, 0x00000007fae00000)
 concurrent-mark-sweep perm gen total 31232K, used 31071K [0x00000007fae00000, 0x00000007fcc80000, 0x0000000800000000)
2016-05-08T22:20:10.408+0500: 12935.114: [GC2016-05-08T22:20:10.408+0500: 12935.114: [ParNew
Desired survivor size 20112992 bytes, new threshold 8 (max 8)
- age   1:    3040104 bytes,    3040104 total
- age   2:      38368 bytes,    3078472 total
- age   3:       3000 bytes,    3081472 total
- age   4:       6096 bytes,    3087568 total
- age   5:       3288 bytes,    3090856 total
- age   6:       3456 bytes,    3094312 total
- age   7:      13296 bytes,    3107608 total
- age   8:       3208 bytes,    3110816 total
: 91427K->3571K(109248K), 0.0101840 secs] 106082K->18230K(502464K), 0.0103280 secs] [Times: user=0.01 sys=0.00, real=0.01 secs] 
Heap after GC invocations=115 (full 0):
 par new generation   total 109248K, used 3571K [0x00000007dae00000, 0x00000007e2e00000, 0x00000007e2e00000)
  eden space 87424K,   0% used [0x00000007dae00000, 0x00000007dae00000, 0x00000007e0360000)
  from space 21824K,  16% used [0x00000007e18b0000, 0x00000007e1c2cfb0, 0x00000007e2e00000)
  to   space 21824K,   0% used [0x00000007e0360000, 0x00000007e0360000, 0x00000007e18b0000)
 concurrent mark-sweep generation total 393216K, used 14658K [0x00000007e2e00000, 0x00000007fae00000, 0x00000007fae00000)
 concurrent-mark-sweep perm gen total 31232K, used 31071K [0x00000007fae00000, 0x00000007fcc80000, 0x0000000800000000)
}
2016-05-08T22:20:10.418+0500: 12935.124: Total time for which application threads were stopped: 0.0112290 seconds
2016-05-08T22:20:11.046+0500: 12935.753: Total time for which application threads were stopped: 0.0002500 seconds
{Heap before GC invocations=115 (full 0):
 par new generation   total 109248K, used 90995K [0x00000007dae00000, 0x00000007e2e00000, 0x00000007e2e00000)
  eden space 87424K, 100% used [0x00000007dae00000, 0x00000007e0360000, 0x00000007e0360000)
  from space 21824K,  16% used [0x00000007e18b0000, 0x00000007e1c2cfd8, 0x00000007e2e00000)
  to   space 21824K,   0% used [0x00000007e0360000, 0x00000007e0360000, 0x00000007e18b0000)
 concurrent mark-sweep generation total 393216K, used 14658K [0x00000007e2e00000, 0x00000007fae00000, 0x00000007fae00000)
 concurrent-mark-sweep perm gen total 31232K, used 31076K [0x00000007fae00000, 0x00000007fcc80000, 0x0000000800000000)
2016-05-08T22:20:11.047+0500: 12935.753: [GC2016-05-08T22:20:11.047+0500: 12935.753: [ParNew
Desired survivor size 20112992 bytes, new threshold 8 (max 8)
- age   1:    3078912 bytes,    3078912 total
- age   2:       6656 bytes,    3085568 total
- age   3:       3784 bytes,    3089352 total
- age   4:       3000 bytes,    3092352 total
- age   5:       6096 bytes,    3098448 total
- age   6:       3288 bytes,    3101736 total
- age   7:       3432 bytes,    3105168 total
- age   8:      13296 bytes,    3118464 total
: 90995K->4512K(109248K), 0.0737420 secs] 105654K->19173K(502464K), 0.0738690 secs] [Times: user=0.03 sys=0.00, real=0.08 secs] 
Heap after GC invocations=116 (full 0):
 par new generation   total 109248K, used 4512K [0x00000007dae00000, 0x00000007e2e00000, 0x00000007e2e00000)
  eden space 87424K,   0% used [0x00000007dae00000, 0x00000007dae00000, 0x00000007e0360000)
  from space 21824K,  20% used [0x00000007e0360000, 0x00000007e07c8050, 0x00000007e18b0000)
  to   space 21824K,   0% used [0x00000007e18b0000, 0x00000007e18b0000, 0x00000007e2e00000)
 concurrent mark-sweep generation total 393216K, used 14661K [0x00000007e2e00000, 0x00000007fae00000, 0x00000007fae00000)
 concurrent-mark-sweep perm gen total 31232K, used 31076K [0x00000007fae00000, 0x00000007fcc80000, 0x0000000800000000)
}
2016-05-08T22:20:11.121+0500: 12935.827: Total time for which application threads were stopped: 0.0740720 seconds
{Heap before GC invocations=116 (full 0):
 par new generation   total 109248K, used 91929K [0x00000007dae00000, 0x00000007e2e00000, 0x00000007e2e00000)
  eden space 87424K,  99% used [0x00000007dae00000, 0x00000007e035e4c0, 0x00000007e0360000)
  from space 21824K,  20% used [0x00000007e0360000, 0x00000007e07c8050, 0x00000007e18b0000)
  to   space 21824K,   0% used [0x00000007e18b0000, 0x00000007e18b0000, 0x00000007e2e00000)
 concurrent mark-sweep generation total 393216K, used 14661K [0x00000007e2e00000, 0x00000007fae00000, 0x00000007fae00000)
 concurrent-mark-sweep perm gen total 31232K, used 31078K [0x00000007fae00000, 0x00000007fcc80000, 0x0000000800000000)
2016-05-08T22:20:11.775+0500: 12936.482: [GC2016-05-08T22:20:11.775+0500: 12936.482: [ParNew
Desired survivor size 20112992 bytes, new threshold 8 (max 8)
- age   1:    3091512 bytes,    3091512 total
- age   2:      47336 bytes,    3138848 total
- age   3:       3992 bytes,    3142840 total
- age   4:       3144 bytes,    3145984 total
- age   5:       3000 bytes,    3148984 total
- age   6:       3816 bytes,    3152800 total
- age   7:       3288 bytes,    3156088 total
- age   8:       3432 bytes,    3159520 total
: 91929K->3717K(109248K), 0.0617490 secs] 106590K->18392K(502464K), 0.0619830 secs] [Times: user=0.02 sys=0.01, real=0.06 secs] 
Heap after GC invocations=117 (full 0):
 par new generation   total 109248K, used 3717K [0x00000007dae00000, 0x00000007e2e00000, 0x00000007e2e00000)
  eden space 87424K,   0% used [0x00000007dae00000, 0x00000007dae00000, 0x00000007e0360000)
  from space 21824K,  17% used [0x00000007e18b0000, 0x00000007e1c515d0, 0x00000007e2e00000)
  to   space 21824K,   0% used [0x00000007e0360000, 0x00000007e0360000, 0x00000007e18b0000)
 concurrent mark-sweep generation total 393216K, used 14674K [0x00000007e2e00000, 0x00000007fae00000, 0x00000007fae00000)
 concurrent-mark-sweep perm gen total 31232K, used 31078K [0x00000007fae00000, 0x00000007fcc80000, 0x0000000800000000)
}
2016-05-08T22:20:11.837+0500: 12936.544: Total time for which application threads were stopped: 0.0623680 seconds
{Heap before GC invocations=117 (full 0):
 par new generation   total 109248K, used 91141K [0x00000007dae00000, 0x00000007e2e00000, 0x00000007e2e00000)
  eden space 87424K, 100% used [0x00000007dae00000, 0x00000007e0360000, 0x00000007e0360000)
  from space 21824K,  17% used [0x00000007e18b0000, 0x00000007e1c515d0, 0x00000007e2e00000)
  to   space 21824K,   0% used [0x00000007e0360000, 0x00000007e0360000, 0x00000007e18b0000)
 concurrent mark-sweep generation total 393216K, used 14674K [0x00000007e2e00000, 0x00000007fae00000, 0x00000007fae00000)
 concurrent-mark-sweep perm gen total 31232K, used 31084K [0x00000007fae00000, 0x00000007fcc80000, 0x0000000800000000)
2016-05-08T22:20:12.517+0500: 12937.224: [GC2016-05-08T22:20:12.518+0500: 12937.224: [ParNew
Desired survivor size 20112992 bytes, new threshold 8 (max 8)
- age   1:    2490664 bytes,    2490664 total
- age   2:       8592 bytes,    2499256 total
- age   3:       3144 bytes,    2502400 total
- age   4:       3392 bytes,    2505792 total
- age   5:       3120 bytes,    2508912 total
- age   6:       3000 bytes,    2511912 total
- age   7:       3816 bytes,    2515728 total
- age   8:       3264 bytes,    2518992 total
: 91141K->3844K(109248K), 0.0134910 secs] 105816K->18522K(502464K), 0.0136290 secs] [Times: user=0.01 sys=0.00, real=0.02 secs] 
Heap after GC invocations=118 (full 0):
 par new generation   total 109248K, used 3844K [0x00000007dae00000, 0x00000007e2e00000, 0x00000007e2e00000)
  eden space 87424K,   0% used [0x00000007dae00000, 0x00000007dae00000, 0x00000007e0360000)
  from space 21824K,  17% used [0x00000007e0360000, 0x00000007e0721360, 0x00000007e18b0000)
  to   space 21824K,   0% used [0x00000007e18b0000, 0x00000007e18b0000, 0x00000007e2e00000)
 concurrent mark-sweep generation total 393216K, used 14678K [0x00000007e2e00000, 0x00000007fae00000, 0x00000007fae00000)
 concurrent-mark-sweep perm gen total 31232K, used 31084K [0x00000007fae00000, 0x00000007fcc80000, 0x0000000800000000)
}
2016-05-08T22:20:12.531+0500: 12937.238: Total time for which application threads were stopped: 0.0140410 seconds
{Heap before GC invocations=118 (full 0):
 par new generation   total 109248K, used 91268K [0x00000007dae00000, 0x00000007e2e00000, 0x00000007e2e00000)
  eden space 87424K, 100% used [0x00000007dae00000, 0x00000007e0360000, 0x00000007e0360000)
  from space 21824K,  17% used [0x00000007e0360000, 0x00000007e0721360, 0x00000007e18b0000)
  to   space 21824K,   0% used [0x00000007e18b0000, 0x00000007e18b0000, 0x00000007e2e00000)
 concurrent mark-sweep generation total 393216K, used 14678K [0x00000007e2e00000, 0x00000007fae00000, 0x00000007fae00000)
 concurrent-mark-sweep perm gen total 31232K, used 31085K [0x00000007fae00000, 0x00000007fcc80000, 0x0000000800000000)
2016-05-08T22:20:13.324+0500: 12938.031: [GC2016-05-08T22:20:13.324+0500: 12938.031: [ParNew
Desired survivor size 20112992 bytes, new threshold 8 (max 8)
- age   1:    2468384 bytes,    2468384 total
- age   2:      35584 bytes,    2503968 total
- age   3:       6032 bytes,    2510000 total
- age   4:       3072 bytes,    2513072 total
- age   5:       3392 bytes,    2516464 total
- age   6:       3120 bytes,    2519584 total
- age   7:       3000 bytes,    2522584 total
- age   8:       3816 bytes,    2526400 total
: 91268K->3292K(109248K), 0.0189160 secs] 105946K->17973K(502464K), 0.0190270 secs] [Times: user=0.01 sys=0.00, real=0.02 secs] 
Heap after GC invocations=119 (full 0):
 par new generation   total 109248K, used 3292K [0x00000007dae00000, 0x00000007e2e00000, 0x00000007e2e00000)
  eden space 87424K,   0% used [0x00000007dae00000, 0x00000007dae00000, 0x00000007e0360000)
  from space 21824K,  15% used [0x00000007e18b0000, 0x00000007e1be7038, 0x00000007e2e00000)
  to   space 21824K,   0% used [0x00000007e0360000, 0x00000007e0360000, 0x00000007e18b0000)
 concurrent mark-sweep generation total 393216K, used 14681K [0x00000007e2e00000, 0x00000007fae00000, 0x00000007fae00000)
 concurrent-mark-sweep perm gen total 31232K, used 31085K [0x00000007fae00000, 0x00000007fcc80000, 0x0000000800000000)
}
2016-05-08T22:20:13.343+0500: 12938.050: Total time for which application threads were stopped: 0.0299710 seconds
{Heap before GC invocations=119 (full 0):
 par new generation   total 109248K, used 90712K [0x00000007dae00000, 0x00000007e2e00000, 0x00000007e2e00000)
  eden space 87424K,  99% used [0x00000007dae00000, 0x00000007e035f310, 0x00000007e0360000)
  from space 21824K,  15% used [0x00000007e18b0000, 0x00000007e1be7038, 0x00000007e2e00000)
  to   space 21824K,   0% used [0x00000007e0360000, 0x00000007e0360000, 0x00000007e18b0000)
 concurrent mark-sweep generation total 393216K, used 14681K [0x00000007e2e00000, 0x00000007fae00000, 0x00000007fae00000)
 concurrent-mark-sweep perm gen total 31232K, used 31087K [0x00000007fae00000, 0x00000007fcc80000, 0x0000000800000000)
2016-05-08T22:20:15.183+0500: 12939.890: [GC2016-05-08T22:20:15.183+0500: 12939.890: [ParNew
Desired survivor size 20112992 bytes, new threshold 8 (max 8)
- age   1:    2874056 bytes,    2874056 total
- age   2:      10928 bytes,    2884984 total
- age   3:       7528 bytes,    2892512 total
- age   4:       6032 bytes,    2898544 total
- age   5:       3072 bytes,    2901616 total
- age   6:       3392 bytes,    2905008 total
- age   7:       3096 bytes,    2908104 total
- age   8:       2976 bytes,    2911080 total
: 90712K->3750K(109248K), 0.0119640 secs] 105394K->18435K(502464K), 0.0121020 secs] [Times: user=0.01 sys=0.00, real=0.01 secs] 
Heap after GC invocations=120 (full 0):
 par new generation   total 109248K, used 3750K [0x00000007dae00000, 0x00000007e2e00000, 0x00000007e2e00000)
  eden space 87424K,   0% used [0x00000007dae00000, 0x00000007dae00000, 0x00000007e0360000)
  from space 21824K,  17% used [0x00000007e0360000, 0x00000007e0709b60, 0x00000007e18b0000)
  to   space 21824K,   0% used [0x00000007e18b0000, 0x00000007e18b0000, 0x00000007e2e00000)
 concurrent mark-sweep generation total 393216K, used 14684K [0x00000007e2e00000, 0x00000007fae00000, 0x00000007fae00000)
 concurrent-mark-sweep perm gen total 31232K, used 31087K [0x00000007fae00000, 0x00000007fcc80000, 0x0000000800000000)
}
2016-05-08T22:20:15.196+0500: 12939.902: Total time for which application threads were stopped: 0.0125380 seconds
{Heap before GC invocations=120 (full 0):
 par new generation   total 109248K, used 91174K [0x00000007dae00000, 0x00000007e2e00000, 0x00000007e2e00000)
  eden space 87424K, 100% used [0x00000007dae00000, 0x00000007e0360000, 0x00000007e0360000)
  from space 21824K,  17% used [0x00000007e0360000, 0x00000007e0709b60, 0x00000007e18b0000)
  to   space 21824K,   0% used [0x00000007e18b0000, 0x00000007e18b0000, 0x00000007e2e00000)
 concurrent mark-sweep generation total 393216K, used 14684K [0x00000007e2e00000, 0x00000007fae00000, 0x00000007fae00000)
 concurrent-mark-sweep perm gen total 31232K, used 31089K [0x00000007fae00000, 0x00000007fcc80000, 0x0000000800000000)
2016-05-08T22:20:15.648+0500: 12940.354: [GC2016-05-08T22:20:15.648+0500: 12940.354: [ParNew
Desired survivor size 20112992 bytes, new threshold 8 (max 8)
- age   1:    3160256 bytes,    3160256 total
- age   2:      39296 bytes,    3199552 total
- age   3:       2976 bytes,    3202528 total
- age   4:       6928 bytes,    3209456 total
- age   5:       5432 bytes,    3214888 total
- age   6:       3072 bytes,    3217960 total
- age   7:       3392 bytes,    3221352 total
- age   8:       3096 bytes,    3224448 total
: 91174K->3887K(109248K), 0.0217390 secs] 105859K->18574K(502464K), 0.0218370 secs] [Times: user=0.02 sys=0.00, real=0.03 secs] 
Heap after GC invocations=121 (full 0):
 par new generation   total 109248K, used 3887K [0x00000007dae00000, 0x00000007e2e00000, 0x00000007e2e00000)
  eden space 87424K,   0% used [0x00000007dae00000, 0x00000007dae00000, 0x00000007e0360000)
  from space 21824K,  17% used [0x00000007e18b0000, 0x00000007e1c7bc20, 0x00000007e2e00000)
  to   space 21824K,   0% used [0x00000007e0360000, 0x00000007e0360000, 0x00000007e18b0000)
 concurrent mark-sweep generation total 393216K, used 14687K [0x00000007e2e00000, 0x00000007fae00000, 0x00000007fae00000)
 concurrent-mark-sweep perm gen total 31232K, used 31089K [0x00000007fae00000, 0x00000007fcc80000, 0x0000000800000000)
}
2016-05-08T22:20:15.670+0500: 12940.376: Total time for which application threads were stopped: 0.0220920 seconds
{Heap before GC invocations=121 (full 0):
 par new generation   total 109248K, used 91311K [0x00000007dae00000, 0x00000007e2e00000, 0x00000007e2e00000)
  eden space 87424K, 100% used [0x00000007dae00000, 0x00000007e0360000, 0x00000007e0360000)
  from space 21824K,  17% used [0x00000007e18b0000, 0x00000007e1c7bc20, 0x00000007e2e00000)
  to   space 21824K,   0% used [0x00000007e0360000, 0x00000007e0360000, 0x00000007e18b0000)
 concurrent mark-sweep generation total 393216K, used 14687K [0x00000007e2e00000, 0x00000007fae00000, 0x00000007fae00000)
 concurrent-mark-sweep perm gen total 31232K, used 31089K [0x00000007fae00000, 0x00000007fcc80000, 0x0000000800000000)
2016-05-08T22:20:16.301+0500: 12941.007: [GC2016-05-08T22:20:16.301+0500: 12941.007: [ParNew
Desired survivor size 20112992 bytes, new threshold 8 (max 8)
- age   1:    2952784 bytes,    2952784 total
- age   2:      18544 bytes,    2971328 total
- age   3:       4824 bytes,    2976152 total
- age   4:       2976 bytes,    2979128 total
- age   5:       6328 bytes,    2985456 total
- age   6:       5432 bytes,    2990888 total
- age   7:       3072 bytes,    2993960 total
- age   8:       3392 bytes,    2997352 total
: 91311K->5006K(109248K), 0.0730600 secs] 105998K->19697K(502464K), 0.0731810 secs] [Times: user=0.07 sys=0.01, real=0.07 secs] 
Heap after GC invocations=122 (full 0):
 par new generation   total 109248K, used 5006K [0x00000007dae00000, 0x00000007e2e00000, 0x00000007e2e00000)
  eden space 87424K,   0% used [0x00000007dae00000, 0x00000007dae00000, 0x00000007e0360000)
  from space 21824K,  22% used [0x00000007e0360000, 0x00000007e0843ae0, 0x00000007e18b0000)
  to   space 21824K,   0% used [0x00000007e18b0000, 0x00000007e18b0000, 0x00000007e2e00000)
 concurrent mark-sweep generation total 393216K, used 14690K [0x00000007e2e00000, 0x00000007fae00000, 0x00000007fae00000)
 concurrent-mark-sweep perm gen total 31232K, used 31089K [0x00000007fae00000, 0x00000007fcc80000, 0x0000000800000000)
}
2016-05-08T22:20:16.374+0500: 12941.081: Total time for which application threads were stopped: 0.0736230 seconds
{Heap before GC invocations=122 (full 0):
 par new generation   total 109248K, used 92430K [0x00000007dae00000, 0x00000007e2e00000, 0x00000007e2e00000)
  eden space 87424K, 100% used [0x00000007dae00000, 0x00000007e0360000, 0x00000007e0360000)
  from space 21824K,  22% used [0x00000007e0360000, 0x00000007e0843ae0, 0x00000007e18b0000)
  to   space 21824K,   0% used [0x00000007e18b0000, 0x00000007e18b0000, 0x00000007e2e00000)
 concurrent mark-sweep generation total 393216K, used 14690K [0x00000007e2e00000, 0x00000007fae00000, 0x00000007fae00000)
 concurrent-mark-sweep perm gen total 31232K, used 31089K [0x00000007fae00000, 0x00000007fcc80000, 0x0000000800000000)
2016-05-08T22:20:16.998+0500: 12941.704: [GC2016-05-08T22:20:16.998+0500: 12941.704: [ParNew
Desired survivor size 20112992 bytes, new threshold 8 (max 8)
- age   1:    2178904 bytes,    2178904 total
- age   2:      16048 bytes,    2194952 total
- age   3:       4848 bytes,    2199800 total
- age   4:       4800 bytes,    2204600 total
- age   5:       2952 bytes,    2207552 total
- age   6:       6328 bytes,    2213880 total
- age   7:       3128 bytes,    2217008 total
- age   8:       3048 bytes,    2220056 total
: 92430K->3084K(109248K), 0.0206030 secs] 107121K->17778K(502464K), 0.0207170 secs] [Times: user=0.01 sys=0.01, real=0.02 secs] 
Heap after GC invocations=123 (full 0):
 par new generation   total 109248K, used 3084K [0x00000007dae00000, 0x00000007e2e00000, 0x00000007e2e00000)
  eden space 87424K,   0% used [0x00000007dae00000, 0x00000007dae00000, 0x00000007e0360000)
  from space 21824K,  14% used [0x00000007e18b0000, 0x00000007e1bb32b0, 0x00000007e2e00000)
  to   space 21824K,   0% used [0x00000007e0360000, 0x00000007e0360000, 0x00000007e18b0000)
 concurrent mark-sweep generation total 393216K, used 14694K [0x00000007e2e00000, 0x00000007fae00000, 0x00000007fae00000)
 concurrent-mark-sweep perm gen total 31232K, used 31089K [0x00000007fae00000, 0x00000007fcc80000, 0x0000000800000000)
}
2016-05-08T22:20:17.018+0500: 12941.725: Total time for which application threads were stopped: 0.0211800 seconds
{Heap before GC invocations=123 (full 0):
 par new generation   total 109248K, used 90508K [0x00000007dae00000, 0x00000007e2e00000, 0x00000007e2e00000)
  eden space 87424K, 100% used [0x00000007dae00000, 0x00000007e0360000, 0x00000007e0360000)
  from space 21824K,  14% used [0x00000007e18b0000, 0x00000007e1bb32b0, 0x00000007e2e00000)
  to   space 21824K,   0% used [0x00000007e0360000, 0x00000007e0360000, 0x00000007e18b0000)
 concurrent mark-sweep generation total 393216K, used 14694K [0x00000007e2e00000, 0x00000007fae00000, 0x00000007fae00000)
 concurrent-mark-sweep perm gen total 31232K, used 31090K [0x00000007fae00000, 0x00000007fcc80000, 0x0000000800000000)
2016-05-08T22:20:17.657+0500: 12942.364: [GC2016-05-08T22:20:17.657+0500: 12942.364: [ParNew
Desired survivor size 20112992 bytes, new threshold 8 (max 8)
- age   1:    2175640 bytes,    2175640 total
- age   2:       7720 bytes,    2183360 total
- age   3:       2832 bytes,    2186192 total
- age   4:       3648 bytes,    2189840 total
- age   5:       4776 bytes,    2194616 total
- age   6:       2952 bytes,    2197568 total
- age   7:       6328 bytes,    2203896 total
- age   8:       3128 bytes,    2207024 total
: 90508K->2483K(109248K), 0.0106620 secs] 105202K->17180K(502464K), 0.0107680 secs] [Times: user=0.01 sys=0.00, real=0.01 secs] 
Heap after GC invocations=124 (full 0):
 par new generation   total 109248K, used 2483K [0x00000007dae00000, 0x00000007e2e00000, 0x00000007e2e00000)
  eden space 87424K,   0% used [0x00000007dae00000, 0x00000007dae00000, 0x00000007e0360000)
  from space 21824K,  11% used [0x00000007e0360000, 0x00000007e05cce70, 0x00000007e18b0000)
  to   space 21824K,   0% used [0x00000007e18b0000, 0x00000007e18b0000, 0x00000007e2e00000)
 concurrent mark-sweep generation total 393216K, used 14697K [0x00000007e2e00000, 0x00000007fae00000, 0x00000007fae00000)
 concurrent-mark-sweep perm gen total 31232K, used 31090K [0x00000007fae00000, 0x00000007fcc80000, 0x0000000800000000)
}
2016-05-08T22:20:17.668+0500: 12942.374: Total time for which application threads were stopped: 0.0111740 seconds
{Heap before GC invocations=124 (full 0):
 par new generation   total 109248K, used 89907K [0x00000007dae00000, 0x00000007e2e00000, 0x00000007e2e00000)
  eden space 87424K, 100% used [0x00000007dae00000, 0x00000007e0360000, 0x00000007e0360000)
  from space 21824K,  11% used [0x00000007e0360000, 0x00000007e05cce70, 0x00000007e18b0000)
  to   space 21824K,   0% used [0x00000007e18b0000, 0x00000007e18b0000, 0x00000007e2e00000)
 concurrent mark-sweep generation total 393216K, used 14697K [0x00000007e2e00000, 0x00000007fae00000, 0x00000007fae00000)
 concurrent-mark-sweep perm gen total 31232K, used 31091K [0x00000007fae00000, 0x00000007fcc80000, 0x0000000800000000)
2016-05-08T22:20:18.115+0500: 12942.821: [GC2016-05-08T22:20:18.115+0500: 12942.821: [ParNew
Desired survivor size 20112992 bytes, new threshold 8 (max 8)
- age   1:    2624880 bytes,    2624880 total
- age   2:      32072 bytes,    2656952 total
- age   3:       6512 bytes,    2663464 total
- age   4:       2832 bytes,    2666296 total
- age   5:       3048 bytes,    2669344 total
- age   6:       4776 bytes,    2674120 total
- age   7:       2904 bytes,    2677024 total
- age   8:       6328 bytes,    2683352 total
: 89907K->3695K(109248K), 0.0103250 secs] 104604K->18395K(502464K), 0.0104340 secs] [Times: user=0.02 sys=0.00, real=0.01 secs] 
Heap after GC invocations=125 (full 0):
 par new generation   total 109248K, used 3695K [0x00000007dae00000, 0x00000007e2e00000, 0x00000007e2e00000)
  eden space 87424K,   0% used [0x00000007dae00000, 0x00000007dae00000, 0x00000007e0360000)
  from space 21824K,  16% used [0x00000007e18b0000, 0x00000007e1c4bcf0, 0x00000007e2e00000)
  to   space 21824K,   0% used [0x00000007e0360000, 0x00000007e0360000, 0x00000007e18b0000)
 concurrent mark-sweep generation total 393216K, used 14700K [0x00000007e2e00000, 0x00000007fae00000, 0x00000007fae00000)
 concurrent-mark-sweep perm gen total 31232K, used 31091K [0x00000007fae00000, 0x00000007fcc80000, 0x0000000800000000)
}
2016-05-08T22:20:18.125+0500: 12942.831: Total time for which application threads were stopped: 0.0191200 seconds
{Heap before GC invocations=125 (full 0):
 par new generation   total 109248K, used 91119K [0x00000007dae00000, 0x00000007e2e00000, 0x00000007e2e00000)
  eden space 87424K, 100% used [0x00000007dae00000, 0x00000007e0360000, 0x00000007e0360000)
  from space 21824K,  16% used [0x00000007e18b0000, 0x00000007e1c4bcf0, 0x00000007e2e00000)
  to   space 21824K,   0% used [0x00000007e0360000, 0x00000007e0360000, 0x00000007e18b0000)
 concurrent mark-sweep generation total 393216K, used 14700K [0x00000007e2e00000, 0x00000007fae00000, 0x00000007fae00000)
 concurrent-mark-sweep perm gen total 31232K, used 31098K [0x00000007fae00000, 0x00000007fcc80000, 0x0000000800000000)
2016-05-08T22:20:18.608+0500: 12943.315: [GC2016-05-08T22:20:18.608+0500: 12943.315: [ParNew
Desired survivor size 20112992 bytes, new threshold 8 (max 8)
- age   1:    2571440 bytes,    2571440 total
- age   2:       9784 bytes,    2581224 total
- age   3:       3728 bytes,    2584952 total
- age   4:       5912 bytes,    2590864 total
- age   5:       2832 bytes,    2593696 total
- age   6:       3048 bytes,    2596744 total
- age   7:       4776 bytes,    2601520 total
- age   8:       2904 bytes,    2604424 total
: 91119K->3176K(109248K), 0.0147020 secs] 105819K->17883K(502464K), 0.0148200 secs] [Times: user=0.02 sys=0.00, real=0.02 secs] 
Heap after GC invocations=126 (full 0):
 par new generation   total 109248K, used 3176K [0x00000007dae00000, 0x00000007e2e00000, 0x00000007e2e00000)
  eden space 87424K,   0% used [0x00000007dae00000, 0x00000007dae00000, 0x00000007e0360000)
  from space 21824K,  14% used [0x00000007e0360000, 0x00000007e067a340, 0x00000007e18b0000)
  to   space 21824K,   0% used [0x00000007e18b0000, 0x00000007e18b0000, 0x00000007e2e00000)
 concurrent mark-sweep generation total 393216K, used 14706K [0x00000007e2e00000, 0x00000007fae00000, 0x00000007fae00000)
 concurrent-mark-sweep perm gen total 31232K, used 31098K [0x00000007fae00000, 0x00000007fcc80000, 0x0000000800000000)
}
2016-05-08T22:20:18.623+0500: 12943.330: Total time for which application threads were stopped: 0.0152330 seconds
{Heap before GC invocations=126 (full 0):
 par new generation   total 109248K, used 90586K [0x00000007dae00000, 0x00000007e2e00000, 0x00000007e2e00000)
  eden space 87424K,  99% used [0x00000007dae00000, 0x00000007e035c7e8, 0x00000007e0360000)
  from space 21824K,  14% used [0x00000007e0360000, 0x00000007e067a340, 0x00000007e18b0000)
  to   space 21824K,   0% used [0x00000007e18b0000, 0x00000007e18b0000, 0x00000007e2e00000)
 concurrent mark-sweep generation total 393216K, used 14706K [0x00000007e2e00000, 0x00000007fae00000, 0x00000007fae00000)
 concurrent-mark-sweep perm gen total 31232K, used 31099K [0x00000007fae00000, 0x00000007fcc80000, 0x0000000800000000)
2016-05-08T22:20:19.074+0500: 12943.780: [GC2016-05-08T22:20:19.099+0500: 12943.806: [ParNew
Desired survivor size 20112992 bytes, new threshold 8 (max 8)
- age   1:    2824704 bytes,    2824704 total
- age   2:      34792 bytes,    2859496 total
- age   3:       3352 bytes,    2862848 total
- age   4:       3728 bytes,    2866576 total
- age   5:       5912 bytes,    2872488 total
- age   6:       2832 bytes,    2875320 total
- age   7:       3048 bytes,    2878368 total
- age   8:       4776 bytes,    2883144 total
: 90586K->4649K(109248K), 0.0607820 secs] 105293K->19358K(502464K), 0.0863620 secs] [Times: user=0.05 sys=0.00, real=0.09 secs] 
Heap after GC invocations=127 (full 0):
 par new generation   total 109248K, used 4649K [0x00000007dae00000, 0x00000007e2e00000, 0x00000007e2e00000)
  eden space 87424K,   0% used [0x00000007dae00000, 0x00000007dae00000, 0x00000007e0360000)
  from space 21824K,  21% used [0x00000007e18b0000, 0x00000007e1d3a5b8, 0x00000007e2e00000)
  to   space 21824K,   0% used [0x00000007e0360000, 0x00000007e0360000, 0x00000007e18b0000)
 concurrent mark-sweep generation total 393216K, used 14709K [0x00000007e2e00000, 0x00000007fae00000, 0x00000007fae00000)
 concurrent-mark-sweep perm gen total 31232K, used 31099K [0x00000007fae00000, 0x00000007fcc80000, 0x0000000800000000)
}
2016-05-08T22:20:19.160+0500: 12943.867: Total time for which application threads were stopped: 0.0866730 seconds
{Heap before GC invocations=127 (full 0):
 par new generation   total 109248K, used 92073K [0x00000007dae00000, 0x00000007e2e00000, 0x00000007e2e00000)
  eden space 87424K, 100% used [0x00000007dae00000, 0x00000007e0360000, 0x00000007e0360000)
  from space 21824K,  21% used [0x00000007e18b0000, 0x00000007e1d3a5b8, 0x00000007e2e00000)
  to   space 21824K,   0% used [0x00000007e0360000, 0x00000007e0360000, 0x00000007e18b0000)
 concurrent mark-sweep generation total 393216K, used 14709K [0x00000007e2e00000, 0x00000007fae00000, 0x00000007fae00000)
 concurrent-mark-sweep perm gen total 31232K, used 31101K [0x00000007fae00000, 0x00000007fcc80000, 0x0000000800000000)
2016-05-08T22:20:19.931+0500: 12944.637: [GC2016-05-08T22:20:19.964+0500: 12944.670: [ParNew
Desired survivor size 20112992 bytes, new threshold 8 (max 8)
- age   1:    3108696 bytes,    3108696 total
- age   2:      14424 bytes,    3123120 total
- age   3:       2592 bytes,    3125712 total
- age   4:       3352 bytes,    3129064 total
- age   5:       3328 bytes,    3132392 total
- age   6:       5912 bytes,    3138304 total
- age   7:       2832 bytes,    3141136 total
- age   8:       3024 bytes,    3144160 total
: 92073K->3710K(109248K), 0.0149680 secs] 106782K->18424K(502464K), 0.0479940 secs] [Times: user=0.02 sys=0.03, real=0.04 secs] 
Heap after GC invocations=128 (full 0):
 par new generation   total 109248K, used 3710K [0x00000007dae00000, 0x00000007e2e00000, 0x00000007e2e00000)
  eden space 87424K,   0% used [0x00000007dae00000, 0x00000007dae00000, 0x00000007e0360000)
  from space 21824K,  17% used [0x00000007e0360000, 0x00000007e06ffaa8, 0x00000007e18b0000)
  to   space 21824K,   0% used [0x00000007e18b0000, 0x00000007e18b0000, 0x00000007e2e00000)
 concurrent mark-sweep generation total 393216K, used 14714K [0x00000007e2e00000, 0x00000007fae00000, 0x00000007fae00000)
 concurrent-mark-sweep perm gen total 31232K, used 31101K [0x00000007fae00000, 0x00000007fcc80000, 0x0000000800000000)
}
2016-05-08T22:20:19.979+0500: 12944.685: Total time for which application threads were stopped: 0.0483650 seconds
{Heap before GC invocations=128 (full 0):
 par new generation   total 109248K, used 91134K [0x00000007dae00000, 0x00000007e2e00000, 0x00000007e2e00000)
  eden space 87424K,  99% used [0x00000007dae00000, 0x00000007e035ffc8, 0x00000007e0360000)
  from space 21824K,  17% used [0x00000007e0360000, 0x00000007e06ffaa8, 0x00000007e18b0000)
  to   space 21824K,   0% used [0x00000007e18b0000, 0x00000007e18b0000, 0x00000007e2e00000)
 concurrent mark-sweep generation total 393216K, used 14714K [0x00000007e2e00000, 0x00000007fae00000, 0x00000007fae00000)
 concurrent-mark-sweep perm gen total 31232K, used 31102K [0x00000007fae00000, 0x00000007fcc80000, 0x0000000800000000)
2016-05-08T22:20:20.443+0500: 12945.149: [GC2016-05-08T22:20:20.443+0500: 12945.149: [ParNew
Desired survivor size 20112992 bytes, new threshold 8 (max 8)
- age   1:    3338184 bytes,    3338184 total
- age   2:      70792 bytes,    3408976 total
- age   3:       3384 bytes,    3412360 total
- age   4:       2592 bytes,    3414952 total
- age   5:       3352 bytes,    3418304 total
- age   6:       3328 bytes,    3421632 total
- age   7:       3632 bytes,    3425264 total
- age   8:       2208 bytes,    3427472 total
: 91134K->4662K(109248K), 0.0200780 secs] 105848K->19379K(502464K), 0.0201880 secs] [Times: user=0.02 sys=0.00, real=0.02 secs] 
Heap after GC invocations=129 (full 0):
 par new generation   total 109248K, used 4662K [0x00000007dae00000, 0x00000007e2e00000, 0x00000007e2e00000)
  eden space 87424K,   0% used [0x00000007dae00000, 0x00000007dae00000, 0x00000007e0360000)
  from space 21824K,  21% used [0x00000007e18b0000, 0x00000007e1d3d840, 0x00000007e2e00000)
  to   space 21824K,   0% used [0x00000007e0360000, 0x00000007e0360000, 0x00000007e18b0000)
 concurrent mark-sweep generation total 393216K, used 14717K [0x00000007e2e00000, 0x00000007fae00000, 0x00000007fae00000)
 concurrent-mark-sweep perm gen total 31232K, used 31102K [0x00000007fae00000, 0x00000007fcc80000, 0x0000000800000000)
}
2016-05-08T22:20:20.463+0500: 12945.169: Total time for which application threads were stopped: 0.0207640 seconds
{Heap before GC invocations=129 (full 0):
 par new generation   total 109248K, used 92067K [0x00000007dae00000, 0x00000007e2e00000, 0x00000007e2e00000)
  eden space 87424K,  99% used [0x00000007dae00000, 0x00000007e035b560, 0x00000007e0360000)
  from space 21824K,  21% used [0x00000007e18b0000, 0x00000007e1d3d840, 0x00000007e2e00000)
  to   space 21824K,   0% used [0x00000007e0360000, 0x00000007e0360000, 0x00000007e18b0000)
 concurrent mark-sweep generation total 393216K, used 14717K [0x00000007e2e00000, 0x00000007fae00000, 0x00000007fae00000)
 concurrent-mark-sweep perm gen total 31232K, used 31102K [0x00000007fae00000, 0x00000007fcc80000, 0x0000000800000000)
2016-05-08T22:20:20.990+0500: 12945.697: [GC2016-05-08T22:20:20.990+0500: 12945.697: [ParNew
Desired survivor size 20112992 bytes, new threshold 8 (max 8)
- age   1:    2225704 bytes,    2225704 total
- age   2:      19192 bytes,    2244896 total
- age   3:      37432 bytes,    2282328 total
- age   4:       3384 bytes,    2285712 total
- age   5:       2592 bytes,    2288304 total
- age   6:       3352 bytes,    2291656 total
- age   7:       3328 bytes,    2294984 total
- age   8:       3632 bytes,    2298616 total
: 92067K->3739K(109248K), 0.0823760 secs] 106784K->18459K(502464K), 0.0825170 secs] [Times: user=0.01 sys=0.01, real=0.08 secs] 
Heap after GC invocations=130 (full 0):
 par new generation   total 109248K, used 3739K [0x00000007dae00000, 0x00000007e2e00000, 0x00000007e2e00000)
  eden space 87424K,   0% used [0x00000007dae00000, 0x00000007dae00000, 0x00000007e0360000)
  from space 21824K,  17% used [0x00000007e0360000, 0x00000007e0706f90, 0x00000007e18b0000)
  to   space 21824K,   0% used [0x00000007e18b0000, 0x00000007e18b0000, 0x00000007e2e00000)
 concurrent mark-sweep generation total 393216K, used 14719K [0x00000007e2e00000, 0x00000007fae00000, 0x00000007fae00000)
 concurrent-mark-sweep perm gen total 31232K, used 31102K [0x00000007fae00000, 0x00000007fcc80000, 0x0000000800000000)
}
2016-05-08T22:20:21.073+0500: 12945.779: Total time for which application threads were stopped: 0.0832020 seconds
{Heap before GC invocations=130 (full 0):
 par new generation   total 109248K, used 91159K [0x00000007dae00000, 0x00000007e2e00000, 0x00000007e2e00000)
  eden space 87424K,  99% used [0x00000007dae00000, 0x00000007e035ecc0, 0x00000007e0360000)
  from space 21824K,  17% used [0x00000007e0360000, 0x00000007e0706f90, 0x00000007e18b0000)
  to   space 21824K,   0% used [0x00000007e18b0000, 0x00000007e18b0000, 0x00000007e2e00000)
 concurrent mark-sweep generation total 393216K, used 14719K [0x00000007e2e00000, 0x00000007fae00000, 0x00000007fae00000)
 concurrent-mark-sweep perm gen total 31232K, used 31106K [0x00000007fae00000, 0x00000007fcc80000, 0x0000000800000000)
2016-05-08T22:20:21.600+0500: 12946.307: [GC2016-05-08T22:20:21.600+0500: 12946.307: [ParNew
Desired survivor size 20112992 bytes, new threshold 8 (max 8)
- age   1:    2262248 bytes,    2262248 total
- age   2:      23672 bytes,    2285920 total
- age   3:       6232 bytes,    2292152 total
- age   4:      37016 bytes,    2329168 total
- age   5:       3384 bytes,    2332552 total
- age   6:       2592 bytes,    2335144 total
- age   7:       3352 bytes,    2338496 total
- age   8:       3128 bytes,    2341624 total
: 91159K->2701K(109248K), 0.0098960 secs] 105878K->17423K(502464K), 0.0099970 secs] [Times: user=0.01 sys=0.00, real=0.01 secs] 
Heap after GC invocations=131 (full 0):
 par new generation   total 109248K, used 2701K [0x00000007dae00000, 0x00000007e2e00000, 0x00000007e2e00000)
  eden space 87424K,   0% used [0x00000007dae00000, 0x00000007dae00000, 0x00000007e0360000)
  from space 21824K,  12% used [0x00000007e18b0000, 0x00000007e1b53450, 0x00000007e2e00000)
  to   space 21824K,   0% used [0x00000007e0360000, 0x00000007e0360000, 0x00000007e18b0000)
 concurrent mark-sweep generation total 393216K, used 14722K [0x00000007e2e00000, 0x00000007fae00000, 0x00000007fae00000)
 concurrent-mark-sweep perm gen total 31232K, used 31106K [0x00000007fae00000, 0x00000007fcc80000, 0x0000000800000000)
}
2016-05-08T22:20:21.610+0500: 12946.317: Total time for which application threads were stopped: 0.0103470 seconds
2016-05-08T22:20:22.023+0500: 12946.729: Total time for which application threads were stopped: 0.0001350 seconds
{Heap before GC invocations=131 (full 0):
 par new generation   total 109248K, used 90157K [0x00000007dae00000, 0x00000007e2e00000, 0x00000007e2e00000)
  eden space 87424K, 100% used [0x00000007dae00000, 0x00000007e0360000, 0x00000007e0360000)
  from space 21824K,  12% used [0x00000007e18b0000, 0x00000007e1b5b460, 0x00000007e2e00000)
  to   space 21824K,   0% used [0x00000007e0360000, 0x00000007e0360000, 0x00000007e18b0000)
 concurrent mark-sweep generation total 393216K, used 14722K [0x00000007e2e00000, 0x00000007fae00000, 0x00000007fae00000)
 concurrent-mark-sweep perm gen total 31232K, used 31106K [0x00000007fae00000, 0x00000007fcc80000, 0x0000000800000000)
2016-05-08T22:20:22.024+0500: 12946.730: [GC2016-05-08T22:20:22.024+0500: 12946.731: [ParNew
Desired survivor size 20112992 bytes, new threshold 8 (max 8)
- age   1:    2847888 bytes,    2847888 total
- age   2:      27440 bytes,    2875328 total
- age   3:       5376 bytes,    2880704 total
- age   4:       5472 bytes,    2886176 total
- age   5:      37016 bytes,    2923192 total
- age   6:       3384 bytes,    2926576 total
- age   7:       2592 bytes,    2929168 total
- age   8:       3352 bytes,    2932520 total
: 90157K->3925K(109248K), 0.0152550 secs] 104879K->18651K(502464K), 0.0153840 secs] [Times: user=0.02 sys=0.00, real=0.02 secs] 
Heap after GC invocations=132 (full 0):
 par new generation   total 109248K, used 3925K [0x00000007dae00000, 0x00000007e2e00000, 0x00000007e2e00000)
  eden space 87424K,   0% used [0x00000007dae00000, 0x00000007dae00000, 0x00000007e0360000)
  from space 21824K,  17% used [0x00000007e0360000, 0x00000007e07354a0, 0x00000007e18b0000)
  to   space 21824K,   0% used [0x00000007e18b0000, 0x00000007e18b0000, 0x00000007e2e00000)
 concurrent mark-sweep generation total 393216K, used 14725K [0x00000007e2e00000, 0x00000007fae00000, 0x00000007fae00000)
 concurrent-mark-sweep perm gen total 31232K, used 31106K [0x00000007fae00000, 0x00000007fcc80000, 0x0000000800000000)
}
2016-05-08T22:20:22.040+0500: 12946.746: Total time for which application threads were stopped: 0.0165280 seconds
{Heap before GC invocations=132 (full 0):
 par new generation   total 109248K, used 91349K [0x00000007dae00000, 0x00000007e2e00000, 0x00000007e2e00000)
  eden space 87424K, 100% used [0x00000007dae00000, 0x00000007e0360000, 0x00000007e0360000)
  from space 21824K,  17% used [0x00000007e0360000, 0x00000007e07354a0, 0x00000007e18b0000)
  to   space 21824K,   0% used [0x00000007e18b0000, 0x00000007e18b0000, 0x00000007e2e00000)
 concurrent mark-sweep generation total 393216K, used 14725K [0x00000007e2e00000, 0x00000007fae00000, 0x00000007fae00000)
 concurrent-mark-sweep perm gen total 31232K, used 31106K [0x00000007fae00000, 0x00000007fcc80000, 0x0000000800000000)
2016-05-08T22:20:22.491+0500: 12947.197: [GC2016-05-08T22:20:22.491+0500: 12947.197: [ParNew
Desired survivor size 20112992 bytes, new threshold 8 (max 8)
- age   1:    2483048 bytes,    2483048 total
- age   2:       9256 bytes,    2492304 total
- age   3:       4392 bytes,    2496696 total
- age   4:       5376 bytes,    2502072 total
- age   5:       5448 bytes,    2507520 total
- age   6:      37016 bytes,    2544536 total
- age   7:       3384 bytes,    2547920 total
- age   8:       2592 bytes,    2550512 total
: 91349K->3488K(109248K), 0.0122390 secs] 106075K->18218K(502464K), 0.0123480 secs] [Times: user=0.02 sys=0.00, real=0.01 secs] 
Heap after GC invocations=133 (full 0):
 par new generation   total 109248K, used 3488K [0x00000007dae00000, 0x00000007e2e00000, 0x00000007e2e00000)
  eden space 87424K,   0% used [0x00000007dae00000, 0x00000007dae00000, 0x00000007e0360000)
  from space 21824K,  15% used [0x00000007e18b0000, 0x00000007e1c183e0, 0x00000007e2e00000)
  to   space 21824K,   0% used [0x00000007e0360000, 0x00000007e0360000, 0x00000007e18b0000)
 concurrent mark-sweep generation total 393216K, used 14729K [0x00000007e2e00000, 0x00000007fae00000, 0x00000007fae00000)
 concurrent-mark-sweep perm gen total 31232K, used 31106K [0x00000007fae00000, 0x00000007fcc80000, 0x0000000800000000)
}
2016-05-08T22:20:22.503+0500: 12947.210: Total time for which application threads were stopped: 0.0127280 seconds
{Heap before GC invocations=133 (full 0):
 par new generation   total 109248K, used 90900K [0x00000007dae00000, 0x00000007e2e00000, 0x00000007e2e00000)
  eden space 87424K,  99% used [0x00000007dae00000, 0x00000007e035ce48, 0x00000007e0360000)
  from space 21824K,  15% used [0x00000007e18b0000, 0x00000007e1c183e0, 0x00000007e2e00000)
  to   space 21824K,   0% used [0x00000007e0360000, 0x00000007e0360000, 0x00000007e18b0000)
 concurrent mark-sweep generation total 393216K, used 14729K [0x00000007e2e00000, 0x00000007fae00000, 0x00000007fae00000)
 concurrent-mark-sweep perm gen total 31232K, used 31110K [0x00000007fae00000, 0x00000007fcc80000, 0x0000000800000000)
2016-05-08T22:20:23.021+0500: 12947.727: [GC2016-05-08T22:20:23.021+0500: 12947.727: [ParNew
Desired survivor size 20112992 bytes, new threshold 8 (max 8)
- age   1:    2629480 bytes,    2629480 total
- age   2:      30120 bytes,    2659600 total
- age   3:       7984 bytes,    2667584 total
- age   4:       4392 bytes,    2671976 total
- age   5:       5376 bytes,    2677352 total
- age   6:       5448 bytes,    2682800 total
- age   7:      37016 bytes,    2719816 total
- age   8:       3384 bytes,    2723200 total
: 90900K->3416K(109248K), 0.0177880 secs] 105629K->18148K(502464K), 0.0179280 secs] [Times: user=0.02 sys=0.00, real=0.01 secs] 
Heap after GC invocations=134 (full 0):
 par new generation   total 109248K, used 3416K [0x00000007dae00000, 0x00000007e2e00000, 0x00000007e2e00000)
  eden space 87424K,   0% used [0x00000007dae00000, 0x00000007dae00000, 0x00000007e0360000)
  from space 21824K,  15% used [0x00000007e0360000, 0x00000007e06b61b0, 0x00000007e18b0000)
  to   space 21824K,   0% used [0x00000007e18b0000, 0x00000007e18b0000, 0x00000007e2e00000)
 concurrent mark-sweep generation total 393216K, used 14731K [0x00000007e2e00000, 0x00000007fae00000, 0x00000007fae00000)
 concurrent-mark-sweep perm gen total 31232K, used 31110K [0x00000007fae00000, 0x00000007fcc80000, 0x0000000800000000)
}
2016-05-08T22:20:23.039+0500: 12947.746: Total time for which application threads were stopped: 0.0186130 seconds
{Heap before GC invocations=134 (full 0):
 par new generation   total 109248K, used 90840K [0x00000007dae00000, 0x00000007e2e00000, 0x00000007e2e00000)
  eden space 87424K, 100% used [0x00000007dae00000, 0x00000007e0360000, 0x00000007e0360000)
  from space 21824K,  15% used [0x00000007e0360000, 0x00000007e06b61b0, 0x00000007e18b0000)
  to   space 21824K,   0% used [0x00000007e18b0000, 0x00000007e18b0000, 0x00000007e2e00000)
 concurrent mark-sweep generation total 393216K, used 14731K [0x00000007e2e00000, 0x00000007fae00000, 0x00000007fae00000)
 concurrent-mark-sweep perm gen total 31232K, used 31113K [0x00000007fae00000, 0x00000007fcc80000, 0x0000000800000000)
2016-05-08T22:20:23.899+0500: 12948.606: [GC2016-05-08T22:20:23.899+0500: 12948.606: [ParNew
Desired survivor size 20112992 bytes, new threshold 8 (max 8)
- age   1:    1905416 bytes,    1905416 total
- age   2:      10592 bytes,    1916008 total
- age   3:       2856 bytes,    1918864 total
- age   4:       7984 bytes,    1926848 total
- age   5:       4392 bytes,    1931240 total
- age   6:       5376 bytes,    1936616 total
- age   7:       3168 bytes,    1939784 total
- age   8:      37016 bytes,    1976800 total
: 90840K->2703K(109248K), 0.0138620 secs] 105572K->17438K(502464K), 0.0139580 secs] [Times: user=0.01 sys=0.00, real=0.02 secs] 
Heap after GC invocations=135 (full 0):
 par new generation   total 109248K, used 2703K [0x00000007dae00000, 0x00000007e2e00000, 0x00000007e2e00000)
  eden space 87424K,   0% used [0x00000007dae00000, 0x00000007dae00000, 0x00000007e0360000)
  from space 21824K,  12% used [0x00000007e18b0000, 0x00000007e1b53dc0, 0x00000007e2e00000)
  to   space 21824K,   0% used [0x00000007e0360000, 0x00000007e0360000, 0x00000007e18b0000)
 concurrent mark-sweep generation total 393216K, used 14735K [0x00000007e2e00000, 0x00000007fae00000, 0x00000007fae00000)
 concurrent-mark-sweep perm gen total 31232K, used 31113K [0x00000007fae00000, 0x00000007fcc80000, 0x0000000800000000)
}
2016-05-08T22:20:23.913+0500: 12948.620: Total time for which application threads were stopped: 0.0144430 seconds
{Heap before GC invocations=135 (full 0):
 par new generation   total 109248K, used 90127K [0x00000007dae00000, 0x00000007e2e00000, 0x00000007e2e00000)
  eden space 87424K, 100% used [0x00000007dae00000, 0x00000007e0360000, 0x00000007e0360000)
  from space 21824K,  12% used [0x00000007e18b0000, 0x00000007e1b53dc0, 0x00000007e2e00000)
  to   space 21824K,   0% used [0x00000007e0360000, 0x00000007e0360000, 0x00000007e18b0000)
 concurrent mark-sweep generation total 393216K, used 14735K [0x00000007e2e00000, 0x00000007fae00000, 0x00000007fae00000)
 concurrent-mark-sweep perm gen total 31232K, used 31114K [0x00000007fae00000, 0x00000007fcc80000, 0x0000000800000000)
2016-05-08T22:20:24.604+0500: 12949.310: [GC2016-05-08T22:20:24.604+0500: 12949.310: [ParNew
Desired survivor size 20112992 bytes, new threshold 8 (max 8)
- age   1:    2531336 bytes,    2531336 total
- age   2:      36376 bytes,    2567712 total
- age   3:       8744 bytes,    2576456 total
- age   4:       2856 bytes,    2579312 total
- age   5:       7984 bytes,    2587296 total
- age   6:       4392 bytes,    2591688 total
- age   7:       5352 bytes,    2597040 total
- age   8:       3168 bytes,    2600208 total
: 90127K->2932K(109248K), 0.0296670 secs] 104862K->17704K(502464K), 0.0298100 secs] [Times: user=0.01 sys=0.00, real=0.03 secs] 
Heap after GC invocations=136 (full 0):
 par new generation   total 109248K, used 2932K [0x00000007dae00000, 0x00000007e2e00000, 0x00000007e2e00000)
  eden space 87424K,   0% used [0x00000007dae00000, 0x00000007dae00000, 0x00000007e0360000)
  from space 21824K,  13% used [0x00000007e0360000, 0x00000007e063d398, 0x00000007e18b0000)
  to   space 21824K,   0% used [0x00000007e18b0000, 0x00000007e18b0000, 0x00000007e2e00000)
 concurrent mark-sweep generation total 393216K, used 14771K [0x00000007e2e00000, 0x00000007fae00000, 0x00000007fae00000)
 concurrent-mark-sweep perm gen total 31232K, used 31114K [0x00000007fae00000, 0x00000007fcc80000, 0x0000000800000000)
}
2016-05-08T22:20:24.633+0500: 12949.340: Total time for which application threads were stopped: 0.0302320 seconds
{Heap before GC invocations=136 (full 0):
 par new generation   total 109248K, used 90338K [0x00000007dae00000, 0x00000007e2e00000, 0x00000007e2e00000)
  eden space 87424K,  99% used [0x00000007dae00000, 0x00000007e035b5b0, 0x00000007e0360000)
  from space 21824K,  13% used [0x00000007e0360000, 0x00000007e063d398, 0x00000007e18b0000)
  to   space 21824K,   0% used [0x00000007e18b0000, 0x00000007e18b0000, 0x00000007e2e00000)
 concurrent mark-sweep generation total 393216K, used 14771K [0x00000007e2e00000, 0x00000007fae00000, 0x00000007fae00000)
 concurrent-mark-sweep perm gen total 31232K, used 31115K [0x00000007fae00000, 0x00000007fcc80000, 0x0000000800000000)
2016-05-08T22:20:25.073+0500: 12949.779: [GC2016-05-08T22:20:25.073+0500: 12949.779: [ParNew
Desired survivor size 20112992 bytes, new threshold 8 (max 8)
- age   1:    2521080 bytes,    2521080 total
- age   2:      32616 bytes,    2553696 total
- age   3:      26056 bytes,    2579752 total
- age   4:       8744 bytes,    2588496 total
- age   5:       2808 bytes,    2591304 total
- age   6:       7960 bytes,    2599264 total
- age   7:       4392 bytes,    2603656 total
- age   8:       5352 bytes,    2609008 total
: 90338K->3666K(109248K), 0.0324080 secs] 105109K->18440K(502464K), 0.0326480 secs] [Times: user=0.02 sys=0.00, real=0.03 secs] 
Heap after GC invocations=137 (full 0):
 par new generation   total 109248K, used 3666K [0x00000007dae00000, 0x00000007e2e00000, 0x00000007e2e00000)
  eden space 87424K,   0% used [0x00000007dae00000, 0x00000007dae00000, 0x00000007e0360000)
  from space 21824K,  16% used [0x00000007e18b0000, 0x00000007e1c44980, 0x00000007e2e00000)
  to   space 21824K,   0% used [0x00000007e0360000, 0x00000007e0360000, 0x00000007e18b0000)
 concurrent mark-sweep generation total 393216K, used 14774K [0x00000007e2e00000, 0x00000007fae00000, 0x00000007fae00000)
 concurrent-mark-sweep perm gen total 31232K, used 31115K [0x00000007fae00000, 0x00000007fcc80000, 0x0000000800000000)
}
2016-05-08T22:20:25.106+0500: 12949.812: Total time for which application threads were stopped: 0.0333740 seconds
{Heap before GC invocations=137 (full 0):
 par new generation   total 109248K, used 91090K [0x00000007dae00000, 0x00000007e2e00000, 0x00000007e2e00000)
  eden space 87424K, 100% used [0x00000007dae00000, 0x00000007e0360000, 0x00000007e0360000)
  from space 21824K,  16% used [0x00000007e18b0000, 0x00000007e1c44980, 0x00000007e2e00000)
  to   space 21824K,   0% used [0x00000007e0360000, 0x00000007e0360000, 0x00000007e18b0000)
 concurrent mark-sweep generation total 393216K, used 14774K [0x00000007e2e00000, 0x00000007fae00000, 0x00000007fae00000)
 concurrent-mark-sweep perm gen total 31232K, used 31117K [0x00000007fae00000, 0x00000007fcc80000, 0x0000000800000000)
2016-05-08T22:20:25.894+0500: 12950.601: [GC2016-05-08T22:20:25.894+0500: 12950.601: [ParNew
Desired survivor size 20112992 bytes, new threshold 8 (max 8)
- age   1:    2651104 bytes,    2651104 total
- age   2:       8056 bytes,    2659160 total
- age   3:       3384 bytes,    2662544 total
- age   4:      26056 bytes,    2688600 total
- age   5:       8720 bytes,    2697320 total
- age   6:       2808 bytes,    2700128 total
- age   7:       7960 bytes,    2708088 total
- age   8:       4392 bytes,    2712480 total
: 91090K->3875K(109248K), 0.0163880 secs] 105864K->18655K(502464K), 0.0166800 secs] [Times: user=0.01 sys=0.00, real=0.02 secs] 
Heap after GC invocations=138 (full 0):
 par new generation   total 109248K, used 3875K [0x00000007dae00000, 0x00000007e2e00000, 0x00000007e2e00000)
  eden space 87424K,   0% used [0x00000007dae00000, 0x00000007dae00000, 0x00000007e0360000)
  from space 21824K,  17% used [0x00000007e0360000, 0x00000007e0728f10, 0x00000007e18b0000)
  to   space 21824K,   0% used [0x00000007e18b0000, 0x00000007e18b0000, 0x00000007e2e00000)
 concurrent mark-sweep generation total 393216K, used 14779K [0x00000007e2e00000, 0x00000007fae00000, 0x00000007fae00000)
 concurrent-mark-sweep perm gen total 31232K, used 31117K [0x00000007fae00000, 0x00000007fcc80000, 0x0000000800000000)
}
2016-05-08T22:20:25.911+0500: 12950.617: Total time for which application threads were stopped: 0.0171060 seconds
{Heap before GC invocations=138 (full 0):
 par new generation   total 109248K, used 91299K [0x00000007dae00000, 0x00000007e2e00000, 0x00000007e2e00000)
  eden space 87424K, 100% used [0x00000007dae00000, 0x00000007e0360000, 0x00000007e0360000)
  from space 21824K,  17% used [0x00000007e0360000, 0x00000007e0728f10, 0x00000007e18b0000)
  to   space 21824K,   0% used [0x00000007e18b0000, 0x00000007e18b0000, 0x00000007e2e00000)
 concurrent mark-sweep generation total 393216K, used 14779K [0x00000007e2e00000, 0x00000007fae00000, 0x00000007fae00000)
 concurrent-mark-sweep perm gen total 31232K, used 31117K [0x00000007fae00000, 0x00000007fcc80000, 0x0000000800000000)
2016-05-08T22:20:26.362+0500: 12951.068: [GC2016-05-08T22:20:26.362+0500: 12951.068: [ParNew
Desired survivor size 20112992 bytes, new threshold 8 (max 8)
- age   1:    2159168 bytes,    2159168 total
- age   2:      32632 bytes,    2191800 total
- age   3:       3120 bytes,    2194920 total
- age   4:       3384 bytes,    2198304 total
- age   5:      23776 bytes,    2222080 total
- age   6:       8720 bytes,    2230800 total
- age   7:       2808 bytes,    2233608 total
- age   8:       7960 bytes,    2241568 total
: 91299K->3148K(109248K), 0.0305430 secs] 106079K->17932K(502464K), 0.0306480 secs] [Times: user=0.01 sys=0.00, real=0.03 secs] 
Heap after GC invocations=139 (full 0):
 par new generation   total 109248K, used 3148K [0x00000007dae00000, 0x00000007e2e00000, 0x00000007e2e00000)
  eden space 87424K,   0% used [0x00000007dae00000, 0x00000007dae00000, 0x00000007e0360000)
  from space 21824K,  14% used [0x00000007e18b0000, 0x00000007e1bc30d0, 0x00000007e2e00000)
  to   space 21824K,   0% used [0x00000007e0360000, 0x00000007e0360000, 0x00000007e18b0000)
 concurrent mark-sweep generation total 393216K, used 14784K [0x00000007e2e00000, 0x00000007fae00000, 0x00000007fae00000)
 concurrent-mark-sweep perm gen total 31232K, used 31117K [0x00000007fae00000, 0x00000007fcc80000, 0x0000000800000000)
}
2016-05-08T22:20:26.392+0500: 12951.099: Total time for which application threads were stopped: 0.0309150 seconds
{Heap before GC invocations=139 (full 0):
 par new generation   total 109248K, used 90572K [0x00000007dae00000, 0x00000007e2e00000, 0x00000007e2e00000)
  eden space 87424K, 100% used [0x00000007dae00000, 0x00000007e0360000, 0x00000007e0360000)
  from space 21824K,  14% used [0x00000007e18b0000, 0x00000007e1bc30d0, 0x00000007e2e00000)
  to   space 21824K,   0% used [0x00000007e0360000, 0x00000007e0360000, 0x00000007e18b0000)
 concurrent mark-sweep generation total 393216K, used 14784K [0x00000007e2e00000, 0x00000007fae00000, 0x00000007fae00000)
 concurrent-mark-sweep perm gen total 31232K, used 31117K [0x00000007fae00000, 0x00000007fcc80000, 0x0000000800000000)
2016-05-08T22:20:26.891+0500: 12951.597: [GC2016-05-08T22:20:26.891+0500: 12951.597: [ParNew
Desired survivor size 20112992 bytes, new threshold 8 (max 8)
- age   1:    3361200 bytes,    3361200 total
- age   2:      19008 bytes,    3380208 total
- age   3:       3280 bytes,    3383488 total
- age   4:       3120 bytes,    3386608 total
- age   5:       3384 bytes,    3389992 total
- age   6:      23776 bytes,    3413768 total
- age   7:       8696 bytes,    3422464 total
- age   8:       2808 bytes,    3425272 total
: 90572K->3890K(109248K), 0.0473440 secs] 105356K->18682K(502464K), 0.0474790 secs] [Times: user=0.04 sys=0.01, real=0.04 secs] 
Heap after GC invocations=140 (full 0):
 par new generation   total 109248K, used 3890K [0x00000007dae00000, 0x00000007e2e00000, 0x00000007e2e00000)
  eden space 87424K,   0% used [0x00000007dae00000, 0x00000007dae00000, 0x00000007e0360000)
  from space 21824K,  17% used [0x00000007e0360000, 0x00000007e072ca18, 0x00000007e18b0000)
  to   space 21824K,   0% used [0x00000007e18b0000, 0x00000007e18b0000, 0x00000007e2e00000)
 concurrent mark-sweep generation total 393216K, used 14792K [0x00000007e2e00000, 0x00000007fae00000, 0x00000007fae00000)
 concurrent-mark-sweep perm gen total 31232K, used 31117K [0x00000007fae00000, 0x00000007fcc80000, 0x0000000800000000)
}
2016-05-08T22:20:26.939+0500: 12951.645: Total time for which application threads were stopped: 0.0479050 seconds
{Heap before GC invocations=140 (full 0):
 par new generation   total 109248K, used 91314K [0x00000007dae00000, 0x00000007e2e00000, 0x00000007e2e00000)
  eden space 87424K, 100% used [0x00000007dae00000, 0x00000007e0360000, 0x00000007e0360000)
  from space 21824K,  17% used [0x00000007e0360000, 0x00000007e072ca18, 0x00000007e18b0000)
  to   space 21824K,   0% used [0x00000007e18b0000, 0x00000007e18b0000, 0x00000007e2e00000)
 concurrent mark-sweep generation total 393216K, used 14792K [0x00000007e2e00000, 0x00000007fae00000, 0x00000007fae00000)
 concurrent-mark-sweep perm gen total 31232K, used 31120K [0x00000007fae00000, 0x00000007fcc80000, 0x0000000800000000)
2016-05-08T22:20:27.517+0500: 12952.224: [GC2016-05-08T22:20:27.517+0500: 12952.224: [ParNew
Desired survivor size 20112992 bytes, new threshold 8 (max 8)
- age   1:    2687272 bytes,    2687272 total
- age   2:      10392 bytes,    2697664 total
- age   3:      13144 bytes,    2710808 total
- age   4:       3280 bytes,    2714088 total
- age   5:       3120 bytes,    2717208 total
- age   6:       3384 bytes,    2720592 total
- age   7:      23776 bytes,    2744368 total
- age   8:       8696 bytes,    2753064 total
: 91314K->4375K(109248K), 0.0130590 secs] 106106K->19170K(502464K), 0.0131660 secs] [Times: user=0.01 sys=0.00, real=0.02 secs] 
Heap after GC invocations=141 (full 0):
 par new generation   total 109248K, used 4375K [0x00000007dae00000, 0x00000007e2e00000, 0x00000007e2e00000)
  eden space 87424K,   0% used [0x00000007dae00000, 0x00000007dae00000, 0x00000007e0360000)
  from space 21824K,  20% used [0x00000007e18b0000, 0x00000007e1cf5d60, 0x00000007e2e00000)
  to   space 21824K,   0% used [0x00000007e0360000, 0x00000007e0360000, 0x00000007e18b0000)
 concurrent mark-sweep generation total 393216K, used 14794K [0x00000007e2e00000, 0x00000007fae00000, 0x00000007fae00000)
 concurrent-mark-sweep perm gen total 31232K, used 31120K [0x00000007fae00000, 0x00000007fcc80000, 0x0000000800000000)
}
2016-05-08T22:20:27.531+0500: 12952.237: Total time for which application threads were stopped: 0.0137010 seconds
{Heap before GC invocations=141 (full 0):
 par new generation   total 109248K, used 91799K [0x00000007dae00000, 0x00000007e2e00000, 0x00000007e2e00000)
  eden space 87424K, 100% used [0x00000007dae00000, 0x00000007e0360000, 0x00000007e0360000)
  from space 21824K,  20% used [0x00000007e18b0000, 0x00000007e1cf5d60, 0x00000007e2e00000)
  to   space 21824K,   0% used [0x00000007e0360000, 0x00000007e0360000, 0x00000007e18b0000)
 concurrent mark-sweep generation total 393216K, used 14794K [0x00000007e2e00000, 0x00000007fae00000, 0x00000007fae00000)
 concurrent-mark-sweep perm gen total 31232K, used 31121K [0x00000007fae00000, 0x00000007fcc80000, 0x0000000800000000)
2016-05-08T22:20:28.169+0500: 12952.875: [GC2016-05-08T22:20:28.169+0500: 12952.875: [ParNew
Desired survivor size 20112992 bytes, new threshold 8 (max 8)
- age   1:    3188664 bytes,    3188664 total
- age   2:     204280 bytes,    3392944 total
- age   3:       9120 bytes,    3402064 total
- age   4:      13144 bytes,    3415208 total
- age   5:       3128 bytes,    3418336 total
- age   6:       3120 bytes,    3421456 total
- age   7:       3384 bytes,    3424840 total
- age   8:      23776 bytes,    3448616 total
: 91799K->4197K(109248K), 0.1386720 secs] 106594K->19001K(502464K), 0.1388120 secs] [Times: user=0.04 sys=0.01, real=0.14 secs] 
Heap after GC invocations=142 (full 0):
 par new generation   total 109248K, used 4197K [0x00000007dae00000, 0x00000007e2e00000, 0x00000007e2e00000)
  eden space 87424K,   0% used [0x00000007dae00000, 0x00000007dae00000, 0x00000007e0360000)
  from space 21824K,  19% used [0x00000007e0360000, 0x00000007e07797c0, 0x00000007e18b0000)
  to   space 21824K,   0% used [0x00000007e18b0000, 0x00000007e18b0000, 0x00000007e2e00000)
 concurrent mark-sweep generation total 393216K, used 14803K [0x00000007e2e00000, 0x00000007fae00000, 0x00000007fae00000)
 concurrent-mark-sweep perm gen total 31232K, used 31121K [0x00000007fae00000, 0x00000007fcc80000, 0x0000000800000000)
}
2016-05-08T22:20:28.308+0500: 12953.014: Total time for which application threads were stopped: 0.1392290 seconds
{Heap before GC invocations=142 (full 0):
 par new generation   total 109248K, used 91621K [0x00000007dae00000, 0x00000007e2e00000, 0x00000007e2e00000)
  eden space 87424K, 100% used [0x00000007dae00000, 0x00000007e0360000, 0x00000007e0360000)
  from space 21824K,  19% used [0x00000007e0360000, 0x00000007e07797c0, 0x00000007e18b0000)
  to   space 21824K,   0% used [0x00000007e18b0000, 0x00000007e18b0000, 0x00000007e2e00000)
 concurrent mark-sweep generation total 393216K, used 14803K [0x00000007e2e00000, 0x00000007fae00000, 0x00000007fae00000)
 concurrent-mark-sweep perm gen total 31232K, used 31121K [0x00000007fae00000, 0x00000007fcc80000, 0x0000000800000000)
2016-05-08T22:20:29.009+0500: 12953.716: [GC2016-05-08T22:20:29.010+0500: 12953.716: [ParNew
Desired survivor size 20112992 bytes, new threshold 8 (max 8)
- age   1:    2838856 bytes,    2838856 total
- age   2:     681736 bytes,    3520592 total
- age   3:       4920 bytes,    3525512 total
- age   4:       9120 bytes,    3534632 total
- age   5:      10840 bytes,    3545472 total
- age   6:       3128 bytes,    3548600 total
- age   7:       3096 bytes,    3551696 total
- age   8:       3384 bytes,    3555080 total
: 91621K->4308K(109248K), 0.1202040 secs] 106425K->19136K(502464K), 0.1203070 secs] [Times: user=0.08 sys=0.01, real=0.13 secs] 
Heap after GC invocations=143 (full 0):
 par new generation   total 109248K, used 4308K [0x00000007dae00000, 0x00000007e2e00000, 0x00000007e2e00000)
  eden space 87424K,   0% used [0x00000007dae00000, 0x00000007dae00000, 0x00000007e0360000)
  from space 21824K,  19% used [0x00000007e18b0000, 0x00000007e1ce52f8, 0x00000007e2e00000)
  to   space 21824K,   0% used [0x00000007e0360000, 0x00000007e0360000, 0x00000007e18b0000)
 concurrent mark-sweep generation total 393216K, used 14827K [0x00000007e2e00000, 0x00000007fae00000, 0x00000007fae00000)
 concurrent-mark-sweep perm gen total 31232K, used 31121K [0x00000007fae00000, 0x00000007fcc80000, 0x0000000800000000)
}
2016-05-08T22:20:29.130+0500: 12953.836: Total time for which application threads were stopped: 0.1207480 seconds
{Heap before GC invocations=143 (full 0):
 par new generation   total 109248K, used 91732K [0x00000007dae00000, 0x00000007e2e00000, 0x00000007e2e00000)
  eden space 87424K, 100% used [0x00000007dae00000, 0x00000007e0360000, 0x00000007e0360000)
  from space 21824K,  19% used [0x00000007e18b0000, 0x00000007e1ce52f8, 0x00000007e2e00000)
  to   space 21824K,   0% used [0x00000007e0360000, 0x00000007e0360000, 0x00000007e18b0000)
 concurrent mark-sweep generation total 393216K, used 14827K [0x00000007e2e00000, 0x00000007fae00000, 0x00000007fae00000)
 concurrent-mark-sweep perm gen total 31232K, used 31123K [0x00000007fae00000, 0x00000007fcc80000, 0x0000000800000000)
2016-05-08T22:20:29.673+0500: 12954.379: [GC2016-05-08T22:20:29.673+0500: 12954.379: [ParNew
Desired survivor size 20112992 bytes, new threshold 8 (max 8)
- age   1:    2492848 bytes,    2492848 total
- age   2:     883720 bytes,    3376568 total
- age   3:       3976 bytes,    3380544 total
- age   4:       3336 bytes,    3383880 total
- age   5:       9120 bytes,    3393000 total
- age   6:      10840 bytes,    3403840 total
- age   7:       3104 bytes,    3406944 total
- age   8:       3096 bytes,    3410040 total
: 91732K->4506K(109248K), 0.1035150 secs] 106560K->19336K(502464K), 0.1036490 secs] [Times: user=0.09 sys=0.01, real=0.10 secs] 
Heap after GC invocations=144 (full 0):
 par new generation   total 109248K, used 4506K [0x00000007dae00000, 0x00000007e2e00000, 0x00000007e2e00000)
  eden space 87424K,   0% used [0x00000007dae00000, 0x00000007dae00000, 0x00000007e0360000)
  from space 21824K,  20% used [0x00000007e0360000, 0x00000007e07c6870, 0x00000007e18b0000)
  to   space 21824K,   0% used [0x00000007e18b0000, 0x00000007e18b0000, 0x00000007e2e00000)
 concurrent mark-sweep generation total 393216K, used 14830K [0x00000007e2e00000, 0x00000007fae00000, 0x00000007fae00000)
 concurrent-mark-sweep perm gen total 31232K, used 31123K [0x00000007fae00000, 0x00000007fcc80000, 0x0000000800000000)
}
2016-05-08T22:20:29.776+0500: 12954.483: Total time for which application threads were stopped: 0.1040950 seconds
{Heap before GC invocations=144 (full 0):
 par new generation   total 109248K, used 91930K [0x00000007dae00000, 0x00000007e2e00000, 0x00000007e2e00000)
  eden space 87424K, 100% used [0x00000007dae00000, 0x00000007e0360000, 0x00000007e0360000)
  from space 21824K,  20% used [0x00000007e0360000, 0x00000007e07c6870, 0x00000007e18b0000)
  to   space 21824K,   0% used [0x00000007e18b0000, 0x00000007e18b0000, 0x00000007e2e00000)
 concurrent mark-sweep generation total 393216K, used 14830K [0x00000007e2e00000, 0x00000007fae00000, 0x00000007fae00000)
 concurrent-mark-sweep perm gen total 31232K, used 31123K [0x00000007fae00000, 0x00000007fcc80000, 0x0000000800000000)
2016-05-08T22:20:30.308+0500: 12955.014: [GC2016-05-08T22:20:30.308+0500: 12955.014: [ParNew
Desired survivor size 20112992 bytes, new threshold 8 (max 8)
- age   1:    2889968 bytes,    2889968 total
- age   2:     979448 bytes,    3869416 total
- age   3:       5824 bytes,    3875240 total
- age   4:       2688 bytes,    3877928 total
- age   5:       3336 bytes,    3881264 total
- age   6:       9120 bytes,    3890384 total
- age   7:      10840 bytes,    3901224 total
- age   8:       3104 bytes,    3904328 total
: 91930K->5008K(109248K), 0.0893070 secs] 106760K->19842K(502464K), 0.0894290 secs] [Times: user=0.06 sys=0.00, real=0.09 secs] 
Heap after GC invocations=145 (full 0):
 par new generation   total 109248K, used 5008K [0x00000007dae00000, 0x00000007e2e00000, 0x00000007e2e00000)
  eden space 87424K,   0% used [0x00000007dae00000, 0x00000007dae00000, 0x00000007e0360000)
  from space 21824K,  22% used [0x00000007e18b0000, 0x00000007e1d943b0, 0x00000007e2e00000)
  to   space 21824K,   0% used [0x00000007e0360000, 0x00000007e0360000, 0x00000007e18b0000)
 concurrent mark-sweep generation total 393216K, used 14833K [0x00000007e2e00000, 0x00000007fae00000, 0x00000007fae00000)
 concurrent-mark-sweep perm gen total 31232K, used 31123K [0x00000007fae00000, 0x00000007fcc80000, 0x0000000800000000)
}
2016-05-08T22:20:30.397+0500: 12955.103: Total time for which application threads were stopped: 0.1024740 seconds
{Heap before GC invocations=145 (full 0):
 par new generation   total 109248K, used 92428K [0x00000007dae00000, 0x00000007e2e00000, 0x00000007e2e00000)
  eden space 87424K,  99% used [0x00000007dae00000, 0x00000007e035f010, 0x00000007e0360000)
  from space 21824K,  22% used [0x00000007e18b0000, 0x00000007e1d943b0, 0x00000007e2e00000)
  to   space 21824K,   0% used [0x00000007e0360000, 0x00000007e0360000, 0x00000007e18b0000)
 concurrent mark-sweep generation total 393216K, used 14833K [0x00000007e2e00000, 0x00000007fae00000, 0x00000007fae00000)
 concurrent-mark-sweep perm gen total 31232K, used 31124K [0x00000007fae00000, 0x00000007fcc80000, 0x0000000800000000)
2016-05-08T22:20:30.940+0500: 12955.646: [GC2016-05-08T22:20:30.940+0500: 12955.646: [ParNew
Desired survivor size 20112992 bytes, new threshold 8 (max 8)
- age   1:    2937384 bytes,    2937384 total
- age   2:      41008 bytes,    2978392 total
- age   3:       9896 bytes,    2988288 total
- age   4:       5824 bytes,    2994112 total
- age   5:       2688 bytes,    2996800 total
- age   6:       3312 bytes,    3000112 total
- age   7:       9096 bytes,    3009208 total
- age   8:      10816 bytes,    3020024 total
: 92428K->4213K(109248K), 0.0952480 secs] 107262K->19050K(502464K), 0.0953940 secs] [Times: user=0.05 sys=0.01, real=0.09 secs] 
Heap after GC invocations=146 (full 0):
 par new generation   total 109248K, used 4213K [0x00000007dae00000, 0x00000007e2e00000, 0x00000007e2e00000)
  eden space 87424K,   0% used [0x00000007dae00000, 0x00000007dae00000, 0x00000007e0360000)
  from space 21824K,  19% used [0x00000007e0360000, 0x00000007e077d7d0, 0x00000007e18b0000)
  to   space 21824K,   0% used [0x00000007e18b0000, 0x00000007e18b0000, 0x00000007e2e00000)
 concurrent mark-sweep generation total 393216K, used 14836K [0x00000007e2e00000, 0x00000007fae00000, 0x00000007fae00000)
 concurrent-mark-sweep perm gen total 31232K, used 31124K [0x00000007fae00000, 0x00000007fcc80000, 0x0000000800000000)
}
2016-05-08T22:20:31.035+0500: 12955.741: Total time for which application threads were stopped: 0.0961150 seconds
{Heap before GC invocations=146 (full 0):
 par new generation   total 109248K, used 91637K [0x00000007dae00000, 0x00000007e2e00000, 0x00000007e2e00000)
  eden space 87424K, 100% used [0x00000007dae00000, 0x00000007e0360000, 0x00000007e0360000)
  from space 21824K,  19% used [0x00000007e0360000, 0x00000007e077d7d0, 0x00000007e18b0000)
  to   space 21824K,   0% used [0x00000007e18b0000, 0x00000007e18b0000, 0x00000007e2e00000)
 concurrent mark-sweep generation total 393216K, used 14836K [0x00000007e2e00000, 0x00000007fae00000, 0x00000007fae00000)
 concurrent-mark-sweep perm gen total 31232K, used 31125K [0x00000007fae00000, 0x00000007fcc80000, 0x0000000800000000)
2016-05-08T22:20:31.673+0500: 12956.379: [GC2016-05-08T22:20:31.673+0500: 12956.380: [ParNew
Desired survivor size 20112992 bytes, new threshold 8 (max 8)
- age   1:    3226888 bytes,    3226888 total
- age   2:     306296 bytes,    3533184 total
- age   3:       3840 bytes,    3537024 total
- age   4:       4384 bytes,    3541408 total
- age   5:       3544 bytes,    3544952 total
- age   6:       2688 bytes,    3547640 total
- age   7:       3312 bytes,    3550952 total
- age   8:       9096 bytes,    3560048 total
: 91637K->4729K(109248K), 0.0678270 secs] 106474K->19576K(502464K), 0.0681590 secs] [Times: user=0.03 sys=0.00, real=0.07 secs] 
Heap after GC invocations=147 (full 0):
 par new generation   total 109248K, used 4729K [0x00000007dae00000, 0x00000007e2e00000, 0x00000007e2e00000)
  eden space 87424K,   0% used [0x00000007dae00000, 0x00000007dae00000, 0x00000007e0360000)
  from space 21824K,  21% used [0x00000007e18b0000, 0x00000007e1d4e520, 0x00000007e2e00000)
  to   space 21824K,   0% used [0x00000007e0360000, 0x00000007e0360000, 0x00000007e18b0000)
 concurrent mark-sweep generation total 393216K, used 14847K [0x00000007e2e00000, 0x00000007fae00000, 0x00000007fae00000)
 concurrent-mark-sweep perm gen total 31232K, used 31125K [0x00000007fae00000, 0x00000007fcc80000, 0x0000000800000000)
}
2016-05-08T22:20:31.741+0500: 12956.448: Total time for which application threads were stopped: 0.0685720 seconds
{Heap before GC invocations=147 (full 0):
 par new generation   total 109248K, used 92153K [0x00000007dae00000, 0x00000007e2e00000, 0x00000007e2e00000)
  eden space 87424K, 100% used [0x00000007dae00000, 0x00000007e0360000, 0x00000007e0360000)
  from space 21824K,  21% used [0x00000007e18b0000, 0x00000007e1d4e520, 0x00000007e2e00000)
  to   space 21824K,   0% used [0x00000007e0360000, 0x00000007e0360000, 0x00000007e18b0000)
 concurrent mark-sweep generation total 393216K, used 14847K [0x00000007e2e00000, 0x00000007fae00000, 0x00000007fae00000)
 concurrent-mark-sweep perm gen total 31232K, used 31126K [0x00000007fae00000, 0x00000007fcc80000, 0x0000000800000000)
2016-05-08T22:20:32.437+0500: 12957.144: [GC2016-05-08T22:20:32.437+0500: 12957.144: [ParNew
Desired survivor size 20112992 bytes, new threshold 8 (max 8)
- age   1:    3128448 bytes,    3128448 total
- age   2:      31224 bytes,    3159672 total
- age   3:       3072 bytes,    3162744 total
- age   4:       3816 bytes,    3166560 total
- age   5:       4384 bytes,    3170944 total
- age   6:       3544 bytes,    3174488 total
- age   7:       2688 bytes,    3177176 total
- age   8:       3312 bytes,    3180488 total
: 92153K->4041K(109248K), 0.0874610 secs] 107000K->18898K(502464K), 0.0875940 secs] [Times: user=0.08 sys=0.01, real=0.09 secs] 
Heap after GC invocations=148 (full 0):
 par new generation   total 109248K, used 4041K [0x00000007dae00000, 0x00000007e2e00000, 0x00000007e2e00000)
  eden space 87424K,   0% used [0x00000007dae00000, 0x00000007dae00000, 0x00000007e0360000)
  from space 21824K,  18% used [0x00000007e0360000, 0x00000007e0752750, 0x00000007e18b0000)
  to   space 21824K,   0% used [0x00000007e18b0000, 0x00000007e18b0000, 0x00000007e2e00000)
 concurrent mark-sweep generation total 393216K, used 14856K [0x00000007e2e00000, 0x00000007fae00000, 0x00000007fae00000)
 concurrent-mark-sweep perm gen total 31232K, used 31126K [0x00000007fae00000, 0x00000007fcc80000, 0x0000000800000000)
}
2016-05-08T22:20:32.525+0500: 12957.231: Total time for which application threads were stopped: 0.0887940 seconds
{Heap before GC invocations=148 (full 0):
 par new generation   total 109248K, used 91465K [0x00000007dae00000, 0x00000007e2e00000, 0x00000007e2e00000)
  eden space 87424K, 100% used [0x00000007dae00000, 0x00000007e0360000, 0x00000007e0360000)
  from space 21824K,  18% used [0x00000007e0360000, 0x00000007e0752750, 0x00000007e18b0000)
  to   space 21824K,   0% used [0x00000007e18b0000, 0x00000007e18b0000, 0x00000007e2e00000)
 concurrent mark-sweep generation total 393216K, used 14856K [0x00000007e2e00000, 0x00000007fae00000, 0x00000007fae00000)
 concurrent-mark-sweep perm gen total 31232K, used 31127K [0x00000007fae00000, 0x00000007fcc80000, 0x0000000800000000)
2016-05-08T22:20:33.047+0500: 12957.753: [GC2016-05-08T22:20:33.047+0500: 12957.753: [ParNew
Desired survivor size 20112992 bytes, new threshold 8 (max 8)
- age   1:    3094888 bytes,    3094888 total
- age   2:      32400 bytes,    3127288 total
- age   3:       5712 bytes,    3133000 total
- age   4:       3048 bytes,    3136048 total
- age   5:       3816 bytes,    3139864 total
- age   6:       4360 bytes,    3144224 total
- age   7:       3520 bytes,    3147744 total
- age   8:       2688 bytes,    3150432 total
: 91465K->3914K(109248K), 0.0719560 secs] 106322K->18773K(502464K), 0.0720780 secs] [Times: user=0.11 sys=0.00, real=0.07 secs] 
Heap after GC invocations=149 (full 0):
 par new generation   total 109248K, used 3914K [0x00000007dae00000, 0x00000007e2e00000, 0x00000007e2e00000)
  eden space 87424K,   0% used [0x00000007dae00000, 0x00000007dae00000, 0x00000007e0360000)
  from space 21824K,  17% used [0x00000007e18b0000, 0x00000007e1c82920, 0x00000007e2e00000)
  to   space 21824K,   0% used [0x00000007e0360000, 0x00000007e0360000, 0x00000007e18b0000)
 concurrent mark-sweep generation total 393216K, used 14859K [0x00000007e2e00000, 0x00000007fae00000, 0x00000007fae00000)
 concurrent-mark-sweep perm gen total 31232K, used 31127K [0x00000007fae00000, 0x00000007fcc80000, 0x0000000800000000)
}
2016-05-08T22:20:33.119+0500: 12957.826: Total time for which application threads were stopped: 0.0832090 seconds
{Heap before GC invocations=149 (full 0):
 par new generation   total 109248K, used 91338K [0x00000007dae00000, 0x00000007e2e00000, 0x00000007e2e00000)
  eden space 87424K, 100% used [0x00000007dae00000, 0x00000007e0360000, 0x00000007e0360000)
  from space 21824K,  17% used [0x00000007e18b0000, 0x00000007e1c82920, 0x00000007e2e00000)
  to   space 21824K,   0% used [0x00000007e0360000, 0x00000007e0360000, 0x00000007e18b0000)
 concurrent mark-sweep generation total 393216K, used 14859K [0x00000007e2e00000, 0x00000007fae00000, 0x00000007fae00000)
 concurrent-mark-sweep perm gen total 31232K, used 31127K [0x00000007fae00000, 0x00000007fcc80000, 0x0000000800000000)
2016-05-08T22:20:33.707+0500: 12958.414: [GC2016-05-08T22:20:33.708+0500: 12958.414: [ParNew
Desired survivor size 20112992 bytes, new threshold 8 (max 8)
- age   1:    3913752 bytes,    3913752 total
- age   2:     407424 bytes,    4321176 total
- age   3:       2544 bytes,    4323720 total
- age   4:       4536 bytes,    4328256 total
- age   5:       3048 bytes,    4331304 total
- age   6:       3816 bytes,    4335120 total
- age   7:       4360 bytes,    4339480 total
- age   8:       3520 bytes,    4343000 total
: 91338K->4472K(109248K), 0.1135620 secs] 106197K->19335K(502464K), 0.1136600 secs] [Times: user=0.07 sys=0.01, real=0.12 secs] 
Heap after GC invocations=150 (full 0):
 par new generation   total 109248K, used 4472K [0x00000007dae00000, 0x00000007e2e00000, 0x00000007e2e00000)
  eden space 87424K,   0% used [0x00000007dae00000, 0x00000007dae00000, 0x00000007e0360000)
  from space 21824K,  20% used [0x00000007e0360000, 0x00000007e07be380, 0x00000007e18b0000)
  to   space 21824K,   0% used [0x00000007e18b0000, 0x00000007e18b0000, 0x00000007e2e00000)
 concurrent mark-sweep generation total 393216K, used 14862K [0x00000007e2e00000, 0x00000007fae00000, 0x00000007fae00000)
 concurrent-mark-sweep perm gen total 31232K, used 31127K [0x00000007fae00000, 0x00000007fcc80000, 0x0000000800000000)
}
2016-05-08T22:20:33.821+0500: 12958.528: Total time for which application threads were stopped: 0.1140290 seconds
{Heap before GC invocations=150 (full 0):
 par new generation   total 109248K, used 91896K [0x00000007dae00000, 0x00000007e2e00000, 0x00000007e2e00000)
  eden space 87424K, 100% used [0x00000007dae00000, 0x00000007e0360000, 0x00000007e0360000)
  from space 21824K,  20% used [0x00000007e0360000, 0x00000007e07be380, 0x00000007e18b0000)
  to   space 21824K,   0% used [0x00000007e18b0000, 0x00000007e18b0000, 0x00000007e2e00000)
 concurrent mark-sweep generation total 393216K, used 14862K [0x00000007e2e00000, 0x00000007fae00000, 0x00000007fae00000)
 concurrent-mark-sweep perm gen total 31232K, used 31147K [0x00000007fae00000, 0x00000007fcc80000, 0x0000000800000000)
2016-05-08T22:20:34.470+0500: 12959.177: [GC2016-05-08T22:20:34.470+0500: 12959.177: [ParNew
Desired survivor size 20112992 bytes, new threshold 8 (max 8)
- age   1:    3662256 bytes,    3662256 total
- age   2:     282792 bytes,    3945048 total
- age   3:       2888 bytes,    3947936 total
- age   4:       2544 bytes,    3950480 total
- age   5:       4512 bytes,    3954992 total
- age   6:       3048 bytes,    3958040 total
- age   7:       3816 bytes,    3961856 total
- age   8:       4360 bytes,    3966216 total
: 91896K->6253K(109248K), 0.1223150 secs] 106759K->21119K(502464K), 0.1224510 secs] [Times: user=0.05 sys=0.01, real=0.12 secs] 
Heap after GC invocations=151 (full 0):
 par new generation   total 109248K, used 6253K [0x00000007dae00000, 0x00000007e2e00000, 0x00000007e2e00000)
  eden space 87424K,   0% used [0x00000007dae00000, 0x00000007dae00000, 0x00000007e0360000)
  from space 21824K,  28% used [0x00000007e18b0000, 0x00000007e1ecb740, 0x00000007e2e00000)
  to   space 21824K,   0% used [0x00000007e0360000, 0x00000007e0360000, 0x00000007e18b0000)
 concurrent mark-sweep generation total 393216K, used 14865K [0x00000007e2e00000, 0x00000007fae00000, 0x00000007fae00000)
 concurrent-mark-sweep perm gen total 31232K, used 31147K [0x00000007fae00000, 0x00000007fcc80000, 0x0000000800000000)
}
2016-05-08T22:20:34.593+0500: 12959.299: Total time for which application threads were stopped: 0.1228140 seconds
{Heap before GC invocations=151 (full 0):
 par new generation   total 109248K, used 93677K [0x00000007dae00000, 0x00000007e2e00000, 0x00000007e2e00000)
  eden space 87424K, 100% used [0x00000007dae00000, 0x00000007e0360000, 0x00000007e0360000)
  from space 21824K,  28% used [0x00000007e18b0000, 0x00000007e1ecb740, 0x00000007e2e00000)
  to   space 21824K,   0% used [0x00000007e0360000, 0x00000007e0360000, 0x00000007e18b0000)
 concurrent mark-sweep generation total 393216K, used 14865K [0x00000007e2e00000, 0x00000007fae00000, 0x00000007fae00000)
 concurrent-mark-sweep perm gen total 31232K, used 31148K [0x00000007fae00000, 0x00000007fcc80000, 0x0000000800000000)
2016-05-08T22:20:35.482+0500: 12960.188: [GC2016-05-08T22:20:35.482+0500: 12960.188: [ParNew
Desired survivor size 20112992 bytes, new threshold 8 (max 8)
- age   1:    3820536 bytes,    3820536 total
- age   2:      25416 bytes,    3845952 total
- age   3:       2184 bytes,    3848136 total
- age   4:       2888 bytes,    3851024 total
- age   5:       2520 bytes,    3853544 total
- age   6:       2232 bytes,    3855776 total
- age   7:       3048 bytes,    3858824 total
- age   8:       3816 bytes,    3862640 total
: 93677K->5196K(109248K), 0.0810350 secs] 108543K->20066K(502464K), 0.0811620 secs] [Times: user=0.08 sys=0.00, real=0.08 secs] 
Heap after GC invocations=152 (full 0):
 par new generation   total 109248K, used 5196K [0x00000007dae00000, 0x00000007e2e00000, 0x00000007e2e00000)
  eden space 87424K,   0% used [0x00000007dae00000, 0x00000007dae00000, 0x00000007e0360000)
  from space 21824K,  23% used [0x00000007e0360000, 0x00000007e08732b8, 0x00000007e18b0000)
  to   space 21824K,   0% used [0x00000007e18b0000, 0x00000007e18b0000, 0x00000007e2e00000)
 concurrent mark-sweep generation total 393216K, used 14869K [0x00000007e2e00000, 0x00000007fae00000, 0x00000007fae00000)
 concurrent-mark-sweep perm gen total 31232K, used 31148K [0x00000007fae00000, 0x00000007fcc80000, 0x0000000800000000)
}
2016-05-08T22:20:35.563+0500: 12960.269: Total time for which application threads were stopped: 0.1037030 seconds
2016-05-08T22:20:36.568+0500: 12961.274: Total time for which application threads were stopped: 0.0004620 seconds
2016-05-08T22:20:49.614+0500: 12974.321: Total time for which application threads were stopped: 0.0007080 seconds
{Heap before GC invocations=152 (full 0):
 par new generation   total 109248K, used 92620K [0x00000007dae00000, 0x00000007e2e00000, 0x00000007e2e00000)
  eden space 87424K, 100% used [0x00000007dae00000, 0x00000007e0360000, 0x00000007e0360000)
  from space 21824K,  23% used [0x00000007e0360000, 0x00000007e08732b8, 0x00000007e18b0000)
  to   space 21824K,   0% used [0x00000007e18b0000, 0x00000007e18b0000, 0x00000007e2e00000)
 concurrent mark-sweep generation total 393216K, used 14869K [0x00000007e2e00000, 0x00000007fae00000, 0x00000007fae00000)
 concurrent-mark-sweep perm gen total 31232K, used 31151K [0x00000007fae00000, 0x00000007fcc80000, 0x0000000800000000)
2016-05-08T22:20:49.822+0500: 12974.528: [GC2016-05-08T22:20:49.848+0500: 12974.555: [ParNew
Desired survivor size 20112992 bytes, new threshold 8 (max 8)
- age   1:    2769408 bytes,    2769408 total
- age   2:       8280 bytes,    2777688 total
- age   3:       1104 bytes,    2778792 total
- age   4:        960 bytes,    2779752 total
- age   5:       1520 bytes,    2781272 total
- age   6:       1080 bytes,    2782352 total
- age   7:       1080 bytes,    2783432 total
- age   8:       1536 bytes,    2784968 total
: 92620K->3672K(109248K), 0.0185780 secs] 107490K->18543K(502464K), 0.0450780 secs] [Times: user=0.01 sys=0.00, real=0.04 secs] 
Heap after GC invocations=153 (full 0):
 par new generation   total 109248K, used 3672K [0x00000007dae00000, 0x00000007e2e00000, 0x00000007e2e00000)
  eden space 87424K,   0% used [0x00000007dae00000, 0x00000007dae00000, 0x00000007e0360000)
  from space 21824K,  16% used [0x00000007e18b0000, 0x00000007e1c46080, 0x00000007e2e00000)
  to   space 21824K,   0% used [0x00000007e0360000, 0x00000007e0360000, 0x00000007e18b0000)
 concurrent mark-sweep generation total 393216K, used 14871K [0x00000007e2e00000, 0x00000007fae00000, 0x00000007fae00000)
 concurrent-mark-sweep perm gen total 31232K, used 31151K [0x00000007fae00000, 0x00000007fcc80000, 0x0000000800000000)
}
2016-05-08T22:20:49.867+0500: 12974.573: Total time for which application threads were stopped: 0.0453710 seconds
{Heap before GC invocations=153 (full 0):
 par new generation   total 109248K, used 91087K [0x00000007dae00000, 0x00000007e2e00000, 0x00000007e2e00000)
  eden space 87424K,  99% used [0x00000007dae00000, 0x00000007e035deb0, 0x00000007e0360000)
  from space 21824K,  16% used [0x00000007e18b0000, 0x00000007e1c46080, 0x00000007e2e00000)
  to   space 21824K,   0% used [0x00000007e0360000, 0x00000007e0360000, 0x00000007e18b0000)
 concurrent mark-sweep generation total 393216K, used 14871K [0x00000007e2e00000, 0x00000007fae00000, 0x00000007fae00000)
 concurrent-mark-sweep perm gen total 31232K, used 31152K [0x00000007fae00000, 0x00000007fcc80000, 0x0000000800000000)
2016-05-08T22:20:50.866+0500: 12975.573: [GC2016-05-08T22:20:50.867+0500: 12975.573: [ParNew
Desired survivor size 20112992 bytes, new threshold 8 (max 8)
- age   1:    2722968 bytes,    2722968 total
- age   2:      32720 bytes,    2755688 total
- age   3:       3576 bytes,    2759264 total
- age   4:       1104 bytes,    2760368 total
- age   5:        960 bytes,    2761328 total
- age   6:       1520 bytes,    2762848 total
- age   7:       1080 bytes,    2763928 total
- age   8:       1080 bytes,    2765008 total
: 91087K->3359K(109248K), 0.0317040 secs] 105959K->18232K(502464K), 0.0318160 secs] [Times: user=0.02 sys=0.00, real=0.03 secs] 
Heap after GC invocations=154 (full 0):
 par new generation   total 109248K, used 3359K [0x00000007dae00000, 0x00000007e2e00000, 0x00000007e2e00000)
  eden space 87424K,   0% used [0x00000007dae00000, 0x00000007dae00000, 0x00000007e0360000)
  from space 21824K,  15% used [0x00000007e0360000, 0x00000007e06a7e30, 0x00000007e18b0000)
  to   space 21824K,   0% used [0x00000007e18b0000, 0x00000007e18b0000, 0x00000007e2e00000)
 concurrent mark-sweep generation total 393216K, used 14873K [0x00000007e2e00000, 0x00000007fae00000, 0x00000007fae00000)
 concurrent-mark-sweep perm gen total 31232K, used 31152K [0x00000007fae00000, 0x00000007fcc80000, 0x0000000800000000)
}
2016-05-08T22:20:50.898+0500: 12975.605: Total time for which application threads were stopped: 0.0328010 seconds
{Heap before GC invocations=154 (full 0):
 par new generation   total 109248K, used 90773K [0x00000007dae00000, 0x00000007e2e00000, 0x00000007e2e00000)
  eden space 87424K,  99% used [0x00000007dae00000, 0x00000007e035d7a8, 0x00000007e0360000)
  from space 21824K,  15% used [0x00000007e0360000, 0x00000007e06a7e30, 0x00000007e18b0000)
  to   space 21824K,   0% used [0x00000007e18b0000, 0x00000007e18b0000, 0x00000007e2e00000)
 concurrent mark-sweep generation total 393216K, used 14873K [0x00000007e2e00000, 0x00000007fae00000, 0x00000007fae00000)
 concurrent-mark-sweep perm gen total 31232K, used 31154K [0x00000007fae00000, 0x00000007fcc80000, 0x0000000800000000)
2016-05-08T22:20:52.074+0500: 12976.781: [GC2016-05-08T22:20:52.074+0500: 12976.781: [ParNew
Desired survivor size 20112992 bytes, new threshold 8 (max 8)
- age   1:    2484656 bytes,    2484656 total
- age   2:       5624 bytes,    2490280 total
- age   3:       3152 bytes,    2493432 total
- age   4:       3576 bytes,    2497008 total
- age   5:       1104 bytes,    2498112 total
- age   6:        960 bytes,    2499072 total
- age   7:       1496 bytes,    2500568 total
- age   8:       1080 bytes,    2501648 total
: 90773K->3632K(109248K), 0.0089750 secs] 105646K->18506K(502464K), 0.0090900 secs] [Times: user=0.02 sys=0.00, real=0.01 secs] 
Heap after GC invocations=155 (full 0):
 par new generation   total 109248K, used 3632K [0x00000007dae00000, 0x00000007e2e00000, 0x00000007e2e00000)
  eden space 87424K,   0% used [0x00000007dae00000, 0x00000007dae00000, 0x00000007e0360000)
  from space 21824K,  16% used [0x00000007e18b0000, 0x00000007e1c3c150, 0x00000007e2e00000)
  to   space 21824K,   0% used [0x00000007e0360000, 0x00000007e0360000, 0x00000007e18b0000)
 concurrent mark-sweep generation total 393216K, used 14874K [0x00000007e2e00000, 0x00000007fae00000, 0x00000007fae00000)
 concurrent-mark-sweep perm gen total 31232K, used 31154K [0x00000007fae00000, 0x00000007fcc80000, 0x0000000800000000)
}
2016-05-08T22:20:52.083+0500: 12976.790: Total time for which application threads were stopped: 0.0103690 seconds
{Heap before GC invocations=155 (full 0):
 par new generation   total 109248K, used 91051K [0x00000007dae00000, 0x00000007e2e00000, 0x00000007e2e00000)
  eden space 87424K,  99% used [0x00000007dae00000, 0x00000007e035ec40, 0x00000007e0360000)
  from space 21824K,  16% used [0x00000007e18b0000, 0x00000007e1c3c150, 0x00000007e2e00000)
  to   space 21824K,   0% used [0x00000007e0360000, 0x00000007e0360000, 0x00000007e18b0000)
 concurrent mark-sweep generation total 393216K, used 14874K [0x00000007e2e00000, 0x00000007fae00000, 0x00000007fae00000)
 concurrent-mark-sweep perm gen total 31232K, used 31154K [0x00000007fae00000, 0x00000007fcc80000, 0x0000000800000000)
2016-05-08T22:20:53.823+0500: 12978.530: [GC2016-05-08T22:20:53.823+0500: 12978.530: [ParNew
Desired survivor size 20112992 bytes, new threshold 8 (max 8)
- age   1:    2312480 bytes,    2312480 total
- age   2:      29688 bytes,    2342168 total
- age   3:       2808 bytes,    2344976 total
- age   4:       3152 bytes,    2348128 total
- age   5:       3576 bytes,    2351704 total
- age   6:       1104 bytes,    2352808 total
- age   7:        960 bytes,    2353768 total
- age   8:       1496 bytes,    2355264 total
: 91051K->3020K(109248K), 0.0124830 secs] 105925K->17895K(502464K), 0.0125920 secs] [Times: user=0.01 sys=0.01, real=0.01 secs] 
Heap after GC invocations=156 (full 0):
 par new generation   total 109248K, used 3020K [0x00000007dae00000, 0x00000007e2e00000, 0x00000007e2e00000)
  eden space 87424K,   0% used [0x00000007dae00000, 0x00000007dae00000, 0x00000007e0360000)
  from space 21824K,  13% used [0x00000007e0360000, 0x00000007e0653158, 0x00000007e18b0000)
  to   space 21824K,   0% used [0x00000007e18b0000, 0x00000007e18b0000, 0x00000007e2e00000)
 concurrent mark-sweep generation total 393216K, used 14875K [0x00000007e2e00000, 0x00000007fae00000, 0x00000007fae00000)
 concurrent-mark-sweep perm gen total 31232K, used 31154K [0x00000007fae00000, 0x00000007fcc80000, 0x0000000800000000)
}
2016-05-08T22:20:53.836+0500: 12978.542: Total time for which application threads were stopped: 0.0135500 seconds
{Heap before GC invocations=156 (full 0):
 par new generation   total 109248K, used 90444K [0x00000007dae00000, 0x00000007e2e00000, 0x00000007e2e00000)
  eden space 87424K, 100% used [0x00000007dae00000, 0x00000007e0360000, 0x00000007e0360000)
  from space 21824K,  13% used [0x00000007e0360000, 0x00000007e0653158, 0x00000007e18b0000)
  to   space 21824K,   0% used [0x00000007e18b0000, 0x00000007e18b0000, 0x00000007e2e00000)
 concurrent mark-sweep generation total 393216K, used 14875K [0x00000007e2e00000, 0x00000007fae00000, 0x00000007fae00000)
 concurrent-mark-sweep perm gen total 31232K, used 31155K [0x00000007fae00000, 0x00000007fcc80000, 0x0000000800000000)
2016-05-08T22:20:54.547+0500: 12979.254: [GC2016-05-08T22:20:54.547+0500: 12979.254: [ParNew
Desired survivor size 20112992 bytes, new threshold 8 (max 8)
- age   1:    3787336 bytes,    3787336 total
- age   2:       5536 bytes,    3792872 total
- age   3:       2856 bytes,    3795728 total
- age   4:       2784 bytes,    3798512 total
- age   5:       3152 bytes,    3801664 total
- age   6:       1272 bytes,    3802936 total
- age   7:       1104 bytes,    3804040 total
- age   8:        960 bytes,    3805000 total
: 90444K->4277K(109248K), 0.0198200 secs] 105319K->19154K(502464K), 0.0199500 secs] [Times: user=0.01 sys=0.00, real=0.02 secs] 
Heap after GC invocations=157 (full 0):
 par new generation   total 109248K, used 4277K [0x00000007dae00000, 0x00000007e2e00000, 0x00000007e2e00000)
  eden space 87424K,   0% used [0x00000007dae00000, 0x00000007dae00000, 0x00000007e0360000)
  from space 21824K,  19% used [0x00000007e18b0000, 0x00000007e1cdd570, 0x00000007e2e00000)
  to   space 21824K,   0% used [0x00000007e0360000, 0x00000007e0360000, 0x00000007e18b0000)
 concurrent mark-sweep generation total 393216K, used 14876K [0x00000007e2e00000, 0x00000007fae00000, 0x00000007fae00000)
 concurrent-mark-sweep perm gen total 31232K, used 31155K [0x00000007fae00000, 0x00000007fcc80000, 0x0000000800000000)
}
2016-05-08T22:20:54.567+0500: 12979.274: Total time for which application threads were stopped: 0.0213790 seconds
{Heap before GC invocations=157 (full 0):
 par new generation   total 109248K, used 91701K [0x00000007dae00000, 0x00000007e2e00000, 0x00000007e2e00000)
  eden space 87424K, 100% used [0x00000007dae00000, 0x00000007e0360000, 0x00000007e0360000)
  from space 21824K,  19% used [0x00000007e18b0000, 0x00000007e1cdd570, 0x00000007e2e00000)
  to   space 21824K,   0% used [0x00000007e0360000, 0x00000007e0360000, 0x00000007e18b0000)
 concurrent mark-sweep generation total 393216K, used 14876K [0x00000007e2e00000, 0x00000007fae00000, 0x00000007fae00000)
 concurrent-mark-sweep perm gen total 31232K, used 31155K [0x00000007fae00000, 0x00000007fcc80000, 0x0000000800000000)
2016-05-08T22:20:55.058+0500: 12979.764: [GC2016-05-08T22:20:55.058+0500: 12979.764: [ParNew
Desired survivor size 20112992 bytes, new threshold 8 (max 8)
- age   1:    3022096 bytes,    3022096 total
- age   2:      45920 bytes,    3068016 total
- age   3:       3176 bytes,    3071192 total
- age   4:       2832 bytes,    3074024 total
- age   5:       2784 bytes,    3076808 total
- age   6:       3128 bytes,    3079936 total
- age   7:       1272 bytes,    3081208 total
- age   8:       1080 bytes,    3082288 total
: 91701K->4539K(109248K), 0.0195070 secs] 106578K->19417K(502464K), 0.0196200 secs] [Times: user=0.02 sys=0.00, real=0.02 secs] 
Heap after GC invocations=158 (full 0):
 par new generation   total 109248K, used 4539K [0x00000007dae00000, 0x00000007e2e00000, 0x00000007e2e00000)
  eden space 87424K,   0% used [0x00000007dae00000, 0x00000007dae00000, 0x00000007e0360000)
  from space 21824K,  20% used [0x00000007e0360000, 0x00000007e07ced28, 0x00000007e18b0000)
  to   space 21824K,   0% used [0x00000007e18b0000, 0x00000007e18b0000, 0x00000007e2e00000)
 concurrent mark-sweep generation total 393216K, used 14877K [0x00000007e2e00000, 0x00000007fae00000, 0x00000007fae00000)
 concurrent-mark-sweep perm gen total 31232K, used 31155K [0x00000007fae00000, 0x00000007fcc80000, 0x0000000800000000)
}
2016-05-08T22:20:55.077+0500: 12979.784: Total time for which application threads were stopped: 0.0207860 seconds
{Heap before GC invocations=158 (full 0):
 par new generation   total 109248K, used 91963K [0x00000007dae00000, 0x00000007e2e00000, 0x00000007e2e00000)
  eden space 87424K, 100% used [0x00000007dae00000, 0x00000007e0360000, 0x00000007e0360000)
  from space 21824K,  20% used [0x00000007e0360000, 0x00000007e07ced28, 0x00000007e18b0000)
  to   space 21824K,   0% used [0x00000007e18b0000, 0x00000007e18b0000, 0x00000007e2e00000)
 concurrent mark-sweep generation total 393216K, used 14877K [0x00000007e2e00000, 0x00000007fae00000, 0x00000007fae00000)
 concurrent-mark-sweep perm gen total 31232K, used 31155K [0x00000007fae00000, 0x00000007fcc80000, 0x0000000800000000)
2016-05-08T22:20:55.493+0500: 12980.200: [GC2016-05-08T22:20:55.497+0500: 12980.203: [ParNew
Desired survivor size 20112992 bytes, new threshold 8 (max 8)
- age   1:    3192248 bytes,    3192248 total
- age   2:     280448 bytes,    3472696 total
- age   3:       4728 bytes,    3477424 total
- age   4:       3152 bytes,    3480576 total
- age   5:       2832 bytes,    3483408 total
- age   6:       2760 bytes,    3486168 total
- age   7:       3128 bytes,    3489296 total
- age   8:       1272 bytes,    3490568 total
: 91963K->4709K(109248K), 0.0785880 secs] 106841K->19588K(502464K), 0.0818690 secs] [Times: user=0.06 sys=0.01, real=0.08 secs] 
Heap after GC invocations=159 (full 0):
 par new generation   total 109248K, used 4709K [0x00000007dae00000, 0x00000007e2e00000, 0x00000007e2e00000)
  eden space 87424K,   0% used [0x00000007dae00000, 0x00000007dae00000, 0x00000007e0360000)
  from space 21824K,  21% used [0x00000007e18b0000, 0x00000007e1d49740, 0x00000007e2e00000)
  to   space 21824K,   0% used [0x00000007e0360000, 0x00000007e0360000, 0x00000007e18b0000)
 concurrent mark-sweep generation total 393216K, used 14878K [0x00000007e2e00000, 0x00000007fae00000, 0x00000007fae00000)
 concurrent-mark-sweep perm gen total 31232K, used 31155K [0x00000007fae00000, 0x00000007fcc80000, 0x0000000800000000)
}
2016-05-08T22:20:55.575+0500: 12980.282: Total time for which application threads were stopped: 0.0821240 seconds
{Heap before GC invocations=159 (full 0):
 par new generation   total 109248K, used 92133K [0x00000007dae00000, 0x00000007e2e00000, 0x00000007e2e00000)
  eden space 87424K, 100% used [0x00000007dae00000, 0x00000007e0360000, 0x00000007e0360000)
  from space 21824K,  21% used [0x00000007e18b0000, 0x00000007e1d49740, 0x00000007e2e00000)
  to   space 21824K,   0% used [0x00000007e0360000, 0x00000007e0360000, 0x00000007e18b0000)
 concurrent mark-sweep generation total 393216K, used 14878K [0x00000007e2e00000, 0x00000007fae00000, 0x00000007fae00000)
 concurrent-mark-sweep perm gen total 31232K, used 31155K [0x00000007fae00000, 0x00000007fcc80000, 0x0000000800000000)
2016-05-08T22:20:55.998+0500: 12980.705: [GC2016-05-08T22:20:55.999+0500: 12980.705: [ParNew
Desired survivor size 20112992 bytes, new threshold 8 (max 8)
- age   1:    3163480 bytes,    3163480 total
- age   2:      35080 bytes,    3198560 total
- age   3:       5056 bytes,    3203616 total
- age   4:       4728 bytes,    3208344 total
- age   5:       3152 bytes,    3211496 total
- age   6:       2832 bytes,    3214328 total
- age   7:       2760 bytes,    3217088 total
- age   8:       3128 bytes,    3220216 total
: 92133K->3813K(109248K), 0.0667950 secs] 107012K->18694K(502464K), 0.0669040 secs] [Times: user=0.02 sys=0.00, real=0.07 secs] 
Heap after GC invocations=160 (full 0):
 par new generation   total 109248K, used 3813K [0x00000007dae00000, 0x00000007e2e00000, 0x00000007e2e00000)
  eden space 87424K,   0% used [0x00000007dae00000, 0x00000007dae00000, 0x00000007e0360000)
  from space 21824K,  17% used [0x00000007e0360000, 0x00000007e0719798, 0x00000007e18b0000)
  to   space 21824K,   0% used [0x00000007e18b0000, 0x00000007e18b0000, 0x00000007e2e00000)
 concurrent mark-sweep generation total 393216K, used 14880K [0x00000007e2e00000, 0x00000007fae00000, 0x00000007fae00000)
 concurrent-mark-sweep perm gen total 31232K, used 31155K [0x00000007fae00000, 0x00000007fcc80000, 0x0000000800000000)
}
2016-05-08T22:20:56.065+0500: 12980.772: Total time for which application threads were stopped: 0.0676620 seconds
{Heap before GC invocations=160 (full 0):
 par new generation   total 109248K, used 91232K [0x00000007dae00000, 0x00000007e2e00000, 0x00000007e2e00000)
  eden space 87424K,  99% used [0x00000007dae00000, 0x00000007e035eb70, 0x00000007e0360000)
  from space 21824K,  17% used [0x00000007e0360000, 0x00000007e0719798, 0x00000007e18b0000)
  to   space 21824K,   0% used [0x00000007e18b0000, 0x00000007e18b0000, 0x00000007e2e00000)
 concurrent mark-sweep generation total 393216K, used 14880K [0x00000007e2e00000, 0x00000007fae00000, 0x00000007fae00000)
 concurrent-mark-sweep perm gen total 31232K, used 31155K [0x00000007fae00000, 0x00000007fcc80000, 0x0000000800000000)
2016-05-08T22:20:56.597+0500: 12981.303: [GC2016-05-08T22:20:56.597+0500: 12981.303: [ParNew
Desired survivor size 20112992 bytes, new threshold 8 (max 8)
- age   1:    3018944 bytes,    3018944 total
- age   2:     584520 bytes,    3603464 total
- age   3:       2960 bytes,    3606424 total
- age   4:       3768 bytes,    3610192 total
- age   5:       2448 bytes,    3612640 total
- age   6:       3104 bytes,    3615744 total
- age   7:       2832 bytes,    3618576 total
- age   8:       2736 bytes,    3621312 total
: 91232K->5520K(109248K), 0.0664290 secs] 106112K->20403K(502464K), 0.0665500 secs] [Times: user=0.06 sys=0.01, real=0.07 secs] 
Heap after GC invocations=161 (full 0):
 par new generation   total 109248K, used 5520K [0x00000007dae00000, 0x00000007e2e00000, 0x00000007e2e00000)
  eden space 87424K,   0% used [0x00000007dae00000, 0x00000007dae00000, 0x00000007e0360000)
  from space 21824K,  25% used [0x00000007e18b0000, 0x00000007e1e14010, 0x00000007e2e00000)
  to   space 21824K,   0% used [0x00000007e0360000, 0x00000007e0360000, 0x00000007e18b0000)
 concurrent mark-sweep generation total 393216K, used 14883K [0x00000007e2e00000, 0x00000007fae00000, 0x00000007fae00000)
 concurrent-mark-sweep perm gen total 31232K, used 31155K [0x00000007fae00000, 0x00000007fcc80000, 0x0000000800000000)
}
2016-05-08T22:20:56.663+0500: 12981.370: Total time for which application threads were stopped: 0.0673920 seconds
{Heap before GC invocations=161 (full 0):
 par new generation   total 109248K, used 92944K [0x00000007dae00000, 0x00000007e2e00000, 0x00000007e2e00000)
  eden space 87424K, 100% used [0x00000007dae00000, 0x00000007e0360000, 0x00000007e0360000)
  from space 21824K,  25% used [0x00000007e18b0000, 0x00000007e1e14010, 0x00000007e2e00000)
  to   space 21824K,   0% used [0x00000007e0360000, 0x00000007e0360000, 0x00000007e18b0000)
 concurrent mark-sweep generation total 393216K, used 14883K [0x00000007e2e00000, 0x00000007fae00000, 0x00000007fae00000)
 concurrent-mark-sweep perm gen total 31232K, used 31155K [0x00000007fae00000, 0x00000007fcc80000, 0x0000000800000000)
2016-05-08T22:20:57.085+0500: 12981.791: [GC2016-05-08T22:20:57.085+0500: 12981.791: [ParNew
Desired survivor size 20112992 bytes, new threshold 8 (max 8)
- age   1:    3265800 bytes,    3265800 total
- age   2:      43400 bytes,    3309200 total
- age   3:       3984 bytes,    3313184 total
- age   4:       2960 bytes,    3316144 total
- age   5:       3744 bytes,    3319888 total
- age   6:       2424 bytes,    3322312 total
- age   7:       3104 bytes,    3325416 total
- age   8:       2832 bytes,    3328248 total
: 92944K->4182K(109248K), 0.0185220 secs] 107827K->19068K(502464K), 0.0186250 secs] [Times: user=0.01 sys=0.00, real=0.02 secs] 
Heap after GC invocations=162 (full 0):
 par new generation   total 109248K, used 4182K [0x00000007dae00000, 0x00000007e2e00000, 0x00000007e2e00000)
  eden space 87424K,   0% used [0x00000007dae00000, 0x00000007dae00000, 0x00000007e0360000)
  from space 21824K,  19% used [0x00000007e0360000, 0x00000007e0775b98, 0x00000007e18b0000)
  to   space 21824K,   0% used [0x00000007e18b0000, 0x00000007e18b0000, 0x00000007e2e00000)
 concurrent mark-sweep generation total 393216K, used 14885K [0x00000007e2e00000, 0x00000007fae00000, 0x00000007fae00000)
 concurrent-mark-sweep perm gen total 31232K, used 31155K [0x00000007fae00000, 0x00000007fcc80000, 0x0000000800000000)
}
2016-05-08T22:20:57.104+0500: 12981.810: Total time for which application threads were stopped: 0.0189360 seconds
{Heap before GC invocations=162 (full 0):
 par new generation   total 109248K, used 91606K [0x00000007dae00000, 0x00000007e2e00000, 0x00000007e2e00000)
  eden space 87424K, 100% used [0x00000007dae00000, 0x00000007e0360000, 0x00000007e0360000)
  from space 21824K,  19% used [0x00000007e0360000, 0x00000007e0775b98, 0x00000007e18b0000)
  to   space 21824K,   0% used [0x00000007e18b0000, 0x00000007e18b0000, 0x00000007e2e00000)
 concurrent mark-sweep generation total 393216K, used 14885K [0x00000007e2e00000, 0x00000007fae00000, 0x00000007fae00000)
 concurrent-mark-sweep perm gen total 31232K, used 31155K [0x00000007fae00000, 0x00000007fcc80000, 0x0000000800000000)
2016-05-08T22:20:57.504+0500: 12982.211: [GC2016-05-08T22:20:57.504+0500: 12982.211: [ParNew
Desired survivor size 20112992 bytes, new threshold 8 (max 8)
- age   1:    3188344 bytes,    3188344 total
- age   2:      36624 bytes,    3224968 total
- age   3:       6232 bytes,    3231200 total
- age   4:       2544 bytes,    3233744 total
- age   5:       2960 bytes,    3236704 total
- age   6:       3744 bytes,    3240448 total
- age   7:       2400 bytes,    3242848 total
- age   8:       3104 bytes,    3245952 total
: 91606K->4407K(109248K), 0.0126220 secs] 106492K->19296K(502464K), 0.0127480 secs] [Times: user=0.02 sys=0.01, real=0.01 secs] 
Heap after GC invocations=163 (full 0):
 par new generation   total 109248K, used 4407K [0x00000007dae00000, 0x00000007e2e00000, 0x00000007e2e00000)
  eden space 87424K,   0% used [0x00000007dae00000, 0x00000007dae00000, 0x00000007e0360000)
  from space 21824K,  20% used [0x00000007e18b0000, 0x00000007e1cfde20, 0x00000007e2e00000)
  to   space 21824K,   0% used [0x00000007e0360000, 0x00000007e0360000, 0x00000007e18b0000)
 concurrent mark-sweep generation total 393216K, used 14888K [0x00000007e2e00000, 0x00000007fae00000, 0x00000007fae00000)
 concurrent-mark-sweep perm gen total 31232K, used 31155K [0x00000007fae00000, 0x00000007fcc80000, 0x0000000800000000)
}
2016-05-08T22:20:57.517+0500: 12982.223: Total time for which application threads were stopped: 0.0137700 seconds
{Heap before GC invocations=163 (full 0):
 par new generation   total 109248K, used 91831K [0x00000007dae00000, 0x00000007e2e00000, 0x00000007e2e00000)
  eden space 87424K, 100% used [0x00000007dae00000, 0x00000007e0360000, 0x00000007e0360000)
  from space 21824K,  20% used [0x00000007e18b0000, 0x00000007e1cfde20, 0x00000007e2e00000)
  to   space 21824K,   0% used [0x00000007e0360000, 0x00000007e0360000, 0x00000007e18b0000)
 concurrent mark-sweep generation total 393216K, used 14888K [0x00000007e2e00000, 0x00000007fae00000, 0x00000007fae00000)
 concurrent-mark-sweep perm gen total 31232K, used 31155K [0x00000007fae00000, 0x00000007fcc80000, 0x0000000800000000)
2016-05-08T22:20:57.934+0500: 12982.640: [GC2016-05-08T22:20:57.934+0500: 12982.640: [ParNew
Desired survivor size 20112992 bytes, new threshold 8 (max 8)
- age   1:    3301960 bytes,    3301960 total
- age   2:     333224 bytes,    3635184 total
- age   3:       2664 bytes,    3637848 total
- age   4:       6232 bytes,    3644080 total
- age   5:       2544 bytes,    3646624 total
- age   6:       2960 bytes,    3649584 total
- age   7:       3720 bytes,    3653304 total
- age   8:       2400 bytes,    3655704 total
: 91831K->4858K(109248K), 0.0276610 secs] 106720K->19749K(502464K), 0.0277680 secs] [Times: user=0.02 sys=0.00, real=0.03 secs] 
Heap after GC invocations=164 (full 0):
 par new generation   total 109248K, used 4858K [0x00000007dae00000, 0x00000007e2e00000, 0x00000007e2e00000)
  eden space 87424K,   0% used [0x00000007dae00000, 0x00000007dae00000, 0x00000007e0360000)
  from space 21824K,  22% used [0x00000007e0360000, 0x00000007e081e930, 0x00000007e18b0000)
  to   space 21824K,   0% used [0x00000007e18b0000, 0x00000007e18b0000, 0x00000007e2e00000)
 concurrent mark-sweep generation total 393216K, used 14891K [0x00000007e2e00000, 0x00000007fae00000, 0x00000007fae00000)
 concurrent-mark-sweep perm gen total 31232K, used 31155K [0x00000007fae00000, 0x00000007fcc80000, 0x0000000800000000)
}
2016-05-08T22:20:57.962+0500: 12982.668: Total time for which application threads were stopped: 0.0280430 seconds
{Heap before GC invocations=164 (full 0):
 par new generation   total 109248K, used 92282K [0x00000007dae00000, 0x00000007e2e00000, 0x00000007e2e00000)
  eden space 87424K, 100% used [0x00000007dae00000, 0x00000007e0360000, 0x00000007e0360000)
  from space 21824K,  22% used [0x00000007e0360000, 0x00000007e081e930, 0x00000007e18b0000)
  to   space 21824K,   0% used [0x00000007e18b0000, 0x00000007e18b0000, 0x00000007e2e00000)
 concurrent mark-sweep generation total 393216K, used 14891K [0x00000007e2e00000, 0x00000007fae00000, 0x00000007fae00000)
 concurrent-mark-sweep perm gen total 31232K, used 31156K [0x00000007fae00000, 0x00000007fcc80000, 0x0000000800000000)
2016-05-08T22:20:58.520+0500: 12983.226: [GC2016-05-08T22:20:58.520+0500: 12983.226: [ParNew
Desired survivor size 20112992 bytes, new threshold 8 (max 8)
- age   1:    3212824 bytes,    3212824 total
- age   2:     842288 bytes,    4055112 total
- age   3:       4216 bytes,    4059328 total
- age   4:       2664 bytes,    4061992 total
- age   5:       6208 bytes,    4068200 total
- age   6:       2544 bytes,    4070744 total
- age   7:       2936 bytes,    4073680 total
- age   8:       3696 bytes,    4077376 total
: 92282K->5062K(109248K), 0.0748760 secs] 107173K->19956K(502464K), 0.0750000 secs] [Times: user=0.05 sys=0.01, real=0.07 secs] 
Heap after GC invocations=165 (full 0):
 par new generation   total 109248K, used 5062K [0x00000007dae00000, 0x00000007e2e00000, 0x00000007e2e00000)
  eden space 87424K,   0% used [0x00000007dae00000, 0x00000007dae00000, 0x00000007e0360000)
  from space 21824K,  23% used [0x00000007e18b0000, 0x00000007e1da1b10, 0x00000007e2e00000)
  to   space 21824K,   0% used [0x00000007e0360000, 0x00000007e0360000, 0x00000007e18b0000)
 concurrent mark-sweep generation total 393216K, used 14893K [0x00000007e2e00000, 0x00000007fae00000, 0x00000007fae00000)
 concurrent-mark-sweep perm gen total 31232K, used 31156K [0x00000007fae00000, 0x00000007fcc80000, 0x0000000800000000)
}
2016-05-08T22:20:58.595+0500: 12983.301: Total time for which application threads were stopped: 0.0761350 seconds
{Heap before GC invocations=165 (full 0):
 par new generation   total 109248K, used 92451K [0x00000007dae00000, 0x00000007e2e00000, 0x00000007e2e00000)
  eden space 87424K,  99% used [0x00000007dae00000, 0x00000007e03572e0, 0x00000007e0360000)
  from space 21824K,  23% used [0x00000007e18b0000, 0x00000007e1da1b10, 0x00000007e2e00000)
  to   space 21824K,   0% used [0x00000007e0360000, 0x00000007e0360000, 0x00000007e18b0000)
 concurrent mark-sweep generation total 393216K, used 14893K [0x00000007e2e00000, 0x00000007fae00000, 0x00000007fae00000)
 concurrent-mark-sweep perm gen total 31232K, used 31156K [0x00000007fae00000, 0x00000007fcc80000, 0x0000000800000000)
2016-05-08T22:20:59.285+0500: 12983.992: [GC2016-05-08T22:20:59.285+0500: 12983.992: [ParNew
Desired survivor size 20112992 bytes, new threshold 8 (max 8)
- age   1:    3077328 bytes,    3077328 total
- age   2:       6328 bytes,    3083656 total
- age   3:       3664 bytes,    3087320 total
- age   4:       2928 bytes,    3090248 total
- age   5:       2640 bytes,    3092888 total
- age   6:       3928 bytes,    3096816 total
- age   7:       2544 bytes,    3099360 total
- age   8:       2936 bytes,    3102296 total
: 92451K->4102K(109248K), 0.0132720 secs] 107345K->19000K(502464K), 0.0133780 secs] [Times: user=0.01 sys=0.00, real=0.01 secs] 
Heap after GC invocations=166 (full 0):
 par new generation   total 109248K, used 4102K [0x00000007dae00000, 0x00000007e2e00000, 0x00000007e2e00000)
  eden space 87424K,   0% used [0x00000007dae00000, 0x00000007dae00000, 0x00000007e0360000)
  from space 21824K,  18% used [0x00000007e0360000, 0x00000007e0761b70, 0x00000007e18b0000)
  to   space 21824K,   0% used [0x00000007e18b0000, 0x00000007e18b0000, 0x00000007e2e00000)
 concurrent mark-sweep generation total 393216K, used 14897K [0x00000007e2e00000, 0x00000007fae00000, 0x00000007fae00000)
 concurrent-mark-sweep perm gen total 31232K, used 31156K [0x00000007fae00000, 0x00000007fcc80000, 0x0000000800000000)
}
2016-05-08T22:20:59.299+0500: 12984.005: Total time for which application threads were stopped: 0.0150050 seconds
{Heap before GC invocations=166 (full 0):
 par new generation   total 109248K, used 91526K [0x00000007dae00000, 0x00000007e2e00000, 0x00000007e2e00000)
  eden space 87424K, 100% used [0x00000007dae00000, 0x00000007e0360000, 0x00000007e0360000)
  from space 21824K,  18% used [0x00000007e0360000, 0x00000007e0761b70, 0x00000007e18b0000)
  to   space 21824K,   0% used [0x00000007e18b0000, 0x00000007e18b0000, 0x00000007e2e00000)
 concurrent mark-sweep generation total 393216K, used 14897K [0x00000007e2e00000, 0x00000007fae00000, 0x00000007fae00000)
 concurrent-mark-sweep perm gen total 31232K, used 31156K [0x00000007fae00000, 0x00000007fcc80000, 0x0000000800000000)
2016-05-08T22:21:00.237+0500: 12984.944: [GC2016-05-08T22:21:00.237+0500: 12984.944: [ParNew
Desired survivor size 20112992 bytes, new threshold 8 (max 8)
- age   1:    2692280 bytes,    2692280 total
- age   2:      55200 bytes,    2747480 total
- age   3:       5056 bytes,    2752536 total
- age   4:       3528 bytes,    2756064 total
- age   5:       2928 bytes,    2758992 total
- age   6:       2640 bytes,    2761632 total
- age   7:       3928 bytes,    2765560 total
- age   8:       2520 bytes,    2768080 total
: 91526K->3749K(109248K), 0.0108470 secs] 106424K->18650K(502464K), 0.0109840 secs] [Times: user=0.01 sys=0.00, real=0.01 secs] 
Heap after GC invocations=167 (full 0):
 par new generation   total 109248K, used 3749K [0x00000007dae00000, 0x00000007e2e00000, 0x00000007e2e00000)
  eden space 87424K,   0% used [0x00000007dae00000, 0x00000007dae00000, 0x00000007e0360000)
  from space 21824K,  17% used [0x00000007e18b0000, 0x00000007e1c597f0, 0x00000007e2e00000)
  to   space 21824K,   0% used [0x00000007e0360000, 0x00000007e0360000, 0x00000007e18b0000)
 concurrent mark-sweep generation total 393216K, used 14900K [0x00000007e2e00000, 0x00000007fae00000, 0x00000007fae00000)
 concurrent-mark-sweep perm gen total 31232K, used 31156K [0x00000007fae00000, 0x00000007fcc80000, 0x0000000800000000)
}
2016-05-08T22:21:00.248+0500: 12984.955: Total time for which application threads were stopped: 0.0125380 seconds
{Heap before GC invocations=167 (full 0):
 par new generation   total 109248K, used 91173K [0x00000007dae00000, 0x00000007e2e00000, 0x00000007e2e00000)
  eden space 87424K, 100% used [0x00000007dae00000, 0x00000007e0360000, 0x00000007e0360000)
  from space 21824K,  17% used [0x00000007e18b0000, 0x00000007e1c597f0, 0x00000007e2e00000)
  to   space 21824K,   0% used [0x00000007e0360000, 0x00000007e0360000, 0x00000007e18b0000)
 concurrent mark-sweep generation total 393216K, used 14900K [0x00000007e2e00000, 0x00000007fae00000, 0x00000007fae00000)
 concurrent-mark-sweep perm gen total 31232K, used 31156K [0x00000007fae00000, 0x00000007fcc80000, 0x0000000800000000)
2016-05-08T22:21:00.822+0500: 12985.528: [GC2016-05-08T22:21:00.822+0500: 12985.528: [ParNew
Desired survivor size 20112992 bytes, new threshold 8 (max 8)
- age   1:    4008576 bytes,    4008576 total
- age   2:       4168 bytes,    4012744 total
- age   3:       5640 bytes,    4018384 total
- age   4:       3768 bytes,    4022152 total
- age   5:       3528 bytes,    4025680 total
- age   6:       2928 bytes,    4028608 total
- age   7:       2616 bytes,    4031224 total
- age   8:       3928 bytes,    4035152 total
: 91173K->5014K(109248K), 0.0222120 secs] 106074K->19916K(502464K), 0.0223160 secs] [Times: user=0.02 sys=0.00, real=0.02 secs] 
Heap after GC invocations=168 (full 0):
 par new generation   total 109248K, used 5014K [0x00000007dae00000, 0x00000007e2e00000, 0x00000007e2e00000)
  eden space 87424K,   0% used [0x00000007dae00000, 0x00000007dae00000, 0x00000007e0360000)
  from space 21824K,  22% used [0x00000007e0360000, 0x00000007e0845878, 0x00000007e18b0000)
  to   space 21824K,   0% used [0x00000007e18b0000, 0x00000007e18b0000, 0x00000007e2e00000)
 concurrent mark-sweep generation total 393216K, used 14902K [0x00000007e2e00000, 0x00000007fae00000, 0x00000007fae00000)
 concurrent-mark-sweep perm gen total 31232K, used 31156K [0x00000007fae00000, 0x00000007fcc80000, 0x0000000800000000)
}
2016-05-08T22:21:00.844+0500: 12985.551: Total time for which application threads were stopped: 0.0238860 seconds
{Heap before GC invocations=168 (full 0):
 par new generation   total 109248K, used 92438K [0x00000007dae00000, 0x00000007e2e00000, 0x00000007e2e00000)
  eden space 87424K, 100% used [0x00000007dae00000, 0x00000007e0360000, 0x00000007e0360000)
  from space 21824K,  22% used [0x00000007e0360000, 0x00000007e0845878, 0x00000007e18b0000)
  to   space 21824K,   0% used [0x00000007e18b0000, 0x00000007e18b0000, 0x00000007e2e00000)
 concurrent mark-sweep generation total 393216K, used 14902K [0x00000007e2e00000, 0x00000007fae00000, 0x00000007fae00000)
 concurrent-mark-sweep perm gen total 31232K, used 31156K [0x00000007fae00000, 0x00000007fcc80000, 0x0000000800000000)
2016-05-08T22:21:01.225+0500: 12985.931: [GC2016-05-08T22:21:01.229+0500: 12985.935: [ParNew
Desired survivor size 20112992 bytes, new threshold 8 (max 8)
- age   1:    3694992 bytes,    3694992 total
- age   2:      44648 bytes,    3739640 total
- age   3:       2960 bytes,    3742600 total
- age   4:       5640 bytes,    3748240 total
- age   5:       3720 bytes,    3751960 total
- age   6:       3528 bytes,    3755488 total
- age   7:       2928 bytes,    3758416 total
- age   8:       2616 bytes,    3761032 total
: 92438K->4873K(109248K), 0.0196550 secs] 107340K->19779K(502464K), 0.0236300 secs] [Times: user=0.01 sys=0.00, real=0.02 secs] 
Heap after GC invocations=169 (full 0):
 par new generation   total 109248K, used 4873K [0x00000007dae00000, 0x00000007e2e00000, 0x00000007e2e00000)
  eden space 87424K,   0% used [0x00000007dae00000, 0x00000007dae00000, 0x00000007e0360000)
  from space 21824K,  22% used [0x00000007e18b0000, 0x00000007e1d72470, 0x00000007e2e00000)
  to   space 21824K,   0% used [0x00000007e0360000, 0x00000007e0360000, 0x00000007e18b0000)
 concurrent mark-sweep generation total 393216K, used 14906K [0x00000007e2e00000, 0x00000007fae00000, 0x00000007fae00000)
 concurrent-mark-sweep perm gen total 31232K, used 31156K [0x00000007fae00000, 0x00000007fcc80000, 0x0000000800000000)
}
2016-05-08T22:21:01.249+0500: 12985.955: Total time for which application threads were stopped: 0.0239140 seconds
{Heap before GC invocations=169 (full 0):
 par new generation   total 109248K, used 92297K [0x00000007dae00000, 0x00000007e2e00000, 0x00000007e2e00000)
  eden space 87424K, 100% used [0x00000007dae00000, 0x00000007e0360000, 0x00000007e0360000)
  from space 21824K,  22% used [0x00000007e18b0000, 0x00000007e1d72470, 0x00000007e2e00000)
  to   space 21824K,   0% used [0x00000007e0360000, 0x00000007e0360000, 0x00000007e18b0000)
 concurrent mark-sweep generation total 393216K, used 14906K [0x00000007e2e00000, 0x00000007fae00000, 0x00000007fae00000)
 concurrent-mark-sweep perm gen total 31232K, used 31156K [0x00000007fae00000, 0x00000007fcc80000, 0x0000000800000000)
2016-05-08T22:21:01.705+0500: 12986.411: [GC2016-05-08T22:21:01.705+0500: 12986.411: [ParNew
Desired survivor size 20112992 bytes, new threshold 8 (max 8)
- age   1:    3451272 bytes,    3451272 total
- age   2:      17968 bytes,    3469240 total
- age   3:       2352 bytes,    3471592 total
- age   4:       2960 bytes,    3474552 total
- age   5:       5640 bytes,    3480192 total
- age   6:       3720 bytes,    3483912 total
- age   7:       3528 bytes,    3487440 total
- age   8:       2928 bytes,    3490368 total
: 92297K->4797K(109248K), 0.0325870 secs] 107203K->19707K(502464K), 0.0326930 secs] [Times: user=0.01 sys=0.00, real=0.03 secs] 
Heap after GC invocations=170 (full 0):
 par new generation   total 109248K, used 4797K [0x00000007dae00000, 0x00000007e2e00000, 0x00000007e2e00000)
  eden space 87424K,   0% used [0x00000007dae00000, 0x00000007dae00000, 0x00000007e0360000)
  from space 21824K,  21% used [0x00000007e0360000, 0x00000007e080f7b0, 0x00000007e18b0000)
  to   space 21824K,   0% used [0x00000007e18b0000, 0x00000007e18b0000, 0x00000007e2e00000)
 concurrent mark-sweep generation total 393216K, used 14909K [0x00000007e2e00000, 0x00000007fae00000, 0x00000007fae00000)
 concurrent-mark-sweep perm gen total 31232K, used 31156K [0x00000007fae00000, 0x00000007fcc80000, 0x0000000800000000)
}
2016-05-08T22:21:01.738+0500: 12986.444: Total time for which application threads were stopped: 0.0340020 seconds
{Heap before GC invocations=170 (full 0):
 par new generation   total 109248K, used 92221K [0x00000007dae00000, 0x00000007e2e00000, 0x00000007e2e00000)
  eden space 87424K, 100% used [0x00000007dae00000, 0x00000007e0360000, 0x00000007e0360000)
  from space 21824K,  21% used [0x00000007e0360000, 0x00000007e080f7b0, 0x00000007e18b0000)
  to   space 21824K,   0% used [0x00000007e18b0000, 0x00000007e18b0000, 0x00000007e2e00000)
 concurrent mark-sweep generation total 393216K, used 14909K [0x00000007e2e00000, 0x00000007fae00000, 0x00000007fae00000)
 concurrent-mark-sweep perm gen total 31232K, used 31156K [0x00000007fae00000, 0x00000007fcc80000, 0x0000000800000000)
2016-05-08T22:21:02.420+0500: 12987.126: [GC2016-05-08T22:21:02.450+0500: 12987.157: [ParNew
Desired survivor size 20112992 bytes, new threshold 8 (max 8)
- age   1:    3295232 bytes,    3295232 total
- age   2:     780208 bytes,    4075440 total
- age   3:       3640 bytes,    4079080 total
- age   4:       2352 bytes,    4081432 total
- age   5:       2936 bytes,    4084368 total
- age   6:       3360 bytes,    4087728 total
- age   7:       3720 bytes,    4091448 total
- age   8:       3528 bytes,    4094976 total
: 92221K->4964K(109248K), 0.1325960 secs] 107131K->19877K(502464K), 0.1626900 secs] [Times: user=0.11 sys=0.02, real=0.16 secs] 
Heap after GC invocations=171 (full 0):
 par new generation   total 109248K, used 4964K [0x00000007dae00000, 0x00000007e2e00000, 0x00000007e2e00000)
  eden space 87424K,   0% used [0x00000007dae00000, 0x00000007dae00000, 0x00000007e0360000)
  from space 21824K,  22% used [0x00000007e18b0000, 0x00000007e1d893f0, 0x00000007e2e00000)
  to   space 21824K,   0% used [0x00000007e0360000, 0x00000007e0360000, 0x00000007e18b0000)
 concurrent mark-sweep generation total 393216K, used 14912K [0x00000007e2e00000, 0x00000007fae00000, 0x00000007fae00000)
 concurrent-mark-sweep perm gen total 31232K, used 31156K [0x00000007fae00000, 0x00000007fcc80000, 0x0000000800000000)
}
2016-05-08T22:21:02.583+0500: 12987.289: Total time for which application threads were stopped: 0.1659940 seconds
{Heap before GC invocations=171 (full 0):
 par new generation   total 109248K, used 92388K [0x00000007dae00000, 0x00000007e2e00000, 0x00000007e2e00000)
  eden space 87424K, 100% used [0x00000007dae00000, 0x00000007e0360000, 0x00000007e0360000)
  from space 21824K,  22% used [0x00000007e18b0000, 0x00000007e1d893f0, 0x00000007e2e00000)
  to   space 21824K,   0% used [0x00000007e0360000, 0x00000007e0360000, 0x00000007e18b0000)
 concurrent mark-sweep generation total 393216K, used 14912K [0x00000007e2e00000, 0x00000007fae00000, 0x00000007fae00000)
 concurrent-mark-sweep perm gen total 31232K, used 31156K [0x00000007fae00000, 0x00000007fcc80000, 0x0000000800000000)
2016-05-08T22:21:03.135+0500: 12987.841: [GC2016-05-08T22:21:03.135+0500: 12987.841: [ParNew
Desired survivor size 20112992 bytes, new threshold 8 (max 8)
- age   1:    2716960 bytes,    2716960 total
- age   2:      32576 bytes,    2749536 total
- age   3:       6648 bytes,    2756184 total
- age   4:       3504 bytes,    2759688 total
- age   5:       2328 bytes,    2762016 total
- age   6:       2936 bytes,    2764952 total
- age   7:       3360 bytes,    2768312 total
- age   8:       3720 bytes,    2772032 total
: 92388K->5319K(109248K), 0.0284420 secs] 107301K->20234K(502464K), 0.0285480 secs] [Times: user=0.02 sys=0.00, real=0.03 secs] 
Heap after GC invocations=172 (full 0):
 par new generation   total 109248K, used 5319K [0x00000007dae00000, 0x00000007e2e00000, 0x00000007e2e00000)
  eden space 87424K,   0% used [0x00000007dae00000, 0x00000007dae00000, 0x00000007e0360000)
  from space 21824K,  24% used [0x00000007e0360000, 0x00000007e0891d28, 0x00000007e18b0000)
  to   space 21824K,   0% used [0x00000007e18b0000, 0x00000007e18b0000, 0x00000007e2e00000)
 concurrent mark-sweep generation total 393216K, used 14915K [0x00000007e2e00000, 0x00000007fae00000, 0x00000007fae00000)
 concurrent-mark-sweep perm gen total 31232K, used 31156K [0x00000007fae00000, 0x00000007fcc80000, 0x0000000800000000)
}
2016-05-08T22:21:03.163+0500: 12987.870: Total time for which application threads were stopped: 0.0299710 seconds
{Heap before GC invocations=172 (full 0):
 par new generation   total 109248K, used 92743K [0x00000007dae00000, 0x00000007e2e00000, 0x00000007e2e00000)
  eden space 87424K, 100% used [0x00000007dae00000, 0x00000007e0360000, 0x00000007e0360000)
  from space 21824K,  24% used [0x00000007e0360000, 0x00000007e0891d28, 0x00000007e18b0000)
  to   space 21824K,   0% used [0x00000007e18b0000, 0x00000007e18b0000, 0x00000007e2e00000)
 concurrent mark-sweep generation total 393216K, used 14915K [0x00000007e2e00000, 0x00000007fae00000, 0x00000007fae00000)
 concurrent-mark-sweep perm gen total 31232K, used 31156K [0x00000007fae00000, 0x00000007fcc80000, 0x0000000800000000)
2016-05-08T22:21:03.767+0500: 12988.473: [GC2016-05-08T22:21:03.767+0500: 12988.473: [ParNew
Desired survivor size 20112992 bytes, new threshold 8 (max 8)
- age   1:    3048160 bytes,    3048160 total
- age   2:      19344 bytes,    3067504 total
- age   3:       5064 bytes,    3072568 total
- age   4:       2984 bytes,    3075552 total
- age   5:       3504 bytes,    3079056 total
- age   6:       2304 bytes,    3081360 total
- age   7:       2936 bytes,    3084296 total
- age   8:       3360 bytes,    3087656 total
: 92743K->4061K(109248K), 0.0111220 secs] 107658K->18980K(502464K), 0.0112520 secs] [Times: user=0.01 sys=0.00, real=0.01 secs] 
Heap after GC invocations=173 (full 0):
 par new generation   total 109248K, used 4061K [0x00000007dae00000, 0x00000007e2e00000, 0x00000007e2e00000)
  eden space 87424K,   0% used [0x00000007dae00000, 0x00000007dae00000, 0x00000007e0360000)
  from space 21824K,  18% used [0x00000007e18b0000, 0x00000007e1ca7660, 0x00000007e2e00000)
  to   space 21824K,   0% used [0x00000007e0360000, 0x00000007e0360000, 0x00000007e18b0000)
 concurrent mark-sweep generation total 393216K, used 14919K [0x00000007e2e00000, 0x00000007fae00000, 0x00000007fae00000)
 concurrent-mark-sweep perm gen total 31232K, used 31156K [0x00000007fae00000, 0x00000007fcc80000, 0x0000000800000000)
}
2016-05-08T22:21:03.778+0500: 12988.485: Total time for which application threads were stopped: 0.0125500 seconds
{Heap before GC invocations=173 (full 0):
 par new generation   total 109248K, used 91485K [0x00000007dae00000, 0x00000007e2e00000, 0x00000007e2e00000)
  eden space 87424K, 100% used [0x00000007dae00000, 0x00000007e0360000, 0x00000007e0360000)
  from space 21824K,  18% used [0x00000007e18b0000, 0x00000007e1ca7660, 0x00000007e2e00000)
  to   space 21824K,   0% used [0x00000007e0360000, 0x00000007e0360000, 0x00000007e18b0000)
 concurrent mark-sweep generation total 393216K, used 14919K [0x00000007e2e00000, 0x00000007fae00000, 0x00000007fae00000)
 concurrent-mark-sweep perm gen total 31232K, used 31156K [0x00000007fae00000, 0x00000007fcc80000, 0x0000000800000000)
2016-05-08T22:21:04.117+0500: 12988.823: [GC2016-05-08T22:21:04.117+0500: 12988.823: [ParNew
Desired survivor size 20112992 bytes, new threshold 8 (max 8)
- age   1:    3956088 bytes,    3956088 total
- age   2:     285032 bytes,    4241120 total
- age   3:       3800 bytes,    4244920 total
- age   4:       5064 bytes,    4249984 total
- age   5:       2984 bytes,    4252968 total
- age   6:       3504 bytes,    4256472 total
- age   7:       2304 bytes,    4258776 total
- age   8:       2936 bytes,    4261712 total
: 91485K->4938K(109248K), 0.0179280 secs] 106404K->19860K(502464K), 0.0180370 secs] [Times: user=0.02 sys=0.00, real=0.02 secs] 
Heap after GC invocations=174 (full 0):
 par new generation   total 109248K, used 4938K [0x00000007dae00000, 0x00000007e2e00000, 0x00000007e2e00000)
  eden space 87424K,   0% used [0x00000007dae00000, 0x00000007dae00000, 0x00000007e0360000)
  from space 21824K,  22% used [0x00000007e0360000, 0x00000007e0832948, 0x00000007e18b0000)
  to   space 21824K,   0% used [0x00000007e18b0000, 0x00000007e18b0000, 0x00000007e2e00000)
 concurrent mark-sweep generation total 393216K, used 14922K [0x00000007e2e00000, 0x00000007fae00000, 0x00000007fae00000)
 concurrent-mark-sweep perm gen total 31232K, used 31156K [0x00000007fae00000, 0x00000007fcc80000, 0x0000000800000000)
}
2016-05-08T22:21:04.135+0500: 12988.841: Total time for which application threads were stopped: 0.0183290 seconds
{Heap before GC invocations=174 (full 0):
 par new generation   total 109248K, used 92344K [0x00000007dae00000, 0x00000007e2e00000, 0x00000007e2e00000)
  eden space 87424K,  99% used [0x00000007dae00000, 0x00000007e035b988, 0x00000007e0360000)
  from space 21824K,  22% used [0x00000007e0360000, 0x00000007e0832948, 0x00000007e18b0000)
  to   space 21824K,   0% used [0x00000007e18b0000, 0x00000007e18b0000, 0x00000007e2e00000)
 concurrent mark-sweep generation total 393216K, used 14922K [0x00000007e2e00000, 0x00000007fae00000, 0x00000007fae00000)
 concurrent-mark-sweep perm gen total 31232K, used 31156K [0x00000007fae00000, 0x00000007fcc80000, 0x0000000800000000)
2016-05-08T22:21:04.648+0500: 12989.354: [GC2016-05-08T22:21:04.648+0500: 12989.354: [ParNew
Desired survivor size 20112992 bytes, new threshold 8 (max 8)
- age   1:    2882840 bytes,    2882840 total
- age   2:      42200 bytes,    2925040 total
- age   3:       7096 bytes,    2932136 total
- age   4:       3800 bytes,    2935936 total
- age   5:       2784 bytes,    2938720 total
- age   6:       2984 bytes,    2941704 total
- age   7:       3504 bytes,    2945208 total
- age   8:       2304 bytes,    2947512 total
: 92344K->5581K(109248K), 0.0324580 secs] 107267K->20506K(502464K), 0.0325960 secs] [Times: user=0.02 sys=0.01, real=0.04 secs] 
Heap after GC invocations=175 (full 0):
 par new generation   total 109248K, used 5581K [0x00000007dae00000, 0x00000007e2e00000, 0x00000007e2e00000)
  eden space 87424K,   0% used [0x00000007dae00000, 0x00000007dae00000, 0x00000007e0360000)
  from space 21824K,  25% used [0x00000007e18b0000, 0x00000007e1e23488, 0x00000007e2e00000)
  to   space 21824K,   0% used [0x00000007e0360000, 0x00000007e0360000, 0x00000007e18b0000)
 concurrent mark-sweep generation total 393216K, used 14925K [0x00000007e2e00000, 0x00000007fae00000, 0x00000007fae00000)
 concurrent-mark-sweep perm gen total 31232K, used 31156K [0x00000007fae00000, 0x00000007fcc80000, 0x0000000800000000)
}
2016-05-08T22:21:04.680+0500: 12989.387: Total time for which application threads were stopped: 0.0341000 seconds
{Heap before GC invocations=175 (full 0):
 par new generation   total 109248K, used 93005K [0x00000007dae00000, 0x00000007e2e00000, 0x00000007e2e00000)
  eden space 87424K, 100% used [0x00000007dae00000, 0x00000007e0360000, 0x00000007e0360000)
  from space 21824K,  25% used [0x00000007e18b0000, 0x00000007e1e23488, 0x00000007e2e00000)
  to   space 21824K,   0% used [0x00000007e0360000, 0x00000007e0360000, 0x00000007e18b0000)
 concurrent mark-sweep generation total 393216K, used 14925K [0x00000007e2e00000, 0x00000007fae00000, 0x00000007fae00000)
 concurrent-mark-sweep perm gen total 31232K, used 31156K [0x00000007fae00000, 0x00000007fcc80000, 0x0000000800000000)
2016-05-08T22:21:05.184+0500: 12989.890: [GC2016-05-08T22:21:05.184+0500: 12989.890: [ParNew
Desired survivor size 20112992 bytes, new threshold 8 (max 8)
- age   1:    3083416 bytes,    3083416 total
- age   2:      28280 bytes,    3111696 total
- age   3:       2400 bytes,    3114096 total
- age   4:       3432 bytes,    3117528 total
- age   5:       3776 bytes,    3121304 total
- age   6:       2784 bytes,    3124088 total
- age   7:       2984 bytes,    3127072 total
- age   8:       3504 bytes,    3130576 total
: 93005K->4044K(109248K), 0.0272200 secs] 107930K->18971K(502464K), 0.0273250 secs] [Times: user=0.02 sys=0.00, real=0.03 secs] 
Heap after GC invocations=176 (full 0):
 par new generation   total 109248K, used 4044K [0x00000007dae00000, 0x00000007e2e00000, 0x00000007e2e00000)
  eden space 87424K,   0% used [0x00000007dae00000, 0x00000007dae00000, 0x00000007e0360000)
  from space 21824K,  18% used [0x00000007e0360000, 0x00000007e0753160, 0x00000007e18b0000)
  to   space 21824K,   0% used [0x00000007e18b0000, 0x00000007e18b0000, 0x00000007e2e00000)
 concurrent mark-sweep generation total 393216K, used 14927K [0x00000007e2e00000, 0x00000007fae00000, 0x00000007fae00000)
 concurrent-mark-sweep perm gen total 31232K, used 31156K [0x00000007fae00000, 0x00000007fcc80000, 0x0000000800000000)
}
2016-05-08T22:21:05.211+0500: 12989.918: Total time for which application threads were stopped: 0.0288700 seconds
{Heap before GC invocations=176 (full 0):
 par new generation   total 109248K, used 91468K [0x00000007dae00000, 0x00000007e2e00000, 0x00000007e2e00000)
  eden space 87424K, 100% used [0x00000007dae00000, 0x00000007e0360000, 0x00000007e0360000)
  from space 21824K,  18% used [0x00000007e0360000, 0x00000007e0753160, 0x00000007e18b0000)
  to   space 21824K,   0% used [0x00000007e18b0000, 0x00000007e18b0000, 0x00000007e2e00000)
 concurrent mark-sweep generation total 393216K, used 14927K [0x00000007e2e00000, 0x00000007fae00000, 0x00000007fae00000)
 concurrent-mark-sweep perm gen total 31232K, used 31156K [0x00000007fae00000, 0x00000007fcc80000, 0x0000000800000000)
2016-05-08T22:21:10.009+0500: 12994.716: [GC2016-05-08T22:21:10.029+0500: 12994.735: [ParNew
Desired survivor size 20112992 bytes, new threshold 8 (max 8)
- age   1:    3999664 bytes,    3999664 total
- age   2:     438168 bytes,    4437832 total
- age   3:       5784 bytes,    4443616 total
- age   4:       2400 bytes,    4446016 total
- age   5:       3432 bytes,    4449448 total
- age   6:       3776 bytes,    4453224 total
- age   7:       2784 bytes,    4456008 total
- age   8:       2984 bytes,    4458992 total
: 91468K->5518K(109248K), 0.0845640 secs] 106395K->20449K(502464K), 0.1043920 secs] [Times: user=0.03 sys=0.01, real=0.11 secs] 
Heap after GC invocations=177 (full 0):
 par new generation   total 109248K, used 5518K [0x00000007dae00000, 0x00000007e2e00000, 0x00000007e2e00000)
  eden space 87424K,   0% used [0x00000007dae00000, 0x00000007dae00000, 0x00000007e0360000)
  from space 21824K,  25% used [0x00000007e18b0000, 0x00000007e1e13bd8, 0x00000007e2e00000)
  to   space 21824K,   0% used [0x00000007e0360000, 0x00000007e0360000, 0x00000007e18b0000)
 concurrent mark-sweep generation total 393216K, used 14930K [0x00000007e2e00000, 0x00000007fae00000, 0x00000007fae00000)
 concurrent-mark-sweep perm gen total 31232K, used 31156K [0x00000007fae00000, 0x00000007fcc80000, 0x0000000800000000)
}
2016-05-08T22:21:10.114+0500: 12994.820: Total time for which application threads were stopped: 0.1058930 seconds
2016-05-08T22:21:10.137+0500: 12994.843: Total time for which application threads were stopped: 0.0119180 seconds
{Heap before GC invocations=177 (full 0):
 par new generation   total 109248K, used 92942K [0x00000007dae00000, 0x00000007e2e00000, 0x00000007e2e00000)
  eden space 87424K, 100% used [0x00000007dae00000, 0x00000007e0360000, 0x00000007e0360000)
  from space 21824K,  25% used [0x00000007e18b0000, 0x00000007e1e13bd8, 0x00000007e2e00000)
  to   space 21824K,   0% used [0x00000007e0360000, 0x00000007e0360000, 0x00000007e18b0000)
 concurrent mark-sweep generation total 393216K, used 14930K [0x00000007e2e00000, 0x00000007fae00000, 0x00000007fae00000)
 concurrent-mark-sweep perm gen total 31232K, used 31156K [0x00000007fae00000, 0x00000007fcc80000, 0x0000000800000000)
2016-05-08T22:21:10.659+0500: 12995.366: [GC2016-05-08T22:21:10.659+0500: 12995.366: [ParNew
Desired survivor size 20112992 bytes, new threshold 8 (max 8)
- age   1:    3291416 bytes,    3291416 total
- age   2:    1145360 bytes,    4436776 total
- age   3:       3696 bytes,    4440472 total
- age   4:       5784 bytes,    4446256 total
- age   5:       2400 bytes,    4448656 total
- age   6:       3432 bytes,    4452088 total
- age   7:       3752 bytes,    4455840 total
- age   8:       2784 bytes,    4458624 total
: 92942K->5644K(109248K), 0.0334260 secs] 107873K->20578K(502464K), 0.0335470 secs] [Times: user=0.02 sys=0.01, real=0.04 secs] 
Heap after GC invocations=178 (full 0):
 par new generation   total 109248K, used 5644K [0x00000007dae00000, 0x00000007e2e00000, 0x00000007e2e00000)
  eden space 87424K,   0% used [0x00000007dae00000, 0x00000007dae00000, 0x00000007e0360000)
  from space 21824K,  25% used [0x00000007e0360000, 0x00000007e08e3030, 0x00000007e18b0000)
  to   space 21824K,   0% used [0x00000007e18b0000, 0x00000007e18b0000, 0x00000007e2e00000)
 concurrent mark-sweep generation total 393216K, used 14933K [0x00000007e2e00000, 0x00000007fae00000, 0x00000007fae00000)
 concurrent-mark-sweep perm gen total 31232K, used 31156K [0x00000007fae00000, 0x00000007fcc80000, 0x0000000800000000)
}
2016-05-08T22:21:10.693+0500: 12995.399: Total time for which application threads were stopped: 0.0388940 seconds
{Heap before GC invocations=178 (full 0):
 par new generation   total 109248K, used 93068K [0x00000007dae00000, 0x00000007e2e00000, 0x00000007e2e00000)
  eden space 87424K, 100% used [0x00000007dae00000, 0x00000007e0360000, 0x00000007e0360000)
  from space 21824K,  25% used [0x00000007e0360000, 0x00000007e08e3030, 0x00000007e18b0000)
  to   space 21824K,   0% used [0x00000007e18b0000, 0x00000007e18b0000, 0x00000007e2e00000)
 concurrent mark-sweep generation total 393216K, used 14933K [0x00000007e2e00000, 0x00000007fae00000, 0x00000007fae00000)
 concurrent-mark-sweep perm gen total 31232K, used 31156K [0x00000007fae00000, 0x00000007fcc80000, 0x0000000800000000)
2016-05-08T22:21:11.541+0500: 12996.247: [GC2016-05-08T22:21:11.541+0500: 12996.247: [ParNew
Desired survivor size 20112992 bytes, new threshold 8 (max 8)
- age   1:    2413840 bytes,    2413840 total
- age   2:      30048 bytes,    2443888 total
- age   3:       5480 bytes,    2449368 total
- age   4:       3696 bytes,    2453064 total
- age   5:       5784 bytes,    2458848 total
- age   6:       2400 bytes,    2461248 total
- age   7:       3432 bytes,    2464680 total
- age   8:       3752 bytes,    2468432 total
: 93068K->4232K(109248K), 0.0112920 secs] 108002K->19169K(502464K), 0.0114300 secs] [Times: user=0.02 sys=0.00, real=0.01 secs] 
Heap after GC invocations=179 (full 0):
 par new generation   total 109248K, used 4232K [0x00000007dae00000, 0x00000007e2e00000, 0x00000007e2e00000)
  eden space 87424K,   0% used [0x00000007dae00000, 0x00000007dae00000, 0x00000007e0360000)
  from space 21824K,  19% used [0x00000007e18b0000, 0x00000007e1cd23d0, 0x00000007e2e00000)
  to   space 21824K,   0% used [0x00000007e0360000, 0x00000007e0360000, 0x00000007e18b0000)
 concurrent mark-sweep generation total 393216K, used 14936K [0x00000007e2e00000, 0x00000007fae00000, 0x00000007fae00000)
 concurrent-mark-sweep perm gen total 31232K, used 31156K [0x00000007fae00000, 0x00000007fcc80000, 0x0000000800000000)
}
2016-05-08T22:21:11.552+0500: 12996.259: Total time for which application threads were stopped: 0.0126700 seconds
{Heap before GC invocations=179 (full 0):
 par new generation   total 109248K, used 91631K [0x00000007dae00000, 0x00000007e2e00000, 0x00000007e2e00000)
  eden space 87424K,  99% used [0x00000007dae00000, 0x00000007e0359b98, 0x00000007e0360000)
  from space 21824K,  19% used [0x00000007e18b0000, 0x00000007e1cd23d0, 0x00000007e2e00000)
  to   space 21824K,   0% used [0x00000007e0360000, 0x00000007e0360000, 0x00000007e18b0000)
 concurrent mark-sweep generation total 393216K, used 14936K [0x00000007e2e00000, 0x00000007fae00000, 0x00000007fae00000)
 concurrent-mark-sweep perm gen total 31232K, used 31156K [0x00000007fae00000, 0x00000007fcc80000, 0x0000000800000000)
2016-05-08T22:21:12.812+0500: 12997.519: [GC2016-05-08T22:21:12.812+0500: 12997.519: [ParNew
Desired survivor size 20112992 bytes, new threshold 8 (max 8)
- age   1:    4136248 bytes,    4136248 total
- age   2:      16464 bytes,    4152712 total
- age   3:       3312 bytes,    4156024 total
- age   4:       2880 bytes,    4158904 total
- age   5:       3696 bytes,    4162600 total
- age   6:       3504 bytes,    4166104 total
- age   7:       2400 bytes,    4168504 total
- age   8:       3408 bytes,    4171912 total
: 91631K->4633K(109248K), 0.0165360 secs] 106568K->19573K(502464K), 0.0166400 secs] [Times: user=0.01 sys=0.00, real=0.01 secs] 
Heap after GC invocations=180 (full 0):
 par new generation   total 109248K, used 4633K [0x00000007dae00000, 0x00000007e2e00000, 0x00000007e2e00000)
  eden space 87424K,   0% used [0x00000007dae00000, 0x00000007dae00000, 0x00000007e0360000)
  from space 21824K,  21% used [0x00000007e0360000, 0x00000007e07e64a0, 0x00000007e18b0000)
  to   space 21824K,   0% used [0x00000007e18b0000, 0x00000007e18b0000, 0x00000007e2e00000)
 concurrent mark-sweep generation total 393216K, used 14940K [0x00000007e2e00000, 0x00000007fae00000, 0x00000007fae00000)
 concurrent-mark-sweep perm gen total 31232K, used 31156K [0x00000007fae00000, 0x00000007fcc80000, 0x0000000800000000)
}
2016-05-08T22:21:12.829+0500: 12997.535: Total time for which application threads were stopped: 0.0180410 seconds
{Heap before GC invocations=180 (full 0):
 par new generation   total 109248K, used 92026K [0x00000007dae00000, 0x00000007e2e00000, 0x00000007e2e00000)
  eden space 87424K,  99% used [0x00000007dae00000, 0x00000007e0358698, 0x00000007e0360000)
  from space 21824K,  21% used [0x00000007e0360000, 0x00000007e07e64a0, 0x00000007e18b0000)
  to   space 21824K,   0% used [0x00000007e18b0000, 0x00000007e18b0000, 0x00000007e2e00000)
 concurrent mark-sweep generation total 393216K, used 14940K [0x00000007e2e00000, 0x00000007fae00000, 0x00000007fae00000)
 concurrent-mark-sweep perm gen total 31232K, used 31157K [0x00000007fae00000, 0x00000007fcc80000, 0x0000000800000000)
2016-05-08T22:21:13.431+0500: 12998.138: [GC2016-05-08T22:21:13.431+0500: 12998.138: [ParNew
Desired survivor size 20112992 bytes, new threshold 8 (max 8)
- age   1:    3192528 bytes,    3192528 total
- age   2:    1281376 bytes,    4473904 total
- age   3:       3192 bytes,    4477096 total
- age   4:       3288 bytes,    4480384 total
- age   5:       2880 bytes,    4483264 total
- age   6:       3696 bytes,    4486960 total
- age   7:       3504 bytes,    4490464 total
- age   8:       2400 bytes,    4492864 total
: 92026K->5879K(109248K), 0.1190720 secs] 106967K->20823K(502464K), 0.1191800 secs] [Times: user=0.02 sys=0.01, real=0.12 secs] 
Heap after GC invocations=181 (full 0):
 par new generation   total 109248K, used 5879K [0x00000007dae00000, 0x00000007e2e00000, 0x00000007e2e00000)
  eden space 87424K,   0% used [0x00000007dae00000, 0x00000007dae00000, 0x00000007e0360000)
  from space 21824K,  26% used [0x00000007e18b0000, 0x00000007e1e6de80, 0x00000007e2e00000)
  to   space 21824K,   0% used [0x00000007e0360000, 0x00000007e0360000, 0x00000007e18b0000)
 concurrent mark-sweep generation total 393216K, used 14943K [0x00000007e2e00000, 0x00000007fae00000, 0x00000007fae00000)
 concurrent-mark-sweep perm gen total 31232K, used 31157K [0x00000007fae00000, 0x00000007fcc80000, 0x0000000800000000)
}
2016-05-08T22:21:13.551+0500: 12998.257: Total time for which application threads were stopped: 0.1208440 seconds
2016-05-08T22:21:13.568+0500: 12998.274: Total time for which application threads were stopped: 0.0001770 seconds
{Heap before GC invocations=181 (full 0):
 par new generation   total 109248K, used 93303K [0x00000007dae00000, 0x00000007e2e00000, 0x00000007e2e00000)
  eden space 87424K, 100% used [0x00000007dae00000, 0x00000007e0360000, 0x00000007e0360000)
  from space 21824K,  26% used [0x00000007e18b0000, 0x00000007e1e6de80, 0x00000007e2e00000)
  to   space 21824K,   0% used [0x00000007e0360000, 0x00000007e0360000, 0x00000007e18b0000)
 concurrent mark-sweep generation total 393216K, used 14943K [0x00000007e2e00000, 0x00000007fae00000, 0x00000007fae00000)
 concurrent-mark-sweep perm gen total 31232K, used 31157K [0x00000007fae00000, 0x00000007fcc80000, 0x0000000800000000)
2016-05-08T22:21:14.321+0500: 12999.028: [GC2016-05-08T22:21:14.322+0500: 12999.028: [ParNew
Desired survivor size 20112992 bytes, new threshold 8 (max 8)
- age   1:    2806744 bytes,    2806744 total
- age   2:      33472 bytes,    2840216 total
- age   3:      13288 bytes,    2853504 total
- age   4:       3168 bytes,    2856672 total
- age   5:       3288 bytes,    2859960 total
- age   6:       2880 bytes,    2862840 total
- age   7:       3672 bytes,    2866512 total
- age   8:       3504 bytes,    2870016 total
: 93303K->5016K(109248K), 0.0544540 secs] 108247K->19962K(502464K), 0.0546150 secs] [Times: user=0.02 sys=0.00, real=0.05 secs] 
Heap after GC invocations=182 (full 0):
 par new generation   total 109248K, used 5016K [0x00000007dae00000, 0x00000007e2e00000, 0x00000007e2e00000)
  eden space 87424K,   0% used [0x00000007dae00000, 0x00000007dae00000, 0x00000007e0360000)
  from space 21824K,  22% used [0x00000007e0360000, 0x00000007e08462c0, 0x00000007e18b0000)
  to   space 21824K,   0% used [0x00000007e18b0000, 0x00000007e18b0000, 0x00000007e2e00000)
 concurrent mark-sweep generation total 393216K, used 14945K [0x00000007e2e00000, 0x00000007fae00000, 0x00000007fae00000)
 concurrent-mark-sweep perm gen total 31232K, used 31157K [0x00000007fae00000, 0x00000007fcc80000, 0x0000000800000000)
}
2016-05-08T22:21:14.376+0500: 12999.083: Total time for which application threads were stopped: 0.0560790 seconds
{Heap before GC invocations=182 (full 0):
 par new generation   total 109248K, used 92440K [0x00000007dae00000, 0x00000007e2e00000, 0x00000007e2e00000)
  eden space 87424K, 100% used [0x00000007dae00000, 0x00000007e0360000, 0x00000007e0360000)
  from space 21824K,  22% used [0x00000007e0360000, 0x00000007e08462c0, 0x00000007e18b0000)
  to   space 21824K,   0% used [0x00000007e18b0000, 0x00000007e18b0000, 0x00000007e2e00000)
 concurrent mark-sweep generation total 393216K, used 14945K [0x00000007e2e00000, 0x00000007fae00000, 0x00000007fae00000)
 concurrent-mark-sweep perm gen total 31232K, used 31157K [0x00000007fae00000, 0x00000007fcc80000, 0x0000000800000000)
2016-05-08T22:21:15.335+0500: 13000.042: [GC2016-05-08T22:21:15.335+0500: 13000.042: [ParNew
Desired survivor size 20112992 bytes, new threshold 8 (max 8)
- age   1:    4048096 bytes,    4048096 total
- age   2:      16312 bytes,    4064408 total
- age   3:       3432 bytes,    4067840 total
- age   4:       4872 bytes,    4072712 total
- age   5:       3144 bytes,    4075856 total
- age   6:       3264 bytes,    4079120 total
- age   7:       2880 bytes,    4082000 total
- age   8:       3672 bytes,    4085672 total
: 92440K->4575K(109248K), 0.0158550 secs] 107386K->19525K(502464K), 0.0159670 secs] [Times: user=0.02 sys=0.00, real=0.02 secs] 
Heap after GC invocations=183 (full 0):
 par new generation   total 109248K, used 4575K [0x00000007dae00000, 0x00000007e2e00000, 0x00000007e2e00000)
  eden space 87424K,   0% used [0x00000007dae00000, 0x00000007dae00000, 0x00000007e0360000)
  from space 21824K,  20% used [0x00000007e18b0000, 0x00000007e1d27f00, 0x00000007e2e00000)
  to   space 21824K,   0% used [0x00000007e0360000, 0x00000007e0360000, 0x00000007e18b0000)
 concurrent mark-sweep generation total 393216K, used 14949K [0x00000007e2e00000, 0x00000007fae00000, 0x00000007fae00000)
 concurrent-mark-sweep perm gen total 31232K, used 31157K [0x00000007fae00000, 0x00000007fcc80000, 0x0000000800000000)
}
2016-05-08T22:21:15.351+0500: 13000.058: Total time for which application threads were stopped: 0.0183880 seconds
{Heap before GC invocations=183 (full 0):
 par new generation   total 109248K, used 91999K [0x00000007dae00000, 0x00000007e2e00000, 0x00000007e2e00000)
  eden space 87424K, 100% used [0x00000007dae00000, 0x00000007e0360000, 0x00000007e0360000)
  from space 21824K,  20% used [0x00000007e18b0000, 0x00000007e1d27f00, 0x00000007e2e00000)
  to   space 21824K,   0% used [0x00000007e0360000, 0x00000007e0360000, 0x00000007e18b0000)
 concurrent mark-sweep generation total 393216K, used 14949K [0x00000007e2e00000, 0x00000007fae00000, 0x00000007fae00000)
 concurrent-mark-sweep perm gen total 31232K, used 31157K [0x00000007fae00000, 0x00000007fcc80000, 0x0000000800000000)
2016-05-08T22:21:15.878+0500: 13000.584: [GC2016-05-08T22:21:15.878+0500: 13000.584: [ParNew
Desired survivor size 20112992 bytes, new threshold 8 (max 8)
- age   1:    3349592 bytes,    3349592 total
- age   2:     919000 bytes,    4268592 total
- age   3:       3168 bytes,    4271760 total
- age   4:       3432 bytes,    4275192 total
- age   5:       4848 bytes,    4280040 total
- age   6:       3120 bytes,    4283160 total
- age   7:       3264 bytes,    4286424 total
- age   8:       2880 bytes,    4289304 total
: 91999K->6360K(109248K), 0.0759530 secs] 106949K->21313K(502464K), 0.0760770 secs] [Times: user=0.05 sys=0.01, real=0.08 secs] 
Heap after GC invocations=184 (full 0):
 par new generation   total 109248K, used 6360K [0x00000007dae00000, 0x00000007e2e00000, 0x00000007e2e00000)
  eden space 87424K,   0% used [0x00000007dae00000, 0x00000007dae00000, 0x00000007e0360000)
  from space 21824K,  29% used [0x00000007e0360000, 0x00000007e0996300, 0x00000007e18b0000)
  to   space 21824K,   0% used [0x00000007e18b0000, 0x00000007e18b0000, 0x00000007e2e00000)
 concurrent mark-sweep generation total 393216K, used 14953K [0x00000007e2e00000, 0x00000007fae00000, 0x00000007fae00000)
 concurrent-mark-sweep perm gen total 31232K, used 31157K [0x00000007fae00000, 0x00000007fcc80000, 0x0000000800000000)
}
2016-05-08T22:21:15.954+0500: 13000.660: Total time for which application threads were stopped: 0.0776040 seconds
{Heap before GC invocations=184 (full 0):
 par new generation   total 109248K, used 93765K [0x00000007dae00000, 0x00000007e2e00000, 0x00000007e2e00000)
  eden space 87424K,  99% used [0x00000007dae00000, 0x00000007e035b410, 0x00000007e0360000)
  from space 21824K,  29% used [0x00000007e0360000, 0x00000007e0996300, 0x00000007e18b0000)
  to   space 21824K,   0% used [0x00000007e18b0000, 0x00000007e18b0000, 0x00000007e2e00000)
 concurrent mark-sweep generation total 393216K, used 14953K [0x00000007e2e00000, 0x00000007fae00000, 0x00000007fae00000)
 concurrent-mark-sweep perm gen total 31232K, used 31157K [0x00000007fae00000, 0x00000007fcc80000, 0x0000000800000000)
2016-05-08T22:21:16.402+0500: 13001.109: [GC2016-05-08T22:21:16.402+0500: 13001.109: [ParNew
Desired survivor size 20112992 bytes, new threshold 8 (max 8)
- age   1:    3636840 bytes,    3636840 total
- age   2:    1210440 bytes,    4847280 total
- age   3:       4048 bytes,    4851328 total
- age   4:       3144 bytes,    4854472 total
- age   5:       3432 bytes,    4857904 total
- age   6:       2568 bytes,    4860472 total
- age   7:       3120 bytes,    4863592 total
- age   8:       3264 bytes,    4866856 total
: 93765K->6148K(109248K), 0.0422260 secs] 108718K->21104K(502464K), 0.0423400 secs] [Times: user=0.04 sys=0.01, real=0.04 secs] 
Heap after GC invocations=185 (full 0):
 par new generation   total 109248K, used 6148K [0x00000007dae00000, 0x00000007e2e00000, 0x00000007e2e00000)
  eden space 87424K,   0% used [0x00000007dae00000, 0x00000007dae00000, 0x00000007e0360000)
  from space 21824K,  28% used [0x00000007e18b0000, 0x00000007e1eb11a0, 0x00000007e2e00000)
  to   space 21824K,   0% used [0x00000007e0360000, 0x00000007e0360000, 0x00000007e18b0000)
 concurrent mark-sweep generation total 393216K, used 14955K [0x00000007e2e00000, 0x00000007fae00000, 0x00000007fae00000)
 concurrent-mark-sweep perm gen total 31232K, used 31157K [0x00000007fae00000, 0x00000007fcc80000, 0x0000000800000000)
}
2016-05-08T22:21:16.445+0500: 13001.151: Total time for which application threads were stopped: 0.0442380 seconds
{Heap before GC invocations=185 (full 0):
 par new generation   total 109248K, used 93572K [0x00000007dae00000, 0x00000007e2e00000, 0x00000007e2e00000)
  eden space 87424K, 100% used [0x00000007dae00000, 0x00000007e0360000, 0x00000007e0360000)
  from space 21824K,  28% used [0x00000007e18b0000, 0x00000007e1eb11a0, 0x00000007e2e00000)
  to   space 21824K,   0% used [0x00000007e0360000, 0x00000007e0360000, 0x00000007e18b0000)
 concurrent mark-sweep generation total 393216K, used 14955K [0x00000007e2e00000, 0x00000007fae00000, 0x00000007fae00000)
 concurrent-mark-sweep perm gen total 31232K, used 31157K [0x00000007fae00000, 0x00000007fcc80000, 0x0000000800000000)
2016-05-08T22:21:17.081+0500: 13001.788: [GC2016-05-08T22:21:17.081+0500: 13001.788: [ParNew
Desired survivor size 20112992 bytes, new threshold 8 (max 8)
- age   1:    3536200 bytes,    3536200 total
- age   2:    1495360 bytes,    5031560 total
- age   3:      17144 bytes,    5048704 total
- age   4:       2760 bytes,    5051464 total
- age   5:       3144 bytes,    5054608 total
- age   6:       3432 bytes,    5058040 total
- age   7:       2568 bytes,    5060608 total
- age   8:       3120 bytes,    5063728 total
: 93572K->6286K(109248K), 0.1332320 secs] 108528K->21245K(502464K), 0.1333620 secs] [Times: user=0.07 sys=0.01, real=0.13 secs] 
Heap after GC invocations=186 (full 0):
 par new generation   total 109248K, used 6286K [0x00000007dae00000, 0x00000007e2e00000, 0x00000007e2e00000)
  eden space 87424K,   0% used [0x00000007dae00000, 0x00000007dae00000, 0x00000007e0360000)
  from space 21824K,  28% used [0x00000007e0360000, 0x00000007e09838c0, 0x00000007e18b0000)
  to   space 21824K,   0% used [0x00000007e18b0000, 0x00000007e18b0000, 0x00000007e2e00000)
 concurrent mark-sweep generation total 393216K, used 14959K [0x00000007e2e00000, 0x00000007fae00000, 0x00000007fae00000)
 concurrent-mark-sweep perm gen total 31232K, used 31157K [0x00000007fae00000, 0x00000007fcc80000, 0x0000000800000000)
}
2016-05-08T22:21:17.215+0500: 13001.921: Total time for which application threads were stopped: 0.1346430 seconds
{Heap before GC invocations=186 (full 0):
 par new generation   total 109248K, used 93710K [0x00000007dae00000, 0x00000007e2e00000, 0x00000007e2e00000)
  eden space 87424K, 100% used [0x00000007dae00000, 0x00000007e0360000, 0x00000007e0360000)
  from space 21824K,  28% used [0x00000007e0360000, 0x00000007e09838c0, 0x00000007e18b0000)
  to   space 21824K,   0% used [0x00000007e18b0000, 0x00000007e18b0000, 0x00000007e2e00000)
 concurrent mark-sweep generation total 393216K, used 14959K [0x00000007e2e00000, 0x00000007fae00000, 0x00000007fae00000)
 concurrent-mark-sweep perm gen total 31232K, used 31157K [0x00000007fae00000, 0x00000007fcc80000, 0x0000000800000000)
2016-05-08T22:21:17.634+0500: 13002.340: [GC2016-05-08T22:21:17.634+0500: 13002.340: [ParNew
Desired survivor size 20112992 bytes, new threshold 8 (max 8)
- age   1:    4077720 bytes,    4077720 total
- age   2:     370184 bytes,    4447904 total
- age   3:       5448 bytes,    4453352 total
- age   4:      15856 bytes,    4469208 total
- age   5:       2760 bytes,    4471968 total
- age   6:       3144 bytes,    4475112 total
- age   7:       3432 bytes,    4478544 total
- age   8:       2544 bytes,    4481088 total
: 93710K->7220K(109248K), 0.0541210 secs] 108669K->22182K(502464K), 0.0542280 secs] [Times: user=0.04 sys=0.01, real=0.05 secs] 
Heap after GC invocations=187 (full 0):
 par new generation   total 109248K, used 7220K [0x00000007dae00000, 0x00000007e2e00000, 0x00000007e2e00000)
  eden space 87424K,   0% used [0x00000007dae00000, 0x00000007dae00000, 0x00000007e0360000)
  from space 21824K,  33% used [0x00000007e18b0000, 0x00000007e1fbd1c8, 0x00000007e2e00000)
  to   space 21824K,   0% used [0x00000007e0360000, 0x00000007e0360000, 0x00000007e18b0000)
 concurrent mark-sweep generation total 393216K, used 14962K [0x00000007e2e00000, 0x00000007fae00000, 0x00000007fae00000)
 concurrent-mark-sweep perm gen total 31232K, used 31157K [0x00000007fae00000, 0x00000007fcc80000, 0x0000000800000000)
}
2016-05-08T22:21:17.688+0500: 13002.394: Total time for which application threads were stopped: 0.0555310 seconds
{Heap before GC invocations=187 (full 0):
 par new generation   total 109248K, used 94644K [0x00000007dae00000, 0x00000007e2e00000, 0x00000007e2e00000)
  eden space 87424K, 100% used [0x00000007dae00000, 0x00000007e0360000, 0x00000007e0360000)
  from space 21824K,  33% used [0x00000007e18b0000, 0x00000007e1fbd1c8, 0x00000007e2e00000)
  to   space 21824K,   0% used [0x00000007e0360000, 0x00000007e0360000, 0x00000007e18b0000)
 concurrent mark-sweep generation total 393216K, used 14962K [0x00000007e2e00000, 0x00000007fae00000, 0x00000007fae00000)
 concurrent-mark-sweep perm gen total 31232K, used 31157K [0x00000007fae00000, 0x00000007fcc80000, 0x0000000800000000)
2016-05-08T22:21:18.085+0500: 13002.792: [GC2016-05-08T22:21:18.085+0500: 13002.792: [ParNew
Desired survivor size 20112992 bytes, new threshold 8 (max 8)
- age   1:    2663816 bytes,    2663816 total
- age   2:      42656 bytes,    2706472 total
- age   3:       6888 bytes,    2713360 total
- age   4:       5424 bytes,    2718784 total
- age   5:      15856 bytes,    2734640 total
- age   6:       2760 bytes,    2737400 total
- age   7:       3144 bytes,    2740544 total
- age   8:       3432 bytes,    2743976 total
: 94644K->4571K(109248K), 0.0216820 secs] 109606K->19535K(502464K), 0.0217840 secs] [Times: user=0.01 sys=0.00, real=0.02 secs] 
Heap after GC invocations=188 (full 0):
 par new generation   total 109248K, used 4571K [0x00000007dae00000, 0x00000007e2e00000, 0x00000007e2e00000)
  eden space 87424K,   0% used [0x00000007dae00000, 0x00000007dae00000, 0x00000007e0360000)
  from space 21824K,  20% used [0x00000007e0360000, 0x00000007e07d6c50, 0x00000007e18b0000)
  to   space 21824K,   0% used [0x00000007e18b0000, 0x00000007e18b0000, 0x00000007e2e00000)
 concurrent mark-sweep generation total 393216K, used 14964K [0x00000007e2e00000, 0x00000007fae00000, 0x00000007fae00000)
 concurrent-mark-sweep perm gen total 31232K, used 31157K [0x00000007fae00000, 0x00000007fcc80000, 0x0000000800000000)
}
2016-05-08T22:21:18.107+0500: 13002.814: Total time for which application threads were stopped: 0.0220330 seconds
{Heap before GC invocations=188 (full 0):
 par new generation   total 109248K, used 91995K [0x00000007dae00000, 0x00000007e2e00000, 0x00000007e2e00000)
  eden space 87424K, 100% used [0x00000007dae00000, 0x00000007e0360000, 0x00000007e0360000)
  from space 21824K,  20% used [0x00000007e0360000, 0x00000007e07d6c50, 0x00000007e18b0000)
  to   space 21824K,   0% used [0x00000007e18b0000, 0x00000007e18b0000, 0x00000007e2e00000)
 concurrent mark-sweep generation total 393216K, used 14964K [0x00000007e2e00000, 0x00000007fae00000, 0x00000007fae00000)
 concurrent-mark-sweep perm gen total 31232K, used 31157K [0x00000007fae00000, 0x00000007fcc80000, 0x0000000800000000)
2016-05-08T22:21:18.694+0500: 13003.401: [GC2016-05-08T22:21:18.734+0500: 13003.440: [ParNew
Desired survivor size 20112992 bytes, new threshold 8 (max 8)
- age   1:    3180496 bytes,    3180496 total
- age   2:      23496 bytes,    3203992 total
- age   3:       2472 bytes,    3206464 total
- age   4:       3224 bytes,    3209688 total
- age   5:       5400 bytes,    3215088 total
- age   6:      15856 bytes,    3230944 total
- age   7:       2736 bytes,    3233680 total
- age   8:       3144 bytes,    3236824 total
: 91995K->3964K(109248K), 0.0110500 secs] 106959K->18932K(502464K), 0.0504510 secs] [Times: user=0.02 sys=0.00, real=0.05 secs] 
Heap after GC invocations=189 (full 0):
 par new generation   total 109248K, used 3964K [0x00000007dae00000, 0x00000007e2e00000, 0x00000007e2e00000)
  eden space 87424K,   0% used [0x00000007dae00000, 0x00000007dae00000, 0x00000007e0360000)
  from space 21824K,  18% used [0x00000007e18b0000, 0x00000007e1c8f090, 0x00000007e2e00000)
  to   space 21824K,   0% used [0x00000007e0360000, 0x00000007e0360000, 0x00000007e18b0000)
 concurrent mark-sweep generation total 393216K, used 14967K [0x00000007e2e00000, 0x00000007fae00000, 0x00000007fae00000)
 concurrent-mark-sweep perm gen total 31232K, used 31157K [0x00000007fae00000, 0x00000007fcc80000, 0x0000000800000000)
}
2016-05-08T22:21:18.745+0500: 13003.451: Total time for which application threads were stopped: 0.0620440 seconds
{Heap before GC invocations=189 (full 0):
 par new generation   total 109248K, used 91388K [0x00000007dae00000, 0x00000007e2e00000, 0x00000007e2e00000)
  eden space 87424K, 100% used [0x00000007dae00000, 0x00000007e0360000, 0x00000007e0360000)
  from space 21824K,  18% used [0x00000007e18b0000, 0x00000007e1c8f090, 0x00000007e2e00000)
  to   space 21824K,   0% used [0x00000007e0360000, 0x00000007e0360000, 0x00000007e18b0000)
 concurrent mark-sweep generation total 393216K, used 14967K [0x00000007e2e00000, 0x00000007fae00000, 0x00000007fae00000)
 concurrent-mark-sweep perm gen total 31232K, used 31157K [0x00000007fae00000, 0x00000007fcc80000, 0x0000000800000000)
2016-05-08T22:21:19.181+0500: 13003.887: [GC2016-05-08T22:21:19.181+0500: 13003.887: [ParNew
Desired survivor size 20112992 bytes, new threshold 8 (max 8)
- age   1:    3181504 bytes,    3181504 total
- age   2:     274232 bytes,    3455736 total
- age   3:       3536 bytes,    3459272 total
- age   4:       2472 bytes,    3461744 total
- age   5:       3200 bytes,    3464944 total
- age   6:       3120 bytes,    3468064 total
- age   7:      15856 bytes,    3483920 total
- age   8:       2736 bytes,    3486656 total
: 91388K->5206K(109248K), 0.0243170 secs] 106356K->20177K(502464K), 0.0244540 secs] [Times: user=0.01 sys=0.01, real=0.02 secs] 
Heap after GC invocations=190 (full 0):
 par new generation   total 109248K, used 5206K [0x00000007dae00000, 0x00000007e2e00000, 0x00000007e2e00000)
  eden space 87424K,   0% used [0x00000007dae00000, 0x00000007dae00000, 0x00000007e0360000)
  from space 21824K,  23% used [0x00000007e0360000, 0x00000007e0875860, 0x00000007e18b0000)
  to   space 21824K,   0% used [0x00000007e18b0000, 0x00000007e18b0000, 0x00000007e2e00000)
 concurrent mark-sweep generation total 393216K, used 14970K [0x00000007e2e00000, 0x00000007fae00000, 0x00000007fae00000)
 concurrent-mark-sweep perm gen total 31232K, used 31157K [0x00000007fae00000, 0x00000007fcc80000, 0x0000000800000000)
}
2016-05-08T22:21:19.205+0500: 13003.912: Total time for which application threads were stopped: 0.0247350 seconds
{Heap before GC invocations=190 (full 0):
 par new generation   total 109248K, used 92606K [0x00000007dae00000, 0x00000007e2e00000, 0x00000007e2e00000)
  eden space 87424K,  99% used [0x00000007dae00000, 0x00000007e035a000, 0x00000007e0360000)
  from space 21824K,  23% used [0x00000007e0360000, 0x00000007e0875860, 0x00000007e18b0000)
  to   space 21824K,   0% used [0x00000007e18b0000, 0x00000007e18b0000, 0x00000007e2e00000)
 concurrent mark-sweep generation total 393216K, used 14970K [0x00000007e2e00000, 0x00000007fae00000, 0x00000007fae00000)
 concurrent-mark-sweep perm gen total 31232K, used 31157K [0x00000007fae00000, 0x00000007fcc80000, 0x0000000800000000)
2016-05-08T22:21:19.638+0500: 13004.344: [GC2016-05-08T22:21:19.638+0500: 13004.345: [ParNew
Desired survivor size 20112992 bytes, new threshold 8 (max 8)
- age   1:    3468184 bytes,    3468184 total
- age   2:     518704 bytes,    3986888 total
- age   3:       4432 bytes,    3991320 total
- age   4:       3536 bytes,    3994856 total
- age   5:       2472 bytes,    3997328 total
- age   6:       3200 bytes,    4000528 total
- age   7:       3120 bytes,    4003648 total
- age   8:      15856 bytes,    4019504 total
: 92606K->4861K(109248K), 0.0228540 secs] 107577K->19835K(502464K), 0.0229610 secs] [Times: user=0.02 sys=0.00, real=0.03 secs] 
Heap after GC invocations=191 (full 0):
 par new generation   total 109248K, used 4861K [0x00000007dae00000, 0x00000007e2e00000, 0x00000007e2e00000)
  eden space 87424K,   0% used [0x00000007dae00000, 0x00000007dae00000, 0x00000007e0360000)
  from space 21824K,  22% used [0x00000007e18b0000, 0x00000007e1d6f608, 0x00000007e2e00000)
  to   space 21824K,   0% used [0x00000007e0360000, 0x00000007e0360000, 0x00000007e18b0000)
 concurrent mark-sweep generation total 393216K, used 14973K [0x00000007e2e00000, 0x00000007fae00000, 0x00000007fae00000)
 concurrent-mark-sweep perm gen total 31232K, used 31157K [0x00000007fae00000, 0x00000007fcc80000, 0x0000000800000000)
}
2016-05-08T22:21:19.661+0500: 13004.368: Total time for which application threads were stopped: 0.0243360 seconds
{Heap before GC invocations=191 (full 0):
 par new generation   total 109248K, used 92285K [0x00000007dae00000, 0x00000007e2e00000, 0x00000007e2e00000)
  eden space 87424K, 100% used [0x00000007dae00000, 0x00000007e0360000, 0x00000007e0360000)
  from space 21824K,  22% used [0x00000007e18b0000, 0x00000007e1d6f608, 0x00000007e2e00000)
  to   space 21824K,   0% used [0x00000007e0360000, 0x00000007e0360000, 0x00000007e18b0000)
 concurrent mark-sweep generation total 393216K, used 14973K [0x00000007e2e00000, 0x00000007fae00000, 0x00000007fae00000)
 concurrent-mark-sweep perm gen total 31232K, used 31157K [0x00000007fae00000, 0x00000007fcc80000, 0x0000000800000000)
2016-05-08T22:21:20.094+0500: 13004.800: [GC2016-05-08T22:21:20.094+0500: 13004.800: [ParNew
Desired survivor size 20112992 bytes, new threshold 8 (max 8)
- age   1:    3570096 bytes,    3570096 total
- age   2:    1146512 bytes,    4716608 total
- age   3:     109016 bytes,    4825624 total
- age   4:       3144 bytes,    4828768 total
- age   5:       3536 bytes,    4832304 total
- age   6:       2448 bytes,    4834752 total
- age   7:       3200 bytes,    4837952 total
- age   8:       3120 bytes,    4841072 total
: 92285K->7368K(109248K), 0.0648670 secs] 107259K->22357K(502464K), 0.0650180 secs] [Times: user=0.02 sys=0.01, real=0.06 secs] 
Heap after GC invocations=192 (full 0):
 par new generation   total 109248K, used 7368K [0x00000007dae00000, 0x00000007e2e00000, 0x00000007e2e00000)
  eden space 87424K,   0% used [0x00000007dae00000, 0x00000007dae00000, 0x00000007e0360000)
  from space 21824K,  33% used [0x00000007e0360000, 0x00000007e0a92210, 0x00000007e18b0000)
  to   space 21824K,   0% used [0x00000007e18b0000, 0x00000007e18b0000, 0x00000007e2e00000)
 concurrent mark-sweep generation total 393216K, used 14989K [0x00000007e2e00000, 0x00000007fae00000, 0x00000007fae00000)
 concurrent-mark-sweep perm gen total 31232K, used 31157K [0x00000007fae00000, 0x00000007fcc80000, 0x0000000800000000)
}
2016-05-08T22:21:20.159+0500: 13004.865: Total time for which application threads were stopped: 0.0653390 seconds
{Heap before GC invocations=192 (full 0):
 par new generation   total 109248K, used 94786K [0x00000007dae00000, 0x00000007e2e00000, 0x00000007e2e00000)
  eden space 87424K,  99% used [0x00000007dae00000, 0x00000007e035e748, 0x00000007e0360000)
  from space 21824K,  33% used [0x00000007e0360000, 0x00000007e0a92210, 0x00000007e18b0000)
  to   space 21824K,   0% used [0x00000007e18b0000, 0x00000007e18b0000, 0x00000007e2e00000)
 concurrent mark-sweep generation total 393216K, used 14989K [0x00000007e2e00000, 0x00000007fae00000, 0x00000007fae00000)
 concurrent-mark-sweep perm gen total 31232K, used 31157K [0x00000007fae00000, 0x00000007fcc80000, 0x0000000800000000)
2016-05-08T22:21:20.654+0500: 13005.360: [GC2016-05-08T22:21:20.654+0500: 13005.360: [ParNew
Desired survivor size 20112992 bytes, new threshold 8 (max 8)
- age   1:    3206168 bytes,    3206168 total
- age   2:    1370144 bytes,    4576312 total
- age   3:     273936 bytes,    4850248 total
- age   4:     107728 bytes,    4957976 total
- age   5:       3120 bytes,    4961096 total
- age   6:       3536 bytes,    4964632 total
- age   7:       2448 bytes,    4967080 total
- age   8:       3200 bytes,    4970280 total
: 94786K->6332K(109248K), 0.0481130 secs] 109775K->21324K(502464K), 0.0482280 secs] [Times: user=0.02 sys=0.01, real=0.05 secs] 
Heap after GC invocations=193 (full 0):
 par new generation   total 109248K, used 6332K [0x00000007dae00000, 0x00000007e2e00000, 0x00000007e2e00000)
  eden space 87424K,   0% used [0x00000007dae00000, 0x00000007dae00000, 0x00000007e0360000)
  from space 21824K,  29% used [0x00000007e18b0000, 0x00000007e1edf190, 0x00000007e2e00000)
  to   space 21824K,   0% used [0x00000007e0360000, 0x00000007e0360000, 0x00000007e18b0000)
 concurrent mark-sweep generation total 393216K, used 14992K [0x00000007e2e00000, 0x00000007fae00000, 0x00000007fae00000)
 concurrent-mark-sweep perm gen total 31232K, used 31157K [0x00000007fae00000, 0x00000007fcc80000, 0x0000000800000000)
}
2016-05-08T22:21:20.702+0500: 13005.408: Total time for which application threads were stopped: 0.0503650 seconds
{Heap before GC invocations=193 (full 0):
 par new generation   total 109248K, used 93756K [0x00000007dae00000, 0x00000007e2e00000, 0x00000007e2e00000)
  eden space 87424K, 100% used [0x00000007dae00000, 0x00000007e0360000, 0x00000007e0360000)
  from space 21824K,  29% used [0x00000007e18b0000, 0x00000007e1edf190, 0x00000007e2e00000)
  to   space 21824K,   0% used [0x00000007e0360000, 0x00000007e0360000, 0x00000007e18b0000)
 concurrent mark-sweep generation total 393216K, used 14992K [0x00000007e2e00000, 0x00000007fae00000, 0x00000007fae00000)
 concurrent-mark-sweep perm gen total 31232K, used 31157K [0x00000007fae00000, 0x00000007fcc80000, 0x0000000800000000)
2016-05-08T22:21:21.391+0500: 13006.097: [GC2016-05-08T22:21:21.391+0500: 13006.097: [ParNew
Desired survivor size 20112992 bytes, new threshold 8 (max 8)
- age   1:    3403392 bytes,    3403392 total
- age   2:    1355336 bytes,    4758728 total
- age   3:       4720 bytes,    4763448 total
- age   4:     272648 bytes,    5036096 total
- age   5:     107728 bytes,    5143824 total
- age   6:       3096 bytes,    5146920 total
- age   7:       3536 bytes,    5150456 total
- age   8:       2424 bytes,    5152880 total
: 93756K->6434K(109248K), 0.0371820 secs] 108748K->21430K(502464K), 0.0373390 secs] [Times: user=0.03 sys=0.00, real=0.03 secs] 
Heap after GC invocations=194 (full 0):
 par new generation   total 109248K, used 6434K [0x00000007dae00000, 0x00000007e2e00000, 0x00000007e2e00000)
  eden space 87424K,   0% used [0x00000007dae00000, 0x00000007dae00000, 0x00000007e0360000)
  from space 21824K,  29% used [0x00000007e0360000, 0x00000007e09a8a48, 0x00000007e18b0000)
  to   space 21824K,   0% used [0x00000007e18b0000, 0x00000007e18b0000, 0x00000007e2e00000)
 concurrent mark-sweep generation total 393216K, used 14995K [0x00000007e2e00000, 0x00000007fae00000, 0x00000007fae00000)
 concurrent-mark-sweep perm gen total 31232K, used 31157K [0x00000007fae00000, 0x00000007fcc80000, 0x0000000800000000)
}
2016-05-08T22:21:21.428+0500: 13006.134: Total time for which application threads were stopped: 0.0838470 seconds
{Heap before GC invocations=194 (full 0):
 par new generation   total 109248K, used 93858K [0x00000007dae00000, 0x00000007e2e00000, 0x00000007e2e00000)
  eden space 87424K, 100% used [0x00000007dae00000, 0x00000007e0360000, 0x00000007e0360000)
  from space 21824K,  29% used [0x00000007e0360000, 0x00000007e09a8a48, 0x00000007e18b0000)
  to   space 21824K,   0% used [0x00000007e18b0000, 0x00000007e18b0000, 0x00000007e2e00000)
 concurrent mark-sweep generation total 393216K, used 14995K [0x00000007e2e00000, 0x00000007fae00000, 0x00000007fae00000)
 concurrent-mark-sweep perm gen total 31232K, used 31157K [0x00000007fae00000, 0x00000007fcc80000, 0x0000000800000000)
2016-05-08T22:21:21.871+0500: 13006.577: [GC2016-05-08T22:21:21.871+0500: 13006.577: [ParNew
Desired survivor size 20112992 bytes, new threshold 8 (max 8)
- age   1:    3165096 bytes,    3165096 total
- age   2:    1534048 bytes,    4699144 total
- age   3:       4928 bytes,    4704072 total
- age   4:       3432 bytes,    4707504 total
- age   5:     272648 bytes,    4980152 total
- age   6:     105448 bytes,    5085600 total
- age   7:       3072 bytes,    5088672 total
- age   8:       3536 bytes,    5092208 total
: 93858K->6151K(109248K), 0.0579620 secs] 108854K->21149K(502464K), 0.0580790 secs] [Times: user=0.02 sys=0.00, real=0.05 secs] 
Heap after GC invocations=195 (full 0):
 par new generation   total 109248K, used 6151K [0x00000007dae00000, 0x00000007e2e00000, 0x00000007e2e00000)
  eden space 87424K,   0% used [0x00000007dae00000, 0x00000007dae00000, 0x00000007e0360000)
  from space 21824K,  28% used [0x00000007e18b0000, 0x00000007e1eb1f90, 0x00000007e2e00000)
  to   space 21824K,   0% used [0x00000007e0360000, 0x00000007e0360000, 0x00000007e18b0000)
 concurrent mark-sweep generation total 393216K, used 14997K [0x00000007e2e00000, 0x00000007fae00000, 0x00000007fae00000)
 concurrent-mark-sweep perm gen total 31232K, used 31157K [0x00000007fae00000, 0x00000007fcc80000, 0x0000000800000000)
}
2016-05-08T22:21:21.929+0500: 13006.635: Total time for which application threads were stopped: 0.0583640 seconds
{Heap before GC invocations=195 (full 0):
 par new generation   total 109248K, used 93560K [0x00000007dae00000, 0x00000007e2e00000, 0x00000007e2e00000)
  eden space 87424K,  99% used [0x00000007dae00000, 0x00000007e035c198, 0x00000007e0360000)
  from space 21824K,  28% used [0x00000007e18b0000, 0x00000007e1eb1f90, 0x00000007e2e00000)
  to   space 21824K,   0% used [0x00000007e0360000, 0x00000007e0360000, 0x00000007e18b0000)
 concurrent mark-sweep generation total 393216K, used 14997K [0x00000007e2e00000, 0x00000007fae00000, 0x00000007fae00000)
 concurrent-mark-sweep perm gen total 31232K, used 31157K [0x00000007fae00000, 0x00000007fcc80000, 0x0000000800000000)
2016-05-08T22:21:22.408+0500: 13007.114: [GC2016-05-08T22:21:22.408+0500: 13007.114: [ParNew
Desired survivor size 20112992 bytes, new threshold 8 (max 8)
- age   1:    3100064 bytes,    3100064 total
- age   2:    1557536 bytes,    4657600 total
- age   3:       2952 bytes,    4660552 total
- age   4:       3592 bytes,    4664144 total
- age   5:       3432 bytes,    4667576 total
- age   6:     272648 bytes,    4940224 total
- age   7:     105448 bytes,    5045672 total
- age   8:       3072 bytes,    5048744 total
: 93560K->8147K(109248K), 0.0484890 secs] 108558K->23148K(502464K), 0.0486270 secs] [Times: user=0.04 sys=0.01, real=0.05 secs] 
Heap after GC invocations=196 (full 0):
 par new generation   total 109248K, used 8147K [0x00000007dae00000, 0x00000007e2e00000, 0x00000007e2e00000)
  eden space 87424K,   0% used [0x00000007dae00000, 0x00000007dae00000, 0x00000007e0360000)
  from space 21824K,  37% used [0x00000007e0360000, 0x00000007e0b54cc0, 0x00000007e18b0000)
  to   space 21824K,   0% used [0x00000007e18b0000, 0x00000007e18b0000, 0x00000007e2e00000)
 concurrent mark-sweep generation total 393216K, used 15001K [0x00000007e2e00000, 0x00000007fae00000, 0x00000007fae00000)
 concurrent-mark-sweep perm gen total 31232K, used 31157K [0x00000007fae00000, 0x00000007fcc80000, 0x0000000800000000)
}
2016-05-08T22:21:22.457+0500: 13007.163: Total time for which application threads were stopped: 0.0602600 seconds
2016-05-08T22:21:22.491+0500: 13007.197: Total time for which application threads were stopped: 0.0002140 seconds
2016-05-08T22:21:22.491+0500: 13007.197: Total time for which application threads were stopped: 0.0001000 seconds
2016-05-08T22:21:22.492+0500: 13007.198: Total time for which application threads were stopped: 0.0005250 seconds
2016-05-08T22:21:22.492+0500: 13007.198: Total time for which application threads were stopped: 0.0000560 seconds
{Heap before GC invocations=196 (full 0):
 par new generation   total 109248K, used 95571K [0x00000007dae00000, 0x00000007e2e00000, 0x00000007e2e00000)
  eden space 87424K, 100% used [0x00000007dae00000, 0x00000007e0360000, 0x00000007e0360000)
  from space 21824K,  37% used [0x00000007e0360000, 0x00000007e0b54cc0, 0x00000007e18b0000)
  to   space 21824K,   0% used [0x00000007e18b0000, 0x00000007e18b0000, 0x00000007e2e00000)
 concurrent mark-sweep generation total 393216K, used 15001K [0x00000007e2e00000, 0x00000007fae00000, 0x00000007fae00000)
 concurrent-mark-sweep perm gen total 31232K, used 31157K [0x00000007fae00000, 0x00000007fcc80000, 0x0000000800000000)
2016-05-08T22:21:22.895+0500: 13007.602: [GC2016-05-08T22:21:22.895+0500: 13007.602: [ParNew
Desired survivor size 20112992 bytes, new threshold 8 (max 8)
- age   1:    3052720 bytes,    3052720 total
- age   2:    1384608 bytes,    4437328 total
- age   3:      20584 bytes,    4457912 total
- age   4:       2952 bytes,    4460864 total
- age   5:       3568 bytes,    4464432 total
- age   6:       3432 bytes,    4467864 total
- age   7:     272648 bytes,    4740512 total
- age   8:     105448 bytes,    4845960 total
: 95571K->6574K(109248K), 0.0341460 secs] 110572K->21578K(502464K), 0.0342470 secs] [Times: user=0.02 sys=0.00, real=0.04 secs] 
Heap after GC invocations=197 (full 0):
 par new generation   total 109248K, used 6574K [0x00000007dae00000, 0x00000007e2e00000, 0x00000007e2e00000)
  eden space 87424K,   0% used [0x00000007dae00000, 0x00000007dae00000, 0x00000007e0360000)
  from space 21824K,  30% used [0x00000007e18b0000, 0x00000007e1f1b960, 0x00000007e2e00000)
  to   space 21824K,   0% used [0x00000007e0360000, 0x00000007e0360000, 0x00000007e18b0000)
 concurrent mark-sweep generation total 393216K, used 15004K [0x00000007e2e00000, 0x00000007fae00000, 0x00000007fae00000)
 concurrent-mark-sweep perm gen total 31232K, used 31157K [0x00000007fae00000, 0x00000007fcc80000, 0x0000000800000000)
}
2016-05-08T22:21:22.930+0500: 13007.636: Total time for which application threads were stopped: 0.0345340 seconds
{Heap before GC invocations=197 (full 0):
 par new generation   total 109248K, used 93998K [0x00000007dae00000, 0x00000007e2e00000, 0x00000007e2e00000)
  eden space 87424K, 100% used [0x00000007dae00000, 0x00000007e0360000, 0x00000007e0360000)
  from space 21824K,  30% used [0x00000007e18b0000, 0x00000007e1f1b960, 0x00000007e2e00000)
  to   space 21824K,   0% used [0x00000007e0360000, 0x00000007e0360000, 0x00000007e18b0000)
 concurrent mark-sweep generation total 393216K, used 15004K [0x00000007e2e00000, 0x00000007fae00000, 0x00000007fae00000)
 concurrent-mark-sweep perm gen total 31232K, used 31157K [0x00000007fae00000, 0x00000007fcc80000, 0x0000000800000000)
2016-05-08T22:21:23.423+0500: 13008.129: [GC2016-05-08T22:21:23.423+0500: 13008.129: [ParNew
Desired survivor size 20112992 bytes, new threshold 8 (max 8)
- age   1:    3324632 bytes,    3324632 total
- age   2:    1474904 bytes,    4799536 total
- age   3:       3576 bytes,    4803112 total
- age   4:       5592 bytes,    4808704 total
- age   5:       2904 bytes,    4811608 total
- age   6:       3568 bytes,    4815176 total
- age   7:       3432 bytes,    4818608 total
- age   8:     272648 bytes,    5091256 total
: 93998K->7028K(109248K), 0.0122250 secs] 109002K->22135K(502464K), 0.0123820 secs] [Times: user=0.02 sys=0.00, real=0.01 secs] 
Heap after GC invocations=198 (full 0):
 par new generation   total 109248K, used 7028K [0x00000007dae00000, 0x00000007e2e00000, 0x00000007e2e00000)
  eden space 87424K,   0% used [0x00000007dae00000, 0x00000007dae00000, 0x00000007e0360000)
  from space 21824K,  32% used [0x00000007e0360000, 0x00000007e0a3d090, 0x00000007e18b0000)
  to   space 21824K,   0% used [0x00000007e18b0000, 0x00000007e18b0000, 0x00000007e2e00000)
 concurrent mark-sweep generation total 393216K, used 15107K [0x00000007e2e00000, 0x00000007fae00000, 0x00000007fae00000)
 concurrent-mark-sweep perm gen total 31232K, used 31157K [0x00000007fae00000, 0x00000007fcc80000, 0x0000000800000000)
}
2016-05-08T22:21:23.435+0500: 13008.142: Total time for which application threads were stopped: 0.0208060 seconds
2016-05-08T22:21:23.446+0500: 13008.153: Total time for which application threads were stopped: 0.0006950 seconds
{Heap before GC invocations=198 (full 0):
 par new generation   total 109248K, used 94452K [0x00000007dae00000, 0x00000007e2e00000, 0x00000007e2e00000)
  eden space 87424K, 100% used [0x00000007dae00000, 0x00000007e0360000, 0x00000007e0360000)
  from space 21824K,  32% used [0x00000007e0360000, 0x00000007e0a3d090, 0x00000007e18b0000)
  to   space 21824K,   0% used [0x00000007e18b0000, 0x00000007e18b0000, 0x00000007e2e00000)
 concurrent mark-sweep generation total 393216K, used 15107K [0x00000007e2e00000, 0x00000007fae00000, 0x00000007fae00000)
 concurrent-mark-sweep perm gen total 31232K, used 31157K [0x00000007fae00000, 0x00000007fcc80000, 0x0000000800000000)
2016-05-08T22:21:23.850+0500: 13008.556: [GC2016-05-08T22:21:23.850+0500: 13008.557: [ParNew
Desired survivor size 20112992 bytes, new threshold 8 (max 8)
- age   1:    4104344 bytes,    4104344 total
- age   2:      33272 bytes,    4137616 total
- age   3:      12320 bytes,    4149936 total
- age   4:       3576 bytes,    4153512 total
- age   5:       5568 bytes,    4159080 total
- age   6:       2904 bytes,    4161984 total
- age   7:       3568 bytes,    4165552 total
- age   8:       3432 bytes,    4168984 total
: 94452K->5306K(109248K), 0.0207400 secs] 109559K->20680K(502464K), 0.0208530 secs] [Times: user=0.02 sys=0.00, real=0.02 secs] 
Heap after GC invocations=199 (full 0):
 par new generation   total 109248K, used 5306K [0x00000007dae00000, 0x00000007e2e00000, 0x00000007e2e00000)
  eden space 87424K,   0% used [0x00000007dae00000, 0x00000007dae00000, 0x00000007e0360000)
  from space 21824K,  24% used [0x00000007e18b0000, 0x00000007e1ddeb48, 0x00000007e2e00000)
  to   space 21824K,   0% used [0x00000007e0360000, 0x00000007e0360000, 0x00000007e18b0000)
 concurrent mark-sweep generation total 393216K, used 15373K [0x00000007e2e00000, 0x00000007fae00000, 0x00000007fae00000)
 concurrent-mark-sweep perm gen total 31232K, used 31157K [0x00000007fae00000, 0x00000007fcc80000, 0x0000000800000000)
}
2016-05-08T22:21:23.871+0500: 13008.577: Total time for which application threads were stopped: 0.0211550 seconds
{Heap before GC invocations=199 (full 0):
 par new generation   total 109248K, used 92730K [0x00000007dae00000, 0x00000007e2e00000, 0x00000007e2e00000)
  eden space 87424K, 100% used [0x00000007dae00000, 0x00000007e0360000, 0x00000007e0360000)
  from space 21824K,  24% used [0x00000007e18b0000, 0x00000007e1ddeb48, 0x00000007e2e00000)
  to   space 21824K,   0% used [0x00000007e0360000, 0x00000007e0360000, 0x00000007e18b0000)
 concurrent mark-sweep generation total 393216K, used 15373K [0x00000007e2e00000, 0x00000007fae00000, 0x00000007fae00000)
 concurrent-mark-sweep perm gen total 31232K, used 31157K [0x00000007fae00000, 0x00000007fcc80000, 0x0000000800000000)
2016-05-08T22:21:24.392+0500: 13009.098: [GC2016-05-08T22:21:24.392+0500: 13009.099: [ParNew
Desired survivor size 20112992 bytes, new threshold 8 (max 8)
- age   1:    3226400 bytes,    3226400 total
- age   2:     842256 bytes,    4068656 total
- age   3:       5184 bytes,    4073840 total
- age   4:       3832 bytes,    4077672 total
- age   5:       3576 bytes,    4081248 total
- age   6:       5568 bytes,    4086816 total
- age   7:       2880 bytes,    4089696 total
- age   8:       3568 bytes,    4093264 total
: 92730K->5397K(109248K), 0.0158730 secs] 108104K->20774K(502464K), 0.0161890 secs] [Times: user=0.02 sys=0.00, real=0.01 secs] 
Heap after GC invocations=200 (full 0):
 par new generation   total 109248K, used 5397K [0x00000007dae00000, 0x00000007e2e00000, 0x00000007e2e00000)
  eden space 87424K,   0% used [0x00000007dae00000, 0x00000007dae00000, 0x00000007e0360000)
  from space 21824K,  24% used [0x00000007e0360000, 0x00000007e08a5780, 0x00000007e18b0000)
  to   space 21824K,   0% used [0x00000007e18b0000, 0x00000007e18b0000, 0x00000007e2e00000)
 concurrent mark-sweep generation total 393216K, used 15377K [0x00000007e2e00000, 0x00000007fae00000, 0x00000007fae00000)
 concurrent-mark-sweep perm gen total 31232K, used 31157K [0x00000007fae00000, 0x00000007fcc80000, 0x0000000800000000)
}
2016-05-08T22:21:24.408+0500: 13009.115: Total time for which application threads were stopped: 0.0174500 seconds
{Heap before GC invocations=200 (full 0):
 par new generation   total 109248K, used 92821K [0x00000007dae00000, 0x00000007e2e00000, 0x00000007e2e00000)
  eden space 87424K, 100% used [0x00000007dae00000, 0x00000007e0360000, 0x00000007e0360000)
  from space 21824K,  24% used [0x00000007e0360000, 0x00000007e08a5780, 0x00000007e18b0000)
  to   space 21824K,   0% used [0x00000007e18b0000, 0x00000007e18b0000, 0x00000007e2e00000)
 concurrent mark-sweep generation total 393216K, used 15377K [0x00000007e2e00000, 0x00000007fae00000, 0x00000007fae00000)
 concurrent-mark-sweep perm gen total 31232K, used 31157K [0x00000007fae00000, 0x00000007fcc80000, 0x0000000800000000)
2016-05-08T22:21:24.824+0500: 13009.531: [GC2016-05-08T22:21:24.825+0500: 13009.531: [ParNew
Desired survivor size 20112992 bytes, new threshold 8 (max 8)
- age   1:    3653688 bytes,    3653688 total
- age   2:     908392 bytes,    4562080 total
- age   3:       2832 bytes,    4564912 total
- age   4:       4288 bytes,    4569200 total
- age   5:       3832 bytes,    4573032 total
- age   6:       3576 bytes,    4576608 total
- age   7:       3288 bytes,    4579896 total
- age   8:       2880 bytes,    4582776 total
: 92821K->5797K(109248K), 0.0147150 secs] 108198K->21178K(502464K), 0.0150760 secs] [Times: user=0.01 sys=0.00, real=0.02 secs] 
Heap after GC invocations=201 (full 0):
 par new generation   total 109248K, used 5797K [0x00000007dae00000, 0x00000007e2e00000, 0x00000007e2e00000)
  eden space 87424K,   0% used [0x00000007dae00000, 0x00000007dae00000, 0x00000007e0360000)
  from space 21824K,  26% used [0x00000007e18b0000, 0x00000007e1e59790, 0x00000007e2e00000)
  to   space 21824K,   0% used [0x00000007e0360000, 0x00000007e0360000, 0x00000007e18b0000)
 concurrent mark-sweep generation total 393216K, used 15380K [0x00000007e2e00000, 0x00000007fae00000, 0x00000007fae00000)
 concurrent-mark-sweep perm gen total 31232K, used 31157K [0x00000007fae00000, 0x00000007fcc80000, 0x0000000800000000)
}
2016-05-08T22:21:24.840+0500: 13009.546: Total time for which application threads were stopped: 0.0175790 seconds
{Heap before GC invocations=201 (full 0):
 par new generation   total 109248K, used 93209K [0x00000007dae00000, 0x00000007e2e00000, 0x00000007e2e00000)
  eden space 87424K,  99% used [0x00000007dae00000, 0x00000007e035d030, 0x00000007e0360000)
  from space 21824K,  26% used [0x00000007e18b0000, 0x00000007e1e59790, 0x00000007e2e00000)
  to   space 21824K,   0% used [0x00000007e0360000, 0x00000007e0360000, 0x00000007e18b0000)
 concurrent mark-sweep generation total 393216K, used 15380K [0x00000007e2e00000, 0x00000007fae00000, 0x00000007fae00000)
 concurrent-mark-sweep perm gen total 31232K, used 31157K [0x00000007fae00000, 0x00000007fcc80000, 0x0000000800000000)
2016-05-08T22:21:25.301+0500: 13010.007: [GC2016-05-08T22:21:25.301+0500: 13010.007: [ParNew
Desired survivor size 20112992 bytes, new threshold 8 (max 8)
- age   1:    3499792 bytes,    3499792 total
- age   2:    1257160 bytes,    4756952 total
- age   3:       7288 bytes,    4764240 total
- age   4:       2832 bytes,    4767072 total
- age   5:       3664 bytes,    4770736 total
- age   6:       3808 bytes,    4774544 total
- age   7:       3576 bytes,    4778120 total
- age   8:       3288 bytes,    4781408 total
: 93209K->6180K(109248K), 0.0211690 secs] 108590K->21563K(502464K), 0.0212930 secs] [Times: user=0.02 sys=0.00, real=0.02 secs] 
Heap after GC invocations=202 (full 0):
 par new generation   total 109248K, used 6180K [0x00000007dae00000, 0x00000007e2e00000, 0x00000007e2e00000)
  eden space 87424K,   0% used [0x00000007dae00000, 0x00000007dae00000, 0x00000007e0360000)
  from space 21824K,  28% used [0x00000007e0360000, 0x00000007e0969288, 0x00000007e18b0000)
  to   space 21824K,   0% used [0x00000007e18b0000, 0x00000007e18b0000, 0x00000007e2e00000)
 concurrent mark-sweep generation total 393216K, used 15383K [0x00000007e2e00000, 0x00000007fae00000, 0x00000007fae00000)
 concurrent-mark-sweep perm gen total 31232K, used 31157K [0x00000007fae00000, 0x00000007fcc80000, 0x0000000800000000)
}
2016-05-08T22:21:25.322+0500: 13010.029: Total time for which application threads were stopped: 0.0224380 seconds
{Heap before GC invocations=202 (full 0):
 par new generation   total 109248K, used 93604K [0x00000007dae00000, 0x00000007e2e00000, 0x00000007e2e00000)
  eden space 87424K, 100% used [0x00000007dae00000, 0x00000007e0360000, 0x00000007e0360000)
  from space 21824K,  28% used [0x00000007e0360000, 0x00000007e0969288, 0x00000007e18b0000)
  to   space 21824K,   0% used [0x00000007e18b0000, 0x00000007e18b0000, 0x00000007e2e00000)
 concurrent mark-sweep generation total 393216K, used 15383K [0x00000007e2e00000, 0x00000007fae00000, 0x00000007fae00000)
 concurrent-mark-sweep perm gen total 31232K, used 31157K [0x00000007fae00000, 0x00000007fcc80000, 0x0000000800000000)
2016-05-08T22:21:25.864+0500: 13010.570: [GC2016-05-08T22:21:25.864+0500: 13010.570: [ParNew
Desired survivor size 20112992 bytes, new threshold 8 (max 8)
- age   1:    3140848 bytes,    3140848 total
- age   2:      24856 bytes,    3165704 total
- age   3:       5984 bytes,    3171688 total
- age   4:       5328 bytes,    3177016 total
- age   5:       2832 bytes,    3179848 total
- age   6:       3664 bytes,    3183512 total
- age   7:       3784 bytes,    3187296 total
- age   8:       3576 bytes,    3190872 total
: 93604K->4788K(109248K), 0.0538890 secs] 108987K->20175K(502464K), 0.0540160 secs] [Times: user=0.02 sys=0.01, real=0.05 secs] 
Heap after GC invocations=203 (full 0):
 par new generation   total 109248K, used 4788K [0x00000007dae00000, 0x00000007e2e00000, 0x00000007e2e00000)
  eden space 87424K,   0% used [0x00000007dae00000, 0x00000007dae00000, 0x00000007e0360000)
  from space 21824K,  21% used [0x00000007e18b0000, 0x00000007e1d5d3e0, 0x00000007e2e00000)
  to   space 21824K,   0% used [0x00000007e0360000, 0x00000007e0360000, 0x00000007e18b0000)
 concurrent mark-sweep generation total 393216K, used 15386K [0x00000007e2e00000, 0x00000007fae00000, 0x00000007fae00000)
 concurrent-mark-sweep perm gen total 31232K, used 31157K [0x00000007fae00000, 0x00000007fcc80000, 0x0000000800000000)
}
2016-05-08T22:21:25.918+0500: 13010.624: Total time for which application threads were stopped: 0.0554700 seconds
{Heap before GC invocations=203 (full 0):
 par new generation   total 109248K, used 92212K [0x00000007dae00000, 0x00000007e2e00000, 0x00000007e2e00000)
  eden space 87424K, 100% used [0x00000007dae00000, 0x00000007e0360000, 0x00000007e0360000)
  from space 21824K,  21% used [0x00000007e18b0000, 0x00000007e1d5d3e0, 0x00000007e2e00000)
  to   space 21824K,   0% used [0x00000007e0360000, 0x00000007e0360000, 0x00000007e18b0000)
 concurrent mark-sweep generation total 393216K, used 15386K [0x00000007e2e00000, 0x00000007fae00000, 0x00000007fae00000)
 concurrent-mark-sweep perm gen total 31232K, used 31157K [0x00000007fae00000, 0x00000007fcc80000, 0x0000000800000000)
2016-05-08T22:21:26.484+0500: 13011.191: [GC2016-05-08T22:21:26.484+0500: 13011.191: [ParNew
Desired survivor size 20112992 bytes, new threshold 8 (max 8)
- age   1:    3030752 bytes,    3030752 total
- age   2:     319480 bytes,    3350232 total
- age   3:       3264 bytes,    3353496 total
- age   4:       5328 bytes,    3358824 total
- age   5:       4728 bytes,    3363552 total
- age   6:       2832 bytes,    3366384 total
- age   7:       3664 bytes,    3370048 total
- age   8:       3760 bytes,    3373808 total
: 92212K->4232K(109248K), 0.0111290 secs] 107599K->19622K(502464K), 0.0112530 secs] [Times: user=0.01 sys=0.00, real=0.01 secs] 
Heap after GC invocations=204 (full 0):
 par new generation   total 109248K, used 4232K [0x00000007dae00000, 0x00000007e2e00000, 0x00000007e2e00000)
  eden space 87424K,   0% used [0x00000007dae00000, 0x00000007dae00000, 0x00000007e0360000)
  from space 21824K,  19% used [0x00000007e0360000, 0x00000007e0782070, 0x00000007e18b0000)
  to   space 21824K,   0% used [0x00000007e18b0000, 0x00000007e18b0000, 0x00000007e2e00000)
 concurrent mark-sweep generation total 393216K, used 15389K [0x00000007e2e00000, 0x00000007fae00000, 0x00000007fae00000)
 concurrent-mark-sweep perm gen total 31232K, used 31157K [0x00000007fae00000, 0x00000007fcc80000, 0x0000000800000000)
}
2016-05-08T22:21:26.496+0500: 13011.202: Total time for which application threads were stopped: 0.0127030 seconds
{Heap before GC invocations=204 (full 0):
 par new generation   total 109248K, used 91656K [0x00000007dae00000, 0x00000007e2e00000, 0x00000007e2e00000)
  eden space 87424K, 100% used [0x00000007dae00000, 0x00000007e0360000, 0x00000007e0360000)
  from space 21824K,  19% used [0x00000007e0360000, 0x00000007e0782070, 0x00000007e18b0000)
  to   space 21824K,   0% used [0x00000007e18b0000, 0x00000007e18b0000, 0x00000007e2e00000)
 concurrent mark-sweep generation total 393216K, used 15389K [0x00000007e2e00000, 0x00000007fae00000, 0x00000007fae00000)
 concurrent-mark-sweep perm gen total 31232K, used 31158K [0x00000007fae00000, 0x00000007fcc80000, 0x0000000800000000)
2016-05-08T22:21:26.966+0500: 13011.672: [GC2016-05-08T22:21:26.966+0500: 13011.672: [ParNew
Desired survivor size 20112992 bytes, new threshold 8 (max 8)
- age   1:    3331848 bytes,    3331848 total
- age   2:     513424 bytes,    3845272 total
- age   3:       5024 bytes,    3850296 total
- age   4:       3264 bytes,    3853560 total
- age   5:       5328 bytes,    3858888 total
- age   6:       4104 bytes,    3862992 total
- age   7:       2832 bytes,    3865824 total
- age   8:       3664 bytes,    3869488 total
: 91656K->4751K(109248K), 0.0106690 secs] 107046K->20145K(502464K), 0.0107940 secs] [Times: user=0.02 sys=0.00, real=0.01 secs] 
Heap after GC invocations=205 (full 0):
 par new generation   total 109248K, used 4751K [0x00000007dae00000, 0x00000007e2e00000, 0x00000007e2e00000)
  eden space 87424K,   0% used [0x00000007dae00000, 0x00000007dae00000, 0x00000007e0360000)
  from space 21824K,  21% used [0x00000007e18b0000, 0x00000007e1d53e10, 0x00000007e2e00000)
  to   space 21824K,   0% used [0x00000007e0360000, 0x00000007e0360000, 0x00000007e18b0000)
 concurrent mark-sweep generation total 393216K, used 15393K [0x00000007e2e00000, 0x00000007fae00000, 0x00000007fae00000)
 concurrent-mark-sweep perm gen total 31232K, used 31158K [0x00000007fae00000, 0x00000007fcc80000, 0x0000000800000000)
}
2016-05-08T22:21:26.977+0500: 13011.683: Total time for which application threads were stopped: 0.0110980 seconds
{Heap before GC invocations=205 (full 0):
 par new generation   total 109248K, used 92175K [0x00000007dae00000, 0x00000007e2e00000, 0x00000007e2e00000)
  eden space 87424K, 100% used [0x00000007dae00000, 0x00000007e0360000, 0x00000007e0360000)
  from space 21824K,  21% used [0x00000007e18b0000, 0x00000007e1d53e10, 0x00000007e2e00000)
  to   space 21824K,   0% used [0x00000007e0360000, 0x00000007e0360000, 0x00000007e18b0000)
 concurrent mark-sweep generation total 393216K, used 15393K [0x00000007e2e00000, 0x00000007fae00000, 0x00000007fae00000)
 concurrent-mark-sweep perm gen total 31232K, used 31158K [0x00000007fae00000, 0x00000007fcc80000, 0x0000000800000000)
2016-05-08T22:21:27.318+0500: 13012.024: [GC2016-05-08T22:21:27.318+0500: 13012.024: [ParNew
Desired survivor size 20112992 bytes, new threshold 8 (max 8)
- age   1:    3549864 bytes,    3549864 total
- age   2:     861544 bytes,    4411408 total
- age   3:       4720 bytes,    4416128 total
- age   4:       3736 bytes,    4419864 total
- age   5:       3240 bytes,    4423104 total
- age   6:       5328 bytes,    4428432 total
- age   7:       4104 bytes,    4432536 total
- age   8:       2832 bytes,    4435368 total
: 92175K->5711K(109248K), 0.0207930 secs] 107569K->21108K(502464K), 0.0209040 secs] [Times: user=0.01 sys=0.00, real=0.02 secs] 
Heap after GC invocations=206 (full 0):
 par new generation   total 109248K, used 5711K [0x00000007dae00000, 0x00000007e2e00000, 0x00000007e2e00000)
  eden space 87424K,   0% used [0x00000007dae00000, 0x00000007dae00000, 0x00000007e0360000)
  from space 21824K,  26% used [0x00000007e0360000, 0x00000007e08f3d60, 0x00000007e18b0000)
  to   space 21824K,   0% used [0x00000007e18b0000, 0x00000007e18b0000, 0x00000007e2e00000)
 concurrent mark-sweep generation total 393216K, used 15397K [0x00000007e2e00000, 0x00000007fae00000, 0x00000007fae00000)
 concurrent-mark-sweep perm gen total 31232K, used 31158K [0x00000007fae00000, 0x00000007fcc80000, 0x0000000800000000)
}
2016-05-08T22:21:27.339+0500: 13012.045: Total time for which application threads were stopped: 0.0223620 seconds
{Heap before GC invocations=206 (full 0):
 par new generation   total 109248K, used 93135K [0x00000007dae00000, 0x00000007e2e00000, 0x00000007e2e00000)
  eden space 87424K, 100% used [0x00000007dae00000, 0x00000007e0360000, 0x00000007e0360000)
  from space 21824K,  26% used [0x00000007e0360000, 0x00000007e08f3d60, 0x00000007e18b0000)
  to   space 21824K,   0% used [0x00000007e18b0000, 0x00000007e18b0000, 0x00000007e2e00000)
 concurrent mark-sweep generation total 393216K, used 15397K [0x00000007e2e00000, 0x00000007fae00000, 0x00000007fae00000)
 concurrent-mark-sweep perm gen total 31232K, used 31158K [0x00000007fae00000, 0x00000007fcc80000, 0x0000000800000000)
2016-05-08T22:21:27.780+0500: 13012.487: [GC2016-05-08T22:21:27.780+0500: 13012.487: [ParNew
Desired survivor size 20112992 bytes, new threshold 8 (max 8)
- age   1:    3210472 bytes,    3210472 total
- age   2:    1469968 bytes,    4680440 total
- age   3:       5136 bytes,    4685576 total
- age   4:       3432 bytes,    4689008 total
- age   5:       3736 bytes,    4692744 total
- age   6:       3240 bytes,    4695984 total
- age   7:       3024 bytes,    4699008 total
- age   8:       3504 bytes,    4702512 total
: 93135K->6113K(109248K), 0.0196950 secs] 108532K->21513K(502464K), 0.0198360 secs] [Times: user=0.02 sys=0.00, real=0.02 secs] 
Heap after GC invocations=207 (full 0):
 par new generation   total 109248K, used 6113K [0x00000007dae00000, 0x00000007e2e00000, 0x00000007e2e00000)
  eden space 87424K,   0% used [0x00000007dae00000, 0x00000007dae00000, 0x00000007e0360000)
  from space 21824K,  28% used [0x00000007e18b0000, 0x00000007e1ea87b0, 0x00000007e2e00000)
  to   space 21824K,   0% used [0x00000007e0360000, 0x00000007e0360000, 0x00000007e18b0000)
 concurrent mark-sweep generation total 393216K, used 15399K [0x00000007e2e00000, 0x00000007fae00000, 0x00000007fae00000)
 concurrent-mark-sweep perm gen total 31232K, used 31158K [0x00000007fae00000, 0x00000007fcc80000, 0x0000000800000000)
}
2016-05-08T22:21:27.800+0500: 13012.507: Total time for which application threads were stopped: 0.0201240 seconds
2016-05-08T22:21:27.807+0500: 13012.514: Total time for which application threads were stopped: 0.0003390 seconds
{Heap before GC invocations=207 (full 0):
 par new generation   total 109248K, used 93537K [0x00000007dae00000, 0x00000007e2e00000, 0x00000007e2e00000)
  eden space 87424K, 100% used [0x00000007dae00000, 0x00000007e0360000, 0x00000007e0360000)
  from space 21824K,  28% used [0x00000007e18b0000, 0x00000007e1ea87b0, 0x00000007e2e00000)
  to   space 21824K,   0% used [0x00000007e0360000, 0x00000007e0360000, 0x00000007e18b0000)
 concurrent mark-sweep generation total 393216K, used 15399K [0x00000007e2e00000, 0x00000007fae00000, 0x00000007fae00000)
 concurrent-mark-sweep perm gen total 31232K, used 31158K [0x00000007fae00000, 0x00000007fcc80000, 0x0000000800000000)
2016-05-08T22:21:28.506+0500: 13013.213: [GC2016-05-08T22:21:28.506+0500: 13013.213: [ParNew
Desired survivor size 20112992 bytes, new threshold 8 (max 8)
- age   1:    2660056 bytes,    2660056 total
- age   2:      36776 bytes,    2696832 total
- age   3:       8384 bytes,    2705216 total
- age   4:       5136 bytes,    2710352 total
- age   5:       3432 bytes,    2713784 total
- age   6:       3712 bytes,    2717496 total
- age   7:       3216 bytes,    2720712 total
- age   8:       3000 bytes,    2723712 total
: 93537K->4073K(109248K), 0.0089560 secs] 108937K->19477K(502464K), 0.0090570 secs] [Times: user=0.01 sys=0.00, real=0.01 secs] 
Heap after GC invocations=208 (full 0):
 par new generation   total 109248K, used 4073K [0x00000007dae00000, 0x00000007e2e00000, 0x00000007e2e00000)
  eden space 87424K,   0% used [0x00000007dae00000, 0x00000007dae00000, 0x00000007e0360000)
  from space 21824K,  18% used [0x00000007e0360000, 0x00000007e075a740, 0x00000007e18b0000)
  to   space 21824K,   0% used [0x00000007e18b0000, 0x00000007e18b0000, 0x00000007e2e00000)
 concurrent mark-sweep generation total 393216K, used 15403K [0x00000007e2e00000, 0x00000007fae00000, 0x00000007fae00000)
 concurrent-mark-sweep perm gen total 31232K, used 31158K [0x00000007fae00000, 0x00000007fcc80000, 0x0000000800000000)
}
2016-05-08T22:21:28.516+0500: 13013.222: Total time for which application threads were stopped: 0.0099840 seconds
{Heap before GC invocations=208 (full 0):
 par new generation   total 109248K, used 91497K [0x00000007dae00000, 0x00000007e2e00000, 0x00000007e2e00000)
  eden space 87424K, 100% used [0x00000007dae00000, 0x00000007e0360000, 0x00000007e0360000)
  from space 21824K,  18% used [0x00000007e0360000, 0x00000007e075a740, 0x00000007e18b0000)
  to   space 21824K,   0% used [0x00000007e18b0000, 0x00000007e18b0000, 0x00000007e2e00000)
 concurrent mark-sweep generation total 393216K, used 15403K [0x00000007e2e00000, 0x00000007fae00000, 0x00000007fae00000)
 concurrent-mark-sweep perm gen total 31232K, used 31158K [0x00000007fae00000, 0x00000007fcc80000, 0x0000000800000000)
2016-05-08T22:21:29.010+0500: 13013.716: [GC2016-05-08T22:21:29.010+0500: 13013.716: [ParNew
Desired survivor size 20112992 bytes, new threshold 8 (max 8)
- age   1:    3385080 bytes,    3385080 total
- age   2:     277896 bytes,    3662976 total
- age   3:       7032 bytes,    3670008 total
- age   4:       2896 bytes,    3672904 total
- age   5:       5136 bytes,    3678040 total
- age   6:       2832 bytes,    3680872 total
- age   7:       3712 bytes,    3684584 total
- age   8:       2616 bytes,    3687200 total
: 91497K->4221K(109248K), 0.0285580 secs] 106901K->19627K(502464K), 0.0286970 secs] [Times: user=0.01 sys=0.00, real=0.02 secs] 
Heap after GC invocations=209 (full 0):
 par new generation   total 109248K, used 4221K [0x00000007dae00000, 0x00000007e2e00000, 0x00000007e2e00000)
  eden space 87424K,   0% used [0x00000007dae00000, 0x00000007dae00000, 0x00000007e0360000)
  from space 21824K,  19% used [0x00000007e18b0000, 0x00000007e1ccf6a0, 0x00000007e2e00000)
  to   space 21824K,   0% used [0x00000007e0360000, 0x00000007e0360000, 0x00000007e18b0000)
 concurrent mark-sweep generation total 393216K, used 15406K [0x00000007e2e00000, 0x00000007fae00000, 0x00000007fae00000)
 concurrent-mark-sweep perm gen total 31232K, used 31158K [0x00000007fae00000, 0x00000007fcc80000, 0x0000000800000000)
}
2016-05-08T22:21:29.039+0500: 13013.745: Total time for which application threads were stopped: 0.0298460 seconds
{Heap before GC invocations=209 (full 0):
 par new generation   total 109248K, used 91633K [0x00000007dae00000, 0x00000007e2e00000, 0x00000007e2e00000)
  eden space 87424K,  99% used [0x00000007dae00000, 0x00000007e035d090, 0x00000007e0360000)
  from space 21824K,  19% used [0x00000007e18b0000, 0x00000007e1ccf6a0, 0x00000007e2e00000)
  to   space 21824K,   0% used [0x00000007e0360000, 0x00000007e0360000, 0x00000007e18b0000)
 concurrent mark-sweep generation total 393216K, used 15406K [0x00000007e2e00000, 0x00000007fae00000, 0x00000007fae00000)
 concurrent-mark-sweep perm gen total 31232K, used 31158K [0x00000007fae00000, 0x00000007fcc80000, 0x0000000800000000)
2016-05-08T22:21:29.587+0500: 13014.293: [GC2016-05-08T22:21:29.616+0500: 13014.322: [ParNew
Desired survivor size 20112992 bytes, new threshold 8 (max 8)
- age   1:    3085784 bytes,    3085784 total
- age   2:     304832 bytes,    3390616 total
- age   3:     258816 bytes,    3649432 total
- age   4:       7032 bytes,    3656464 total
- age   5:       2896 bytes,    3659360 total
- age   6:       5136 bytes,    3664496 total
- age   7:       2832 bytes,    3667328 total
- age   8:       3712 bytes,    3671040 total
: 91633K->5268K(109248K), 0.0093280 secs] 107039K->20676K(502464K), 0.0389740 secs] [Times: user=0.02 sys=0.00, real=0.04 secs] 
Heap after GC invocations=210 (full 0):
 par new generation   total 109248K, used 5268K [0x00000007dae00000, 0x00000007e2e00000, 0x00000007e2e00000)
  eden space 87424K,   0% used [0x00000007dae00000, 0x00000007dae00000, 0x00000007e0360000)
  from space 21824K,  24% used [0x00000007e0360000, 0x00000007e0885080, 0x00000007e18b0000)
  to   space 21824K,   0% used [0x00000007e18b0000, 0x00000007e18b0000, 0x00000007e2e00000)
 concurrent mark-sweep generation total 393216K, used 15408K [0x00000007e2e00000, 0x00000007fae00000, 0x00000007fae00000)
 concurrent-mark-sweep perm gen total 31232K, used 31158K [0x00000007fae00000, 0x00000007fcc80000, 0x0000000800000000)
}
2016-05-08T22:21:29.626+0500: 13014.332: Total time for which application threads were stopped: 0.0403500 seconds
2016-05-08T22:21:30.040+0500: 13014.747: Total time for which application threads were stopped: 0.0001650 seconds
{Heap before GC invocations=210 (full 0):
 par new generation   total 109248K, used 92692K [0x00000007dae00000, 0x00000007e2e00000, 0x00000007e2e00000)
  eden space 87424K, 100% used [0x00000007dae00000, 0x00000007e0360000, 0x00000007e0360000)
  from space 21824K,  24% used [0x00000007e0360000, 0x00000007e0885080, 0x00000007e18b0000)
  to   space 21824K,   0% used [0x00000007e18b0000, 0x00000007e18b0000, 0x00000007e2e00000)
 concurrent mark-sweep generation total 393216K, used 15408K [0x00000007e2e00000, 0x00000007fae00000, 0x00000007fae00000)
 concurrent-mark-sweep perm gen total 31232K, used 31158K [0x00000007fae00000, 0x00000007fcc80000, 0x0000000800000000)
2016-05-08T22:21:30.182+0500: 13014.889: [GC2016-05-08T22:21:30.183+0500: 13014.889: [ParNew
Desired survivor size 20112992 bytes, new threshold 8 (max 8)
- age   1:    3809320 bytes,    3809320 total
- age   2:     393008 bytes,    4202328 total
- age   3:       5216 bytes,    4207544 total
- age   4:     258816 bytes,    4466360 total
- age   5:       7032 bytes,    4473392 total
- age   6:       2896 bytes,    4476288 total
- age   7:       5136 bytes,    4481424 total
- age   8:       2832 bytes,    4484256 total
: 92692K->6084K(109248K), 0.0139740 secs] 108100K->21496K(502464K), 0.0140810 secs] [Times: user=0.02 sys=0.00, real=0.01 secs] 
Heap after GC invocations=211 (full 0):
 par new generation   total 109248K, used 6084K [0x00000007dae00000, 0x00000007e2e00000, 0x00000007e2e00000)
  eden space 87424K,   0% used [0x00000007dae00000, 0x00000007dae00000, 0x00000007e0360000)
  from space 21824K,  27% used [0x00000007e18b0000, 0x00000007e1ea1088, 0x00000007e2e00000)
  to   space 21824K,   0% used [0x00000007e0360000, 0x00000007e0360000, 0x00000007e18b0000)
 concurrent mark-sweep generation total 393216K, used 15412K [0x00000007e2e00000, 0x00000007fae00000, 0x00000007fae00000)
 concurrent-mark-sweep perm gen total 31232K, used 31158K [0x00000007fae00000, 0x00000007fcc80000, 0x0000000800000000)
}
2016-05-08T22:21:30.197+0500: 13014.903: Total time for which application threads were stopped: 0.0150200 seconds
{Heap before GC invocations=211 (full 0):
 par new generation   total 109248K, used 93508K [0x00000007dae00000, 0x00000007e2e00000, 0x00000007e2e00000)
  eden space 87424K, 100% used [0x00000007dae00000, 0x00000007e0360000, 0x00000007e0360000)
  from space 21824K,  27% used [0x00000007e18b0000, 0x00000007e1ea1088, 0x00000007e2e00000)
  to   space 21824K,   0% used [0x00000007e0360000, 0x00000007e0360000, 0x00000007e18b0000)
 concurrent mark-sweep generation total 393216K, used 15412K [0x00000007e2e00000, 0x00000007fae00000, 0x00000007fae00000)
 concurrent-mark-sweep perm gen total 31232K, used 31159K [0x00000007fae00000, 0x00000007fcc80000, 0x0000000800000000)
2016-05-08T22:21:30.626+0500: 13015.333: [GC2016-05-08T22:21:30.626+0500: 13015.333: [ParNew
Desired survivor size 20112992 bytes, new threshold 8 (max 8)
- age   1:    3309408 bytes,    3309408 total
- age   2:     978656 bytes,    4288064 total
- age   3:       3216 bytes,    4291280 total
- age   4:       3928 bytes,    4295208 total
- age   5:     258816 bytes,    4554024 total
- age   6:       6432 bytes,    4560456 total
- age   7:       2896 bytes,    4563352 total
- age   8:       5136 bytes,    4568488 total
: 93508K->5491K(109248K), 0.0104340 secs] 108920K->20906K(502464K), 0.0105450 secs] [Times: user=0.02 sys=0.00, real=0.01 secs] 
Heap after GC invocations=212 (full 0):
 par new generation   total 109248K, used 5491K [0x00000007dae00000, 0x00000007e2e00000, 0x00000007e2e00000)
  eden space 87424K,   0% used [0x00000007dae00000, 0x00000007dae00000, 0x00000007e0360000)
  from space 21824K,  25% used [0x00000007e0360000, 0x00000007e08bcc80, 0x00000007e18b0000)
  to   space 21824K,   0% used [0x00000007e18b0000, 0x00000007e18b0000, 0x00000007e2e00000)
 concurrent mark-sweep generation total 393216K, used 15415K [0x00000007e2e00000, 0x00000007fae00000, 0x00000007fae00000)
 concurrent-mark-sweep perm gen total 31232K, used 31159K [0x00000007fae00000, 0x00000007fcc80000, 0x0000000800000000)
}
2016-05-08T22:21:30.637+0500: 13015.343: Total time for which application threads were stopped: 0.0119170 seconds
{Heap before GC invocations=212 (full 0):
 par new generation   total 109248K, used 92915K [0x00000007dae00000, 0x00000007e2e00000, 0x00000007e2e00000)
  eden space 87424K, 100% used [0x00000007dae00000, 0x00000007e0360000, 0x00000007e0360000)
  from space 21824K,  25% used [0x00000007e0360000, 0x00000007e08bcc80, 0x00000007e18b0000)
  to   space 21824K,   0% used [0x00000007e18b0000, 0x00000007e18b0000, 0x00000007e2e00000)
 concurrent mark-sweep generation total 393216K, used 15415K [0x00000007e2e00000, 0x00000007fae00000, 0x00000007fae00000)
 concurrent-mark-sweep perm gen total 31232K, used 31160K [0x00000007fae00000, 0x00000007fcc80000, 0x0000000800000000)
2016-05-08T22:21:31.066+0500: 13015.772: [GC2016-05-08T22:21:31.069+0500: 13015.776: [ParNew
Desired survivor size 20112992 bytes, new threshold 8 (max 8)
- age   1:    3248872 bytes,    3248872 total
- age   2:    1209024 bytes,    4457896 total
- age   3:      16400 bytes,    4474296 total
- age   4:       3216 bytes,    4477512 total
- age   5:       3928 bytes,    4481440 total
- age   6:     258816 bytes,    4740256 total
- age   7:       3528 bytes,    4743784 total
- age   8:       2896 bytes,    4746680 total
: 92915K->7417K(109248K), 0.0396460 secs] 108330K->22837K(502464K), 0.0434240 secs] [Times: user=0.02 sys=0.01, real=0.04 secs] 
Heap after GC invocations=213 (full 0):
 par new generation   total 109248K, used 7417K [0x00000007dae00000, 0x00000007e2e00000, 0x00000007e2e00000)
  eden space 87424K,   0% used [0x00000007dae00000, 0x00000007dae00000, 0x00000007e0360000)
  from space 21824K,  33% used [0x00000007e18b0000, 0x00000007e1fee5e8, 0x00000007e2e00000)
  to   space 21824K,   0% used [0x00000007e0360000, 0x00000007e0360000, 0x00000007e18b0000)
 concurrent mark-sweep generation total 393216K, used 15420K [0x00000007e2e00000, 0x00000007fae00000, 0x00000007fae00000)
 concurrent-mark-sweep perm gen total 31232K, used 31160K [0x00000007fae00000, 0x00000007fcc80000, 0x0000000800000000)
}
2016-05-08T22:21:31.109+0500: 13015.815: Total time for which application threads were stopped: 0.0443940 seconds
{Heap before GC invocations=213 (full 0):
 par new generation   total 109248K, used 94840K [0x00000007dae00000, 0x00000007e2e00000, 0x00000007e2e00000)
  eden space 87424K,  99% used [0x00000007dae00000, 0x00000007e035fcb8, 0x00000007e0360000)
  from space 21824K,  33% used [0x00000007e18b0000, 0x00000007e1fee5e8, 0x00000007e2e00000)
  to   space 21824K,   0% used [0x00000007e0360000, 0x00000007e0360000, 0x00000007e18b0000)
 concurrent mark-sweep generation total 393216K, used 15420K [0x00000007e2e00000, 0x00000007fae00000, 0x00000007fae00000)
 concurrent-mark-sweep perm gen total 31232K, used 31160K [0x00000007fae00000, 0x00000007fcc80000, 0x0000000800000000)
2016-05-08T22:21:31.727+0500: 13016.433: [GC2016-05-08T22:21:31.727+0500: 13016.433: [ParNew
Desired survivor size 20112992 bytes, new threshold 8 (max 8)
- age   1:    3682824 bytes,    3682824 total
- age   2:    1306912 bytes,    4989736 total
- age   3:       5128 bytes,    4994864 total
- age   4:      12440 bytes,    5007304 total
- age   5:       3216 bytes,    5010520 total
- age   6:       3928 bytes,    5014448 total
- age   7:     258816 bytes,    5273264 total
- age   8:       3528 bytes,    5276792 total
: 94840K->6572K(109248K), 0.0981210 secs] 110260K->21995K(502464K), 0.0982340 secs] [Times: user=0.03 sys=0.00, real=0.10 secs] 
Heap after GC invocations=214 (full 0):
 par new generation   total 109248K, used 6572K [0x00000007dae00000, 0x00000007e2e00000, 0x00000007e2e00000)
  eden space 87424K,   0% used [0x00000007dae00000, 0x00000007dae00000, 0x00000007e0360000)
  from space 21824K,  30% used [0x00000007e0360000, 0x00000007e09cb388, 0x00000007e18b0000)
  to   space 21824K,   0% used [0x00000007e18b0000, 0x00000007e18b0000, 0x00000007e2e00000)
 concurrent mark-sweep generation total 393216K, used 15422K [0x00000007e2e00000, 0x00000007fae00000, 0x00000007fae00000)
 concurrent-mark-sweep perm gen total 31232K, used 31160K [0x00000007fae00000, 0x00000007fcc80000, 0x0000000800000000)
}
2016-05-08T22:21:31.825+0500: 13016.532: Total time for which application threads were stopped: 0.0998430 seconds
{Heap before GC invocations=214 (full 0):
 par new generation   total 109248K, used 93996K [0x00000007dae00000, 0x00000007e2e00000, 0x00000007e2e00000)
  eden space 87424K, 100% used [0x00000007dae00000, 0x00000007e0360000, 0x00000007e0360000)
  from space 21824K,  30% used [0x00000007e0360000, 0x00000007e09cb388, 0x00000007e18b0000)
  to   space 21824K,   0% used [0x00000007e18b0000, 0x00000007e18b0000, 0x00000007e2e00000)
 concurrent mark-sweep generation total 393216K, used 15422K [0x00000007e2e00000, 0x00000007fae00000, 0x00000007fae00000)
 concurrent-mark-sweep perm gen total 31232K, used 31160K [0x00000007fae00000, 0x00000007fcc80000, 0x0000000800000000)
2016-05-08T22:21:32.478+0500: 13017.184: [GC2016-05-08T22:21:32.478+0500: 13017.185: [ParNew
Desired survivor size 20112992 bytes, new threshold 8 (max 8)
- age   1:    3326840 bytes,    3326840 total
- age   2:    1398928 bytes,    4725768 total
- age   3:       6144 bytes,    4731912 total
- age   4:       3840 bytes,    4735752 total
- age   5:      12440 bytes,    4748192 total
- age   6:       2816 bytes,    4751008 total
- age   7:       3928 bytes,    4754936 total
- age   8:     258816 bytes,    5013752 total
: 93996K->7462K(109248K), 0.0508160 secs] 109419K->22889K(502464K), 0.0509620 secs] [Times: user=0.03 sys=0.01, real=0.05 secs] 
Heap after GC invocations=215 (full 0):
 par new generation   total 109248K, used 7462K [0x00000007dae00000, 0x00000007e2e00000, 0x00000007e2e00000)
  eden space 87424K,   0% used [0x00000007dae00000, 0x00000007dae00000, 0x00000007e0360000)
  from space 21824K,  34% used [0x00000007e18b0000, 0x00000007e1ff9bb8, 0x00000007e2e00000)
  to   space 21824K,   0% used [0x00000007e0360000, 0x00000007e0360000, 0x00000007e18b0000)
 concurrent mark-sweep generation total 393216K, used 15426K [0x00000007e2e00000, 0x00000007fae00000, 0x00000007fae00000)
 concurrent-mark-sweep perm gen total 31232K, used 31160K [0x00000007fae00000, 0x00000007fcc80000, 0x0000000800000000)
}
2016-05-08T22:21:32.529+0500: 13017.236: Total time for which application threads were stopped: 0.0529370 seconds
{Heap before GC invocations=215 (full 0):
 par new generation   total 109248K, used 94886K [0x00000007dae00000, 0x00000007e2e00000, 0x00000007e2e00000)
  eden space 87424K, 100% used [0x00000007dae00000, 0x00000007e0360000, 0x00000007e0360000)
  from space 21824K,  34% used [0x00000007e18b0000, 0x00000007e1ff9bb8, 0x00000007e2e00000)
  to   space 21824K,   0% used [0x00000007e0360000, 0x00000007e0360000, 0x00000007e18b0000)
 concurrent mark-sweep generation total 393216K, used 15426K [0x00000007e2e00000, 0x00000007fae00000, 0x00000007fae00000)
 concurrent-mark-sweep perm gen total 31232K, used 31160K [0x00000007fae00000, 0x00000007fcc80000, 0x0000000800000000)
2016-05-08T22:21:33.269+0500: 13017.975: [GC2016-05-08T22:21:33.269+0500: 13017.975: [ParNew
Desired survivor size 20112992 bytes, new threshold 8 (max 8)
- age   1:    3177736 bytes,    3177736 total
- age   2:    1379352 bytes,    4557088 total
- age   3:       4264 bytes,    4561352 total
- age   4:       5544 bytes,    4566896 total
- age   5:       3240 bytes,    4570136 total
- age   6:      12440 bytes,    4582576 total
- age   7:       2816 bytes,    4585392 total
- age   8:       3928 bytes,    4589320 total
: 94886K->6045K(109248K), 0.0185720 secs] 110313K->21724K(502464K), 0.0186820 secs] [Times: user=0.02 sys=0.00, real=0.02 secs] 
Heap after GC invocations=216 (full 0):
 par new generation   total 109248K, used 6045K [0x00000007dae00000, 0x00000007e2e00000, 0x00000007e2e00000)
  eden space 87424K,   0% used [0x00000007dae00000, 0x00000007dae00000, 0x00000007e0360000)
  from space 21824K,  27% used [0x00000007e0360000, 0x00000007e0947630, 0x00000007e18b0000)
  to   space 21824K,   0% used [0x00000007e18b0000, 0x00000007e18b0000, 0x00000007e2e00000)
 concurrent mark-sweep generation total 393216K, used 15679K [0x00000007e2e00000, 0x00000007fae00000, 0x00000007fae00000)
 concurrent-mark-sweep perm gen total 31232K, used 31160K [0x00000007fae00000, 0x00000007fcc80000, 0x0000000800000000)
}
2016-05-08T22:21:33.287+0500: 13017.994: Total time for which application threads were stopped: 0.0198770 seconds
{Heap before GC invocations=216 (full 0):
 par new generation   total 109248K, used 93469K [0x00000007dae00000, 0x00000007e2e00000, 0x00000007e2e00000)
  eden space 87424K, 100% used [0x00000007dae00000, 0x00000007e0360000, 0x00000007e0360000)
  from space 21824K,  27% used [0x00000007e0360000, 0x00000007e0947630, 0x00000007e18b0000)
  to   space 21824K,   0% used [0x00000007e18b0000, 0x00000007e18b0000, 0x00000007e2e00000)
 concurrent mark-sweep generation total 393216K, used 15679K [0x00000007e2e00000, 0x00000007fae00000, 0x00000007fae00000)
 concurrent-mark-sweep perm gen total 31232K, used 31160K [0x00000007fae00000, 0x00000007fcc80000, 0x0000000800000000)
2016-05-08T22:21:33.820+0500: 13018.526: [GC2016-05-08T22:21:33.820+0500: 13018.526: [ParNew
Desired survivor size 20112992 bytes, new threshold 8 (max 8)
- age   1:    3146136 bytes,    3146136 total
- age   2:    1517192 bytes,    4663328 total
- age   3:       5720 bytes,    4669048 total
- age   4:       2976 bytes,    4672024 total
- age   5:       5520 bytes,    4677544 total
- age   6:       3240 bytes,    4680784 total
- age   7:      12440 bytes,    4693224 total
- age   8:       2592 bytes,    4695816 total
: 93469K->6250K(109248K), 0.0318930 secs] 109148K->21933K(502464K), 0.0320180 secs] [Times: user=0.03 sys=0.00, real=0.03 secs] 
Heap after GC invocations=217 (full 0):
 par new generation   total 109248K, used 6250K [0x00000007dae00000, 0x00000007e2e00000, 0x00000007e2e00000)
  eden space 87424K,   0% used [0x00000007dae00000, 0x00000007dae00000, 0x00000007e0360000)
  from space 21824K,  28% used [0x00000007e18b0000, 0x00000007e1eca918, 0x00000007e2e00000)
  to   space 21824K,   0% used [0x00000007e0360000, 0x00000007e0360000, 0x00000007e18b0000)
 concurrent mark-sweep generation total 393216K, used 15683K [0x00000007e2e00000, 0x00000007fae00000, 0x00000007fae00000)
 concurrent-mark-sweep perm gen total 31232K, used 31160K [0x00000007fae00000, 0x00000007fcc80000, 0x0000000800000000)
}
2016-05-08T22:21:33.852+0500: 13018.558: Total time for which application threads were stopped: 0.0329140 seconds
{Heap before GC invocations=217 (full 0):
 par new generation   total 109248K, used 93674K [0x00000007dae00000, 0x00000007e2e00000, 0x00000007e2e00000)
  eden space 87424K, 100% used [0x00000007dae00000, 0x00000007e0360000, 0x00000007e0360000)
  from space 21824K,  28% used [0x00000007e18b0000, 0x00000007e1eca918, 0x00000007e2e00000)
  to   space 21824K,   0% used [0x00000007e0360000, 0x00000007e0360000, 0x00000007e18b0000)
 concurrent mark-sweep generation total 393216K, used 15683K [0x00000007e2e00000, 0x00000007fae00000, 0x00000007fae00000)
 concurrent-mark-sweep perm gen total 31232K, used 31160K [0x00000007fae00000, 0x00000007fcc80000, 0x0000000800000000)
2016-05-08T22:21:34.631+0500: 13019.337: [GC2016-05-08T22:21:34.631+0500: 13019.337: [ParNew
Desired survivor size 20112992 bytes, new threshold 8 (max 8)
- age   1:    2680904 bytes,    2680904 total
- age   2:      10912 bytes,    2691816 total
- age   3:       4112 bytes,    2695928 total
- age   4:       3144 bytes,    2699072 total
- age   5:       2976 bytes,    2702048 total
- age   6:       3240 bytes,    2705288 total
- age   7:       2640 bytes,    2707928 total
- age   8:      12440 bytes,    2720368 total
: 93674K->4074K(109248K), 0.0525820 secs] 109357K->19759K(502464K), 0.0526950 secs] [Times: user=0.01 sys=0.00, real=0.05 secs] 
Heap after GC invocations=218 (full 0):
 par new generation   total 109248K, used 4074K [0x00000007dae00000, 0x00000007e2e00000, 0x00000007e2e00000)
  eden space 87424K,   0% used [0x00000007dae00000, 0x00000007dae00000, 0x00000007e0360000)
  from space 21824K,  18% used [0x00000007e0360000, 0x00000007e075a818, 0x00000007e18b0000)
  to   space 21824K,   0% used [0x00000007e18b0000, 0x00000007e18b0000, 0x00000007e2e00000)
 concurrent mark-sweep generation total 393216K, used 15685K [0x00000007e2e00000, 0x00000007fae00000, 0x00000007fae00000)
 concurrent-mark-sweep perm gen total 31232K, used 31160K [0x00000007fae00000, 0x00000007fcc80000, 0x0000000800000000)
}
2016-05-08T22:21:34.684+0500: 13019.390: Total time for which application threads were stopped: 0.0535290 seconds
{Heap before GC invocations=218 (full 0):
 par new generation   total 109248K, used 91498K [0x00000007dae00000, 0x00000007e2e00000, 0x00000007e2e00000)
  eden space 87424K, 100% used [0x00000007dae00000, 0x00000007e0360000, 0x00000007e0360000)
  from space 21824K,  18% used [0x00000007e0360000, 0x00000007e075a818, 0x00000007e18b0000)
  to   space 21824K,   0% used [0x00000007e18b0000, 0x00000007e18b0000, 0x00000007e2e00000)
 concurrent mark-sweep generation total 393216K, used 15685K [0x00000007e2e00000, 0x00000007fae00000, 0x00000007fae00000)
 concurrent-mark-sweep perm gen total 31232K, used 31160K [0x00000007fae00000, 0x00000007fcc80000, 0x0000000800000000)
2016-05-08T22:21:35.510+0500: 13020.216: [GC2016-05-08T22:21:35.510+0500: 13020.216: [ParNew
Desired survivor size 20112992 bytes, new threshold 8 (max 8)
- age   1:    3965200 bytes,    3965200 total
- age   2:      18592 bytes,    3983792 total
- age   3:       3120 bytes,    3986912 total
- age   4:       3488 bytes,    3990400 total
- age   5:       3144 bytes,    3993544 total
- age   6:       2952 bytes,    3996496 total
- age   7:       3240 bytes,    3999736 total
- age   8:       2616 bytes,    4002352 total
: 91498K->4701K(109248K), 0.0161060 secs] 107183K->20398K(502464K), 0.0162490 secs] [Times: user=0.02 sys=0.00, real=0.01 secs] 
Heap after GC invocations=219 (full 0):
 par new generation   total 109248K, used 4701K [0x00000007dae00000, 0x00000007e2e00000, 0x00000007e2e00000)
  eden space 87424K,   0% used [0x00000007dae00000, 0x00000007dae00000, 0x00000007e0360000)
  from space 21824K,  21% used [0x00000007e18b0000, 0x00000007e1d47450, 0x00000007e2e00000)
  to   space 21824K,   0% used [0x00000007e0360000, 0x00000007e0360000, 0x00000007e18b0000)
 concurrent mark-sweep generation total 393216K, used 15697K [0x00000007e2e00000, 0x00000007fae00000, 0x00000007fae00000)
 concurrent-mark-sweep perm gen total 31232K, used 31160K [0x00000007fae00000, 0x00000007fcc80000, 0x0000000800000000)
}
2016-05-08T22:21:35.526+0500: 13020.232: Total time for which application threads were stopped: 0.0179240 seconds
2016-05-08T22:21:36.203+0500: 13020.909: Total time for which application threads were stopped: 0.0009590 seconds
2016-05-08T22:21:36.384+0500: 13021.090: Total time for which application threads were stopped: 0.0005140 seconds
2016-05-08T22:21:36.386+0500: 13021.092: Total time for which application threads were stopped: 0.0001150 seconds
2016-05-08T22:21:36.475+0500: 13021.181: Total time for which application threads were stopped: 0.0001480 seconds
2016-05-08T22:21:36.475+0500: 13021.181: Total time for which application threads were stopped: 0.0000790 seconds
{Heap before GC invocations=219 (full 0):
 par new generation   total 109248K, used 92125K [0x00000007dae00000, 0x00000007e2e00000, 0x00000007e2e00000)
  eden space 87424K, 100% used [0x00000007dae00000, 0x00000007e0360000, 0x00000007e0360000)
  from space 21824K,  21% used [0x00000007e18b0000, 0x00000007e1d47450, 0x00000007e2e00000)
  to   space 21824K,   0% used [0x00000007e0360000, 0x00000007e0360000, 0x00000007e18b0000)
 concurrent mark-sweep generation total 393216K, used 15697K [0x00000007e2e00000, 0x00000007fae00000, 0x00000007fae00000)
 concurrent-mark-sweep perm gen total 31232K, used 31160K [0x00000007fae00000, 0x00000007fcc80000, 0x0000000800000000)
2016-05-08T22:21:36.853+0500: 13021.559: [GC2016-05-08T22:21:36.873+0500: 13021.579: [ParNew
Desired survivor size 20112992 bytes, new threshold 8 (max 8)
- age   1:    2917056 bytes,    2917056 total
- age   2:      42720 bytes,    2959776 total
- age   3:       5928 bytes,    2965704 total
- age   4:       3120 bytes,    2968824 total
- age   5:       3464 bytes,    2972288 total
- age   6:       3144 bytes,    2975432 total
- age   7:       2952 bytes,    2978384 total
- age   8:       3240 bytes,    2981624 total
: 92125K->5189K(109248K), 0.0205490 secs] 107822K->20889K(502464K), 0.0408460 secs] [Times: user=0.02 sys=0.00, real=0.04 secs] 
Heap after GC invocations=220 (full 0):
 par new generation   total 109248K, used 5189K [0x00000007dae00000, 0x00000007e2e00000, 0x00000007e2e00000)
  eden space 87424K,   0% used [0x00000007dae00000, 0x00000007dae00000, 0x00000007e0360000)
  from space 21824K,  23% used [0x00000007e0360000, 0x00000007e0871450, 0x00000007e18b0000)
  to   space 21824K,   0% used [0x00000007e18b0000, 0x00000007e18b0000, 0x00000007e2e00000)
 concurrent mark-sweep generation total 393216K, used 15700K [0x00000007e2e00000, 0x00000007fae00000, 0x00000007fae00000)
 concurrent-mark-sweep perm gen total 31232K, used 31160K [0x00000007fae00000, 0x00000007fcc80000, 0x0000000800000000)
}
2016-05-08T22:21:36.894+0500: 13021.600: Total time for which application threads were stopped: 0.0417040 seconds
2016-05-08T22:21:37.917+0500: 13022.624: Total time for which application threads were stopped: 0.0214680 seconds
{Heap before GC invocations=220 (full 0):
 par new generation   total 109248K, used 92613K [0x00000007dae00000, 0x00000007e2e00000, 0x00000007e2e00000)
  eden space 87424K, 100% used [0x00000007dae00000, 0x00000007e0360000, 0x00000007e0360000)
  from space 21824K,  23% used [0x00000007e0360000, 0x00000007e0871450, 0x00000007e18b0000)
  to   space 21824K,   0% used [0x00000007e18b0000, 0x00000007e18b0000, 0x00000007e2e00000)
 concurrent mark-sweep generation total 393216K, used 15700K [0x00000007e2e00000, 0x00000007fae00000, 0x00000007fae00000)
 concurrent-mark-sweep perm gen total 31232K, used 31161K [0x00000007fae00000, 0x00000007fcc80000, 0x0000000800000000)
2016-05-08T22:21:38.035+0500: 13022.742: [GC2016-05-08T22:21:38.035+0500: 13022.742: [ParNew
Desired survivor size 20112992 bytes, new threshold 8 (max 8)
- age   1:    4419056 bytes,    4419056 total
- age   2:     120224 bytes,    4539280 total
- age   3:       3960 bytes,    4543240 total
- age   4:       5928 bytes,    4549168 total
- age   5:       3120 bytes,    4552288 total
- age   6:       2856 bytes,    4555144 total
- age   7:       3120 bytes,    4558264 total
- age   8:       2952 bytes,    4561216 total
: 92613K->5351K(109248K), 0.0176870 secs] 108313K->21054K(502464K), 0.0178160 secs] [Times: user=0.02 sys=0.00, real=0.02 secs] 
Heap after GC invocations=221 (full 0):
 par new generation   total 109248K, used 5351K [0x00000007dae00000, 0x00000007e2e00000, 0x00000007e2e00000)
  eden space 87424K,   0% used [0x00000007dae00000, 0x00000007dae00000, 0x00000007e0360000)
  from space 21824K,  24% used [0x00000007e18b0000, 0x00000007e1de9c68, 0x00000007e2e00000)
  to   space 21824K,   0% used [0x00000007e0360000, 0x00000007e0360000, 0x00000007e18b0000)
 concurrent mark-sweep generation total 393216K, used 15703K [0x00000007e2e00000, 0x00000007fae00000, 0x00000007fae00000)
 concurrent-mark-sweep perm gen total 31232K, used 31161K [0x00000007fae00000, 0x00000007fcc80000, 0x0000000800000000)
}
2016-05-08T22:21:38.053+0500: 13022.760: Total time for which application threads were stopped: 0.0258730 seconds
2016-05-08T22:21:38.665+0500: 13023.372: Total time for which application threads were stopped: 0.0009580 seconds
2016-05-08T22:21:38.666+0500: 13023.372: Total time for which application threads were stopped: 0.0000920 seconds
2016-05-08T22:21:38.750+0500: 13023.456: Total time for which application threads were stopped: 0.0001120 seconds
2016-05-08T22:21:38.750+0500: 13023.456: Total time for which application threads were stopped: 0.0000330 seconds
2016-05-08T22:21:38.995+0500: 13023.701: Total time for which application threads were stopped: 0.0001620 seconds
2016-05-08T22:21:38.995+0500: 13023.701: Total time for which application threads were stopped: 0.0000800 seconds
2016-05-08T22:21:38.995+0500: 13023.701: Total time for which application threads were stopped: 0.0000730 seconds
2016-05-08T22:21:38.995+0500: 13023.702: Total time for which application threads were stopped: 0.0000920 seconds
2016-05-08T22:21:38.996+0500: 13023.702: Total time for which application threads were stopped: 0.0006650 seconds
2016-05-08T22:21:39.008+0500: 13023.714: Total time for which application threads were stopped: 0.0001720 seconds
2016-05-08T22:21:39.085+0500: 13023.791: Total time for which application threads were stopped: 0.0001170 seconds
2016-05-08T22:21:39.113+0500: 13023.820: Total time for which application threads were stopped: 0.0001130 seconds
2016-05-08T22:21:39.116+0500: 13023.822: Total time for which application threads were stopped: 0.0001340 seconds
{Heap before GC invocations=221 (full 0):
 par new generation   total 109248K, used 92775K [0x00000007dae00000, 0x00000007e2e00000, 0x00000007e2e00000)
  eden space 87424K, 100% used [0x00000007dae00000, 0x00000007e0360000, 0x00000007e0360000)
  from space 21824K,  24% used [0x00000007e18b0000, 0x00000007e1de9c68, 0x00000007e2e00000)
  to   space 21824K,   0% used [0x00000007e0360000, 0x00000007e0360000, 0x00000007e18b0000)
 concurrent mark-sweep generation total 393216K, used 15703K [0x00000007e2e00000, 0x00000007fae00000, 0x00000007fae00000)
 concurrent-mark-sweep perm gen total 31232K, used 31163K [0x00000007fae00000, 0x00000007fcc80000, 0x0000000800000000)
2016-05-08T22:21:39.349+0500: 13024.055: [GC2016-05-08T22:21:39.359+0500: 13024.065: [ParNew
Desired survivor size 20112992 bytes, new threshold 8 (max 8)
- age   1:    3369960 bytes,    3369960 total
- age   2:    1311064 bytes,    4681024 total
- age   3:      96080 bytes,    4777104 total
- age   4:       3960 bytes,    4781064 total
- age   5:       5304 bytes,    4786368 total
- age   6:       3120 bytes,    4789488 total
- age   7:       2856 bytes,    4792344 total
- age   8:       3120 bytes,    4795464 total
: 92775K->6551K(109248K), 0.1402680 secs] 108478K->22258K(502464K), 0.1502390 secs] [Times: user=0.06 sys=0.01, real=0.15 secs] 
Heap after GC invocations=222 (full 0):
 par new generation   total 109248K, used 6551K [0x00000007dae00000, 0x00000007e2e00000, 0x00000007e2e00000)
  eden space 87424K,   0% used [0x00000007dae00000, 0x00000007dae00000, 0x00000007e0360000)
  from space 21824K,  30% used [0x00000007e0360000, 0x00000007e09c5fc0, 0x00000007e18b0000)
  to   space 21824K,   0% used [0x00000007e18b0000, 0x00000007e18b0000, 0x00000007e2e00000)
 concurrent mark-sweep generation total 393216K, used 15706K [0x00000007e2e00000, 0x00000007fae00000, 0x00000007fae00000)
 concurrent-mark-sweep perm gen total 31232K, used 31163K [0x00000007fae00000, 0x00000007fcc80000, 0x0000000800000000)
}
2016-05-08T22:21:39.499+0500: 13024.206: Total time for which application threads were stopped: 0.1508680 seconds
{Heap before GC invocations=222 (full 0):
 par new generation   total 109248K, used 93975K [0x00000007dae00000, 0x00000007e2e00000, 0x00000007e2e00000)
  eden space 87424K, 100% used [0x00000007dae00000, 0x00000007e0360000, 0x00000007e0360000)
  from space 21824K,  30% used [0x00000007e0360000, 0x00000007e09c5fc0, 0x00000007e18b0000)
  to   space 21824K,   0% used [0x00000007e18b0000, 0x00000007e18b0000, 0x00000007e2e00000)
 concurrent mark-sweep generation total 393216K, used 15706K [0x00000007e2e00000, 0x00000007fae00000, 0x00000007fae00000)
 concurrent-mark-sweep perm gen total 31232K, used 31163K [0x00000007fae00000, 0x00000007fcc80000, 0x0000000800000000)
2016-05-08T22:21:40.085+0500: 13024.791: [GC2016-05-08T22:21:40.085+0500: 13024.791: [ParNew
Desired survivor size 20112992 bytes, new threshold 8 (max 8)
- age   1:    2696984 bytes,    2696984 total
- age   2:      46688 bytes,    2743672 total
- age   3:      22848 bytes,    2766520 total
- age   4:      96080 bytes,    2862600 total
- age   5:       3544 bytes,    2866144 total
- age   6:       3024 bytes,    2869168 total
- age   7:       2920 bytes,    2872088 total
- age   8:       2856 bytes,    2874944 total
: 93975K->5150K(109248K), 0.0243980 secs] 109682K->20859K(502464K), 0.0245130 secs] [Times: user=0.01 sys=0.00, real=0.02 secs] 
Heap after GC invocations=223 (full 0):
 par new generation   total 109248K, used 5150K [0x00000007dae00000, 0x00000007e2e00000, 0x00000007e2e00000)
  eden space 87424K,   0% used [0x00000007dae00000, 0x00000007dae00000, 0x00000007e0360000)
  from space 21824K,  23% used [0x00000007e18b0000, 0x00000007e1db7940, 0x00000007e2e00000)
  to   space 21824K,   0% used [0x00000007e0360000, 0x00000007e0360000, 0x00000007e18b0000)
 concurrent mark-sweep generation total 393216K, used 15709K [0x00000007e2e00000, 0x00000007fae00000, 0x00000007fae00000)
 concurrent-mark-sweep perm gen total 31232K, used 31163K [0x00000007fae00000, 0x00000007fcc80000, 0x0000000800000000)
}
2016-05-08T22:21:40.109+0500: 13024.816: Total time for which application threads were stopped: 0.0254810 seconds
{Heap before GC invocations=223 (full 0):
 par new generation   total 109248K, used 92553K [0x00000007dae00000, 0x00000007e2e00000, 0x00000007e2e00000)
  eden space 87424K,  99% used [0x00000007dae00000, 0x00000007e035ae70, 0x00000007e0360000)
  from space 21824K,  23% used [0x00000007e18b0000, 0x00000007e1db7940, 0x00000007e2e00000)
  to   space 21824K,   0% used [0x00000007e0360000, 0x00000007e0360000, 0x00000007e18b0000)
 concurrent mark-sweep generation total 393216K, used 15709K [0x00000007e2e00000, 0x00000007fae00000, 0x00000007fae00000)
 concurrent-mark-sweep perm gen total 31232K, used 31163K [0x00000007fae00000, 0x00000007fcc80000, 0x0000000800000000)
2016-05-08T22:21:40.585+0500: 13025.291: [GC2016-05-08T22:21:40.585+0500: 13025.291: [ParNew
Desired survivor size 20112992 bytes, new threshold 8 (max 8)
- age   1:    3033896 bytes,    3033896 total
- age   2:      18360 bytes,    3052256 total
- age   3:      11568 bytes,    3063824 total
- age   4:      20928 bytes,    3084752 total
- age   5:      95480 bytes,    3180232 total
- age   6:       2936 bytes,    3183168 total
- age   7:       3024 bytes,    3186192 total
- age   8:       2920 bytes,    3189112 total
: 92553K->4086K(109248K), 0.0147300 secs] 108263K->19799K(502464K), 0.0148560 secs] [Times: user=0.01 sys=0.00, real=0.01 secs] 
Heap after GC invocations=224 (full 0):
 par new generation   total 109248K, used 4086K [0x00000007dae00000, 0x00000007e2e00000, 0x00000007e2e00000)
  eden space 87424K,   0% used [0x00000007dae00000, 0x00000007dae00000, 0x00000007e0360000)
  from space 21824K,  18% used [0x00000007e0360000, 0x00000007e075db30, 0x00000007e18b0000)
  to   space 21824K,   0% used [0x00000007e18b0000, 0x00000007e18b0000, 0x00000007e2e00000)
 concurrent mark-sweep generation total 393216K, used 15712K [0x00000007e2e00000, 0x00000007fae00000, 0x00000007fae00000)
 concurrent-mark-sweep perm gen total 31232K, used 31163K [0x00000007fae00000, 0x00000007fcc80000, 0x0000000800000000)
}
2016-05-08T22:21:40.599+0500: 13025.306: Total time for which application threads were stopped: 0.0151190 seconds
{Heap before GC invocations=224 (full 0):
 par new generation   total 109248K, used 91510K [0x00000007dae00000, 0x00000007e2e00000, 0x00000007e2e00000)
  eden space 87424K, 100% used [0x00000007dae00000, 0x00000007e0360000, 0x00000007e0360000)
  from space 21824K,  18% used [0x00000007e0360000, 0x00000007e075db30, 0x00000007e18b0000)
  to   space 21824K,   0% used [0x00000007e18b0000, 0x00000007e18b0000, 0x00000007e2e00000)
 concurrent mark-sweep generation total 393216K, used 15712K [0x00000007e2e00000, 0x00000007fae00000, 0x00000007fae00000)
 concurrent-mark-sweep perm gen total 31232K, used 31163K [0x00000007fae00000, 0x00000007fcc80000, 0x0000000800000000)
2016-05-08T22:21:41.063+0500: 13025.769: [GC2016-05-08T22:21:41.063+0500: 13025.769: [ParNew
Desired survivor size 20112992 bytes, new threshold 8 (max 8)
- age   1:    3069304 bytes,    3069304 total
- age   2:      20264 bytes,    3089568 total
- age   3:       5040 bytes,    3094608 total
- age   4:      11432 bytes,    3106040 total
- age   5:      20928 bytes,    3126968 total
- age   6:      95456 bytes,    3222424 total
- age   7:       2936 bytes,    3225360 total
- age   8:       3024 bytes,    3228384 total
: 91510K->4053K(109248K), 0.0125560 secs] 107223K->19768K(502464K), 0.0126690 secs] [Times: user=0.02 sys=0.00, real=0.01 secs] 
Heap after GC invocations=225 (full 0):
 par new generation   total 109248K, used 4053K [0x00000007dae00000, 0x00000007e2e00000, 0x00000007e2e00000)
  eden space 87424K,   0% used [0x00000007dae00000, 0x00000007dae00000, 0x00000007e0360000)
  from space 21824K,  18% used [0x00000007e18b0000, 0x00000007e1ca54e0, 0x00000007e2e00000)
  to   space 21824K,   0% used [0x00000007e0360000, 0x00000007e0360000, 0x00000007e18b0000)
 concurrent mark-sweep generation total 393216K, used 15715K [0x00000007e2e00000, 0x00000007fae00000, 0x00000007fae00000)
 concurrent-mark-sweep perm gen total 31232K, used 31163K [0x00000007fae00000, 0x00000007fcc80000, 0x0000000800000000)
}
2016-05-08T22:21:41.076+0500: 13025.782: Total time for which application threads were stopped: 0.0136500 seconds
{Heap before GC invocations=225 (full 0):
 par new generation   total 109248K, used 91477K [0x00000007dae00000, 0x00000007e2e00000, 0x00000007e2e00000)
  eden space 87424K, 100% used [0x00000007dae00000, 0x00000007e0360000, 0x00000007e0360000)
  from space 21824K,  18% used [0x00000007e18b0000, 0x00000007e1ca54e0, 0x00000007e2e00000)
  to   space 21824K,   0% used [0x00000007e0360000, 0x00000007e0360000, 0x00000007e18b0000)
 concurrent mark-sweep generation total 393216K, used 15715K [0x00000007e2e00000, 0x00000007fae00000, 0x00000007fae00000)
 concurrent-mark-sweep perm gen total 31232K, used 31163K [0x00000007fae00000, 0x00000007fcc80000, 0x0000000800000000)
2016-05-08T22:21:41.491+0500: 13026.198: [GC2016-05-08T22:21:41.514+0500: 13026.221: [ParNew
Desired survivor size 20112992 bytes, new threshold 8 (max 8)
- age   1:    3003104 bytes,    3003104 total
- age   2:    1900576 bytes,    4903680 total
- age   3:       2520 bytes,    4906200 total
- age   4:       5040 bytes,    4911240 total
- age   5:      11432 bytes,    4922672 total
- age   6:      20928 bytes,    4943600 total
- age   7:      95456 bytes,    5039056 total
- age   8:       2936 bytes,    5041992 total
: 91477K->5621K(109248K), 0.0409400 secs] 107192K->21339K(502464K), 0.0641180 secs] [Times: user=0.02 sys=0.00, real=0.06 secs] 
Heap after GC invocations=226 (full 0):
 par new generation   total 109248K, used 5621K [0x00000007dae00000, 0x00000007e2e00000, 0x00000007e2e00000)
  eden space 87424K,   0% used [0x00000007dae00000, 0x00000007dae00000, 0x00000007e0360000)
  from space 21824K,  25% used [0x00000007e0360000, 0x00000007e08dd5a0, 0x00000007e18b0000)
  to   space 21824K,   0% used [0x00000007e18b0000, 0x00000007e18b0000, 0x00000007e2e00000)
 concurrent mark-sweep generation total 393216K, used 15718K [0x00000007e2e00000, 0x00000007fae00000, 0x00000007fae00000)
 concurrent-mark-sweep perm gen total 31232K, used 31163K [0x00000007fae00000, 0x00000007fcc80000, 0x0000000800000000)
}
2016-05-08T22:21:41.556+0500: 13026.262: Total time for which application threads were stopped: 0.0646560 seconds
2016-05-08T22:21:41.623+0500: 13026.330: Total time for which application threads were stopped: 0.0113280 seconds
2016-05-08T22:21:41.624+0500: 13026.330: Total time for which application threads were stopped: 0.0001090 seconds
2016-05-08T22:21:41.624+0500: 13026.330: Total time for which application threads were stopped: 0.0001390 seconds
2016-05-08T22:21:41.624+0500: 13026.330: Total time for which application threads were stopped: 0.0000630 seconds
2016-05-08T22:21:41.624+0500: 13026.331: Total time for which application threads were stopped: 0.0001250 seconds
2016-05-08T22:21:41.624+0500: 13026.331: Total time for which application threads were stopped: 0.0001750 seconds
2016-05-08T22:21:41.625+0500: 13026.331: Total time for which application threads were stopped: 0.0003180 seconds
{Heap before GC invocations=226 (full 0):
 par new generation   total 109248K, used 93045K [0x00000007dae00000, 0x00000007e2e00000, 0x00000007e2e00000)
  eden space 87424K, 100% used [0x00000007dae00000, 0x00000007e0360000, 0x00000007e0360000)
  from space 21824K,  25% used [0x00000007e0360000, 0x00000007e08dd5a0, 0x00000007e18b0000)
  to   space 21824K,   0% used [0x00000007e18b0000, 0x00000007e18b0000, 0x00000007e2e00000)
 concurrent mark-sweep generation total 393216K, used 15718K [0x00000007e2e00000, 0x00000007fae00000, 0x00000007fae00000)
 concurrent-mark-sweep perm gen total 31232K, used 31163K [0x00000007fae00000, 0x00000007fcc80000, 0x0000000800000000)
2016-05-08T22:21:41.971+0500: 13026.678: [GC2016-05-08T22:21:41.971+0500: 13026.678: [ParNew
Desired survivor size 20112992 bytes, new threshold 8 (max 8)
- age   1:    4347056 bytes,    4347056 total
- age   2:      31944 bytes,    4379000 total
- age   3:       3128 bytes,    4382128 total
- age   4:       2520 bytes,    4384648 total
- age   5:       5040 bytes,    4389688 total
- age   6:      11432 bytes,    4401120 total
- age   7:      20928 bytes,    4422048 total
- age   8:      95432 bytes,    4517480 total
: 93045K->6895K(109248K), 0.0145810 secs] 108763K->22616K(502464K), 0.0147110 secs] [Times: user=0.02 sys=0.00, real=0.01 secs] 
Heap after GC invocations=227 (full 0):
 par new generation   total 109248K, used 6895K [0x00000007dae00000, 0x00000007e2e00000, 0x00000007e2e00000)
  eden space 87424K,   0% used [0x00000007dae00000, 0x00000007dae00000, 0x00000007e0360000)
  from space 21824K,  31% used [0x00000007e18b0000, 0x00000007e1f6bd88, 0x00000007e2e00000)
  to   space 21824K,   0% used [0x00000007e0360000, 0x00000007e0360000, 0x00000007e18b0000)
 concurrent mark-sweep generation total 393216K, used 15720K [0x00000007e2e00000, 0x00000007fae00000, 0x00000007fae00000)
 concurrent-mark-sweep perm gen total 31232K, used 31163K [0x00000007fae00000, 0x00000007fcc80000, 0x0000000800000000)
}
2016-05-08T22:21:41.986+0500: 13026.692: Total time for which application threads were stopped: 0.0150400 seconds
{Heap before GC invocations=227 (full 0):
 par new generation   total 109248K, used 94296K [0x00000007dae00000, 0x00000007e2e00000, 0x00000007e2e00000)
  eden space 87424K,  99% used [0x00000007dae00000, 0x00000007e035a628, 0x00000007e0360000)
  from space 21824K,  31% used [0x00000007e18b0000, 0x00000007e1f6bd88, 0x00000007e2e00000)
  to   space 21824K,   0% used [0x00000007e0360000, 0x00000007e0360000, 0x00000007e18b0000)
 concurrent mark-sweep generation total 393216K, used 15720K [0x00000007e2e00000, 0x00000007fae00000, 0x00000007fae00000)
 concurrent-mark-sweep perm gen total 31232K, used 31163K [0x00000007fae00000, 0x00000007fcc80000, 0x0000000800000000)
2016-05-08T22:21:42.394+0500: 13027.101: [GC2016-05-08T22:21:42.394+0500: 13027.101: [ParNew
Desired survivor size 20112992 bytes, new threshold 8 (max 8)
- age   1:    3313800 bytes,    3313800 total
- age   2:    1260088 bytes,    4573888 total
- age   3:       5328 bytes,    4579216 total
- age   4:       3128 bytes,    4582344 total
- age   5:       2496 bytes,    4584840 total
- age   6:       5040 bytes,    4589880 total
- age   7:      11432 bytes,    4601312 total
- age   8:      20928 bytes,    4622240 total
: 94296K->5866K(109248K), 0.0380350 secs] 110017K->21681K(502464K), 0.0384590 secs] [Times: user=0.01 sys=0.00, real=0.04 secs] 
Heap after GC invocations=228 (full 0):
 par new generation   total 109248K, used 5866K [0x00000007dae00000, 0x00000007e2e00000, 0x00000007e2e00000)
  eden space 87424K,   0% used [0x00000007dae00000, 0x00000007dae00000, 0x00000007e0360000)
  from space 21824K,  26% used [0x00000007e0360000, 0x00000007e091a900, 0x00000007e18b0000)
  to   space 21824K,   0% used [0x00000007e18b0000, 0x00000007e18b0000, 0x00000007e2e00000)
 concurrent mark-sweep generation total 393216K, used 15815K [0x00000007e2e00000, 0x00000007fae00000, 0x00000007fae00000)
 concurrent-mark-sweep perm gen total 31232K, used 31163K [0x00000007fae00000, 0x00000007fcc80000, 0x0000000800000000)
}
2016-05-08T22:21:42.433+0500: 13027.139: Total time for which application threads were stopped: 0.0394760 seconds
{Heap before GC invocations=228 (full 0):
 par new generation   total 109248K, used 93290K [0x00000007dae00000, 0x00000007e2e00000, 0x00000007e2e00000)
  eden space 87424K, 100% used [0x00000007dae00000, 0x00000007e0360000, 0x00000007e0360000)
  from space 21824K,  26% used [0x00000007e0360000, 0x00000007e091a900, 0x00000007e18b0000)
  to   space 21824K,   0% used [0x00000007e18b0000, 0x00000007e18b0000, 0x00000007e2e00000)
 concurrent mark-sweep generation total 393216K, used 15815K [0x00000007e2e00000, 0x00000007fae00000, 0x00000007fae00000)
 concurrent-mark-sweep perm gen total 31232K, used 31163K [0x00000007fae00000, 0x00000007fcc80000, 0x0000000800000000)
2016-05-08T22:21:42.824+0500: 13027.530: [GC2016-05-08T22:21:42.824+0500: 13027.530: [ParNew
Desired survivor size 20112992 bytes, new threshold 8 (max 8)
- age   1:    3325056 bytes,    3325056 total
- age   2:    1599640 bytes,    4924696 total
- age   3:       4240 bytes,    4928936 total
- age   4:       4040 bytes,    4932976 total
- age   5:       3128 bytes,    4936104 total
- age   6:       2496 bytes,    4938600 total
- age   7:       2760 bytes,    4941360 total
- age   8:      11432 bytes,    4952792 total
: 93290K->6085K(109248K), 0.0229180 secs] 109105K->21921K(502464K), 0.0230550 secs] [Times: user=0.02 sys=0.00, real=0.02 secs] 
Heap after GC invocations=229 (full 0):
 par new generation   total 109248K, used 6085K [0x00000007dae00000, 0x00000007e2e00000, 0x00000007e2e00000)
  eden space 87424K,   0% used [0x00000007dae00000, 0x00000007dae00000, 0x00000007e0360000)
  from space 21824K,  27% used [0x00000007e18b0000, 0x00000007e1ea1640, 0x00000007e2e00000)
  to   space 21824K,   0% used [0x00000007e0360000, 0x00000007e0360000, 0x00000007e18b0000)
 concurrent mark-sweep generation total 393216K, used 15836K [0x00000007e2e00000, 0x00000007fae00000, 0x00000007fae00000)
 concurrent-mark-sweep perm gen total 31232K, used 31163K [0x00000007fae00000, 0x00000007fcc80000, 0x0000000800000000)
}
2016-05-08T22:21:42.847+0500: 13027.553: Total time for which application threads were stopped: 0.0233100 seconds
2016-05-08T22:21:42.886+0500: 13027.592: Total time for which application threads were stopped: 0.0001360 seconds
2016-05-08T22:21:42.887+0500: 13027.593: Total time for which application threads were stopped: 0.0006450 seconds
2016-05-08T22:21:42.887+0500: 13027.593: Total time for which application threads were stopped: 0.0000380 seconds
2016-05-08T22:21:42.887+0500: 13027.593: Total time for which application threads were stopped: 0.0000350 seconds
{Heap before GC invocations=229 (full 0):
 par new generation   total 109248K, used 93509K [0x00000007dae00000, 0x00000007e2e00000, 0x00000007e2e00000)
  eden space 87424K, 100% used [0x00000007dae00000, 0x00000007e0360000, 0x00000007e0360000)
  from space 21824K,  27% used [0x00000007e18b0000, 0x00000007e1ea1640, 0x00000007e2e00000)
  to   space 21824K,   0% used [0x00000007e0360000, 0x00000007e0360000, 0x00000007e18b0000)
 concurrent mark-sweep generation total 393216K, used 15836K [0x00000007e2e00000, 0x00000007fae00000, 0x00000007fae00000)
 concurrent-mark-sweep perm gen total 31232K, used 31163K [0x00000007fae00000, 0x00000007fcc80000, 0x0000000800000000)
2016-05-08T22:21:43.340+0500: 13028.046: [GC2016-05-08T22:21:43.340+0500: 13028.046: [ParNew
Desired survivor size 20112992 bytes, new threshold 8 (max 8)
- age   1:    3543304 bytes,    3543304 total
- age   2:       5840 bytes,    3549144 total
- age   3:       5112 bytes,    3554256 total
- age   4:       2952 bytes,    3557208 total
- age   5:       4040 bytes,    3561248 total
- age   6:       3128 bytes,    3564376 total
- age   7:       2496 bytes,    3566872 total
- age   8:       2760 bytes,    3569632 total
: 93509K->6109K(109248K), 0.0322680 secs] 109345K->21957K(502464K), 0.0323770 secs] [Times: user=0.01 sys=0.00, real=0.03 secs] 
Heap after GC invocations=230 (full 0):
 par new generation   total 109248K, used 6109K [0x00000007dae00000, 0x00000007e2e00000, 0x00000007e2e00000)
  eden space 87424K,   0% used [0x00000007dae00000, 0x00000007dae00000, 0x00000007e0360000)
  from space 21824K,  27% used [0x00000007e0360000, 0x00000007e09576c0, 0x00000007e18b0000)
  to   space 21824K,   0% used [0x00000007e18b0000, 0x00000007e18b0000, 0x00000007e2e00000)
 concurrent mark-sweep generation total 393216K, used 15847K [0x00000007e2e00000, 0x00000007fae00000, 0x00000007fae00000)
 concurrent-mark-sweep perm gen total 31232K, used 31163K [0x00000007fae00000, 0x00000007fcc80000, 0x0000000800000000)
}
2016-05-08T22:21:43.372+0500: 13028.078: Total time for which application threads were stopped: 0.0331400 seconds
{Heap before GC invocations=230 (full 0):
 par new generation   total 109248K, used 93533K [0x00000007dae00000, 0x00000007e2e00000, 0x00000007e2e00000)
  eden space 87424K, 100% used [0x00000007dae00000, 0x00000007e0360000, 0x00000007e0360000)
  from space 21824K,  27% used [0x00000007e0360000, 0x00000007e09576c0, 0x00000007e18b0000)
  to   space 21824K,   0% used [0x00000007e18b0000, 0x00000007e18b0000, 0x00000007e2e00000)
 concurrent mark-sweep generation total 393216K, used 15847K [0x00000007e2e00000, 0x00000007fae00000, 0x00000007fae00000)
 concurrent-mark-sweep perm gen total 31232K, used 31163K [0x00000007fae00000, 0x00000007fcc80000, 0x0000000800000000)
2016-05-08T22:21:43.859+0500: 13028.566: [GC2016-05-08T22:21:43.860+0500: 13028.566: [ParNew
Desired survivor size 20112992 bytes, new threshold 8 (max 8)
- age   1:    3196320 bytes,    3196320 total
- age   2:     608248 bytes,    3804568 total
- age   3:       4632 bytes,    3809200 total
- age   4:       5112 bytes,    3814312 total
- age   5:       2952 bytes,    3817264 total
- age   6:       4040 bytes,    3821304 total
- age   7:       3128 bytes,    3824432 total
- age   8:       2496 bytes,    3826928 total
: 93533K->4788K(109248K), 0.0126370 secs] 109381K->20638K(502464K), 0.0127860 secs] [Times: user=0.01 sys=0.00, real=0.02 secs] 
Heap after GC invocations=231 (full 0):
 par new generation   total 109248K, used 4788K [0x00000007dae00000, 0x00000007e2e00000, 0x00000007e2e00000)
  eden space 87424K,   0% used [0x00000007dae00000, 0x00000007dae00000, 0x00000007e0360000)
  from space 21824K,  21% used [0x00000007e18b0000, 0x00000007e1d5d1e0, 0x00000007e2e00000)
  to   space 21824K,   0% used [0x00000007e0360000, 0x00000007e0360000, 0x00000007e18b0000)
 concurrent mark-sweep generation total 393216K, used 15850K [0x00000007e2e00000, 0x00000007fae00000, 0x00000007fae00000)
 concurrent-mark-sweep perm gen total 31232K, used 31163K [0x00000007fae00000, 0x00000007fcc80000, 0x0000000800000000)
}
2016-05-08T22:21:43.872+0500: 13028.579: Total time for which application threads were stopped: 0.0136800 seconds
{Heap before GC invocations=231 (full 0):
 par new generation   total 109248K, used 92212K [0x00000007dae00000, 0x00000007e2e00000, 0x00000007e2e00000)
  eden space 87424K, 100% used [0x00000007dae00000, 0x00000007e0360000, 0x00000007e0360000)
  from space 21824K,  21% used [0x00000007e18b0000, 0x00000007e1d5d1e0, 0x00000007e2e00000)
  to   space 21824K,   0% used [0x00000007e0360000, 0x00000007e0360000, 0x00000007e18b0000)
 concurrent mark-sweep generation total 393216K, used 15850K [0x00000007e2e00000, 0x00000007fae00000, 0x00000007fae00000)
 concurrent-mark-sweep perm gen total 31232K, used 31163K [0x00000007fae00000, 0x00000007fcc80000, 0x0000000800000000)
2016-05-08T22:21:44.841+0500: 13029.548: [GC2016-05-08T22:21:44.841+0500: 13029.548: [ParNew
Desired survivor size 20112992 bytes, new threshold 8 (max 8)
- age   1:    4358128 bytes,    4358128 total
- age   2:     807616 bytes,    5165744 total
- age   3:      15952 bytes,    5181696 total
- age   4:       4632 bytes,    5186328 total
- age   5:       5112 bytes,    5191440 total
- age   6:       2952 bytes,    5194392 total
- age   7:       4040 bytes,    5198432 total
- age   8:       3128 bytes,    5201560 total
: 92212K->7261K(109248K), 0.0108300 secs] 108062K->23114K(502464K), 0.0109420 secs] [Times: user=0.01 sys=0.00, real=0.01 secs] 
Heap after GC invocations=232 (full 0):
 par new generation   total 109248K, used 7261K [0x00000007dae00000, 0x00000007e2e00000, 0x00000007e2e00000)
  eden space 87424K,   0% used [0x00000007dae00000, 0x00000007dae00000, 0x00000007e0360000)
  from space 21824K,  33% used [0x00000007e0360000, 0x00000007e0a776a8, 0x00000007e18b0000)
  to   space 21824K,   0% used [0x00000007e18b0000, 0x00000007e18b0000, 0x00000007e2e00000)
 concurrent mark-sweep generation total 393216K, used 15852K [0x00000007e2e00000, 0x00000007fae00000, 0x00000007fae00000)
 concurrent-mark-sweep perm gen total 31232K, used 31163K [0x00000007fae00000, 0x00000007fcc80000, 0x0000000800000000)
}
2016-05-08T22:21:44.852+0500: 13029.559: Total time for which application threads were stopped: 0.0152460 seconds
{Heap before GC invocations=232 (full 0):
 par new generation   total 109248K, used 94669K [0x00000007dae00000, 0x00000007e2e00000, 0x00000007e2e00000)
  eden space 87424K,  99% used [0x00000007dae00000, 0x00000007e035c008, 0x00000007e0360000)
  from space 21824K,  33% used [0x00000007e0360000, 0x00000007e0a776a8, 0x00000007e18b0000)
  to   space 21824K,   0% used [0x00000007e18b0000, 0x00000007e18b0000, 0x00000007e2e00000)
 concurrent mark-sweep generation total 393216K, used 15852K [0x00000007e2e00000, 0x00000007fae00000, 0x00000007fae00000)
 concurrent-mark-sweep perm gen total 31232K, used 31163K [0x00000007fae00000, 0x00000007fcc80000, 0x0000000800000000)
2016-05-08T22:21:45.329+0500: 13030.036: [GC2016-05-08T22:21:45.329+0500: 13030.036: [ParNew
Desired survivor size 20112992 bytes, new threshold 8 (max 8)
- age   1:    3292976 bytes,    3292976 total
- age   2:    1777112 bytes,    5070088 total
- age   3:       2496 bytes,    5072584 total
- age   4:      14664 bytes,    5087248 total
- age   5:       4632 bytes,    5091880 total
- age   6:       5112 bytes,    5096992 total
- age   7:       2928 bytes,    5099920 total
- age   8:       4040 bytes,    5103960 total
: 94669K->7457K(109248K), 0.0328200 secs] 110522K->23312K(502464K), 0.0329540 secs] [Times: user=0.03 sys=0.00, real=0.04 secs] 
Heap after GC invocations=233 (full 0):
 par new generation   total 109248K, used 7457K [0x00000007dae00000, 0x00000007e2e00000, 0x00000007e2e00000)
  eden space 87424K,   0% used [0x00000007dae00000, 0x00000007dae00000, 0x00000007e0360000)
  from space 21824K,  34% used [0x00000007e18b0000, 0x00000007e1ff84e8, 0x00000007e2e00000)
  to   space 21824K,   0% used [0x00000007e0360000, 0x00000007e0360000, 0x00000007e18b0000)
 concurrent mark-sweep generation total 393216K, used 15855K [0x00000007e2e00000, 0x00000007fae00000, 0x00000007fae00000)
 concurrent-mark-sweep perm gen total 31232K, used 31163K [0x00000007fae00000, 0x00000007fcc80000, 0x0000000800000000)
}
2016-05-08T22:21:45.362+0500: 13030.069: Total time for which application threads were stopped: 0.0332140 seconds
2016-05-08T22:21:45.401+0500: 13030.107: Total time for which application threads were stopped: 0.0005580 seconds
2016-05-08T22:21:45.401+0500: 13030.108: Total time for which application threads were stopped: 0.0000400 seconds
2016-05-08T22:21:45.401+0500: 13030.108: Total time for which application threads were stopped: 0.0000370 seconds
2016-05-08T22:21:45.401+0500: 13030.108: Total time for which application threads were stopped: 0.0000340 seconds
{Heap before GC invocations=233 (full 0):
 par new generation   total 109248K, used 94870K [0x00000007dae00000, 0x00000007e2e00000, 0x00000007e2e00000)
  eden space 87424K,  99% used [0x00000007dae00000, 0x00000007e035d520, 0x00000007e0360000)
  from space 21824K,  34% used [0x00000007e18b0000, 0x00000007e1ff84e8, 0x00000007e2e00000)
  to   space 21824K,   0% used [0x00000007e0360000, 0x00000007e0360000, 0x00000007e18b0000)
 concurrent mark-sweep generation total 393216K, used 15855K [0x00000007e2e00000, 0x00000007fae00000, 0x00000007fae00000)
 concurrent-mark-sweep perm gen total 31232K, used 31163K [0x00000007fae00000, 0x00000007fcc80000, 0x0000000800000000)
2016-05-08T22:21:45.860+0500: 13030.566: [GC2016-05-08T22:21:45.860+0500: 13030.566: [ParNew
Desired survivor size 20112992 bytes, new threshold 8 (max 8)
- age   1:    3077664 bytes,    3077664 total
- age   2:      15264 bytes,    3092928 total
- age   3:       1872 bytes,    3094800 total
- age   4:       2496 bytes,    3097296 total
- age   5:      14664 bytes,    3111960 total
- age   6:       2352 bytes,    3114312 total
- age   7:       5112 bytes,    3119424 total
- age   8:       2928 bytes,    3122352 total
: 94870K->4712K(109248K), 0.0101000 secs] 110726K->20572K(502464K), 0.0102000 secs] [Times: user=0.02 sys=0.00, real=0.01 secs] 
Heap after GC invocations=234 (full 0):
 par new generation   total 109248K, used 4712K [0x00000007dae00000, 0x00000007e2e00000, 0x00000007e2e00000)
  eden space 87424K,   0% used [0x00000007dae00000, 0x00000007dae00000, 0x00000007e0360000)
  from space 21824K,  21% used [0x00000007e0360000, 0x00000007e07fa2d8, 0x00000007e18b0000)
  to   space 21824K,   0% used [0x00000007e18b0000, 0x00000007e18b0000, 0x00000007e2e00000)
 concurrent mark-sweep generation total 393216K, used 15859K [0x00000007e2e00000, 0x00000007fae00000, 0x00000007fae00000)
 concurrent-mark-sweep perm gen total 31232K, used 31163K [0x00000007fae00000, 0x00000007fcc80000, 0x0000000800000000)
}
2016-05-08T22:21:45.870+0500: 13030.576: Total time for which application threads were stopped: 0.0104530 seconds
{Heap before GC invocations=234 (full 0):
 par new generation   total 109248K, used 92136K [0x00000007dae00000, 0x00000007e2e00000, 0x00000007e2e00000)
  eden space 87424K, 100% used [0x00000007dae00000, 0x00000007e0360000, 0x00000007e0360000)
  from space 21824K,  21% used [0x00000007e0360000, 0x00000007e07fa2d8, 0x00000007e18b0000)
  to   space 21824K,   0% used [0x00000007e18b0000, 0x00000007e18b0000, 0x00000007e2e00000)
 concurrent mark-sweep generation total 393216K, used 15859K [0x00000007e2e00000, 0x00000007fae00000, 0x00000007fae00000)
 concurrent-mark-sweep perm gen total 31232K, used 31163K [0x00000007fae00000, 0x00000007fcc80000, 0x0000000800000000)
2016-05-08T22:21:46.254+0500: 13030.960: [GC2016-05-08T22:21:46.254+0500: 13030.960: [ParNew
Desired survivor size 20112992 bytes, new threshold 8 (max 8)
- age   1:    4352568 bytes,    4352568 total
- age   2:      20528 bytes,    4373096 total
- age   3:       2304 bytes,    4375400 total
- age   4:       1872 bytes,    4377272 total
- age   5:       2496 bytes,    4379768 total
- age   6:      14664 bytes,    4394432 total
- age   7:       2352 bytes,    4396784 total
- age   8:       5112 bytes,    4401896 total
: 92136K->5198K(109248K), 0.0169920 secs] 107996K->21060K(502464K), 0.0171110 secs] [Times: user=0.02 sys=0.00, real=0.02 secs] 
Heap after GC invocations=235 (full 0):
 par new generation   total 109248K, used 5198K [0x00000007dae00000, 0x00000007e2e00000, 0x00000007e2e00000)
  eden space 87424K,   0% used [0x00000007dae00000, 0x00000007dae00000, 0x00000007e0360000)
  from space 21824K,  23% used [0x00000007e18b0000, 0x00000007e1dc3840, 0x00000007e2e00000)
  to   space 21824K,   0% used [0x00000007e0360000, 0x00000007e0360000, 0x00000007e18b0000)
 concurrent mark-sweep generation total 393216K, used 15862K [0x00000007e2e00000, 0x00000007fae00000, 0x00000007fae00000)
 concurrent-mark-sweep perm gen total 31232K, used 31163K [0x00000007fae00000, 0x00000007fcc80000, 0x0000000800000000)
}
2016-05-08T22:21:46.271+0500: 13030.977: Total time for which application threads were stopped: 0.0178470 seconds
{Heap before GC invocations=235 (full 0):
 par new generation   total 109248K, used 92622K [0x00000007dae00000, 0x00000007e2e00000, 0x00000007e2e00000)
  eden space 87424K, 100% used [0x00000007dae00000, 0x00000007e0360000, 0x00000007e0360000)
  from space 21824K,  23% used [0x00000007e18b0000, 0x00000007e1dc3840, 0x00000007e2e00000)
  to   space 21824K,   0% used [0x00000007e0360000, 0x00000007e0360000, 0x00000007e18b0000)
 concurrent mark-sweep generation total 393216K, used 15862K [0x00000007e2e00000, 0x00000007fae00000, 0x00000007fae00000)
 concurrent-mark-sweep perm gen total 31232K, used 31163K [0x00000007fae00000, 0x00000007fcc80000, 0x0000000800000000)
2016-05-08T22:21:46.687+0500: 13031.393: [GC2016-05-08T22:21:46.687+0500: 13031.393: [ParNew
Desired survivor size 20112992 bytes, new threshold 8 (max 8)
- age   1:    3382040 bytes,    3382040 total
- age   2:     858176 bytes,    4240216 total
- age   3:       5160 bytes,    4245376 total
- age   4:       2304 bytes,    4247680 total
- age   5:       1872 bytes,    4249552 total
- age   6:       2472 bytes,    4252024 total
- age   7:      14664 bytes,    4266688 total
- age   8:       2352 bytes,    4269040 total
: 92622K->5932K(109248K), 0.0213200 secs] 108484K->21799K(502464K), 0.0214330 secs] [Times: user=0.01 sys=0.00, real=0.02 secs] 
Heap after GC invocations=236 (full 0):
 par new generation   total 109248K, used 5932K [0x00000007dae00000, 0x00000007e2e00000, 0x00000007e2e00000)
  eden space 87424K,   0% used [0x00000007dae00000, 0x00000007dae00000, 0x00000007e0360000)
  from space 21824K,  27% used [0x00000007e0360000, 0x00000007e092b040, 0x00000007e18b0000)
  to   space 21824K,   0% used [0x00000007e18b0000, 0x00000007e18b0000, 0x00000007e2e00000)
 concurrent mark-sweep generation total 393216K, used 15867K [0x00000007e2e00000, 0x00000007fae00000, 0x00000007fae00000)
 concurrent-mark-sweep perm gen total 31232K, used 31163K [0x00000007fae00000, 0x00000007fcc80000, 0x0000000800000000)
}
2016-05-08T22:21:46.708+0500: 13031.415: Total time for which application threads were stopped: 0.0217290 seconds
{Heap before GC invocations=236 (full 0):
 par new generation   total 109248K, used 93356K [0x00000007dae00000, 0x00000007e2e00000, 0x00000007e2e00000)
  eden space 87424K, 100% used [0x00000007dae00000, 0x00000007e0360000, 0x00000007e0360000)
  from space 21824K,  27% used [0x00000007e0360000, 0x00000007e092b040, 0x00000007e18b0000)
  to   space 21824K,   0% used [0x00000007e18b0000, 0x00000007e18b0000, 0x00000007e2e00000)
 concurrent mark-sweep generation total 393216K, used 15867K [0x00000007e2e00000, 0x00000007fae00000, 0x00000007fae00000)
 concurrent-mark-sweep perm gen total 31232K, used 31163K [0x00000007fae00000, 0x00000007fcc80000, 0x0000000800000000)
2016-05-08T22:21:47.160+0500: 13031.866: [GC2016-05-08T22:21:47.160+0500: 13031.866: [ParNew
Desired survivor size 20112992 bytes, new threshold 8 (max 8)
- age   1:    3187384 bytes,    3187384 total
- age   2:    1307608 bytes,    4494992 total
- age   3:     488096 bytes,    4983088 total
- age   4:       5160 bytes,    4988248 total
- age   5:       2304 bytes,    4990552 total
- age   6:       1872 bytes,    4992424 total
- age   7:       2472 bytes,    4994896 total
- age   8:      14664 bytes,    5009560 total
: 93356K->6539K(109248K), 0.0824620 secs] 109223K->22409K(502464K), 0.0826220 secs] [Times: user=0.01 sys=0.00, real=0.08 secs] 
Heap after GC invocations=237 (full 0):
 par new generation   total 109248K, used 6539K [0x00000007dae00000, 0x00000007e2e00000, 0x00000007e2e00000)
  eden space 87424K,   0% used [0x00000007dae00000, 0x00000007dae00000, 0x00000007e0360000)
  from space 21824K,  29% used [0x00000007e18b0000, 0x00000007e1f12ca0, 0x00000007e2e00000)
  to   space 21824K,   0% used [0x00000007e0360000, 0x00000007e0360000, 0x00000007e18b0000)
 concurrent mark-sweep generation total 393216K, used 15870K [0x00000007e2e00000, 0x00000007fae00000, 0x00000007fae00000)
 concurrent-mark-sweep perm gen total 31232K, used 31163K [0x00000007fae00000, 0x00000007fcc80000, 0x0000000800000000)
}
2016-05-08T22:21:47.243+0500: 13031.949: Total time for which application threads were stopped: 0.0841680 seconds
{Heap before GC invocations=237 (full 0):
 par new generation   total 109248K, used 93961K [0x00000007dae00000, 0x00000007e2e00000, 0x00000007e2e00000)
  eden space 87424K,  99% used [0x00000007dae00000, 0x00000007e035f948, 0x00000007e0360000)
  from space 21824K,  29% used [0x00000007e18b0000, 0x00000007e1f12ca0, 0x00000007e2e00000)
  to   space 21824K,   0% used [0x00000007e0360000, 0x00000007e0360000, 0x00000007e18b0000)
 concurrent mark-sweep generation total 393216K, used 15870K [0x00000007e2e00000, 0x00000007fae00000, 0x00000007fae00000)
 concurrent-mark-sweep perm gen total 31232K, used 31163K [0x00000007fae00000, 0x00000007fcc80000, 0x0000000800000000)
2016-05-08T22:21:47.643+0500: 13032.349: [GC2016-05-08T22:21:47.643+0500: 13032.349: [ParNew
Desired survivor size 20112992 bytes, new threshold 8 (max 8)
- age   1:    3365600 bytes,    3365600 total
- age   2:     974536 bytes,    4340136 total
- age   3:     356424 bytes,    4696560 total
- age   4:     486808 bytes,    5183368 total
- age   5:       5160 bytes,    5188528 total
- age   6:       2304 bytes,    5190832 total
- age   7:       1872 bytes,    5192704 total
- age   8:       2472 bytes,    5195176 total
: 93961K->6686K(109248K), 0.0219690 secs] 109831K->22571K(502464K), 0.0220750 secs] [Times: user=0.02 sys=0.00, real=0.02 secs] 
Heap after GC invocations=238 (full 0):
 par new generation   total 109248K, used 6686K [0x00000007dae00000, 0x00000007e2e00000, 0x00000007e2e00000)
  eden space 87424K,   0% used [0x00000007dae00000, 0x00000007dae00000, 0x00000007e0360000)
  from space 21824K,  30% used [0x00000007e0360000, 0x00000007e09e79e8, 0x00000007e18b0000)
  to   space 21824K,   0% used [0x00000007e18b0000, 0x00000007e18b0000, 0x00000007e2e00000)
 concurrent mark-sweep generation total 393216K, used 15884K [0x00000007e2e00000, 0x00000007fae00000, 0x00000007fae00000)
 concurrent-mark-sweep perm gen total 31232K, used 31163K [0x00000007fae00000, 0x00000007fcc80000, 0x0000000800000000)
}
2016-05-08T22:21:47.665+0500: 13032.371: Total time for which application threads were stopped: 0.0224030 seconds
{Heap before GC invocations=238 (full 0):
 par new generation   total 109248K, used 94110K [0x00000007dae00000, 0x00000007e2e00000, 0x00000007e2e00000)
  eden space 87424K, 100% used [0x00000007dae00000, 0x00000007e0360000, 0x00000007e0360000)
  from space 21824K,  30% used [0x00000007e0360000, 0x00000007e09e79e8, 0x00000007e18b0000)
  to   space 21824K,   0% used [0x00000007e18b0000, 0x00000007e18b0000, 0x00000007e2e00000)
 concurrent mark-sweep generation total 393216K, used 15884K [0x00000007e2e00000, 0x00000007fae00000, 0x00000007fae00000)
 concurrent-mark-sweep perm gen total 31232K, used 31163K [0x00000007fae00000, 0x00000007fcc80000, 0x0000000800000000)
2016-05-08T22:21:51.069+0500: 13035.776: [GC2016-05-08T22:21:51.131+0500: 13035.837: [ParNew
Desired survivor size 20112992 bytes, new threshold 8 (max 8)
- age   1:    4012880 bytes,    4012880 total
- age   2:     711712 bytes,    4724592 total
- age   3:       2304 bytes,    4726896 total
- age   4:     355136 bytes,    5082032 total
- age   5:     486808 bytes,    5568840 total
- age   6:       2856 bytes,    5571696 total
- age   7:       2304 bytes,    5574000 total
- age   8:       1872 bytes,    5575872 total
: 94110K->7071K(109248K), 0.0126040 secs] 109995K->22958K(502464K), 0.0741380 secs] [Times: user=0.02 sys=0.00, real=0.08 secs] 
Heap after GC invocations=239 (full 0):
 par new generation   total 109248K, used 7071K [0x00000007dae00000, 0x00000007e2e00000, 0x00000007e2e00000)
  eden space 87424K,   0% used [0x00000007dae00000, 0x00000007dae00000, 0x00000007e0360000)
  from space 21824K,  32% used [0x00000007e18b0000, 0x00000007e1f97da0, 0x00000007e2e00000)
  to   space 21824K,   0% used [0x00000007e0360000, 0x00000007e0360000, 0x00000007e18b0000)
 concurrent mark-sweep generation total 393216K, used 15887K [0x00000007e2e00000, 0x00000007fae00000, 0x00000007fae00000)
 concurrent-mark-sweep perm gen total 31232K, used 31163K [0x00000007fae00000, 0x00000007fcc80000, 0x0000000800000000)
}
2016-05-08T22:21:51.143+0500: 13035.850: Total time for which application threads were stopped: 0.0747500 seconds
{Heap before GC invocations=239 (full 0):
 par new generation   total 109248K, used 94495K [0x00000007dae00000, 0x00000007e2e00000, 0x00000007e2e00000)
  eden space 87424K, 100% used [0x00000007dae00000, 0x00000007e0360000, 0x00000007e0360000)
  from space 21824K,  32% used [0x00000007e18b0000, 0x00000007e1f97da0, 0x00000007e2e00000)
  to   space 21824K,   0% used [0x00000007e0360000, 0x00000007e0360000, 0x00000007e18b0000)
 concurrent mark-sweep generation total 393216K, used 15887K [0x00000007e2e00000, 0x00000007fae00000, 0x00000007fae00000)
 concurrent-mark-sweep perm gen total 31232K, used 31164K [0x00000007fae00000, 0x00000007fcc80000, 0x0000000800000000)
2016-05-08T22:21:52.794+0500: 13037.500: [GC2016-05-08T22:21:52.794+0500: 13037.500: [ParNew
Desired survivor size 20112992 bytes, new threshold 8 (max 8)
- age   1:    3179848 bytes,    3179848 total
- age   2:      33224 bytes,    3213072 total
- age   3:       4048 bytes,    3217120 total
- age   4:       2304 bytes,    3219424 total
- age   5:     355136 bytes,    3574560 total
- age   6:     486808 bytes,    4061368 total
- age   7:       2856 bytes,    4064224 total
- age   8:       2280 bytes,    4066504 total
: 94495K->6284K(109248K), 0.0419730 secs] 110382K->22173K(502464K), 0.0422900 secs] [Times: user=0.01 sys=0.00, real=0.04 secs] 
Heap after GC invocations=240 (full 0):
 par new generation   total 109248K, used 6284K [0x00000007dae00000, 0x00000007e2e00000, 0x00000007e2e00000)
  eden space 87424K,   0% used [0x00000007dae00000, 0x00000007dae00000, 0x00000007e0360000)
  from space 21824K,  28% used [0x00000007e0360000, 0x00000007e09832c0, 0x00000007e18b0000)
  to   space 21824K,   0% used [0x00000007e18b0000, 0x00000007e18b0000, 0x00000007e2e00000)
 concurrent mark-sweep generation total 393216K, used 15888K [0x00000007e2e00000, 0x00000007fae00000, 0x00000007fae00000)
 concurrent-mark-sweep perm gen total 31232K, used 31164K [0x00000007fae00000, 0x00000007fcc80000, 0x0000000800000000)
}
2016-05-08T22:21:52.836+0500: 13037.542: Total time for which application threads were stopped: 0.0427740 seconds
2016-05-08T22:21:53.921+0500: 13038.627: Total time for which application threads were stopped: 0.0003110 seconds
2016-05-08T22:21:53.921+0500: 13038.627: Total time for which application threads were stopped: 0.0001840 seconds
2016-05-08T22:21:53.986+0500: 13038.692: Total time for which application threads were stopped: 0.0001800 seconds
2016-05-08T22:21:53.997+0500: 13038.703: Total time for which application threads were stopped: 0.0017940 seconds
{Heap before GC invocations=240 (full 0):
 par new generation   total 109248K, used 93708K [0x00000007dae00000, 0x00000007e2e00000, 0x00000007e2e00000)
  eden space 87424K, 100% used [0x00000007dae00000, 0x00000007e0360000, 0x00000007e0360000)
  from space 21824K,  28% used [0x00000007e0360000, 0x00000007e09832c0, 0x00000007e18b0000)
  to   space 21824K,   0% used [0x00000007e18b0000, 0x00000007e18b0000, 0x00000007e2e00000)
 concurrent mark-sweep generation total 393216K, used 15888K [0x00000007e2e00000, 0x00000007fae00000, 0x00000007fae00000)
 concurrent-mark-sweep perm gen total 31232K, used 31164K [0x00000007fae00000, 0x00000007fcc80000, 0x0000000800000000)
2016-05-08T22:21:54.234+0500: 13038.941: [GC2016-05-08T22:21:54.234+0500: 13038.941: [ParNew
Desired survivor size 20112992 bytes, new threshold 8 (max 8)
- age   1:    4437688 bytes,    4437688 total
- age   2:      22776 bytes,    4460464 total
- age   3:       5824 bytes,    4466288 total
- age   4:       2760 bytes,    4469048 total
- age   5:       2304 bytes,    4471352 total
- age   6:     355136 bytes,    4826488 total
- age   7:     486808 bytes,    5313296 total
- age   8:       2856 bytes,    5316152 total
: 93708K->6741K(109248K), 0.0121400 secs] 109597K->22632K(502464K), 0.0122850 secs] [Times: user=0.01 sys=0.01, real=0.01 secs] 
Heap after GC invocations=241 (full 0):
 par new generation   total 109248K, used 6741K [0x00000007dae00000, 0x00000007e2e00000, 0x00000007e2e00000)
  eden space 87424K,   0% used [0x00000007dae00000, 0x00000007dae00000, 0x00000007e0360000)
  from space 21824K,  30% used [0x00000007e18b0000, 0x00000007e1f45440, 0x00000007e2e00000)
  to   space 21824K,   0% used [0x00000007e0360000, 0x00000007e0360000, 0x00000007e18b0000)
 concurrent mark-sweep generation total 393216K, used 15891K [0x00000007e2e00000, 0x00000007fae00000, 0x00000007fae00000)
 concurrent-mark-sweep perm gen total 31232K, used 31164K [0x00000007fae00000, 0x00000007fcc80000, 0x0000000800000000)
}
2016-05-08T22:21:54.247+0500: 13038.953: Total time for which application threads were stopped: 0.0125810 seconds
2016-05-08T22:21:54.292+0500: 13038.998: Total time for which application threads were stopped: 0.0108070 seconds
2016-05-08T22:21:54.303+0500: 13039.009: Total time for which application threads were stopped: 0.0108200 seconds
2016-05-08T22:21:54.326+0500: 13039.032: Total time for which application threads were stopped: 0.0108060 seconds
2016-05-08T22:21:54.327+0500: 13039.033: Total time for which application threads were stopped: 0.0000830 seconds
{Heap before GC invocations=241 (full 0):
 par new generation   total 109248K, used 94165K [0x00000007dae00000, 0x00000007e2e00000, 0x00000007e2e00000)
  eden space 87424K, 100% used [0x00000007dae00000, 0x00000007e0360000, 0x00000007e0360000)
  from space 21824K,  30% used [0x00000007e18b0000, 0x00000007e1f45440, 0x00000007e2e00000)
  to   space 21824K,   0% used [0x00000007e0360000, 0x00000007e0360000, 0x00000007e18b0000)
 concurrent mark-sweep generation total 393216K, used 15891K [0x00000007e2e00000, 0x00000007fae00000, 0x00000007fae00000)
 concurrent-mark-sweep perm gen total 31232K, used 31164K [0x00000007fae00000, 0x00000007fcc80000, 0x0000000800000000)
2016-05-08T22:21:55.887+0500: 13040.593: [GC2016-05-08T22:21:55.887+0500: 13040.593: [ParNew
Desired survivor size 20112992 bytes, new threshold 8 (max 8)
- age   1:    2929552 bytes,    2929552 total
- age   2:      22472 bytes,    2952024 total
- age   3:       2080 bytes,    2954104 total
- age   4:       5824 bytes,    2959928 total
- age   5:       2760 bytes,    2962688 total
- age   6:       2304 bytes,    2964992 total
- age   7:     355136 bytes,    3320128 total
- age   8:     486808 bytes,    3806936 total
: 94165K->5640K(109248K), 0.0147740 secs] 110056K->21534K(502464K), 0.0148800 secs] [Times: user=0.02 sys=0.00, real=0.02 secs] 
Heap after GC invocations=242 (full 0):
 par new generation   total 109248K, used 5640K [0x00000007dae00000, 0x00000007e2e00000, 0x00000007e2e00000)
  eden space 87424K,   0% used [0x00000007dae00000, 0x00000007dae00000, 0x00000007e0360000)
  from space 21824K,  25% used [0x00000007e0360000, 0x00000007e08e2140, 0x00000007e18b0000)
  to   space 21824K,   0% used [0x00000007e18b0000, 0x00000007e18b0000, 0x00000007e2e00000)
 concurrent mark-sweep generation total 393216K, used 15893K [0x00000007e2e00000, 0x00000007fae00000, 0x00000007fae00000)
 concurrent-mark-sweep perm gen total 31232K, used 31164K [0x00000007fae00000, 0x00000007fcc80000, 0x0000000800000000)
}
2016-05-08T22:21:55.902+0500: 13040.608: Total time for which application threads were stopped: 0.0152790 seconds
{Heap before GC invocations=242 (full 0):
 par new generation   total 109248K, used 93064K [0x00000007dae00000, 0x00000007e2e00000, 0x00000007e2e00000)
  eden space 87424K, 100% used [0x00000007dae00000, 0x00000007e0360000, 0x00000007e0360000)
  from space 21824K,  25% used [0x00000007e0360000, 0x00000007e08e2140, 0x00000007e18b0000)
  to   space 21824K,   0% used [0x00000007e18b0000, 0x00000007e18b0000, 0x00000007e2e00000)
 concurrent mark-sweep generation total 393216K, used 15893K [0x00000007e2e00000, 0x00000007fae00000, 0x00000007fae00000)
 concurrent-mark-sweep perm gen total 31232K, used 31164K [0x00000007fae00000, 0x00000007fcc80000, 0x0000000800000000)
2016-05-08T22:21:56.459+0500: 13041.165: [GC2016-05-08T22:21:56.459+0500: 13041.165: [ParNew
Desired survivor size 20112992 bytes, new threshold 8 (max 8)
- age   1:    3052336 bytes,    3052336 total
- age   2:      24016 bytes,    3076352 total
- age   3:      12784 bytes,    3089136 total
- age   4:       1920 bytes,    3091056 total
- age   5:       3544 bytes,    3094600 total
- age   6:       2760 bytes,    3097360 total
- age   7:       2304 bytes,    3099664 total
- age   8:     355136 bytes,    3454800 total
: 93064K->4491K(109248K), 0.0098100 secs] 108958K->20860K(502464K), 0.0099120 secs] [Times: user=0.01 sys=0.00, real=0.01 secs] 
Heap after GC invocations=243 (full 0):
 par new generation   total 109248K, used 4491K [0x00000007dae00000, 0x00000007e2e00000, 0x00000007e2e00000)
  eden space 87424K,   0% used [0x00000007dae00000, 0x00000007dae00000, 0x00000007e0360000)
  from space 21824K,  20% used [0x00000007e18b0000, 0x00000007e1d12c88, 0x00000007e2e00000)
  to   space 21824K,   0% used [0x00000007e0360000, 0x00000007e0360000, 0x00000007e18b0000)
 concurrent mark-sweep generation total 393216K, used 16369K [0x00000007e2e00000, 0x00000007fae00000, 0x00000007fae00000)
 concurrent-mark-sweep perm gen total 31232K, used 31164K [0x00000007fae00000, 0x00000007fcc80000, 0x0000000800000000)
}
2016-05-08T22:21:56.469+0500: 13041.175: Total time for which application threads were stopped: 0.0103120 seconds
{Heap before GC invocations=243 (full 0):
 par new generation   total 109248K, used 91906K [0x00000007dae00000, 0x00000007e2e00000, 0x00000007e2e00000)
  eden space 87424K,  99% used [0x00000007dae00000, 0x00000007e035ddb0, 0x00000007e0360000)
  from space 21824K,  20% used [0x00000007e18b0000, 0x00000007e1d12c88, 0x00000007e2e00000)
  to   space 21824K,   0% used [0x00000007e0360000, 0x00000007e0360000, 0x00000007e18b0000)
 concurrent mark-sweep generation total 393216K, used 16369K [0x00000007e2e00000, 0x00000007fae00000, 0x00000007fae00000)
 concurrent-mark-sweep perm gen total 31232K, used 31164K [0x00000007fae00000, 0x00000007fcc80000, 0x0000000800000000)
2016-05-08T22:21:56.885+0500: 13041.591: [GC2016-05-08T22:21:56.885+0500: 13041.591: [ParNew
Desired survivor size 20112992 bytes, new threshold 8 (max 8)
- age   1:    3257808 bytes,    3257808 total
- age   2:      25048 bytes,    3282856 total
- age   3:       3064 bytes,    3285920 total
- age   4:      12784 bytes,    3298704 total
- age   5:       1920 bytes,    3300624 total
- age   6:       3544 bytes,    3304168 total
- age   7:       2760 bytes,    3306928 total
- age   8:       2304 bytes,    3309232 total
: 91906K->4056K(109248K), 0.0148350 secs] 108275K->20772K(502464K), 0.0149570 secs] [Times: user=0.01 sys=0.00, real=0.02 secs] 
Heap after GC invocations=244 (full 0):
 par new generation   total 109248K, used 4056K [0x00000007dae00000, 0x00000007e2e00000, 0x00000007e2e00000)
  eden space 87424K,   0% used [0x00000007dae00000, 0x00000007dae00000, 0x00000007e0360000)
  from space 21824K,  18% used [0x00000007e0360000, 0x00000007e0756150, 0x00000007e18b0000)
  to   space 21824K,   0% used [0x00000007e18b0000, 0x00000007e18b0000, 0x00000007e2e00000)
 concurrent mark-sweep generation total 393216K, used 16716K [0x00000007e2e00000, 0x00000007fae00000, 0x00000007fae00000)
 concurrent-mark-sweep perm gen total 31232K, used 31164K [0x00000007fae00000, 0x00000007fcc80000, 0x0000000800000000)
}
2016-05-08T22:21:56.900+0500: 13041.606: Total time for which application threads were stopped: 0.0152100 seconds
{Heap before GC invocations=244 (full 0):
 par new generation   total 109248K, used 91480K [0x00000007dae00000, 0x00000007e2e00000, 0x00000007e2e00000)
  eden space 87424K, 100% used [0x00000007dae00000, 0x00000007e0360000, 0x00000007e0360000)
  from space 21824K,  18% used [0x00000007e0360000, 0x00000007e0756150, 0x00000007e18b0000)
  to   space 21824K,   0% used [0x00000007e18b0000, 0x00000007e18b0000, 0x00000007e2e00000)
 concurrent mark-sweep generation total 393216K, used 16716K [0x00000007e2e00000, 0x00000007fae00000, 0x00000007fae00000)
 concurrent-mark-sweep perm gen total 31232K, used 31164K [0x00000007fae00000, 0x00000007fcc80000, 0x0000000800000000)
2016-05-08T22:21:57.250+0500: 13041.956: [GC2016-05-08T22:21:57.250+0500: 13041.956: [ParNew
Desired survivor size 20112992 bytes, new threshold 8 (max 8)
- age   1:    4734296 bytes,    4734296 total
- age   2:      25864 bytes,    4760160 total
- age   3:       4904 bytes,    4765064 total
- age   4:       3064 bytes,    4768128 total
- age   5:      12784 bytes,    4780912 total
- age   6:       1920 bytes,    4782832 total
- age   7:       3544 bytes,    4786376 total
- age   8:       2760 bytes,    4789136 total
: 91480K->6777K(109248K), 0.0142590 secs] 108196K->23495K(502464K), 0.0143560 secs] [Times: user=0.01 sys=0.00, real=0.01 secs] 
Heap after GC invocations=245 (full 0):
 par new generation   total 109248K, used 6777K [0x00000007dae00000, 0x00000007e2e00000, 0x00000007e2e00000)
  eden space 87424K,   0% used [0x00000007dae00000, 0x00000007dae00000, 0x00000007e0360000)
  from space 21824K,  31% used [0x00000007e18b0000, 0x00000007e1f4e5d0, 0x00000007e2e00000)
  to   space 21824K,   0% used [0x00000007e0360000, 0x00000007e0360000, 0x00000007e18b0000)
 concurrent mark-sweep generation total 393216K, used 16718K [0x00000007e2e00000, 0x00000007fae00000, 0x00000007fae00000)
 concurrent-mark-sweep perm gen total 31232K, used 31164K [0x00000007fae00000, 0x00000007fcc80000, 0x0000000800000000)
}
2016-05-08T22:21:57.264+0500: 13041.971: Total time for which application threads were stopped: 0.0147660 seconds
{Heap before GC invocations=245 (full 0):
 par new generation   total 109248K, used 94201K [0x00000007dae00000, 0x00000007e2e00000, 0x00000007e2e00000)
  eden space 87424K, 100% used [0x00000007dae00000, 0x00000007e0360000, 0x00000007e0360000)
  from space 21824K,  31% used [0x00000007e18b0000, 0x00000007e1f4e5d0, 0x00000007e2e00000)
  to   space 21824K,   0% used [0x00000007e0360000, 0x00000007e0360000, 0x00000007e18b0000)
 concurrent mark-sweep generation total 393216K, used 16718K [0x00000007e2e00000, 0x00000007fae00000, 0x00000007fae00000)
 concurrent-mark-sweep perm gen total 31232K, used 31164K [0x00000007fae00000, 0x00000007fcc80000, 0x0000000800000000)
2016-05-08T22:21:57.977+0500: 13042.683: [GC2016-05-08T22:21:57.977+0500: 13042.683: [ParNew
Desired survivor size 20112992 bytes, new threshold 8 (max 8)
- age   1:    3680904 bytes,    3680904 total
- age   2:    1644288 bytes,    5325192 total
- age   3:       3296 bytes,    5328488 total
- age   4:       4704 bytes,    5333192 total
- age   5:       3064 bytes,    5336256 total
- age   6:      12784 bytes,    5349040 total
- age   7:       1920 bytes,    5350960 total
- age   8:       3544 bytes,    5354504 total
: 94201K->6697K(109248K), 0.0114720 secs] 110919K->23418K(502464K), 0.0116120 secs] [Times: user=0.02 sys=0.01, real=0.01 secs] 
Heap after GC invocations=246 (full 0):
 par new generation   total 109248K, used 6697K [0x00000007dae00000, 0x00000007e2e00000, 0x00000007e2e00000)
  eden space 87424K,   0% used [0x00000007dae00000, 0x00000007dae00000, 0x00000007e0360000)
  from space 21824K,  30% used [0x00000007e0360000, 0x00000007e09ea4e0, 0x00000007e18b0000)
  to   space 21824K,   0% used [0x00000007e18b0000, 0x00000007e18b0000, 0x00000007e2e00000)
 concurrent mark-sweep generation total 393216K, used 16721K [0x00000007e2e00000, 0x00000007fae00000, 0x00000007fae00000)
 concurrent-mark-sweep perm gen total 31232K, used 31164K [0x00000007fae00000, 0x00000007fcc80000, 0x0000000800000000)
}
2016-05-08T22:21:57.989+0500: 13042.695: Total time for which application threads were stopped: 0.0119940 seconds
{Heap before GC invocations=246 (full 0):
 par new generation   total 109248K, used 94121K [0x00000007dae00000, 0x00000007e2e00000, 0x00000007e2e00000)
  eden space 87424K, 100% used [0x00000007dae00000, 0x00000007e0360000, 0x00000007e0360000)
  from space 21824K,  30% used [0x00000007e0360000, 0x00000007e09ea4e0, 0x00000007e18b0000)
  to   space 21824K,   0% used [0x00000007e18b0000, 0x00000007e18b0000, 0x00000007e2e00000)
 concurrent mark-sweep generation total 393216K, used 16721K [0x00000007e2e00000, 0x00000007fae00000, 0x00000007fae00000)
 concurrent-mark-sweep perm gen total 31232K, used 31164K [0x00000007fae00000, 0x00000007fcc80000, 0x0000000800000000)
2016-05-08T22:21:58.341+0500: 13043.047: [GC2016-05-08T22:21:58.341+0500: 13043.047: [ParNew
Desired survivor size 20112992 bytes, new threshold 8 (max 8)
- age   1:    4667096 bytes,    4667096 total
- age   2:      47856 bytes,    4714952 total
- age   3:       5280 bytes,    4720232 total
- age   4:       3296 bytes,    4723528 total
- age   5:       4704 bytes,    4728232 total
- age   6:       3064 bytes,    4731296 total
- age   7:      12784 bytes,    4744080 total
- age   8:       1920 bytes,    4746000 total
: 94121K->6083K(109248K), 0.0130590 secs] 110842K->22808K(502464K), 0.0131630 secs] [Times: user=0.02 sys=0.00, real=0.01 secs] 
Heap after GC invocations=247 (full 0):
 par new generation   total 109248K, used 6083K [0x00000007dae00000, 0x00000007e2e00000, 0x00000007e2e00000)
  eden space 87424K,   0% used [0x00000007dae00000, 0x00000007dae00000, 0x00000007e0360000)
  from space 21824K,  27% used [0x00000007e18b0000, 0x00000007e1ea0f80, 0x00000007e2e00000)
  to   space 21824K,   0% used [0x00000007e0360000, 0x00000007e0360000, 0x00000007e18b0000)
 concurrent mark-sweep generation total 393216K, used 16724K [0x00000007e2e00000, 0x00000007fae00000, 0x00000007fae00000)
 concurrent-mark-sweep perm gen total 31232K, used 31164K [0x00000007fae00000, 0x00000007fcc80000, 0x0000000800000000)
}
2016-05-08T22:21:58.354+0500: 13043.060: Total time for which application threads were stopped: 0.0134250 seconds
{Heap before GC invocations=247 (full 0):
 par new generation   total 109248K, used 93507K [0x00000007dae00000, 0x00000007e2e00000, 0x00000007e2e00000)
  eden space 87424K, 100% used [0x00000007dae00000, 0x00000007e0360000, 0x00000007e0360000)
  from space 21824K,  27% used [0x00000007e18b0000, 0x00000007e1ea0f80, 0x00000007e2e00000)
  to   space 21824K,   0% used [0x00000007e0360000, 0x00000007e0360000, 0x00000007e18b0000)
 concurrent mark-sweep generation total 393216K, used 16724K [0x00000007e2e00000, 0x00000007fae00000, 0x00000007fae00000)
 concurrent-mark-sweep perm gen total 31232K, used 31164K [0x00000007fae00000, 0x00000007fcc80000, 0x0000000800000000)
2016-05-08T22:21:58.751+0500: 13043.458: [GC2016-05-08T22:21:58.751+0500: 13043.458: [ParNew
Desired survivor size 20112992 bytes, new threshold 8 (max 8)
- age   1:    3405984 bytes,    3405984 total
- age   2:    1200688 bytes,    4606672 total
- age   3:       2576 bytes,    4609248 total
- age   4:       1616 bytes,    4610864 total
- age   5:       3272 bytes,    4614136 total
- age   6:       4704 bytes,    4618840 total
- age   7:       3064 bytes,    4621904 total
- age   8:      12784 bytes,    4634688 total
: 93507K->6246K(109248K), 0.0300740 secs] 110232K->22972K(502464K), 0.0301830 secs] [Times: user=0.05 sys=0.00, real=0.03 secs] 
Heap after GC invocations=248 (full 0):
 par new generation   total 109248K, used 6246K [0x00000007dae00000, 0x00000007e2e00000, 0x00000007e2e00000)
  eden space 87424K,   0% used [0x00000007dae00000, 0x00000007dae00000, 0x00000007e0360000)
  from space 21824K,  28% used [0x00000007e0360000, 0x00000007e0979910, 0x00000007e18b0000)
  to   space 21824K,   0% used [0x00000007e18b0000, 0x00000007e18b0000, 0x00000007e2e00000)
 concurrent mark-sweep generation total 393216K, used 16726K [0x00000007e2e00000, 0x00000007fae00000, 0x00000007fae00000)
 concurrent-mark-sweep perm gen total 31232K, used 31164K [0x00000007fae00000, 0x00000007fcc80000, 0x0000000800000000)
}
2016-05-08T22:21:58.781+0500: 13043.488: Total time for which application threads were stopped: 0.0307530 seconds
{Heap before GC invocations=248 (full 0):
 par new generation   total 109248K, used 93670K [0x00000007dae00000, 0x00000007e2e00000, 0x00000007e2e00000)
  eden space 87424K, 100% used [0x00000007dae00000, 0x00000007e0360000, 0x00000007e0360000)
  from space 21824K,  28% used [0x00000007e0360000, 0x00000007e0979910, 0x00000007e18b0000)
  to   space 21824K,   0% used [0x00000007e18b0000, 0x00000007e18b0000, 0x00000007e2e00000)
 concurrent mark-sweep generation total 393216K, used 16726K [0x00000007e2e00000, 0x00000007fae00000, 0x00000007fae00000)
 concurrent-mark-sweep perm gen total 31232K, used 31164K [0x00000007fae00000, 0x00000007fcc80000, 0x0000000800000000)
2016-05-08T22:21:59.332+0500: 13044.039: [GC2016-05-08T22:21:59.332+0500: 13044.039: [ParNew
Desired survivor size 20112992 bytes, new threshold 8 (max 8)
- age   1:    3795792 bytes,    3795792 total
- age   2:    1232824 bytes,    5028616 total
- age   3:       6088 bytes,    5034704 total
- age   4:       2576 bytes,    5037280 total
- age   5:       1616 bytes,    5038896 total
- age   6:       3272 bytes,    5042168 total
- age   7:       2424 bytes,    5044592 total
- age   8:       3064 bytes,    5047656 total
: 93670K->6513K(109248K), 0.0656020 secs] 110396K->23252K(502464K), 0.0657210 secs] [Times: user=0.03 sys=0.00, real=0.06 secs] 
Heap after GC invocations=249 (full 0):
 par new generation   total 109248K, used 6513K [0x00000007dae00000, 0x00000007e2e00000, 0x00000007e2e00000)
  eden space 87424K,   0% used [0x00000007dae00000, 0x00000007dae00000, 0x00000007e0360000)
  from space 21824K,  29% used [0x00000007e18b0000, 0x00000007e1f0c498, 0x00000007e2e00000)
  to   space 21824K,   0% used [0x00000007e0360000, 0x00000007e0360000, 0x00000007e18b0000)
 concurrent mark-sweep generation total 393216K, used 16738K [0x00000007e2e00000, 0x00000007fae00000, 0x00000007fae00000)
 concurrent-mark-sweep perm gen total 31232K, used 31164K [0x00000007fae00000, 0x00000007fcc80000, 0x0000000800000000)
}
2016-05-08T22:21:59.398+0500: 13044.104: Total time for which application threads were stopped: 0.0662080 seconds
{Heap before GC invocations=249 (full 0):
 par new generation   total 109248K, used 93937K [0x00000007dae00000, 0x00000007e2e00000, 0x00000007e2e00000)
  eden space 87424K, 100% used [0x00000007dae00000, 0x00000007e0360000, 0x00000007e0360000)
  from space 21824K,  29% used [0x00000007e18b0000, 0x00000007e1f0c498, 0x00000007e2e00000)
  to   space 21824K,   0% used [0x00000007e0360000, 0x00000007e0360000, 0x00000007e18b0000)
 concurrent mark-sweep generation total 393216K, used 16738K [0x00000007e2e00000, 0x00000007fae00000, 0x00000007fae00000)
 concurrent-mark-sweep perm gen total 31232K, used 31164K [0x00000007fae00000, 0x00000007fcc80000, 0x0000000800000000)
2016-05-08T22:22:00.960+0500: 13045.667: [GC2016-05-08T22:22:00.988+0500: 13045.694: [ParNew
Desired survivor size 20112992 bytes, new threshold 8 (max 8)
- age   1:    3651816 bytes,    3651816 total
- age   2:      45312 bytes,    3697128 total
- age   3:       4192 bytes,    3701320 total
- age   4:       4800 bytes,    3706120 total
- age   5:       2424 bytes,    3708544 total
- age   6:       1616 bytes,    3710160 total
- age   7:       3272 bytes,    3713432 total
- age   8:       2424 bytes,    3715856 total
: 93937K->5341K(109248K), 0.0114250 secs] 110676K->22083K(502464K), 0.0390410 secs] [Times: user=0.02 sys=0.00, real=0.03 secs] 
Heap after GC invocations=250 (full 0):
 par new generation   total 109248K, used 5341K [0x00000007dae00000, 0x00000007e2e00000, 0x00000007e2e00000)
  eden space 87424K,   0% used [0x00000007dae00000, 0x00000007dae00000, 0x00000007e0360000)
  from space 21824K,  24% used [0x00000007e0360000, 0x00000007e08976a0, 0x00000007e18b0000)
  to   space 21824K,   0% used [0x00000007e18b0000, 0x00000007e18b0000, 0x00000007e2e00000)
 concurrent mark-sweep generation total 393216K, used 16741K [0x00000007e2e00000, 0x00000007fae00000, 0x00000007fae00000)
 concurrent-mark-sweep perm gen total 31232K, used 31164K [0x00000007fae00000, 0x00000007fcc80000, 0x0000000800000000)
}
2016-05-08T22:22:00.999+0500: 13045.706: Total time for which application threads were stopped: 0.0396450 seconds
2016-05-08T22:22:01.277+0500: 13045.984: Total time for which application threads were stopped: 0.0001490 seconds
2016-05-08T22:22:01.277+0500: 13045.984: Total time for which application threads were stopped: 0.0000500 seconds
2016-05-08T22:22:01.324+0500: 13046.030: Total time for which application threads were stopped: 0.0001630 seconds
2016-05-08T22:22:01.324+0500: 13046.030: Total time for which application threads were stopped: 0.0000990 seconds
2016-05-08T22:22:01.480+0500: 13046.186: Total time for which application threads were stopped: 0.0006830 seconds
2016-05-08T22:22:01.480+0500: 13046.187: Total time for which application threads were stopped: 0.0000910 seconds
2016-05-08T22:22:01.481+0500: 13046.187: Total time for which application threads were stopped: 0.0000740 seconds
2016-05-08T22:22:01.481+0500: 13046.187: Total time for which application threads were stopped: 0.0000770 seconds
2016-05-08T22:22:01.481+0500: 13046.187: Total time for which application threads were stopped: 0.0000680 seconds
2016-05-08T22:22:01.482+0500: 13046.188: Total time for which application threads were stopped: 0.0001170 seconds
2016-05-08T22:22:01.482+0500: 13046.189: Total time for which application threads were stopped: 0.0000660 seconds
2016-05-08T22:22:01.482+0500: 13046.189: Total time for which application threads were stopped: 0.0000700 seconds
2016-05-08T22:22:01.483+0500: 13046.189: Total time for which application threads were stopped: 0.0000680 seconds
2016-05-08T22:22:01.483+0500: 13046.189: Total time for which application threads were stopped: 0.0000650 seconds
2016-05-08T22:22:01.483+0500: 13046.189: Total time for which application threads were stopped: 0.0000620 seconds
2016-05-08T22:22:01.483+0500: 13046.189: Total time for which application threads were stopped: 0.0000650 seconds
2016-05-08T22:22:01.483+0500: 13046.190: Total time for which application threads were stopped: 0.0000640 seconds
2016-05-08T22:22:01.484+0500: 13046.191: Total time for which application threads were stopped: 0.0000860 seconds
2016-05-08T22:22:01.485+0500: 13046.191: Total time for which application threads were stopped: 0.0000520 seconds
2016-05-08T22:22:01.493+0500: 13046.199: Total time for which application threads were stopped: 0.0001600 seconds
2016-05-08T22:22:01.493+0500: 13046.199: Total time for which application threads were stopped: 0.0000440 seconds
2016-05-08T22:22:01.502+0500: 13046.209: Total time for which application threads were stopped: 0.0001490 seconds
2016-05-08T22:22:01.503+0500: 13046.209: Total time for which application threads were stopped: 0.0000690 seconds
{Heap before GC invocations=250 (full 0):
 par new generation   total 109248K, used 92765K [0x00000007dae00000, 0x00000007e2e00000, 0x00000007e2e00000)
  eden space 87424K, 100% used [0x00000007dae00000, 0x00000007e0360000, 0x00000007e0360000)
  from space 21824K,  24% used [0x00000007e0360000, 0x00000007e08976a0, 0x00000007e18b0000)
  to   space 21824K,   0% used [0x00000007e18b0000, 0x00000007e18b0000, 0x00000007e2e00000)
 concurrent mark-sweep generation total 393216K, used 16741K [0x00000007e2e00000, 0x00000007fae00000, 0x00000007fae00000)
 concurrent-mark-sweep perm gen total 31232K, used 31164K [0x00000007fae00000, 0x00000007fcc80000, 0x0000000800000000)
2016-05-08T22:22:01.937+0500: 13046.701: [GC2016-05-08T22:22:01.994+0500: 13046.701: [ParNew
Desired survivor size 20112992 bytes, new threshold 8 (max 8)
- age   1:    4524408 bytes,    4524408 total
- age   2:     496160 bytes,    5020568 total
- age   3:       5648 bytes,    5026216 total
- age   4:       2904 bytes,    5029120 total
- age   5:       4800 bytes,    5033920 total
- age   6:       2424 bytes,    5036344 total
- age   7:       1616 bytes,    5037960 total
- age   8:       3272 bytes,    5041232 total
: 92765K->5924K(109248K), 0.0188800 secs] 109507K->22668K(502464K), 0.0764540 secs] [Times: user=0.02 sys=0.00, real=0.08 secs] 
Heap after GC invocations=251 (full 0):
 par new generation   total 109248K, used 5924K [0x00000007dae00000, 0x00000007e2e00000, 0x00000007e2e00000)
  eden space 87424K,   0% used [0x00000007dae00000, 0x00000007dae00000, 0x00000007e0360000)
  from space 21824K,  27% used [0x00000007e18b0000, 0x00000007e1e79260, 0x00000007e2e00000)
  to   space 21824K,   0% used [0x00000007e0360000, 0x00000007e0360000, 0x00000007e18b0000)
 concurrent mark-sweep generation total 393216K, used 16744K [0x00000007e2e00000, 0x00000007fae00000, 0x00000007fae00000)
 concurrent-mark-sweep perm gen total 31232K, used 31164K [0x00000007fae00000, 0x00000007fcc80000, 0x0000000800000000)
}
2016-05-08T22:22:02.013+0500: 13046.720: Total time for which application threads were stopped: 0.0767280 seconds
{Heap before GC invocations=251 (full 0):
 par new generation   total 109248K, used 93348K [0x00000007dae00000, 0x00000007e2e00000, 0x00000007e2e00000)
  eden space 87424K, 100% used [0x00000007dae00000, 0x00000007e0360000, 0x00000007e0360000)
  from space 21824K,  27% used [0x00000007e18b0000, 0x00000007e1e79260, 0x00000007e2e00000)
  to   space 21824K,   0% used [0x00000007e0360000, 0x00000007e0360000, 0x00000007e18b0000)
 concurrent mark-sweep generation total 393216K, used 16744K [0x00000007e2e00000, 0x00000007fae00000, 0x00000007fae00000)
 concurrent-mark-sweep perm gen total 31232K, used 31164K [0x00000007fae00000, 0x00000007fcc80000, 0x0000000800000000)
2016-05-08T22:22:03.234+0500: 13047.941: [GC2016-05-08T22:22:03.234+0500: 13047.941: [ParNew
Desired survivor size 20112992 bytes, new threshold 8 (max 8)
- age   1:    3734024 bytes,    3734024 total
- age   2:      61152 bytes,    3795176 total
- age   3:       9088 bytes,    3804264 total
- age   4:       5248 bytes,    3809512 total
- age   5:       2904 bytes,    3812416 total
- age   6:       4800 bytes,    3817216 total
- age   7:       2424 bytes,    3819640 total
- age   8:       1616 bytes,    3821256 total
: 93348K->6563K(109248K), 0.0099540 secs] 110092K->23310K(502464K), 0.0100610 secs] [Times: user=0.01 sys=0.00, real=0.01 secs] 
Heap after GC invocations=252 (full 0):
 par new generation   total 109248K, used 6563K [0x00000007dae00000, 0x00000007e2e00000, 0x00000007e2e00000)
  eden space 87424K,   0% used [0x00000007dae00000, 0x00000007dae00000, 0x00000007e0360000)
  from space 21824K,  30% used [0x00000007e0360000, 0x00000007e09c8db8, 0x00000007e18b0000)
  to   space 21824K,   0% used [0x00000007e18b0000, 0x00000007e18b0000, 0x00000007e2e00000)
 concurrent mark-sweep generation total 393216K, used 16747K [0x00000007e2e00000, 0x00000007fae00000, 0x00000007fae00000)
 concurrent-mark-sweep perm gen total 31232K, used 31164K [0x00000007fae00000, 0x00000007fcc80000, 0x0000000800000000)
}
2016-05-08T22:22:03.244+0500: 13047.951: Total time for which application threads were stopped: 0.0106150 seconds
{Heap before GC invocations=252 (full 0):
 par new generation   total 109248K, used 93987K [0x00000007dae00000, 0x00000007e2e00000, 0x00000007e2e00000)
  eden space 87424K, 100% used [0x00000007dae00000, 0x00000007e0360000, 0x00000007e0360000)
  from space 21824K,  30% used [0x00000007e0360000, 0x00000007e09c8db8, 0x00000007e18b0000)
  to   space 21824K,   0% used [0x00000007e18b0000, 0x00000007e18b0000, 0x00000007e2e00000)
 concurrent mark-sweep generation total 393216K, used 16747K [0x00000007e2e00000, 0x00000007fae00000, 0x00000007fae00000)
 concurrent-mark-sweep perm gen total 31232K, used 31164K [0x00000007fae00000, 0x00000007fcc80000, 0x0000000800000000)
2016-05-08T22:22:03.860+0500: 13048.566: [GC2016-05-08T22:22:03.860+0500: 13048.566: [ParNew
Desired survivor size 20112992 bytes, new threshold 8 (max 8)
- age   1:    3357032 bytes,    3357032 total
- age   2:     591048 bytes,    3948080 total
- age   3:      23784 bytes,    3971864 total
- age   4:       3048 bytes,    3974912 total
- age   5:       5248 bytes,    3980160 total
- age   6:       2904 bytes,    3983064 total
- age   7:       4800 bytes,    3987864 total
- age   8:       2424 bytes,    3990288 total
: 93987K->5124K(109248K), 0.0105600 secs] 110734K->21873K(502464K), 0.0106670 secs] [Times: user=0.01 sys=0.00, real=0.01 secs] 
Heap after GC invocations=253 (full 0):
 par new generation   total 109248K, used 5124K [0x00000007dae00000, 0x00000007e2e00000, 0x00000007e2e00000)
  eden space 87424K,   0% used [0x00000007dae00000, 0x00000007dae00000, 0x00000007e0360000)
  from space 21824K,  23% used [0x00000007e18b0000, 0x00000007e1db1210, 0x00000007e2e00000)
  to   space 21824K,   0% used [0x00000007e0360000, 0x00000007e0360000, 0x00000007e18b0000)
 concurrent mark-sweep generation total 393216K, used 16749K [0x00000007e2e00000, 0x00000007fae00000, 0x00000007fae00000)
 concurrent-mark-sweep perm gen total 31232K, used 31164K [0x00000007fae00000, 0x00000007fcc80000, 0x0000000800000000)
}
2016-05-08T22:22:03.870+0500: 13048.577: Total time for which application threads were stopped: 0.0113970 seconds
{Heap before GC invocations=253 (full 0):
 par new generation   total 109248K, used 92548K [0x00000007dae00000, 0x00000007e2e00000, 0x00000007e2e00000)
  eden space 87424K, 100% used [0x00000007dae00000, 0x00000007e0360000, 0x00000007e0360000)
  from space 21824K,  23% used [0x00000007e18b0000, 0x00000007e1db1210, 0x00000007e2e00000)
  to   space 21824K,   0% used [0x00000007e0360000, 0x00000007e0360000, 0x00000007e18b0000)
 concurrent mark-sweep generation total 393216K, used 16749K [0x00000007e2e00000, 0x00000007fae00000, 0x00000007fae00000)
 concurrent-mark-sweep perm gen total 31232K, used 31164K [0x00000007fae00000, 0x00000007fcc80000, 0x0000000800000000)
2016-05-08T22:22:04.269+0500: 13048.976: [GC2016-05-08T22:22:04.269+0500: 13048.976: [ParNew
Desired survivor size 20112992 bytes, new threshold 8 (max 8)
- age   1:    4215456 bytes,    4215456 total
- age   2:     822240 bytes,    5037696 total
- age   3:       3560 bytes,    5041256 total
- age   4:      23784 bytes,    5065040 total
- age   5:       3048 bytes,    5068088 total
- age   6:       5248 bytes,    5073336 total
- age   7:       2880 bytes,    5076216 total
- age   8:       3504 bytes,    5079720 total
: 92548K->6106K(109248K), 0.0125190 secs] 109297K->22858K(502464K), 0.0126570 secs] [Times: user=0.02 sys=0.00, real=0.02 secs] 
Heap after GC invocations=254 (full 0):
 par new generation   total 109248K, used 6106K [0x00000007dae00000, 0x00000007e2e00000, 0x00000007e2e00000)
  eden space 87424K,   0% used [0x00000007dae00000, 0x00000007dae00000, 0x00000007e0360000)
  from space 21824K,  27% used [0x00000007e0360000, 0x00000007e0956bc0, 0x00000007e18b0000)
  to   space 21824K,   0% used [0x00000007e18b0000, 0x00000007e18b0000, 0x00000007e2e00000)
 concurrent mark-sweep generation total 393216K, used 16751K [0x00000007e2e00000, 0x00000007fae00000, 0x00000007fae00000)
 concurrent-mark-sweep perm gen total 31232K, used 31164K [0x00000007fae00000, 0x00000007fcc80000, 0x0000000800000000)
}
2016-05-08T22:22:04.282+0500: 13048.988: Total time for which application threads were stopped: 0.0129630 seconds
{Heap before GC invocations=254 (full 0):
 par new generation   total 109248K, used 93530K [0x00000007dae00000, 0x00000007e2e00000, 0x00000007e2e00000)
  eden space 87424K, 100% used [0x00000007dae00000, 0x00000007e0360000, 0x00000007e0360000)
  from space 21824K,  27% used [0x00000007e0360000, 0x00000007e0956bc0, 0x00000007e18b0000)
  to   space 21824K,   0% used [0x00000007e18b0000, 0x00000007e18b0000, 0x00000007e2e00000)
 concurrent mark-sweep generation total 393216K, used 16751K [0x00000007e2e00000, 0x00000007fae00000, 0x00000007fae00000)
 concurrent-mark-sweep perm gen total 31232K, used 31164K [0x00000007fae00000, 0x00000007fcc80000, 0x0000000800000000)
2016-05-08T22:22:04.826+0500: 13049.532: [GC2016-05-08T22:22:04.826+0500: 13049.533: [ParNew
Desired survivor size 20112992 bytes, new threshold 8 (max 8)
- age   1:    2886856 bytes,    2886856 total
- age   2:      45896 bytes,    2932752 total
- age   3:       9272 bytes,    2942024 total
- age   4:       2272 bytes,    2944296 total
- age   5:      23784 bytes,    2968080 total
- age   6:       3048 bytes,    2971128 total
- age   7:       2968 bytes,    2974096 total
- age   8:       2880 bytes,    2976976 total
: 93530K->5809K(109248K), 0.0108210 secs] 110282K->22562K(502464K), 0.0109260 secs] [Times: user=0.01 sys=0.00, real=0.01 secs] 
Heap after GC invocations=255 (full 0):
 par new generation   total 109248K, used 5809K [0x00000007dae00000, 0x00000007e2e00000, 0x00000007e2e00000)
  eden space 87424K,   0% used [0x00000007dae00000, 0x00000007dae00000, 0x00000007e0360000)
  from space 21824K,  26% used [0x00000007e18b0000, 0x00000007e1e5c420, 0x00000007e2e00000)
  to   space 21824K,   0% used [0x00000007e0360000, 0x00000007e0360000, 0x00000007e18b0000)
 concurrent mark-sweep generation total 393216K, used 16753K [0x00000007e2e00000, 0x00000007fae00000, 0x00000007fae00000)
 concurrent-mark-sweep perm gen total 31232K, used 31164K [0x00000007fae00000, 0x00000007fcc80000, 0x0000000800000000)
}
2016-05-08T22:22:04.837+0500: 13049.543: Total time for which application threads were stopped: 0.0114810 seconds
{Heap before GC invocations=255 (full 0):
 par new generation   total 109248K, used 93233K [0x00000007dae00000, 0x00000007e2e00000, 0x00000007e2e00000)
  eden space 87424K, 100% used [0x00000007dae00000, 0x00000007e0360000, 0x00000007e0360000)
  from space 21824K,  26% used [0x00000007e18b0000, 0x00000007e1e5c420, 0x00000007e2e00000)
  to   space 21824K,   0% used [0x00000007e0360000, 0x00000007e0360000, 0x00000007e18b0000)
 concurrent mark-sweep generation total 393216K, used 16753K [0x00000007e2e00000, 0x00000007fae00000, 0x00000007fae00000)
 concurrent-mark-sweep perm gen total 31232K, used 31165K [0x00000007fae00000, 0x00000007fcc80000, 0x0000000800000000)
2016-05-08T22:22:05.351+0500: 13050.057: [GC2016-05-08T22:22:05.351+0500: 13050.057: [ParNew
Desired survivor size 20112992 bytes, new threshold 8 (max 8)
- age   1:    3963176 bytes,    3963176 total
- age   2:      21928 bytes,    3985104 total
- age   3:       2280 bytes,    3987384 total
- age   4:       3096 bytes,    3990480 total
- age   5:       2248 bytes,    3992728 total
- age   6:      23760 bytes,    4016488 total
- age   7:       3024 bytes,    4019512 total
- age   8:       2944 bytes,    4022456 total
: 93233K->5115K(109248K), 0.0387770 secs] 109986K->21872K(502464K), 0.0389270 secs] [Times: user=0.01 sys=0.00, real=0.04 secs] 
Heap after GC invocations=256 (full 0):
 par new generation   total 109248K, used 5115K [0x00000007dae00000, 0x00000007e2e00000, 0x00000007e2e00000)
  eden space 87424K,   0% used [0x00000007dae00000, 0x00000007dae00000, 0x00000007e0360000)
  from space 21824K,  23% used [0x00000007e0360000, 0x00000007e085eff0, 0x00000007e18b0000)
  to   space 21824K,   0% used [0x00000007e18b0000, 0x00000007e18b0000, 0x00000007e2e00000)
 concurrent mark-sweep generation total 393216K, used 16756K [0x00000007e2e00000, 0x00000007fae00000, 0x00000007fae00000)
 concurrent-mark-sweep perm gen total 31232K, used 31165K [0x00000007fae00000, 0x00000007fcc80000, 0x0000000800000000)
}
2016-05-08T22:22:05.390+0500: 13050.096: Total time for which application threads were stopped: 0.0394140 seconds
{Heap before GC invocations=256 (full 0):
 par new generation   total 109248K, used 92539K [0x00000007dae00000, 0x00000007e2e00000, 0x00000007e2e00000)
  eden space 87424K, 100% used [0x00000007dae00000, 0x00000007e0360000, 0x00000007e0360000)
  from space 21824K,  23% used [0x00000007e0360000, 0x00000007e085eff0, 0x00000007e18b0000)
  to   space 21824K,   0% used [0x00000007e18b0000, 0x00000007e18b0000, 0x00000007e2e00000)
 concurrent mark-sweep generation total 393216K, used 16756K [0x00000007e2e00000, 0x00000007fae00000, 0x00000007fae00000)
 concurrent-mark-sweep perm gen total 31232K, used 31165K [0x00000007fae00000, 0x00000007fcc80000, 0x0000000800000000)
2016-05-08T22:22:06.026+0500: 13050.732: [GC2016-05-08T22:22:06.026+0500: 13050.732: [ParNew
Desired survivor size 20112992 bytes, new threshold 8 (max 8)
- age   1:    3696648 bytes,    3696648 total
- age   2:     728256 bytes,    4424904 total
- age   3:       9080 bytes,    4433984 total
- age   4:       2280 bytes,    4436264 total
- age   5:       3096 bytes,    4439360 total
- age   6:       2216 bytes,    4441576 total
- age   7:      23760 bytes,    4465336 total
- age   8:       3024 bytes,    4468360 total
: 92539K->5698K(109248K), 0.0119410 secs] 109296K->22458K(502464K), 0.0120410 secs] [Times: user=0.02 sys=0.00, real=0.01 secs] 
Heap after GC invocations=257 (full 0):
 par new generation   total 109248K, used 5698K [0x00000007dae00000, 0x00000007e2e00000, 0x00000007e2e00000)
  eden space 87424K,   0% used [0x00000007dae00000, 0x00000007dae00000, 0x00000007e0360000)
  from space 21824K,  26% used [0x00000007e18b0000, 0x00000007e1e40bd8, 0x00000007e2e00000)
  to   space 21824K,   0% used [0x00000007e0360000, 0x00000007e0360000, 0x00000007e18b0000)
 concurrent mark-sweep generation total 393216K, used 16759K [0x00000007e2e00000, 0x00000007fae00000, 0x00000007fae00000)
 concurrent-mark-sweep perm gen total 31232K, used 31165K [0x00000007fae00000, 0x00000007fcc80000, 0x0000000800000000)
}
2016-05-08T22:22:06.038+0500: 13050.744: Total time for which application threads were stopped: 0.0125020 seconds
{Heap before GC invocations=257 (full 0):
 par new generation   total 109248K, used 93122K [0x00000007dae00000, 0x00000007e2e00000, 0x00000007e2e00000)
  eden space 87424K, 100% used [0x00000007dae00000, 0x00000007e0360000, 0x00000007e0360000)
  from space 21824K,  26% used [0x00000007e18b0000, 0x00000007e1e40bd8, 0x00000007e2e00000)
  to   space 21824K,   0% used [0x00000007e0360000, 0x00000007e0360000, 0x00000007e18b0000)
 concurrent mark-sweep generation total 393216K, used 16759K [0x00000007e2e00000, 0x00000007fae00000, 0x00000007fae00000)
 concurrent-mark-sweep perm gen total 31232K, used 31165K [0x00000007fae00000, 0x00000007fcc80000, 0x0000000800000000)
2016-05-08T22:22:06.584+0500: 13051.290: [GC2016-05-08T22:22:06.584+0500: 13051.290: [ParNew
Desired survivor size 20112992 bytes, new threshold 8 (max 8)
- age   1:    3505760 bytes,    3505760 total
- age   2:     906600 bytes,    4412360 total
- age   3:      10544 bytes,    4422904 total
- age   4:       9056 bytes,    4431960 total
- age   5:       2280 bytes,    4434240 total
- age   6:       3096 bytes,    4437336 total
- age   7:       2184 bytes,    4439520 total
- age   8:      23736 bytes,    4463256 total
: 93122K->4944K(109248K), 0.0125910 secs] 109882K->21707K(502464K), 0.0127240 secs] [Times: user=0.02 sys=0.00, real=0.01 secs] 
Heap after GC invocations=258 (full 0):
 par new generation   total 109248K, used 4944K [0x00000007dae00000, 0x00000007e2e00000, 0x00000007e2e00000)
  eden space 87424K,   0% used [0x00000007dae00000, 0x00000007dae00000, 0x00000007e0360000)
  from space 21824K,  22% used [0x00000007e0360000, 0x00000007e08343c0, 0x00000007e18b0000)
  to   space 21824K,   0% used [0x00000007e18b0000, 0x00000007e18b0000, 0x00000007e2e00000)
 concurrent mark-sweep generation total 393216K, used 16762K [0x00000007e2e00000, 0x00000007fae00000, 0x00000007fae00000)
 concurrent-mark-sweep perm gen total 31232K, used 31165K [0x00000007fae00000, 0x00000007fcc80000, 0x0000000800000000)
}
2016-05-08T22:22:06.597+0500: 13051.303: Total time for which application threads were stopped: 0.0131640 seconds
{Heap before GC invocations=258 (full 0):
 par new generation   total 109248K, used 92368K [0x00000007dae00000, 0x00000007e2e00000, 0x00000007e2e00000)
  eden space 87424K, 100% used [0x00000007dae00000, 0x00000007e0360000, 0x00000007e0360000)
  from space 21824K,  22% used [0x00000007e0360000, 0x00000007e08343c0, 0x00000007e18b0000)
  to   space 21824K,   0% used [0x00000007e18b0000, 0x00000007e18b0000, 0x00000007e2e00000)
 concurrent mark-sweep generation total 393216K, used 16762K [0x00000007e2e00000, 0x00000007fae00000, 0x00000007fae00000)
 concurrent-mark-sweep perm gen total 31232K, used 31165K [0x00000007fae00000, 0x00000007fcc80000, 0x0000000800000000)
2016-05-08T22:22:07.418+0500: 13052.124: [GC2016-05-08T22:22:07.418+0500: 13052.124: [ParNew
Desired survivor size 20112992 bytes, new threshold 8 (max 8)
- age   1:    4059624 bytes,    4059624 total
- age   2:    1195960 bytes,    5255584 total
- age   3:       3976 bytes,    5259560 total
- age   4:       9120 bytes,    5268680 total
- age   5:       9056 bytes,    5277736 total
- age   6:       2280 bytes,    5280016 total
- age   7:       3072 bytes,    5283088 total
- age   8:       2184 bytes,    5285272 total
: 92368K->8100K(109248K), 0.1810040 secs] 109131K->24886K(502464K), 0.1811230 secs] [Times: user=0.27 sys=0.01, real=0.18 secs] 
Heap after GC invocations=259 (full 0):
 par new generation   total 109248K, used 8100K [0x00000007dae00000, 0x00000007e2e00000, 0x00000007e2e00000)
  eden space 87424K,   0% used [0x00000007dae00000, 0x00000007dae00000, 0x00000007e0360000)
  from space 21824K,  37% used [0x00000007e18b0000, 0x00000007e2099288, 0x00000007e2e00000)
  to   space 21824K,   0% used [0x00000007e0360000, 0x00000007e0360000, 0x00000007e18b0000)
 concurrent mark-sweep generation total 393216K, used 16785K [0x00000007e2e00000, 0x00000007fae00000, 0x00000007fae00000)
 concurrent-mark-sweep perm gen total 31232K, used 31165K [0x00000007fae00000, 0x00000007fcc80000, 0x0000000800000000)
}
2016-05-08T22:22:07.599+0500: 13052.305: Total time for which application threads were stopped: 0.1823770 seconds
2016-05-08T22:22:07.625+0500: 13052.332: Total time for which application threads were stopped: 0.0002090 seconds
2016-05-08T22:22:07.626+0500: 13052.332: Total time for which application threads were stopped: 0.0002060 seconds
2016-05-08T22:22:07.626+0500: 13052.332: Total time for which application threads were stopped: 0.0000780 seconds
2016-05-08T22:22:07.626+0500: 13052.332: Total time for which application threads were stopped: 0.0000830 seconds
{Heap before GC invocations=259 (full 0):
 par new generation   total 109248K, used 95502K [0x00000007dae00000, 0x00000007e2e00000, 0x00000007e2e00000)
  eden space 87424K,  99% used [0x00000007dae00000, 0x00000007e035a598, 0x00000007e0360000)
  from space 21824K,  37% used [0x00000007e18b0000, 0x00000007e2099288, 0x00000007e2e00000)
  to   space 21824K,   0% used [0x00000007e0360000, 0x00000007e0360000, 0x00000007e18b0000)
 concurrent mark-sweep generation total 393216K, used 16785K [0x00000007e2e00000, 0x00000007fae00000, 0x00000007fae00000)
 concurrent-mark-sweep perm gen total 31232K, used 31165K [0x00000007fae00000, 0x00000007fcc80000, 0x0000000800000000)
2016-05-08T22:22:08.324+0500: 13053.030: [GC2016-05-08T22:22:08.324+0500: 13053.031: [ParNew
Desired survivor size 20112992 bytes, new threshold 8 (max 8)
- age   1:    3420648 bytes,    3420648 total
- age   2:    1758264 bytes,    5178912 total
- age   3:       2904 bytes,    5181816 total
- age   4:       2688 bytes,    5184504 total
- age   5:       9120 bytes,    5193624 total
- age   6:       9056 bytes,    5202680 total
- age   7:       2280 bytes,    5204960 total
- age   8:       3048 bytes,    5208008 total
: 95502K->6739K(109248K), 0.0177590 secs] 112287K->23526K(502464K), 0.0178870 secs] [Times: user=0.02 sys=0.00, real=0.02 secs] 
Heap after GC invocations=260 (full 0):
 par new generation   total 109248K, used 6739K [0x00000007dae00000, 0x00000007e2e00000, 0x00000007e2e00000)
  eden space 87424K,   0% used [0x00000007dae00000, 0x00000007dae00000, 0x00000007e0360000)
  from space 21824K,  30% used [0x00000007e0360000, 0x00000007e09f4d10, 0x00000007e18b0000)
  to   space 21824K,   0% used [0x00000007e18b0000, 0x00000007e18b0000, 0x00000007e2e00000)
 concurrent mark-sweep generation total 393216K, used 16787K [0x00000007e2e00000, 0x00000007fae00000, 0x00000007fae00000)
 concurrent-mark-sweep perm gen total 31232K, used 31165K [0x00000007fae00000, 0x00000007fcc80000, 0x0000000800000000)
}
2016-05-08T22:22:08.342+0500: 13053.048: Total time for which application threads were stopped: 0.0184810 seconds
{Heap before GC invocations=260 (full 0):
 par new generation   total 109248K, used 94163K [0x00000007dae00000, 0x00000007e2e00000, 0x00000007e2e00000)
  eden space 87424K, 100% used [0x00000007dae00000, 0x00000007e0360000, 0x00000007e0360000)
  from space 21824K,  30% used [0x00000007e0360000, 0x00000007e09f4d10, 0x00000007e18b0000)
  to   space 21824K,   0% used [0x00000007e18b0000, 0x00000007e18b0000, 0x00000007e2e00000)
 concurrent mark-sweep generation total 393216K, used 16787K [0x00000007e2e00000, 0x00000007fae00000, 0x00000007fae00000)
 concurrent-mark-sweep perm gen total 31232K, used 31165K [0x00000007fae00000, 0x00000007fcc80000, 0x0000000800000000)
2016-05-08T22:22:08.798+0500: 13053.504: [GC2016-05-08T22:22:08.798+0500: 13053.504: [ParNew
Desired survivor size 20112992 bytes, new threshold 8 (max 8)
- age   1:    3842536 bytes,    3842536 total
- age   2:      35248 bytes,    3877784 total
- age   3:       5976 bytes,    3883760 total
- age   4:       2880 bytes,    3886640 total
- age   5:       2664 bytes,    3889304 total
- age   6:       9120 bytes,    3898424 total
- age   7:       6776 bytes,    3905200 total
- age   8:       2280 bytes,    3907480 total
: 94163K->5548K(109248K), 0.0119420 secs] 110950K->22339K(502464K), 0.0120410 secs] [Times: user=0.01 sys=0.00, real=0.02 secs] 
Heap after GC invocations=261 (full 0):
 par new generation   total 109248K, used 5548K [0x00000007dae00000, 0x00000007e2e00000, 0x00000007e2e00000)
  eden space 87424K,   0% used [0x00000007dae00000, 0x00000007dae00000, 0x00000007e0360000)
  from space 21824K,  25% used [0x00000007e18b0000, 0x00000007e1e1b380, 0x00000007e2e00000)
  to   space 21824K,   0% used [0x00000007e0360000, 0x00000007e0360000, 0x00000007e18b0000)
 concurrent mark-sweep generation total 393216K, used 16790K [0x00000007e2e00000, 0x00000007fae00000, 0x00000007fae00000)
 concurrent-mark-sweep perm gen total 31232K, used 31165K [0x00000007fae00000, 0x00000007fcc80000, 0x0000000800000000)
}
2016-05-08T22:22:08.810+0500: 13053.516: Total time for which application threads were stopped: 0.0123290 seconds
{Heap before GC invocations=261 (full 0):
 par new generation   total 109248K, used 92949K [0x00000007dae00000, 0x00000007e2e00000, 0x00000007e2e00000)
  eden space 87424K,  99% used [0x00000007dae00000, 0x00000007e035a378, 0x00000007e0360000)
  from space 21824K,  25% used [0x00000007e18b0000, 0x00000007e1e1b380, 0x00000007e2e00000)
  to   space 21824K,   0% used [0x00000007e0360000, 0x00000007e0360000, 0x00000007e18b0000)
 concurrent mark-sweep generation total 393216K, used 16790K [0x00000007e2e00000, 0x00000007fae00000, 0x00000007fae00000)
 concurrent-mark-sweep perm gen total 31232K, used 31165K [0x00000007fae00000, 0x00000007fcc80000, 0x0000000800000000)
2016-05-08T22:22:09.450+0500: 13054.156: [GC2016-05-08T22:22:09.450+0500: 13054.156: [ParNew
Desired survivor size 20112992 bytes, new threshold 8 (max 8)
- age   1:    3460672 bytes,    3460672 total
- age   2:     425200 bytes,    3885872 total
- age   3:       3128 bytes,    3889000 total
- age   4:       2568 bytes,    3891568 total
- age   5:       2880 bytes,    3894448 total
- age   6:       2664 bytes,    3897112 total
- age   7:       9096 bytes,    3906208 total
- age   8:       6776 bytes,    3912984 total
: 92949K->4949K(109248K), 0.0101020 secs] 109740K->21742K(502464K), 0.0102080 secs] [Times: user=0.02 sys=0.00, real=0.01 secs] 
Heap after GC invocations=262 (full 0):
 par new generation   total 109248K, used 4949K [0x00000007dae00000, 0x00000007e2e00000, 0x00000007e2e00000)
  eden space 87424K,   0% used [0x00000007dae00000, 0x00000007dae00000, 0x00000007e0360000)
  from space 21824K,  22% used [0x00000007e0360000, 0x00000007e08355a0, 0x00000007e18b0000)
  to   space 21824K,   0% used [0x00000007e18b0000, 0x00000007e18b0000, 0x00000007e2e00000)
 concurrent mark-sweep generation total 393216K, used 16792K [0x00000007e2e00000, 0x00000007fae00000, 0x00000007fae00000)
 concurrent-mark-sweep perm gen total 31232K, used 31165K [0x00000007fae00000, 0x00000007fcc80000, 0x0000000800000000)
}
2016-05-08T22:22:09.460+0500: 13054.167: Total time for which application threads were stopped: 0.0106980 seconds
{Heap before GC invocations=262 (full 0):
 par new generation   total 109248K, used 92373K [0x00000007dae00000, 0x00000007e2e00000, 0x00000007e2e00000)
  eden space 87424K, 100% used [0x00000007dae00000, 0x00000007e0360000, 0x00000007e0360000)
  from space 21824K,  22% used [0x00000007e0360000, 0x00000007e08355a0, 0x00000007e18b0000)
  to   space 21824K,   0% used [0x00000007e18b0000, 0x00000007e18b0000, 0x00000007e2e00000)
 concurrent mark-sweep generation total 393216K, used 16792K [0x00000007e2e00000, 0x00000007fae00000, 0x00000007fae00000)
 concurrent-mark-sweep perm gen total 31232K, used 31165K [0x00000007fae00000, 0x00000007fcc80000, 0x0000000800000000)
2016-05-08T22:22:09.785+0500: 13054.491: [GC2016-05-08T22:22:09.785+0500: 13054.491: [ParNew
Desired survivor size 20112992 bytes, new threshold 8 (max 8)
- age   1:    4363608 bytes,    4363608 total
- age   2:     704888 bytes,    5068496 total
- age   3:       5992 bytes,    5074488 total
- age   4:       3128 bytes,    5077616 total
- age   5:       2568 bytes,    5080184 total
- age   6:       2856 bytes,    5083040 total
- age   7:       2664 bytes,    5085704 total
- age   8:       9096 bytes,    5094800 total
: 92373K->6332K(109248K), 0.0581040 secs] 109166K->23132K(502464K), 0.0582160 secs] [Times: user=0.09 sys=0.01, real=0.06 secs] 
Heap after GC invocations=263 (full 0):
 par new generation   total 109248K, used 6332K [0x00000007dae00000, 0x00000007e2e00000, 0x00000007e2e00000)
  eden space 87424K,   0% used [0x00000007dae00000, 0x00000007dae00000, 0x00000007e0360000)
  from space 21824K,  29% used [0x00000007e18b0000, 0x00000007e1edf300, 0x00000007e2e00000)
  to   space 21824K,   0% used [0x00000007e0360000, 0x00000007e0360000, 0x00000007e18b0000)
 concurrent mark-sweep generation total 393216K, used 16799K [0x00000007e2e00000, 0x00000007fae00000, 0x00000007fae00000)
 concurrent-mark-sweep perm gen total 31232K, used 31165K [0x00000007fae00000, 0x00000007fcc80000, 0x0000000800000000)
}
2016-05-08T22:22:09.843+0500: 13054.550: Total time for which application threads were stopped: 0.0585000 seconds
2016-05-08T22:22:09.914+0500: 13054.620: Total time for which application threads were stopped: 0.0001650 seconds
{Heap before GC invocations=263 (full 0):
 par new generation   total 109248K, used 93756K [0x00000007dae00000, 0x00000007e2e00000, 0x00000007e2e00000)
  eden space 87424K, 100% used [0x00000007dae00000, 0x00000007e0360000, 0x00000007e0360000)
  from space 21824K,  29% used [0x00000007e18b0000, 0x00000007e1edf300, 0x00000007e2e00000)
  to   space 21824K,   0% used [0x00000007e0360000, 0x00000007e0360000, 0x00000007e18b0000)
 concurrent mark-sweep generation total 393216K, used 16799K [0x00000007e2e00000, 0x00000007fae00000, 0x00000007fae00000)
 concurrent-mark-sweep perm gen total 31232K, used 31165K [0x00000007fae00000, 0x00000007fcc80000, 0x0000000800000000)
2016-05-08T22:22:10.481+0500: 13055.187: [GC2016-05-08T22:22:10.481+0500: 13055.188: [ParNew
Desired survivor size 20112992 bytes, new threshold 8 (max 8)
- age   1:    3588680 bytes,    3588680 total
- age   2:      23824 bytes,    3612504 total
- age   3:       2832 bytes,    3615336 total
- age   4:       4704 bytes,    3620040 total
- age   5:       2976 bytes,    3623016 total
- age   6:       2568 bytes,    3625584 total
- age   7:       2856 bytes,    3628440 total
- age   8:       2664 bytes,    3631104 total
: 93756K->5237K(109248K), 0.0096240 secs] 110556K->22046K(502464K), 0.0100140 secs] [Times: user=0.01 sys=0.00, real=0.01 secs] 
Heap after GC invocations=264 (full 0):
 par new generation   total 109248K, used 5237K [0x00000007dae00000, 0x00000007e2e00000, 0x00000007e2e00000)
  eden space 87424K,   0% used [0x00000007dae00000, 0x00000007dae00000, 0x00000007e0360000)
  from space 21824K,  23% used [0x00000007e0360000, 0x00000007e087d558, 0x00000007e18b0000)
  to   space 21824K,   0% used [0x00000007e18b0000, 0x00000007e18b0000, 0x00000007e2e00000)
 concurrent mark-sweep generation total 393216K, used 16809K [0x00000007e2e00000, 0x00000007fae00000, 0x00000007fae00000)
 concurrent-mark-sweep perm gen total 31232K, used 31165K [0x00000007fae00000, 0x00000007fcc80000, 0x0000000800000000)
}
2016-05-08T22:22:10.491+0500: 13055.197: Total time for which application threads were stopped: 0.0105490 seconds
{Heap before GC invocations=264 (full 0):
 par new generation   total 109248K, used 92661K [0x00000007dae00000, 0x00000007e2e00000, 0x00000007e2e00000)
  eden space 87424K, 100% used [0x00000007dae00000, 0x00000007e0360000, 0x00000007e0360000)
  from space 21824K,  23% used [0x00000007e0360000, 0x00000007e087d558, 0x00000007e18b0000)
  to   space 21824K,   0% used [0x00000007e18b0000, 0x00000007e18b0000, 0x00000007e2e00000)
 concurrent mark-sweep generation total 393216K, used 16809K [0x00000007e2e00000, 0x00000007fae00000, 0x00000007fae00000)
 concurrent-mark-sweep perm gen total 31232K, used 31165K [0x00000007fae00000, 0x00000007fcc80000, 0x0000000800000000)
2016-05-08T22:22:10.813+0500: 13055.519: [GC2016-05-08T22:22:10.813+0500: 13055.519: [ParNew
Desired survivor size 20112992 bytes, new threshold 8 (max 8)
- age   1:    3706520 bytes,    3706520 total
- age   2:     446424 bytes,    4152944 total
- age   3:       2256 bytes,    4155200 total
- age   4:       2832 bytes,    4158032 total
- age   5:       4704 bytes,    4162736 total
- age   6:       2976 bytes,    4165712 total
- age   7:       2568 bytes,    4168280 total
- age   8:       2832 bytes,    4171112 total
: 92661K->5133K(109248K), 0.0098840 secs] 109470K->21944K(502464K), 0.0099770 secs] [Times: user=0.02 sys=0.00, real=0.01 secs] 
Heap after GC invocations=265 (full 0):
 par new generation   total 109248K, used 5133K [0x00000007dae00000, 0x00000007e2e00000, 0x00000007e2e00000)
  eden space 87424K,   0% used [0x00000007dae00000, 0x00000007dae00000, 0x00000007e0360000)
  from space 21824K,  23% used [0x00000007e18b0000, 0x00000007e1db34d0, 0x00000007e2e00000)
  to   space 21824K,   0% used [0x00000007e0360000, 0x00000007e0360000, 0x00000007e18b0000)
 concurrent mark-sweep generation total 393216K, used 16811K [0x00000007e2e00000, 0x00000007fae00000, 0x00000007fae00000)
 concurrent-mark-sweep perm gen total 31232K, used 31165K [0x00000007fae00000, 0x00000007fcc80000, 0x0000000800000000)
}
2016-05-08T22:22:10.823+0500: 13055.529: Total time for which application threads were stopped: 0.0103940 seconds
{Heap before GC invocations=265 (full 0):
 par new generation   total 109248K, used 92557K [0x00000007dae00000, 0x00000007e2e00000, 0x00000007e2e00000)
  eden space 87424K, 100% used [0x00000007dae00000, 0x00000007e0360000, 0x00000007e0360000)
  from space 21824K,  23% used [0x00000007e18b0000, 0x00000007e1db34d0, 0x00000007e2e00000)
  to   space 21824K,   0% used [0x00000007e0360000, 0x00000007e0360000, 0x00000007e18b0000)
 concurrent mark-sweep generation total 393216K, used 16811K [0x00000007e2e00000, 0x00000007fae00000, 0x00000007fae00000)
 concurrent-mark-sweep perm gen total 31232K, used 31165K [0x00000007fae00000, 0x00000007fcc80000, 0x0000000800000000)
2016-05-08T22:22:11.493+0500: 13056.200: [GC2016-05-08T22:22:11.493+0500: 13056.200: [ParNew
Desired survivor size 20112992 bytes, new threshold 8 (max 8)
- age   1:    4193632 bytes,    4193632 total
- age   2:     930136 bytes,    5123768 total
- age   3:       2024 bytes,    5125792 total
- age   4:       2232 bytes,    5128024 total
- age   5:       2832 bytes,    5130856 total
- age   6:       4704 bytes,    5135560 total
- age   7:       2976 bytes,    5138536 total
- age   8:       2568 bytes,    5141104 total
: 92557K->7055K(109248K), 0.0130770 secs] 109368K->23870K(502464K), 0.0132430 secs] [Times: user=0.02 sys=0.00, real=0.01 secs] 
Heap after GC invocations=266 (full 0):
 par new generation   total 109248K, used 7055K [0x00000007dae00000, 0x00000007e2e00000, 0x00000007e2e00000)
  eden space 87424K,   0% used [0x00000007dae00000, 0x00000007dae00000, 0x00000007e0360000)
  from space 21824K,  32% used [0x00000007e0360000, 0x00000007e0a43e98, 0x00000007e18b0000)
  to   space 21824K,   0% used [0x00000007e18b0000, 0x00000007e18b0000, 0x00000007e2e00000)
 concurrent mark-sweep generation total 393216K, used 16814K [0x00000007e2e00000, 0x00000007fae00000, 0x00000007fae00000)
 concurrent-mark-sweep perm gen total 31232K, used 31165K [0x00000007fae00000, 0x00000007fcc80000, 0x0000000800000000)
}
2016-05-08T22:22:11.507+0500: 13056.213: Total time for which application threads were stopped: 0.0137920 seconds
{Heap before GC invocations=266 (full 0):
 par new generation   total 109248K, used 94479K [0x00000007dae00000, 0x00000007e2e00000, 0x00000007e2e00000)
  eden space 87424K, 100% used [0x00000007dae00000, 0x00000007e0360000, 0x00000007e0360000)
  from space 21824K,  32% used [0x00000007e0360000, 0x00000007e0a43e98, 0x00000007e18b0000)
  to   space 21824K,   0% used [0x00000007e18b0000, 0x00000007e18b0000, 0x00000007e2e00000)
 concurrent mark-sweep generation total 393216K, used 16814K [0x00000007e2e00000, 0x00000007fae00000, 0x00000007fae00000)
 concurrent-mark-sweep perm gen total 31232K, used 31165K [0x00000007fae00000, 0x00000007fcc80000, 0x0000000800000000)
2016-05-08T22:22:12.100+0500: 13056.806: [GC2016-05-08T22:22:12.100+0500: 13056.806: [ParNew
Desired survivor size 20112992 bytes, new threshold 8 (max 8)
- age   1:    3559552 bytes,    3559552 total
- age   2:    1666560 bytes,    5226112 total
- age   3:       8248 bytes,    5234360 total
- age   4:       2024 bytes,    5236384 total
- age   5:       2208 bytes,    5238592 total
- age   6:       2832 bytes,    5241424 total
- age   7:       4704 bytes,    5246128 total
- age   8:       2976 bytes,    5249104 total
: 94479K->6666K(109248K), 0.0417720 secs] 111294K->23483K(502464K), 0.0418840 secs] [Times: user=0.06 sys=0.00, real=0.04 secs] 
Heap after GC invocations=267 (full 0):
 par new generation   total 109248K, used 6666K [0x00000007dae00000, 0x00000007e2e00000, 0x00000007e2e00000)
  eden space 87424K,   0% used [0x00000007dae00000, 0x00000007dae00000, 0x00000007e0360000)
  from space 21824K,  30% used [0x00000007e18b0000, 0x00000007e1f32a40, 0x00000007e2e00000)
  to   space 21824K,   0% used [0x00000007e0360000, 0x00000007e0360000, 0x00000007e18b0000)
 concurrent mark-sweep generation total 393216K, used 16816K [0x00000007e2e00000, 0x00000007fae00000, 0x00000007fae00000)
 concurrent-mark-sweep perm gen total 31232K, used 31165K [0x00000007fae00000, 0x00000007fcc80000, 0x0000000800000000)
}
2016-05-08T22:22:12.142+0500: 13056.848: Total time for which application threads were stopped: 0.0423850 seconds
{Heap before GC invocations=267 (full 0):
 par new generation   total 109248K, used 94090K [0x00000007dae00000, 0x00000007e2e00000, 0x00000007e2e00000)
  eden space 87424K, 100% used [0x00000007dae00000, 0x00000007e0360000, 0x00000007e0360000)
  from space 21824K,  30% used [0x00000007e18b0000, 0x00000007e1f32a40, 0x00000007e2e00000)
  to   space 21824K,   0% used [0x00000007e0360000, 0x00000007e0360000, 0x00000007e18b0000)
 concurrent mark-sweep generation total 393216K, used 16816K [0x00000007e2e00000, 0x00000007fae00000, 0x00000007fae00000)
 concurrent-mark-sweep perm gen total 31232K, used 31165K [0x00000007fae00000, 0x00000007fcc80000, 0x0000000800000000)
2016-05-08T22:22:12.621+0500: 13057.327: [GC2016-05-08T22:22:12.621+0500: 13057.327: [ParNew
Desired survivor size 20112992 bytes, new threshold 8 (max 8)
- age   1:    3345680 bytes,    3345680 total
- age   2:    1680984 bytes,    5026664 total
- age   3:       4720 bytes,    5031384 total
- age   4:       2208 bytes,    5033592 total
- age   5:       1872 bytes,    5035464 total
- age   6:       2208 bytes,    5037672 total
- age   7:       2832 bytes,    5040504 total
- age   8:       2424 bytes,    5042928 total
: 94090K->7119K(109248K), 0.0111450 secs] 110907K->23939K(502464K), 0.0112490 secs] [Times: user=0.02 sys=0.01, real=0.01 secs] 
Heap after GC invocations=268 (full 0):
 par new generation   total 109248K, used 7119K [0x00000007dae00000, 0x00000007e2e00000, 0x00000007e2e00000)
  eden space 87424K,   0% used [0x00000007dae00000, 0x00000007dae00000, 0x00000007e0360000)
  from space 21824K,  32% used [0x00000007e0360000, 0x00000007e0a53e50, 0x00000007e18b0000)
  to   space 21824K,   0% used [0x00000007e18b0000, 0x00000007e18b0000, 0x00000007e2e00000)
 concurrent mark-sweep generation total 393216K, used 16819K [0x00000007e2e00000, 0x00000007fae00000, 0x00000007fae00000)
 concurrent-mark-sweep perm gen total 31232K, used 31165K [0x00000007fae00000, 0x00000007fcc80000, 0x0000000800000000)
}
2016-05-08T22:22:12.632+0500: 13057.338: Total time for which application threads were stopped: 0.0117350 seconds
{Heap before GC invocations=268 (full 0):
 par new generation   total 109248K, used 94543K [0x00000007dae00000, 0x00000007e2e00000, 0x00000007e2e00000)
  eden space 87424K, 100% used [0x00000007dae00000, 0x00000007e0360000, 0x00000007e0360000)
  from space 21824K,  32% used [0x00000007e0360000, 0x00000007e0a53e50, 0x00000007e18b0000)
  to   space 21824K,   0% used [0x00000007e18b0000, 0x00000007e18b0000, 0x00000007e2e00000)
 concurrent mark-sweep generation total 393216K, used 16819K [0x00000007e2e00000, 0x00000007fae00000, 0x00000007fae00000)
 concurrent-mark-sweep perm gen total 31232K, used 31165K [0x00000007fae00000, 0x00000007fcc80000, 0x0000000800000000)
2016-05-08T22:22:14.086+0500: 13058.793: [GC2016-05-08T22:22:14.101+0500: 13058.808: [ParNew
Desired survivor size 20112992 bytes, new threshold 8 (max 8)
- age   1:    3561792 bytes,    3561792 total
- age   2:      34440 bytes,    3596232 total
- age   3:       7008 bytes,    3603240 total
- age   4:       3408 bytes,    3606648 total
- age   5:       2208 bytes,    3608856 total
- age   6:       1872 bytes,    3610728 total
- age   7:       2208 bytes,    3612936 total
- age   8:       2832 bytes,    3615768 total
: 94543K->5180K(109248K), 0.0135930 secs] 111363K->22002K(502464K), 0.0284180 secs] [Times: user=0.01 sys=0.00, real=0.03 secs] 
Heap after GC invocations=269 (full 0):
 par new generation   total 109248K, used 5180K [0x00000007dae00000, 0x00000007e2e00000, 0x00000007e2e00000)
  eden space 87424K,   0% used [0x00000007dae00000, 0x00000007dae00000, 0x00000007e0360000)
  from space 21824K,  23% used [0x00000007e18b0000, 0x00000007e1dbf030, 0x00000007e2e00000)
  to   space 21824K,   0% used [0x00000007e0360000, 0x00000007e0360000, 0x00000007e18b0000)
 concurrent mark-sweep generation total 393216K, used 16822K [0x00000007e2e00000, 0x00000007fae00000, 0x00000007fae00000)
 concurrent-mark-sweep perm gen total 31232K, used 31165K [0x00000007fae00000, 0x00000007fcc80000, 0x0000000800000000)
}
2016-05-08T22:22:14.115+0500: 13058.821: Total time for which application threads were stopped: 0.0291510 seconds
{Heap before GC invocations=269 (full 0):
 par new generation   total 109248K, used 92600K [0x00000007dae00000, 0x00000007e2e00000, 0x00000007e2e00000)
  eden space 87424K,  99% used [0x00000007dae00000, 0x00000007e035f110, 0x00000007e0360000)
  from space 21824K,  23% used [0x00000007e18b0000, 0x00000007e1dbf030, 0x00000007e2e00000)
  to   space 21824K,   0% used [0x00000007e0360000, 0x00000007e0360000, 0x00000007e18b0000)
 concurrent mark-sweep generation total 393216K, used 16822K [0x00000007e2e00000, 0x00000007fae00000, 0x00000007fae00000)
 concurrent-mark-sweep perm gen total 31232K, used 31165K [0x00000007fae00000, 0x00000007fcc80000, 0x0000000800000000)
2016-05-08T22:22:15.298+0500: 13060.004: [GC2016-05-08T22:22:15.298+0500: 13060.005: [ParNew
Desired survivor size 20112992 bytes, new threshold 8 (max 8)
- age   1:    4821344 bytes,    4821344 total
- age   2:     515248 bytes,    5336592 total
- age   3:       5248 bytes,    5341840 total
- age   4:       5720 bytes,    5347560 total
- age   5:       3408 bytes,    5350968 total
- age   6:       2208 bytes,    5353176 total
- age   7:       1872 bytes,    5355048 total
- age   8:       2208 bytes,    5357256 total
: 92600K->6607K(109248K), 0.1353860 secs] 109422K->23432K(502464K), 0.1355070 secs] [Times: user=0.16 sys=0.01, real=0.14 secs] 
Heap after GC invocations=270 (full 0):
 par new generation   total 109248K, used 6607K [0x00000007dae00000, 0x00000007e2e00000, 0x00000007e2e00000)
  eden space 87424K,   0% used [0x00000007dae00000, 0x00000007dae00000, 0x00000007e0360000)
  from space 21824K,  30% used [0x00000007e0360000, 0x00000007e09d3fa0, 0x00000007e18b0000)
  to   space 21824K,   0% used [0x00000007e18b0000, 0x00000007e18b0000, 0x00000007e2e00000)
 concurrent mark-sweep generation total 393216K, used 16824K [0x00000007e2e00000, 0x00000007fae00000, 0x00000007fae00000)
 concurrent-mark-sweep perm gen total 31232K, used 31165K [0x00000007fae00000, 0x00000007fcc80000, 0x0000000800000000)
}
2016-05-08T22:22:15.434+0500: 13060.140: Total time for which application threads were stopped: 0.1360690 seconds
{Heap before GC invocations=270 (full 0):
 par new generation   total 109248K, used 94031K [0x00000007dae00000, 0x00000007e2e00000, 0x00000007e2e00000)
  eden space 87424K, 100% used [0x00000007dae00000, 0x00000007e0360000, 0x00000007e0360000)
  from space 21824K,  30% used [0x00000007e0360000, 0x00000007e09d3fa0, 0x00000007e18b0000)
  to   space 21824K,   0% used [0x00000007e18b0000, 0x00000007e18b0000, 0x00000007e2e00000)
 concurrent mark-sweep generation total 393216K, used 16824K [0x00000007e2e00000, 0x00000007fae00000, 0x00000007fae00000)
 concurrent-mark-sweep perm gen total 31232K, used 31165K [0x00000007fae00000, 0x00000007fcc80000, 0x0000000800000000)
2016-05-08T22:22:17.568+0500: 13062.274: [GC2016-05-08T22:22:17.568+0500: 13062.274: [ParNew
Desired survivor size 20112992 bytes, new threshold 8 (max 8)
- age   1:    3332696 bytes,    3332696 total
- age   2:    1837288 bytes,    5169984 total
- age   3:       4256 bytes,    5174240 total
- age   4:       5224 bytes,    5179464 total
- age   5:       5720 bytes,    5185184 total
- age   6:       3408 bytes,    5188592 total
- age   7:       2208 bytes,    5190800 total
- age   8:       1872 bytes,    5192672 total
: 94031K->7064K(109248K), 0.0130170 secs] 110856K->23891K(502464K), 0.0132270 secs] [Times: user=0.02 sys=0.00, real=0.02 secs] 
Heap after GC invocations=271 (full 0):
 par new generation   total 109248K, used 7064K [0x00000007dae00000, 0x00000007e2e00000, 0x00000007e2e00000)
  eden space 87424K,   0% used [0x00000007dae00000, 0x00000007dae00000, 0x00000007e0360000)
  from space 21824K,  32% used [0x00000007e18b0000, 0x00000007e1f96100, 0x00000007e2e00000)
  to   space 21824K,   0% used [0x00000007e0360000, 0x00000007e0360000, 0x00000007e18b0000)
 concurrent mark-sweep generation total 393216K, used 16827K [0x00000007e2e00000, 0x00000007fae00000, 0x00000007fae00000)
 concurrent-mark-sweep perm gen total 31232K, used 31165K [0x00000007fae00000, 0x00000007fcc80000, 0x0000000800000000)
}
2016-05-08T22:22:17.582+0500: 13062.288: Total time for which application threads were stopped: 0.0139680 seconds
{Heap before GC invocations=271 (full 0):
 par new generation   total 109248K, used 94488K [0x00000007dae00000, 0x00000007e2e00000, 0x00000007e2e00000)
  eden space 87424K, 100% used [0x00000007dae00000, 0x00000007e0360000, 0x00000007e0360000)
  from space 21824K,  32% used [0x00000007e18b0000, 0x00000007e1f96100, 0x00000007e2e00000)
  to   space 21824K,   0% used [0x00000007e0360000, 0x00000007e0360000, 0x00000007e18b0000)
 concurrent mark-sweep generation total 393216K, used 16827K [0x00000007e2e00000, 0x00000007fae00000, 0x00000007fae00000)
 concurrent-mark-sweep perm gen total 31232K, used 31165K [0x00000007fae00000, 0x00000007fcc80000, 0x0000000800000000)
2016-05-08T22:22:18.174+0500: 13062.881: [GC2016-05-08T22:22:18.174+0500: 13062.881: [ParNew
Desired survivor size 20112992 bytes, new threshold 8 (max 8)
- age   1:    2893536 bytes,    2893536 total
- age   2:      15536 bytes,    2909072 total
- age   3:       1128 bytes,    2910200 total
- age   4:       1992 bytes,    2912192 total
- age   5:       5088 bytes,    2917280 total
- age   6:       5696 bytes,    2922976 total
- age   7:       3408 bytes,    2926384 total
- age   8:       2208 bytes,    2928592 total
: 94488K->4306K(109248K), 0.0084240 secs] 111315K->21135K(502464K), 0.0085390 secs] [Times: user=0.01 sys=0.00, real=0.01 secs] 
Heap after GC invocations=272 (full 0):
 par new generation   total 109248K, used 4306K [0x00000007dae00000, 0x00000007e2e00000, 0x00000007e2e00000)
  eden space 87424K,   0% used [0x00000007dae00000, 0x00000007dae00000, 0x00000007e0360000)
  from space 21824K,  19% used [0x00000007e0360000, 0x00000007e0794838, 0x00000007e18b0000)
  to   space 21824K,   0% used [0x00000007e18b0000, 0x00000007e18b0000, 0x00000007e2e00000)
 concurrent mark-sweep generation total 393216K, used 16828K [0x00000007e2e00000, 0x00000007fae00000, 0x00000007fae00000)
 concurrent-mark-sweep perm gen total 31232K, used 31165K [0x00000007fae00000, 0x00000007fcc80000, 0x0000000800000000)
}
2016-05-08T22:22:18.183+0500: 13062.889: Total time for which application threads were stopped: 0.0089570 seconds
{Heap before GC invocations=272 (full 0):
 par new generation   total 109248K, used 91730K [0x00000007dae00000, 0x00000007e2e00000, 0x00000007e2e00000)
  eden space 87424K, 100% used [0x00000007dae00000, 0x00000007e0360000, 0x00000007e0360000)
  from space 21824K,  19% used [0x00000007e0360000, 0x00000007e0794838, 0x00000007e18b0000)
  to   space 21824K,   0% used [0x00000007e18b0000, 0x00000007e18b0000, 0x00000007e2e00000)
 concurrent mark-sweep generation total 393216K, used 16828K [0x00000007e2e00000, 0x00000007fae00000, 0x00000007fae00000)
 concurrent-mark-sweep perm gen total 31232K, used 31165K [0x00000007fae00000, 0x00000007fcc80000, 0x0000000800000000)
2016-05-08T22:22:18.665+0500: 13063.371: [GC2016-05-08T22:22:18.665+0500: 13063.371: [ParNew
Desired survivor size 20112992 bytes, new threshold 8 (max 8)
- age   1:    2986120 bytes,    2986120 total
- age   2:      15576 bytes,    3001696 total
- age   3:       4024 bytes,    3005720 total
- age   4:       1128 bytes,    3006848 total
- age   5:       1992 bytes,    3008840 total
- age   6:       5016 bytes,    3013856 total
- age   7:       5696 bytes,    3019552 total
- age   8:       3384 bytes,    3022936 total
: 91730K->3649K(109248K), 0.0093870 secs] 108559K->20481K(502464K), 0.0094790 secs] [Times: user=0.02 sys=0.00, real=0.01 secs] 
Heap after GC invocations=273 (full 0):
 par new generation   total 109248K, used 3649K [0x00000007dae00000, 0x00000007e2e00000, 0x00000007e2e00000)
  eden space 87424K,   0% used [0x00000007dae00000, 0x00000007dae00000, 0x00000007e0360000)
  from space 21824K,  16% used [0x00000007e18b0000, 0x00000007e1c407e0, 0x00000007e2e00000)
  to   space 21824K,   0% used [0x00000007e0360000, 0x00000007e0360000, 0x00000007e18b0000)
 concurrent mark-sweep generation total 393216K, used 16831K [0x00000007e2e00000, 0x00000007fae00000, 0x00000007fae00000)
 concurrent-mark-sweep perm gen total 31232K, used 31165K [0x00000007fae00000, 0x00000007fcc80000, 0x0000000800000000)
}
2016-05-08T22:22:18.674+0500: 13063.381: Total time for which application threads were stopped: 0.0097250 seconds
{Heap before GC invocations=273 (full 0):
 par new generation   total 109248K, used 91067K [0x00000007dae00000, 0x00000007e2e00000, 0x00000007e2e00000)
  eden space 87424K,  99% used [0x00000007dae00000, 0x00000007e035e6c0, 0x00000007e0360000)
  from space 21824K,  16% used [0x00000007e18b0000, 0x00000007e1c407e0, 0x00000007e2e00000)
  to   space 21824K,   0% used [0x00000007e0360000, 0x00000007e0360000, 0x00000007e18b0000)
 concurrent mark-sweep generation total 393216K, used 16831K [0x00000007e2e00000, 0x00000007fae00000, 0x00000007fae00000)
 concurrent-mark-sweep perm gen total 31232K, used 31165K [0x00000007fae00000, 0x00000007fcc80000, 0x0000000800000000)
2016-05-08T22:22:19.187+0500: 13063.893: [GC2016-05-08T22:22:19.187+0500: 13063.893: [ParNew
Desired survivor size 20112992 bytes, new threshold 8 (max 8)
- age   1:    4579840 bytes,    4579840 total
- age   2:      22120 bytes,    4601960 total
- age   3:       2760 bytes,    4604720 total
- age   4:       4024 bytes,    4608744 total
- age   5:       1128 bytes,    4609872 total
- age   6:       1992 bytes,    4611864 total
- age   7:       2736 bytes,    4614600 total
- age   8:       5672 bytes,    4620272 total
: 91067K->5369K(109248K), 0.0117890 secs] 107898K->22204K(502464K), 0.0119220 secs] [Times: user=0.02 sys=0.00, real=0.01 secs] 
Heap after GC invocations=274 (full 0):
 par new generation   total 109248K, used 5369K [0x00000007dae00000, 0x00000007e2e00000, 0x00000007e2e00000)
  eden space 87424K,   0% used [0x00000007dae00000, 0x00000007dae00000, 0x00000007e0360000)
  from space 21824K,  24% used [0x00000007e0360000, 0x00000007e089e690, 0x00000007e18b0000)
  to   space 21824K,   0% used [0x00000007e18b0000, 0x00000007e18b0000, 0x00000007e2e00000)
 concurrent mark-sweep generation total 393216K, used 16834K [0x00000007e2e00000, 0x00000007fae00000, 0x00000007fae00000)
 concurrent-mark-sweep perm gen total 31232K, used 31165K [0x00000007fae00000, 0x00000007fcc80000, 0x0000000800000000)
}
2016-05-08T22:22:19.199+0500: 13063.905: Total time for which application threads were stopped: 0.0125320 seconds
{Heap before GC invocations=274 (full 0):
 par new generation   total 109248K, used 92793K [0x00000007dae00000, 0x00000007e2e00000, 0x00000007e2e00000)
  eden space 87424K, 100% used [0x00000007dae00000, 0x00000007e0360000, 0x00000007e0360000)
  from space 21824K,  24% used [0x00000007e0360000, 0x00000007e089e690, 0x00000007e18b0000)
  to   space 21824K,   0% used [0x00000007e18b0000, 0x00000007e18b0000, 0x00000007e2e00000)
 concurrent mark-sweep generation total 393216K, used 16834K [0x00000007e2e00000, 0x00000007fae00000, 0x00000007fae00000)
 concurrent-mark-sweep perm gen total 31232K, used 31165K [0x00000007fae00000, 0x00000007fcc80000, 0x0000000800000000)
2016-05-08T22:22:19.717+0500: 13064.423: [GC2016-05-08T22:22:19.717+0500: 13064.423: [ParNew
Desired survivor size 20112992 bytes, new threshold 8 (max 8)
- age   1:    3921544 bytes,    3921544 total
- age   2:    1435664 bytes,    5357208 total
- age   3:       4096 bytes,    5361304 total
- age   4:       2760 bytes,    5364064 total
- age   5:       4024 bytes,    5368088 total
- age   6:       1128 bytes,    5369216 total
- age   7:       1992 bytes,    5371208 total
- age   8:       2736 bytes,    5373944 total
: 92793K->8128K(109248K), 0.0312130 secs] 109628K->24969K(502464K), 0.0313260 secs] [Times: user=0.04 sys=0.01, real=0.03 secs] 
Heap after GC invocations=275 (full 0):
 par new generation   total 109248K, used 8128K [0x00000007dae00000, 0x00000007e2e00000, 0x00000007e2e00000)
  eden space 87424K,   0% used [0x00000007dae00000, 0x00000007dae00000, 0x00000007e0360000)
  from space 21824K,  37% used [0x00000007e18b0000, 0x00000007e20a0300, 0x00000007e2e00000)
  to   space 21824K,   0% used [0x00000007e0360000, 0x00000007e0360000, 0x00000007e18b0000)
 concurrent mark-sweep generation total 393216K, used 16840K [0x00000007e2e00000, 0x00000007fae00000, 0x00000007fae00000)
 concurrent-mark-sweep perm gen total 31232K, used 31165K [0x00000007fae00000, 0x00000007fcc80000, 0x0000000800000000)
}
2016-05-08T22:22:19.748+0500: 13064.454: Total time for which application threads were stopped: 0.0320880 seconds
{Heap before GC invocations=275 (full 0):
 par new generation   total 109248K, used 95552K [0x00000007dae00000, 0x00000007e2e00000, 0x00000007e2e00000)
  eden space 87424K, 100% used [0x00000007dae00000, 0x00000007e0360000, 0x00000007e0360000)
  from space 21824K,  37% used [0x00000007e18b0000, 0x00000007e20a0300, 0x00000007e2e00000)
  to   space 21824K,   0% used [0x00000007e0360000, 0x00000007e0360000, 0x00000007e18b0000)
 concurrent mark-sweep generation total 393216K, used 16840K [0x00000007e2e00000, 0x00000007fae00000, 0x00000007fae00000)
 concurrent-mark-sweep perm gen total 31232K, used 31165K [0x00000007fae00000, 0x00000007fcc80000, 0x0000000800000000)
2016-05-08T22:22:20.208+0500: 13064.915: [GC2016-05-08T22:22:20.208+0500: 13064.915: [ParNew
Desired survivor size 20112992 bytes, new threshold 8 (max 8)
- age   1:    3194440 bytes,    3194440 total
- age   2:    1722408 bytes,    4916848 total
- age   3:       4296 bytes,    4921144 total
- age   4:       3120 bytes,    4924264 total
- age   5:       2760 bytes,    4927024 total
- age   6:       4024 bytes,    4931048 total
- age   7:       1128 bytes,    4932176 total
- age   8:       1992 bytes,    4934168 total
: 95552K->6227K(109248K), 0.0195570 secs] 112393K->23070K(502464K), 0.0196800 secs] [Times: user=0.02 sys=0.00, real=0.02 secs] 
Heap after GC invocations=276 (full 0):
 par new generation   total 109248K, used 6227K [0x00000007dae00000, 0x00000007e2e00000, 0x00000007e2e00000)
  eden space 87424K,   0% used [0x00000007dae00000, 0x00000007dae00000, 0x00000007e0360000)
  from space 21824K,  28% used [0x00000007e0360000, 0x00000007e0974e00, 0x00000007e18b0000)
  to   space 21824K,   0% used [0x00000007e18b0000, 0x00000007e18b0000, 0x00000007e2e00000)
 concurrent mark-sweep generation total 393216K, used 16842K [0x00000007e2e00000, 0x00000007fae00000, 0x00000007fae00000)
 concurrent-mark-sweep perm gen total 31232K, used 31165K [0x00000007fae00000, 0x00000007fcc80000, 0x0000000800000000)
}
2016-05-08T22:22:20.228+0500: 13064.934: Total time for which application threads were stopped: 0.0200150 seconds
{Heap before GC invocations=276 (full 0):
 par new generation   total 109248K, used 93646K [0x00000007dae00000, 0x00000007e2e00000, 0x00000007e2e00000)
  eden space 87424K,  99% used [0x00000007dae00000, 0x00000007e035ede0, 0x00000007e0360000)
  from space 21824K,  28% used [0x00000007e0360000, 0x00000007e0974e00, 0x00000007e18b0000)
  to   space 21824K,   0% used [0x00000007e18b0000, 0x00000007e18b0000, 0x00000007e2e00000)
 concurrent mark-sweep generation total 393216K, used 16842K [0x00000007e2e00000, 0x00000007fae00000, 0x00000007fae00000)
 concurrent-mark-sweep perm gen total 31232K, used 31165K [0x00000007fae00000, 0x00000007fcc80000, 0x0000000800000000)
2016-05-08T22:22:20.751+0500: 13065.457: [GC2016-05-08T22:22:20.751+0500: 13065.457: [ParNew
Desired survivor size 20112992 bytes, new threshold 8 (max 8)
- age   1:    3134064 bytes,    3134064 total
- age   2:    1713400 bytes,    4847464 total
- age   3:       4840 bytes,    4852304 total
- age   4:       4296 bytes,    4856600 total
- age   5:       3120 bytes,    4859720 total
- age   6:       2760 bytes,    4862480 total
- age   7:       4024 bytes,    4866504 total
- age   8:       1128 bytes,    4867632 total
: 93646K->6161K(109248K), 0.0139860 secs] 110489K->23006K(502464K), 0.0140870 secs] [Times: user=0.01 sys=0.00, real=0.01 secs] 
Heap after GC invocations=277 (full 0):
 par new generation   total 109248K, used 6161K [0x00000007dae00000, 0x00000007e2e00000, 0x00000007e2e00000)
  eden space 87424K,   0% used [0x00000007dae00000, 0x00000007dae00000, 0x00000007e0360000)
  from space 21824K,  28% used [0x00000007e18b0000, 0x00000007e1eb4780, 0x00000007e2e00000)
  to   space 21824K,   0% used [0x00000007e0360000, 0x00000007e0360000, 0x00000007e18b0000)
 concurrent mark-sweep generation total 393216K, used 16844K [0x00000007e2e00000, 0x00000007fae00000, 0x00000007fae00000)
 concurrent-mark-sweep perm gen total 31232K, used 31165K [0x00000007fae00000, 0x00000007fcc80000, 0x0000000800000000)
}
2016-05-08T22:22:20.765+0500: 13065.471: Total time for which application threads were stopped: 0.0146110 seconds
{Heap before GC invocations=277 (full 0):
 par new generation   total 109248K, used 93585K [0x00000007dae00000, 0x00000007e2e00000, 0x00000007e2e00000)
  eden space 87424K, 100% used [0x00000007dae00000, 0x00000007e0360000, 0x00000007e0360000)
  from space 21824K,  28% used [0x00000007e18b0000, 0x00000007e1eb4780, 0x00000007e2e00000)
  to   space 21824K,   0% used [0x00000007e0360000, 0x00000007e0360000, 0x00000007e18b0000)
 concurrent mark-sweep generation total 393216K, used 16844K [0x00000007e2e00000, 0x00000007fae00000, 0x00000007fae00000)
 concurrent-mark-sweep perm gen total 31232K, used 31165K [0x00000007fae00000, 0x00000007fcc80000, 0x0000000800000000)
2016-05-08T22:22:21.275+0500: 13065.981: [GC2016-05-08T22:22:21.275+0500: 13065.981: [ParNew
Desired survivor size 20112992 bytes, new threshold 8 (max 8)
- age   1:    3372928 bytes,    3372928 total
- age   2:    1713488 bytes,    5086416 total
- age   3:       4656 bytes,    5091072 total
- age   4:       3552 bytes,    5094624 total
- age   5:       4296 bytes,    5098920 total
- age   6:       3120 bytes,    5102040 total
- age   7:       2760 bytes,    5104800 total
- age   8:       4024 bytes,    5108824 total
: 93585K->6406K(109248K), 0.0142240 secs] 110430K->23252K(502464K), 0.0143330 secs] [Times: user=0.02 sys=0.01, real=0.01 secs] 
Heap after GC invocations=278 (full 0):
 par new generation   total 109248K, used 6406K [0x00000007dae00000, 0x00000007e2e00000, 0x00000007e2e00000)
  eden space 87424K,   0% used [0x00000007dae00000, 0x00000007dae00000, 0x00000007e0360000)
  from space 21824K,  29% used [0x00000007e0360000, 0x00000007e09a1a28, 0x00000007e18b0000)
  to   space 21824K,   0% used [0x00000007e18b0000, 0x00000007e18b0000, 0x00000007e2e00000)
 concurrent mark-sweep generation total 393216K, used 16845K [0x00000007e2e00000, 0x00000007fae00000, 0x00000007fae00000)
 concurrent-mark-sweep perm gen total 31232K, used 31165K [0x00000007fae00000, 0x00000007fcc80000, 0x0000000800000000)
}
2016-05-08T22:22:21.289+0500: 13065.995: Total time for which application threads were stopped: 0.0148990 seconds
{Heap before GC invocations=278 (full 0):
 par new generation   total 109248K, used 93830K [0x00000007dae00000, 0x00000007e2e00000, 0x00000007e2e00000)
  eden space 87424K, 100% used [0x00000007dae00000, 0x00000007e0360000, 0x00000007e0360000)
  from space 21824K,  29% used [0x00000007e0360000, 0x00000007e09a1a28, 0x00000007e18b0000)
  to   space 21824K,   0% used [0x00000007e18b0000, 0x00000007e18b0000, 0x00000007e2e00000)
 concurrent mark-sweep generation total 393216K, used 16845K [0x00000007e2e00000, 0x00000007fae00000, 0x00000007fae00000)
 concurrent-mark-sweep perm gen total 31232K, used 31165K [0x00000007fae00000, 0x00000007fcc80000, 0x0000000800000000)
2016-05-08T22:22:21.724+0500: 13066.431: [GC2016-05-08T22:22:21.724+0500: 13066.431: [ParNew
Desired survivor size 20112992 bytes, new threshold 8 (max 8)
- age   1:    3667560 bytes,    3667560 total
- age   2:    1803008 bytes,    5470568 total
- age   3:       6992 bytes,    5477560 total
- age   4:       4632 bytes,    5482192 total
- age   5:       3552 bytes,    5485744 total
- age   6:       4272 bytes,    5490016 total
- age   7:       3120 bytes,    5493136 total
- age   8:       2760 bytes,    5495896 total
: 93830K->6902K(109248K), 0.0256210 secs] 110676K->23752K(502464K), 0.0257290 secs] [Times: user=0.03 sys=0.00, real=0.03 secs] 
Heap after GC invocations=279 (full 0):
 par new generation   total 109248K, used 6902K [0x00000007dae00000, 0x00000007e2e00000, 0x00000007e2e00000)
  eden space 87424K,   0% used [0x00000007dae00000, 0x00000007dae00000, 0x00000007e0360000)
  from space 21824K,  31% used [0x00000007e18b0000, 0x00000007e1f6da88, 0x00000007e2e00000)
  to   space 21824K,   0% used [0x00000007e0360000, 0x00000007e0360000, 0x00000007e18b0000)
 concurrent mark-sweep generation total 393216K, used 16849K [0x00000007e2e00000, 0x00000007fae00000, 0x00000007fae00000)
 concurrent-mark-sweep perm gen total 31232K, used 31165K [0x00000007fae00000, 0x00000007fcc80000, 0x0000000800000000)
}
2016-05-08T22:22:21.750+0500: 13066.457: Total time for which application threads were stopped: 0.0260520 seconds
{Heap before GC invocations=279 (full 0):
 par new generation   total 109248K, used 94326K [0x00000007dae00000, 0x00000007e2e00000, 0x00000007e2e00000)
  eden space 87424K, 100% used [0x00000007dae00000, 0x00000007e0360000, 0x00000007e0360000)
  from space 21824K,  31% used [0x00000007e18b0000, 0x00000007e1f6da88, 0x00000007e2e00000)
  to   space 21824K,   0% used [0x00000007e0360000, 0x00000007e0360000, 0x00000007e18b0000)
 concurrent mark-sweep generation total 393216K, used 16849K [0x00000007e2e00000, 0x00000007fae00000, 0x00000007fae00000)
 concurrent-mark-sweep perm gen total 31232K, used 31165K [0x00000007fae00000, 0x00000007fcc80000, 0x0000000800000000)
2016-05-08T22:22:22.301+0500: 13067.008: [GC2016-05-08T22:22:22.301+0500: 13067.008: [ParNew
Desired survivor size 20112992 bytes, new threshold 8 (max 8)
- age   1:    3339192 bytes,    3339192 total
- age   2:    1893064 bytes,    5232256 total
- age   3:      12088 bytes,    5244344 total
- age   4:       3744 bytes,    5248088 total
- age   5:       4632 bytes,    5252720 total
- age   6:       3552 bytes,    5256272 total
- age   7:       1992 bytes,    5258264 total
- age   8:       3120 bytes,    5261384 total
: 94326K->7106K(109248K), 0.0111620 secs] 111176K->23959K(502464K), 0.0112480 secs] [Times: user=0.02 sys=0.00, real=0.01 secs] 
Heap after GC invocations=280 (full 0):
 par new generation   total 109248K, used 7106K [0x00000007dae00000, 0x00000007e2e00000, 0x00000007e2e00000)
  eden space 87424K,   0% used [0x00000007dae00000, 0x00000007dae00000, 0x00000007e0360000)
  from space 21824K,  32% used [0x00000007e0360000, 0x00000007e0a509f0, 0x00000007e18b0000)
  to   space 21824K,   0% used [0x00000007e18b0000, 0x00000007e18b0000, 0x00000007e2e00000)
 concurrent mark-sweep generation total 393216K, used 16852K [0x00000007e2e00000, 0x00000007fae00000, 0x00000007fae00000)
 concurrent-mark-sweep perm gen total 31232K, used 31165K [0x00000007fae00000, 0x00000007fcc80000, 0x0000000800000000)
}
2016-05-08T22:22:22.313+0500: 13067.019: Total time for which application threads were stopped: 0.0117820 seconds
{Heap before GC invocations=280 (full 0):
 par new generation   total 109248K, used 94527K [0x00000007dae00000, 0x00000007e2e00000, 0x00000007e2e00000)
  eden space 87424K,  99% used [0x00000007dae00000, 0x00000007e035f4d8, 0x00000007e0360000)
  from space 21824K,  32% used [0x00000007e0360000, 0x00000007e0a509f0, 0x00000007e18b0000)
  to   space 21824K,   0% used [0x00000007e18b0000, 0x00000007e18b0000, 0x00000007e2e00000)
 concurrent mark-sweep generation total 393216K, used 16852K [0x00000007e2e00000, 0x00000007fae00000, 0x00000007fae00000)
 concurrent-mark-sweep perm gen total 31232K, used 31165K [0x00000007fae00000, 0x00000007fcc80000, 0x0000000800000000)
2016-05-08T22:22:22.783+0500: 13067.490: [GC2016-05-08T22:22:22.784+0500: 13067.490: [ParNew
Desired survivor size 20112992 bytes, new threshold 8 (max 8)
- age   1:    3876256 bytes,    3876256 total
- age   2:       7408 bytes,    3883664 total
- age   3:       3752 bytes,    3887416 total
- age   4:       6600 bytes,    3894016 total
- age   5:       3744 bytes,    3897760 total
- age   6:       4632 bytes,    3902392 total
- age   7:       3552 bytes,    3905944 total
- age   8:       1992 bytes,    3907936 total
: 94527K->5520K(109248K), 0.0101410 secs] 111380K->22376K(502464K), 0.0102590 secs] [Times: user=0.01 sys=0.00, real=0.01 secs] 
Heap after GC invocations=281 (full 0):
 par new generation   total 109248K, used 5520K [0x00000007dae00000, 0x00000007e2e00000, 0x00000007e2e00000)
  eden space 87424K,   0% used [0x00000007dae00000, 0x00000007dae00000, 0x00000007e0360000)
  from space 21824K,  25% used [0x00000007e18b0000, 0x00000007e1e141c8, 0x00000007e2e00000)
  to   space 21824K,   0% used [0x00000007e0360000, 0x00000007e0360000, 0x00000007e18b0000)
 concurrent mark-sweep generation total 393216K, used 16855K [0x00000007e2e00000, 0x00000007fae00000, 0x00000007fae00000)
 concurrent-mark-sweep perm gen total 31232K, used 31165K [0x00000007fae00000, 0x00000007fcc80000, 0x0000000800000000)
}
2016-05-08T22:22:22.794+0500: 13067.500: Total time for which application threads were stopped: 0.0105730 seconds
{Heap before GC invocations=281 (full 0):
 par new generation   total 109248K, used 92944K [0x00000007dae00000, 0x00000007e2e00000, 0x00000007e2e00000)
  eden space 87424K, 100% used [0x00000007dae00000, 0x00000007e0360000, 0x00000007e0360000)
  from space 21824K,  25% used [0x00000007e18b0000, 0x00000007e1e141c8, 0x00000007e2e00000)
  to   space 21824K,   0% used [0x00000007e0360000, 0x00000007e0360000, 0x00000007e18b0000)
 concurrent mark-sweep generation total 393216K, used 16855K [0x00000007e2e00000, 0x00000007fae00000, 0x00000007fae00000)
 concurrent-mark-sweep perm gen total 31232K, used 31165K [0x00000007fae00000, 0x00000007fcc80000, 0x0000000800000000)
2016-05-08T22:22:23.290+0500: 13067.997: [GC2016-05-08T22:22:23.290+0500: 13067.997: [ParNew
Desired survivor size 20112992 bytes, new threshold 8 (max 8)
- age   1:    3535904 bytes,    3535904 total
- age   2:     545280 bytes,    4081184 total
- age   3:       5160 bytes,    4086344 total
- age   4:       3728 bytes,    4090072 total
- age   5:       6600 bytes,    4096672 total
- age   6:       3720 bytes,    4100392 total
- age   7:       4632 bytes,    4105024 total
- age   8:       3552 bytes,    4108576 total
: 92944K->5623K(109248K), 0.0157500 secs] 109800K->22480K(502464K), 0.0158660 secs] [Times: user=0.02 sys=0.00, real=0.01 secs] 
Heap after GC invocations=282 (full 0):
 par new generation   total 109248K, used 5623K [0x00000007dae00000, 0x00000007e2e00000, 0x00000007e2e00000)
  eden space 87424K,   0% used [0x00000007dae00000, 0x00000007dae00000, 0x00000007e0360000)
  from space 21824K,  25% used [0x00000007e0360000, 0x00000007e08ddd80, 0x00000007e18b0000)
  to   space 21824K,   0% used [0x00000007e18b0000, 0x00000007e18b0000, 0x00000007e2e00000)
 concurrent mark-sweep generation total 393216K, used 16857K [0x00000007e2e00000, 0x00000007fae00000, 0x00000007fae00000)
 concurrent-mark-sweep perm gen total 31232K, used 31165K [0x00000007fae00000, 0x00000007fcc80000, 0x0000000800000000)
}
2016-05-08T22:22:23.306+0500: 13068.013: Total time for which application threads were stopped: 0.0184820 seconds
{Heap before GC invocations=282 (full 0):
 par new generation   total 109248K, used 93047K [0x00000007dae00000, 0x00000007e2e00000, 0x00000007e2e00000)
  eden space 87424K, 100% used [0x00000007dae00000, 0x00000007e0360000, 0x00000007e0360000)
  from space 21824K,  25% used [0x00000007e0360000, 0x00000007e08ddd80, 0x00000007e18b0000)
  to   space 21824K,   0% used [0x00000007e18b0000, 0x00000007e18b0000, 0x00000007e2e00000)
 concurrent mark-sweep generation total 393216K, used 16857K [0x00000007e2e00000, 0x00000007fae00000, 0x00000007fae00000)
 concurrent-mark-sweep perm gen total 31232K, used 31165K [0x00000007fae00000, 0x00000007fcc80000, 0x0000000800000000)
2016-05-08T22:22:23.960+0500: 13068.667: [GC2016-05-08T22:22:23.960+0500: 13068.667: [ParNew
Desired survivor size 20112992 bytes, new threshold 8 (max 8)
- age   1:    3289072 bytes,    3289072 total
- age   2:     734448 bytes,    4023520 total
- age   3:       1992 bytes,    4025512 total
- age   4:       5160 bytes,    4030672 total
- age   5:       3728 bytes,    4034400 total
- age   6:       6600 bytes,    4041000 total
- age   7:       3696 bytes,    4044696 total
- age   8:       4632 bytes,    4049328 total
: 93047K->5463K(109248K), 0.0104030 secs] 109904K->22324K(502464K), 0.0105230 secs] [Times: user=0.02 sys=0.00, real=0.01 secs] 
Heap after GC invocations=283 (full 0):
 par new generation   total 109248K, used 5463K [0x00000007dae00000, 0x00000007e2e00000, 0x00000007e2e00000)
  eden space 87424K,   0% used [0x00000007dae00000, 0x00000007dae00000, 0x00000007e0360000)
  from space 21824K,  25% used [0x00000007e18b0000, 0x00000007e1e05d00, 0x00000007e2e00000)
  to   space 21824K,   0% used [0x00000007e0360000, 0x00000007e0360000, 0x00000007e18b0000)
 concurrent mark-sweep generation total 393216K, used 16861K [0x00000007e2e00000, 0x00000007fae00000, 0x00000007fae00000)
 concurrent-mark-sweep perm gen total 31232K, used 31165K [0x00000007fae00000, 0x00000007fcc80000, 0x0000000800000000)
}
2016-05-08T22:22:23.971+0500: 13068.677: Total time for which application threads were stopped: 0.0125570 seconds
{Heap before GC invocations=283 (full 0):
 par new generation   total 109248K, used 92887K [0x00000007dae00000, 0x00000007e2e00000, 0x00000007e2e00000)
  eden space 87424K, 100% used [0x00000007dae00000, 0x00000007e0360000, 0x00000007e0360000)
  from space 21824K,  25% used [0x00000007e18b0000, 0x00000007e1e05d00, 0x00000007e2e00000)
  to   space 21824K,   0% used [0x00000007e0360000, 0x00000007e0360000, 0x00000007e18b0000)
 concurrent mark-sweep generation total 393216K, used 16861K [0x00000007e2e00000, 0x00000007fae00000, 0x00000007fae00000)
 concurrent-mark-sweep perm gen total 31232K, used 31165K [0x00000007fae00000, 0x00000007fcc80000, 0x0000000800000000)
2016-05-08T22:22:24.319+0500: 13069.025: [GC2016-05-08T22:22:24.319+0500: 13069.025: [ParNew
Desired survivor size 20112992 bytes, new threshold 8 (max 8)
- age   1:    3730656 bytes,    3730656 total
- age   2:     716144 bytes,    4446800 total
- age   3:       4312 bytes,    4451112 total
- age   4:       1992 bytes,    4453104 total
- age   5:       5136 bytes,    4458240 total
- age   6:       3728 bytes,    4461968 total
- age   7:       6600 bytes,    4468568 total
- age   8:       3696 bytes,    4472264 total
: 92887K->5632K(109248K), 0.0118330 secs] 109748K->22498K(502464K), 0.0119270 secs] [Times: user=0.02 sys=0.01, real=0.02 secs] 
Heap after GC invocations=284 (full 0):
 par new generation   total 109248K, used 5632K [0x00000007dae00000, 0x00000007e2e00000, 0x00000007e2e00000)
  eden space 87424K,   0% used [0x00000007dae00000, 0x00000007dae00000, 0x00000007e0360000)
  from space 21824K,  25% used [0x00000007e0360000, 0x00000007e08e0210, 0x00000007e18b0000)
  to   space 21824K,   0% used [0x00000007e18b0000, 0x00000007e18b0000, 0x00000007e2e00000)
 concurrent mark-sweep generation total 393216K, used 16865K [0x00000007e2e00000, 0x00000007fae00000, 0x00000007fae00000)
 concurrent-mark-sweep perm gen total 31232K, used 31165K [0x00000007fae00000, 0x00000007fcc80000, 0x0000000800000000)
}
2016-05-08T22:22:24.331+0500: 13069.037: Total time for which application threads were stopped: 0.0122180 seconds
{Heap before GC invocations=284 (full 0):
 par new generation   total 109248K, used 93056K [0x00000007dae00000, 0x00000007e2e00000, 0x00000007e2e00000)
  eden space 87424K, 100% used [0x00000007dae00000, 0x00000007e0360000, 0x00000007e0360000)
  from space 21824K,  25% used [0x00000007e0360000, 0x00000007e08e0210, 0x00000007e18b0000)
  to   space 21824K,   0% used [0x00000007e18b0000, 0x00000007e18b0000, 0x00000007e2e00000)
 concurrent mark-sweep generation total 393216K, used 16865K [0x00000007e2e00000, 0x00000007fae00000, 0x00000007fae00000)
 concurrent-mark-sweep perm gen total 31232K, used 31165K [0x00000007fae00000, 0x00000007fcc80000, 0x0000000800000000)
2016-05-08T22:22:24.833+0500: 13069.540: [GC2016-05-08T22:22:24.833+0500: 13069.540: [ParNew
Desired survivor size 20112992 bytes, new threshold 8 (max 8)
- age   1:    3809296 bytes,    3809296 total
- age   2:    1049392 bytes,    4858688 total
- age   3:       2984 bytes,    4861672 total
- age   4:       3024 bytes,    4864696 total
- age   5:       1992 bytes,    4866688 total
- age   6:       5136 bytes,    4871824 total
- age   7:       3728 bytes,    4875552 total
- age   8:       6600 bytes,    4882152 total
: 93056K->6329K(109248K), 0.0265740 secs] 109922K->23198K(502464K), 0.1131410 secs] [Times: user=0.02 sys=0.11, real=0.11 secs] 
Heap after GC invocations=285 (full 0):
 par new generation   total 109248K, used 6329K [0x00000007dae00000, 0x00000007e2e00000, 0x00000007e2e00000)
  eden space 87424K,   0% used [0x00000007dae00000, 0x00000007dae00000, 0x00000007e0360000)
  from space 21824K,  29% used [0x00000007e18b0000, 0x00000007e1ede610, 0x00000007e2e00000)
  to   space 21824K,   0% used [0x00000007e0360000, 0x00000007e0360000, 0x00000007e18b0000)
 concurrent mark-sweep generation total 393216K, used 16869K [0x00000007e2e00000, 0x00000007fae00000, 0x00000007fae00000)
 concurrent-mark-sweep perm gen total 31232K, used 31165K [0x00000007fae00000, 0x00000007fcc80000, 0x0000000800000000)
}
2016-05-08T22:22:24.947+0500: 13069.653: Total time for which application threads were stopped: 0.1139400 seconds
{Heap before GC invocations=285 (full 0):
 par new generation   total 109248K, used 93753K [0x00000007dae00000, 0x00000007e2e00000, 0x00000007e2e00000)
  eden space 87424K, 100% used [0x00000007dae00000, 0x00000007e0360000, 0x00000007e0360000)
  from space 21824K,  29% used [0x00000007e18b0000, 0x00000007e1ede610, 0x00000007e2e00000)
  to   space 21824K,   0% used [0x00000007e0360000, 0x00000007e0360000, 0x00000007e18b0000)
 concurrent mark-sweep generation total 393216K, used 16869K [0x00000007e2e00000, 0x00000007fae00000, 0x00000007fae00000)
 concurrent-mark-sweep perm gen total 31232K, used 31165K [0x00000007fae00000, 0x00000007fcc80000, 0x0000000800000000)
2016-05-08T22:22:25.463+0500: 13070.169: [GC2016-05-08T22:22:25.463+0500: 13070.169: [ParNew
Desired survivor size 20112992 bytes, new threshold 8 (max 8)
- age   1:    3803584 bytes,    3803584 total
- age   2:    1603024 bytes,    5406608 total
- age   3:       4200 bytes,    5410808 total
- age   4:       2984 bytes,    5413792 total
- age   5:       3024 bytes,    5416816 total
- age   6:       1992 bytes,    5418808 total
- age   7:       5112 bytes,    5423920 total
- age   8:       3728 bytes,    5427648 total
: 93753K->6842K(109248K), 0.0124000 secs] 110622K->23718K(502464K), 0.0125000 secs] [Times: user=0.02 sys=0.00, real=0.01 secs] 
Heap after GC invocations=286 (full 0):
 par new generation   total 109248K, used 6842K [0x00000007dae00000, 0x00000007e2e00000, 0x00000007e2e00000)
  eden space 87424K,   0% used [0x00000007dae00000, 0x00000007dae00000, 0x00000007e0360000)
  from space 21824K,  31% used [0x00000007e0360000, 0x00000007e0a0e820, 0x00000007e18b0000)
  to   space 21824K,   0% used [0x00000007e18b0000, 0x00000007e18b0000, 0x00000007e2e00000)
 concurrent mark-sweep generation total 393216K, used 16876K [0x00000007e2e00000, 0x00000007fae00000, 0x00000007fae00000)
 concurrent-mark-sweep perm gen total 31232K, used 31165K [0x00000007fae00000, 0x00000007fcc80000, 0x0000000800000000)
}
2016-05-08T22:22:25.476+0500: 13070.182: Total time for which application threads were stopped: 0.0129760 seconds
2016-05-08T22:22:25.500+0500: 13070.207: Total time for which application threads were stopped: 0.0001270 seconds
2016-05-08T22:22:25.500+0500: 13070.207: Total time for which application threads were stopped: 0.0001070 seconds
{Heap before GC invocations=286 (full 0):
 par new generation   total 109248K, used 94251K [0x00000007dae00000, 0x00000007e2e00000, 0x00000007e2e00000)
  eden space 87424K,  99% used [0x00000007dae00000, 0x00000007e035c418, 0x00000007e0360000)
  from space 21824K,  31% used [0x00000007e0360000, 0x00000007e0a0e820, 0x00000007e18b0000)
  to   space 21824K,   0% used [0x00000007e18b0000, 0x00000007e18b0000, 0x00000007e2e00000)
 concurrent mark-sweep generation total 393216K, used 16876K [0x00000007e2e00000, 0x00000007fae00000, 0x00000007fae00000)
 concurrent-mark-sweep perm gen total 31232K, used 31165K [0x00000007fae00000, 0x00000007fcc80000, 0x0000000800000000)
2016-05-08T22:22:25.939+0500: 13070.646: [GC2016-05-08T22:22:25.939+0500: 13070.646: [ParNew
Desired survivor size 20112992 bytes, new threshold 8 (max 8)
- age   1:    3856576 bytes,    3856576 total
- age   2:       7800 bytes,    3864376 total
- age   3:       2568 bytes,    3866944 total
- age   4:       2888 bytes,    3869832 total
- age   5:       2832 bytes,    3872664 total
- age   6:       3024 bytes,    3875688 total
- age   7:       1992 bytes,    3877680 total
- age   8:       2832 bytes,    3880512 total
: 94251K->5867K(109248K), 0.0110470 secs] 111127K->22747K(502464K), 0.0111780 secs] [Times: user=0.01 sys=0.00, real=0.02 secs] 
Heap after GC invocations=287 (full 0):
 par new generation   total 109248K, used 5867K [0x00000007dae00000, 0x00000007e2e00000, 0x00000007e2e00000)
  eden space 87424K,   0% used [0x00000007dae00000, 0x00000007dae00000, 0x00000007e0360000)
  from space 21824K,  26% used [0x00000007e18b0000, 0x00000007e1e6acc0, 0x00000007e2e00000)
  to   space 21824K,   0% used [0x00000007e0360000, 0x00000007e0360000, 0x00000007e18b0000)
 concurrent mark-sweep generation total 393216K, used 16879K [0x00000007e2e00000, 0x00000007fae00000, 0x00000007fae00000)
 concurrent-mark-sweep perm gen total 31232K, used 31165K [0x00000007fae00000, 0x00000007fcc80000, 0x0000000800000000)
}
2016-05-08T22:22:25.951+0500: 13070.657: Total time for which application threads were stopped: 0.0115490 seconds
{Heap before GC invocations=287 (full 0):
 par new generation   total 109248K, used 93284K [0x00000007dae00000, 0x00000007e2e00000, 0x00000007e2e00000)
  eden space 87424K,  99% used [0x00000007dae00000, 0x00000007e035e738, 0x00000007e0360000)
  from space 21824K,  26% used [0x00000007e18b0000, 0x00000007e1e6acc0, 0x00000007e2e00000)
  to   space 21824K,   0% used [0x00000007e0360000, 0x00000007e0360000, 0x00000007e18b0000)
 concurrent mark-sweep generation total 393216K, used 16879K [0x00000007e2e00000, 0x00000007fae00000, 0x00000007fae00000)
 concurrent-mark-sweep perm gen total 31232K, used 31165K [0x00000007fae00000, 0x00000007fcc80000, 0x0000000800000000)
2016-05-08T22:22:26.936+0500: 13071.642: [GC2016-05-08T22:22:26.970+0500: 13071.676: [ParNew
Desired survivor size 20112992 bytes, new threshold 8 (max 8)
- age   1:    4442288 bytes,    4442288 total
- age   2:     411704 bytes,    4853992 total
- age   3:       2040 bytes,    4856032 total
- age   4:       2568 bytes,    4858600 total
- age   5:       2864 bytes,    4861464 total
- age   6:       2808 bytes,    4864272 total
- age   7:       3024 bytes,    4867296 total
- age   8:       1992 bytes,    4869288 total
: 93284K->5086K(109248K), 0.0138130 secs] 110164K->21969K(502464K), 0.0477460 secs] [Times: user=0.02 sys=0.01, real=0.05 secs] 
Heap after GC invocations=288 (full 0):
 par new generation   total 109248K, used 5086K [0x00000007dae00000, 0x00000007e2e00000, 0x00000007e2e00000)
  eden space 87424K,   0% used [0x00000007dae00000, 0x00000007dae00000, 0x00000007e0360000)
  from space 21824K,  23% used [0x00000007e0360000, 0x00000007e0857a40, 0x00000007e18b0000)
  to   space 21824K,   0% used [0x00000007e18b0000, 0x00000007e18b0000, 0x00000007e2e00000)
 concurrent mark-sweep generation total 393216K, used 16882K [0x00000007e2e00000, 0x00000007fae00000, 0x00000007fae00000)
 concurrent-mark-sweep perm gen total 31232K, used 31165K [0x00000007fae00000, 0x00000007fcc80000, 0x0000000800000000)
}
2016-05-08T22:22:26.984+0500: 13071.690: Total time for which application threads were stopped: 0.0483160 seconds
{Heap before GC invocations=288 (full 0):
 par new generation   total 109248K, used 92503K [0x00000007dae00000, 0x00000007e2e00000, 0x00000007e2e00000)
  eden space 87424K,  99% used [0x00000007dae00000, 0x00000007e035e598, 0x00000007e0360000)
  from space 21824K,  23% used [0x00000007e0360000, 0x00000007e0857a40, 0x00000007e18b0000)
  to   space 21824K,   0% used [0x00000007e18b0000, 0x00000007e18b0000, 0x00000007e2e00000)
 concurrent mark-sweep generation total 393216K, used 16882K [0x00000007e2e00000, 0x00000007fae00000, 0x00000007fae00000)
 concurrent-mark-sweep perm gen total 31232K, used 31165K [0x00000007fae00000, 0x00000007fcc80000, 0x0000000800000000)
2016-05-08T22:22:27.586+0500: 13072.293: [GC2016-05-08T22:22:27.586+0500: 13072.293: [ParNew
Desired survivor size 20112992 bytes, new threshold 8 (max 8)
- age   1:    3638608 bytes,    3638608 total
- age   2:    1256456 bytes,    4895064 total
- age   3:       7384 bytes,    4902448 total
- age   4:       2016 bytes,    4904464 total
- age   5:       2568 bytes,    4907032 total
- age   6:       2864 bytes,    4909896 total
- age   7:       2808 bytes,    4912704 total
- age   8:       3024 bytes,    4915728 total
: 92503K->6856K(109248K), 0.0140390 secs] 109386K->23741K(502464K), 0.0141570 secs] [Times: user=0.02 sys=0.00, real=0.02 secs] 
Heap after GC invocations=289 (full 0):
 par new generation   total 109248K, used 6856K [0x00000007dae00000, 0x00000007e2e00000, 0x00000007e2e00000)
  eden space 87424K,   0% used [0x00000007dae00000, 0x00000007dae00000, 0x00000007e0360000)
  from space 21824K,  31% used [0x00000007e18b0000, 0x00000007e1f62280, 0x00000007e2e00000)
  to   space 21824K,   0% used [0x00000007e0360000, 0x00000007e0360000, 0x00000007e18b0000)
 concurrent mark-sweep generation total 393216K, used 16884K [0x00000007e2e00000, 0x00000007fae00000, 0x00000007fae00000)
 concurrent-mark-sweep perm gen total 31232K, used 31165K [0x00000007fae00000, 0x00000007fcc80000, 0x0000000800000000)
}
2016-05-08T22:22:27.601+0500: 13072.307: Total time for which application threads were stopped: 0.0147010 seconds
{Heap before GC invocations=289 (full 0):
 par new generation   total 109248K, used 94280K [0x00000007dae00000, 0x00000007e2e00000, 0x00000007e2e00000)
  eden space 87424K, 100% used [0x00000007dae00000, 0x00000007e0360000, 0x00000007e0360000)
  from space 21824K,  31% used [0x00000007e18b0000, 0x00000007e1f62280, 0x00000007e2e00000)
  to   space 21824K,   0% used [0x00000007e0360000, 0x00000007e0360000, 0x00000007e18b0000)
 concurrent mark-sweep generation total 393216K, used 16884K [0x00000007e2e00000, 0x00000007fae00000, 0x00000007fae00000)
 concurrent-mark-sweep perm gen total 31232K, used 31165K [0x00000007fae00000, 0x00000007fcc80000, 0x0000000800000000)
2016-05-08T22:22:28.123+0500: 13072.829: [GC2016-05-08T22:22:28.123+0500: 13072.829: [ParNew
Desired survivor size 20112992 bytes, new threshold 8 (max 8)
- age   1:    3519560 bytes,    3519560 total
- age   2:      49320 bytes,    3568880 total
- age   3:       3568 bytes,    3572448 total
- age   4:       5800 bytes,    3578248 total
- age   5:       2016 bytes,    3580264 total
- age   6:       2568 bytes,    3582832 total
- age   7:       2864 bytes,    3585696 total
- age   8:       2808 bytes,    3588504 total
: 94280K->5978K(109248K), 0.0157400 secs] 111165K->22866K(502464K), 0.0158400 secs] [Times: user=0.01 sys=0.00, real=0.01 secs] 
Heap after GC invocations=290 (full 0):
 par new generation   total 109248K, used 5978K [0x00000007dae00000, 0x00000007e2e00000, 0x00000007e2e00000)
  eden space 87424K,   0% used [0x00000007dae00000, 0x00000007dae00000, 0x00000007e0360000)
  from space 21824K,  27% used [0x00000007e0360000, 0x00000007e0936b88, 0x00000007e18b0000)
  to   space 21824K,   0% used [0x00000007e18b0000, 0x00000007e18b0000, 0x00000007e2e00000)
 concurrent mark-sweep generation total 393216K, used 16887K [0x00000007e2e00000, 0x00000007fae00000, 0x00000007fae00000)
 concurrent-mark-sweep perm gen total 31232K, used 31165K [0x00000007fae00000, 0x00000007fcc80000, 0x0000000800000000)
}
2016-05-08T22:22:28.139+0500: 13072.845: Total time for which application threads were stopped: 0.0178140 seconds
{Heap before GC invocations=290 (full 0):
 par new generation   total 109248K, used 93391K [0x00000007dae00000, 0x00000007e2e00000, 0x00000007e2e00000)
  eden space 87424K,  99% used [0x00000007dae00000, 0x00000007e035d3c0, 0x00000007e0360000)
  from space 21824K,  27% used [0x00000007e0360000, 0x00000007e0936b88, 0x00000007e18b0000)
  to   space 21824K,   0% used [0x00000007e18b0000, 0x00000007e18b0000, 0x00000007e2e00000)
 concurrent mark-sweep generation total 393216K, used 16887K [0x00000007e2e00000, 0x00000007fae00000, 0x00000007fae00000)
 concurrent-mark-sweep perm gen total 31232K, used 31165K [0x00000007fae00000, 0x00000007fcc80000, 0x0000000800000000)
2016-05-08T22:22:28.560+0500: 13073.266: [GC2016-05-08T22:22:28.560+0500: 13073.266: [ParNew
Desired survivor size 20112992 bytes, new threshold 8 (max 8)
- age   1:    2900976 bytes,    2900976 total
- age   2:    2448400 bytes,    5349376 total
- age   3:       3016 bytes,    5352392 total
- age   4:       2280 bytes,    5354672 total
- age   5:       5800 bytes,    5360472 total
- age   6:       2016 bytes,    5362488 total
- age   7:       2568 bytes,    5365056 total
- age   8:       2864 bytes,    5367920 total
: 93391K->6160K(109248K), 0.0117070 secs] 110279K->23050K(502464K), 0.0118140 secs] [Times: user=0.02 sys=0.00, real=0.01 secs] 
Heap after GC invocations=291 (full 0):
 par new generation   total 109248K, used 6160K [0x00000007dae00000, 0x00000007e2e00000, 0x00000007e2e00000)
  eden space 87424K,   0% used [0x00000007dae00000, 0x00000007dae00000, 0x00000007e0360000)
  from space 21824K,  28% used [0x00000007e18b0000, 0x00000007e1eb4278, 0x00000007e2e00000)
  to   space 21824K,   0% used [0x00000007e0360000, 0x00000007e0360000, 0x00000007e18b0000)
 concurrent mark-sweep generation total 393216K, used 16890K [0x00000007e2e00000, 0x00000007fae00000, 0x00000007fae00000)
 concurrent-mark-sweep perm gen total 31232K, used 31165K [0x00000007fae00000, 0x00000007fcc80000, 0x0000000800000000)
}
2016-05-08T22:22:28.572+0500: 13073.278: Total time for which application threads were stopped: 0.0120520 seconds
2016-05-08T22:22:28.575+0500: 13073.281: Total time for which application threads were stopped: 0.0001230 seconds
2016-05-08T22:22:28.575+0500: 13073.282: Total time for which application threads were stopped: 0.0000420 seconds
2016-05-08T22:22:28.576+0500: 13073.282: Total time for which application threads were stopped: 0.0000350 seconds
2016-05-08T22:22:28.576+0500: 13073.282: Total time for which application threads were stopped: 0.0000500 seconds
2016-05-08T22:22:28.576+0500: 13073.282: Total time for which application threads were stopped: 0.0000640 seconds
2016-05-08T22:22:28.576+0500: 13073.282: Total time for which application threads were stopped: 0.0000360 seconds
2016-05-08T22:22:28.576+0500: 13073.282: Total time for which application threads were stopped: 0.0000600 seconds
2016-05-08T22:22:28.576+0500: 13073.283: Total time for which application threads were stopped: 0.0003140 seconds
2016-05-08T22:22:28.576+0500: 13073.283: Total time for which application threads were stopped: 0.0000360 seconds
2016-05-08T22:22:28.577+0500: 13073.283: Total time for which application threads were stopped: 0.0000350 seconds
{Heap before GC invocations=291 (full 0):
 par new generation   total 109248K, used 93584K [0x00000007dae00000, 0x00000007e2e00000, 0x00000007e2e00000)
  eden space 87424K, 100% used [0x00000007dae00000, 0x00000007e0360000, 0x00000007e0360000)
  from space 21824K,  28% used [0x00000007e18b0000, 0x00000007e1eb4278, 0x00000007e2e00000)
  to   space 21824K,   0% used [0x00000007e0360000, 0x00000007e0360000, 0x00000007e18b0000)
 concurrent mark-sweep generation total 393216K, used 16890K [0x00000007e2e00000, 0x00000007fae00000, 0x00000007fae00000)
 concurrent-mark-sweep perm gen total 31232K, used 31165K [0x00000007fae00000, 0x00000007fcc80000, 0x0000000800000000)
2016-05-08T22:22:29.041+0500: 13073.747: [GC2016-05-08T22:22:29.041+0500: 13073.747: [ParNew
Desired survivor size 20112992 bytes, new threshold 8 (max 8)
- age   1:    3469184 bytes,    3469184 total
- age   2:    1676040 bytes,    5145224 total
- age   3:     275736 bytes,    5420960 total
- age   4:       2592 bytes,    5423552 total
- age   5:       2280 bytes,    5425832 total
- age   6:       5768 bytes,    5431600 total
- age   7:       2016 bytes,    5433616 total
- age   8:       2568 bytes,    5436184 total
: 93584K->8057K(109248K), 0.0835630 secs] 110474K->24950K(502464K), 0.0836650 secs] [Times: user=0.10 sys=0.02, real=0.08 secs] 
Heap after GC invocations=292 (full 0):
 par new generation   total 109248K, used 8057K [0x00000007dae00000, 0x00000007e2e00000, 0x00000007e2e00000)
  eden space 87424K,   0% used [0x00000007dae00000, 0x00000007dae00000, 0x00000007e0360000)
  from space 21824K,  36% used [0x00000007e0360000, 0x00000007e0b3e500, 0x00000007e18b0000)
  to   space 21824K,   0% used [0x00000007e18b0000, 0x00000007e18b0000, 0x00000007e2e00000)
 concurrent mark-sweep generation total 393216K, used 16893K [0x00000007e2e00000, 0x00000007fae00000, 0x00000007fae00000)
 concurrent-mark-sweep perm gen total 31232K, used 31165K [0x00000007fae00000, 0x00000007fcc80000, 0x0000000800000000)
}
2016-05-08T22:22:29.125+0500: 13073.831: Total time for which application threads were stopped: 0.0846190 seconds
{Heap before GC invocations=292 (full 0):
 par new generation   total 109248K, used 95481K [0x00000007dae00000, 0x00000007e2e00000, 0x00000007e2e00000)
  eden space 87424K, 100% used [0x00000007dae00000, 0x00000007e0360000, 0x00000007e0360000)
  from space 21824K,  36% used [0x00000007e0360000, 0x00000007e0b3e500, 0x00000007e18b0000)
  to   space 21824K,   0% used [0x00000007e18b0000, 0x00000007e18b0000, 0x00000007e2e00000)
 concurrent mark-sweep generation total 393216K, used 16893K [0x00000007e2e00000, 0x00000007fae00000, 0x00000007fae00000)
 concurrent-mark-sweep perm gen total 31232K, used 31165K [0x00000007fae00000, 0x00000007fcc80000, 0x0000000800000000)
2016-05-08T22:22:29.672+0500: 13074.379: [GC2016-05-08T22:22:29.672+0500: 13074.379: [ParNew
Desired survivor size 20112992 bytes, new threshold 8 (max 8)
- age   1:    3324328 bytes,    3324328 total
- age   2:    1986424 bytes,    5310752 total
- age   3:      10024 bytes,    5320776 total
- age   4:       4832 bytes,    5325608 total
- age   5:       2592 bytes,    5328200 total
- age   6:       2280 bytes,    5330480 total
- age   7:       3488 bytes,    5333968 total
- age   8:       1992 bytes,    5335960 total
: 95481K->7259K(109248K), 0.0315920 secs] 112374K->24154K(502464K), 0.0317000 secs] [Times: user=0.05 sys=0.00, real=0.03 secs] 
Heap after GC invocations=293 (full 0):
 par new generation   total 109248K, used 7259K [0x00000007dae00000, 0x00000007e2e00000, 0x00000007e2e00000)
  eden space 87424K,   0% used [0x00000007dae00000, 0x00000007dae00000, 0x00000007e0360000)
  from space 21824K,  33% used [0x00000007e18b0000, 0x00000007e1fc6c60, 0x00000007e2e00000)
  to   space 21824K,   0% used [0x00000007e0360000, 0x00000007e0360000, 0x00000007e18b0000)
 concurrent mark-sweep generation total 393216K, used 16895K [0x00000007e2e00000, 0x00000007fae00000, 0x00000007fae00000)
 concurrent-mark-sweep perm gen total 31232K, used 31165K [0x00000007fae00000, 0x00000007fcc80000, 0x0000000800000000)
}
2016-05-08T22:22:29.704+0500: 13074.410: Total time for which application threads were stopped: 0.0325140 seconds
2016-05-08T22:22:29.731+0500: 13074.437: Total time for which application threads were stopped: 0.0001230 seconds
{Heap before GC invocations=293 (full 0):
 par new generation   total 109248K, used 94677K [0x00000007dae00000, 0x00000007e2e00000, 0x00000007e2e00000)
  eden space 87424K,  99% used [0x00000007dae00000, 0x00000007e035e8d0, 0x00000007e0360000)
  from space 21824K,  33% used [0x00000007e18b0000, 0x00000007e1fc6c60, 0x00000007e2e00000)
  to   space 21824K,   0% used [0x00000007e0360000, 0x00000007e0360000, 0x00000007e18b0000)
 concurrent mark-sweep generation total 393216K, used 16895K [0x00000007e2e00000, 0x00000007fae00000, 0x00000007fae00000)
 concurrent-mark-sweep perm gen total 31232K, used 31165K [0x00000007fae00000, 0x00000007fcc80000, 0x0000000800000000)
2016-05-08T22:22:30.095+0500: 13074.802: [GC2016-05-08T22:22:30.095+0500: 13074.802: [ParNew
Desired survivor size 20112992 bytes, new threshold 8 (max 8)
- age   1:    3477144 bytes,    3477144 total
- age   2:    1972336 bytes,    5449480 total
- age   3:       4832 bytes,    5454312 total
- age   4:       6928 bytes,    5461240 total
- age   5:       3544 bytes,    5464784 total
- age   6:       2568 bytes,    5467352 total
- age   7:       2280 bytes,    5469632 total
- age   8:       3488 bytes,    5473120 total
: 94677K->7517K(109248K), 0.0140590 secs] 111572K->24414K(502464K), 0.0141860 secs] [Times: user=0.02 sys=0.00, real=0.01 secs] 
Heap after GC invocations=294 (full 0):
 par new generation   total 109248K, used 7517K [0x00000007dae00000, 0x00000007e2e00000, 0x00000007e2e00000)
  eden space 87424K,   0% used [0x00000007dae00000, 0x00000007dae00000, 0x00000007e0360000)
  from space 21824K,  34% used [0x00000007e0360000, 0x00000007e0ab7410, 0x00000007e18b0000)
  to   space 21824K,   0% used [0x00000007e18b0000, 0x00000007e18b0000, 0x00000007e2e00000)
 concurrent mark-sweep generation total 393216K, used 16897K [0x00000007e2e00000, 0x00000007fae00000, 0x00000007fae00000)
 concurrent-mark-sweep perm gen total 31232K, used 31165K [0x00000007fae00000, 0x00000007fcc80000, 0x0000000800000000)
}
2016-05-08T22:22:30.110+0500: 13074.816: Total time for which application threads were stopped: 0.0144540 seconds
2016-05-08T22:22:30.158+0500: 13074.864: Total time for which application threads were stopped: 0.0001240 seconds
2016-05-08T22:22:30.158+0500: 13074.864: Total time for which application threads were stopped: 0.0002990 seconds
{Heap before GC invocations=294 (full 0):
 par new generation   total 109248K, used 94941K [0x00000007dae00000, 0x00000007e2e00000, 0x00000007e2e00000)
  eden space 87424K, 100% used [0x00000007dae00000, 0x00000007e0360000, 0x00000007e0360000)
  from space 21824K,  34% used [0x00000007e0360000, 0x00000007e0ab7410, 0x00000007e18b0000)
  to   space 21824K,   0% used [0x00000007e18b0000, 0x00000007e18b0000, 0x00000007e2e00000)
 concurrent mark-sweep generation total 393216K, used 16897K [0x00000007e2e00000, 0x00000007fae00000, 0x00000007fae00000)
 concurrent-mark-sweep perm gen total 31232K, used 31165K [0x00000007fae00000, 0x00000007fcc80000, 0x0000000800000000)
2016-05-08T22:22:30.543+0500: 13075.249: [GC2016-05-08T22:22:30.543+0500: 13075.250: [ParNew
Desired survivor size 20112992 bytes, new threshold 8 (max 8)
- age   1:    3268712 bytes,    3268712 total
- age   2:    2031512 bytes,    5300224 total
- age   3:       8808 bytes,    5309032 total
- age   4:       4832 bytes,    5313864 total
- age   5:       6928 bytes,    5320792 total
- age   6:       3408 bytes,    5324200 total
- age   7:       2568 bytes,    5326768 total
- age   8:       2280 bytes,    5329048 total
: 94941K->6484K(109248K), 0.0121290 secs] 111838K->23385K(502464K), 0.0122340 secs] [Times: user=0.02 sys=0.00, real=0.01 secs] 
Heap after GC invocations=295 (full 0):
 par new generation   total 109248K, used 6484K [0x00000007dae00000, 0x00000007e2e00000, 0x00000007e2e00000)
  eden space 87424K,   0% used [0x00000007dae00000, 0x00000007dae00000, 0x00000007e0360000)
  from space 21824K,  29% used [0x00000007e18b0000, 0x00000007e1f05350, 0x00000007e2e00000)
  to   space 21824K,   0% used [0x00000007e0360000, 0x00000007e0360000, 0x00000007e18b0000)
 concurrent mark-sweep generation total 393216K, used 16900K [0x00000007e2e00000, 0x00000007fae00000, 0x00000007fae00000)
 concurrent-mark-sweep perm gen total 31232K, used 31165K [0x00000007fae00000, 0x00000007fcc80000, 0x0000000800000000)
}
2016-05-08T22:22:30.555+0500: 13075.262: Total time for which application threads were stopped: 0.0127440 seconds
{Heap before GC invocations=295 (full 0):
 par new generation   total 109248K, used 93908K [0x00000007dae00000, 0x00000007e2e00000, 0x00000007e2e00000)
  eden space 87424K, 100% used [0x00000007dae00000, 0x00000007e0360000, 0x00000007e0360000)
  from space 21824K,  29% used [0x00000007e18b0000, 0x00000007e1f05350, 0x00000007e2e00000)
  to   space 21824K,   0% used [0x00000007e0360000, 0x00000007e0360000, 0x00000007e18b0000)
 concurrent mark-sweep generation total 393216K, used 16900K [0x00000007e2e00000, 0x00000007fae00000, 0x00000007fae00000)
 concurrent-mark-sweep perm gen total 31232K, used 31165K [0x00000007fae00000, 0x00000007fcc80000, 0x0000000800000000)
2016-05-08T22:22:30.985+0500: 13075.691: [GC2016-05-08T22:22:30.985+0500: 13075.692: [ParNew
Desired survivor size 20112992 bytes, new threshold 8 (max 8)
- age   1:    3053024 bytes,    3053024 total
- age   2:      33216 bytes,    3086240 total
- age   3:      15856 bytes,    3102096 total
- age   4:       8808 bytes,    3110904 total
- age   5:       3560 bytes,    3114464 total
- age   6:       6928 bytes,    3121392 total
- age   7:       3408 bytes,    3124800 total
- age   8:       2568 bytes,    3127368 total
: 93908K->5553K(109248K), 0.0086870 secs] 110809K->22456K(502464K), 0.0088100 secs] [Times: user=0.01 sys=0.01, real=0.01 secs] 
Heap after GC invocations=296 (full 0):
 par new generation   total 109248K, used 5553K [0x00000007dae00000, 0x00000007e2e00000, 0x00000007e2e00000)
  eden space 87424K,   0% used [0x00000007dae00000, 0x00000007dae00000, 0x00000007e0360000)
  from space 21824K,  25% used [0x00000007e0360000, 0x00000007e08cc5e8, 0x00000007e18b0000)
  to   space 21824K,   0% used [0x00000007e18b0000, 0x00000007e18b0000, 0x00000007e2e00000)
 concurrent mark-sweep generation total 393216K, used 16903K [0x00000007e2e00000, 0x00000007fae00000, 0x00000007fae00000)
 concurrent-mark-sweep perm gen total 31232K, used 31165K [0x00000007fae00000, 0x00000007fcc80000, 0x0000000800000000)
}
2016-05-08T22:22:30.994+0500: 13075.700: Total time for which application threads were stopped: 0.0090680 seconds
{Heap before GC invocations=296 (full 0):
 par new generation   total 109248K, used 92977K [0x00000007dae00000, 0x00000007e2e00000, 0x00000007e2e00000)
  eden space 87424K, 100% used [0x00000007dae00000, 0x00000007e0360000, 0x00000007e0360000)
  from space 21824K,  25% used [0x00000007e0360000, 0x00000007e08cc5e8, 0x00000007e18b0000)
  to   space 21824K,   0% used [0x00000007e18b0000, 0x00000007e18b0000, 0x00000007e2e00000)
 concurrent mark-sweep generation total 393216K, used 16903K [0x00000007e2e00000, 0x00000007fae00000, 0x00000007fae00000)
 concurrent-mark-sweep perm gen total 31232K, used 31165K [0x00000007fae00000, 0x00000007fcc80000, 0x0000000800000000)
2016-05-08T22:22:31.352+0500: 13076.058: [GC2016-05-08T22:22:31.352+0500: 13076.058: [ParNew
Desired survivor size 20112992 bytes, new threshold 8 (max 8)
- age   1:    4511072 bytes,    4511072 total
- age   2:      23312 bytes,    4534384 total
- age   3:       2912 bytes,    4537296 total
- age   4:       4104 bytes,    4541400 total
- age   5:       7536 bytes,    4548936 total
- age   6:       3560 bytes,    4552496 total
- age   7:       5656 bytes,    4558152 total
- age   8:       3408 bytes,    4561560 total
: 92977K->5370K(109248K), 0.0255930 secs] 109880K->22275K(502464K), 0.0256940 secs] [Times: user=0.01 sys=0.00, real=0.02 secs] 
Heap after GC invocations=297 (full 0):
 par new generation   total 109248K, used 5370K [0x00000007dae00000, 0x00000007e2e00000, 0x00000007e2e00000)
  eden space 87424K,   0% used [0x00000007dae00000, 0x00000007dae00000, 0x00000007e0360000)
  from space 21824K,  24% used [0x00000007e18b0000, 0x00000007e1dee870, 0x00000007e2e00000)
  to   space 21824K,   0% used [0x00000007e0360000, 0x00000007e0360000, 0x00000007e18b0000)
 concurrent mark-sweep generation total 393216K, used 16905K [0x00000007e2e00000, 0x00000007fae00000, 0x00000007fae00000)
 concurrent-mark-sweep perm gen total 31232K, used 31165K [0x00000007fae00000, 0x00000007fcc80000, 0x0000000800000000)
}
2016-05-08T22:22:31.377+0500: 13076.084: Total time for which application threads were stopped: 0.0261300 seconds
{Heap before GC invocations=297 (full 0):
 par new generation   total 109248K, used 92794K [0x00000007dae00000, 0x00000007e2e00000, 0x00000007e2e00000)
  eden space 87424K, 100% used [0x00000007dae00000, 0x00000007e0360000, 0x00000007e0360000)
  from space 21824K,  24% used [0x00000007e18b0000, 0x00000007e1dee870, 0x00000007e2e00000)
  to   space 21824K,   0% used [0x00000007e0360000, 0x00000007e0360000, 0x00000007e18b0000)
 concurrent mark-sweep generation total 393216K, used 16905K [0x00000007e2e00000, 0x00000007fae00000, 0x00000007fae00000)
 concurrent-mark-sweep perm gen total 31232K, used 31167K [0x00000007fae00000, 0x00000007fcc80000, 0x0000000800000000)
2016-05-08T22:22:31.753+0500: 13076.459: [GC2016-05-08T22:22:31.753+0500: 13076.459: [ParNew
Desired survivor size 20112992 bytes, new threshold 8 (max 8)
- age   1:    3788520 bytes,    3788520 total
- age   2:    1439952 bytes,    5228472 total
- age   3:       2688 bytes,    5231160 total
- age   4:       2760 bytes,    5233920 total
- age   5:       4104 bytes,    5238024 total
- age   6:       7536 bytes,    5245560 total
- age   7:       3536 bytes,    5249096 total
- age   8:       4592 bytes,    5253688 total
: 92794K->7924K(109248K), 0.0133840 secs] 109699K->24831K(502464K), 0.0135370 secs] [Times: user=0.02 sys=0.00, real=0.01 secs] 
Heap after GC invocations=298 (full 0):
 par new generation   total 109248K, used 7924K [0x00000007dae00000, 0x00000007e2e00000, 0x00000007e2e00000)
  eden space 87424K,   0% used [0x00000007dae00000, 0x00000007dae00000, 0x00000007e0360000)
  from space 21824K,  36% used [0x00000007e0360000, 0x00000007e0b1d008, 0x00000007e18b0000)
  to   space 21824K,   0% used [0x00000007e18b0000, 0x00000007e18b0000, 0x00000007e2e00000)
 concurrent mark-sweep generation total 393216K, used 16907K [0x00000007e2e00000, 0x00000007fae00000, 0x00000007fae00000)
 concurrent-mark-sweep perm gen total 31232K, used 31167K [0x00000007fae00000, 0x00000007fcc80000, 0x0000000800000000)
}
2016-05-08T22:22:31.766+0500: 13076.473: Total time for which application threads were stopped: 0.0138450 seconds
{Heap before GC invocations=298 (full 0):
 par new generation   total 109248K, used 95348K [0x00000007dae00000, 0x00000007e2e00000, 0x00000007e2e00000)
  eden space 87424K, 100% used [0x00000007dae00000, 0x00000007e0360000, 0x00000007e0360000)
  from space 21824K,  36% used [0x00000007e0360000, 0x00000007e0b1d008, 0x00000007e18b0000)
  to   space 21824K,   0% used [0x00000007e18b0000, 0x00000007e18b0000, 0x00000007e2e00000)
 concurrent mark-sweep generation total 393216K, used 16907K [0x00000007e2e00000, 0x00000007fae00000, 0x00000007fae00000)
 concurrent-mark-sweep perm gen total 31232K, used 31167K [0x00000007fae00000, 0x00000007fcc80000, 0x0000000800000000)
2016-05-08T22:22:32.255+0500: 13076.961: [GC2016-05-08T22:22:32.255+0500: 13076.961: [ParNew
Desired survivor size 20112992 bytes, new threshold 8 (max 8)
- age   1:    3925728 bytes,    3925728 total
- age   2:    1635552 bytes,    5561280 total
- age   3:       3096 bytes,    5564376 total
- age   4:       2688 bytes,    5567064 total
- age   5:       2760 bytes,    5569824 total
- age   6:       4104 bytes,    5573928 total
- age   7:       7536 bytes,    5581464 total
- age   8:       3536 bytes,    5585000 total
: 95348K->7193K(109248K), 0.0314680 secs] 112255K->24105K(502464K), 0.0316150 secs] [Times: user=0.03 sys=0.00, real=0.03 secs] 
Heap after GC invocations=299 (full 0):
 par new generation   total 109248K, used 7193K [0x00000007dae00000, 0x00000007e2e00000, 0x00000007e2e00000)
  eden space 87424K,   0% used [0x00000007dae00000, 0x00000007dae00000, 0x00000007e0360000)
  from space 21824K,  32% used [0x00000007e18b0000, 0x00000007e1fb6570, 0x00000007e2e00000)
  to   space 21824K,   0% used [0x00000007e0360000, 0x00000007e0360000, 0x00000007e18b0000)
 concurrent mark-sweep generation total 393216K, used 16912K [0x00000007e2e00000, 0x00000007fae00000, 0x00000007fae00000)
 concurrent-mark-sweep perm gen total 31232K, used 31167K [0x00000007fae00000, 0x00000007fcc80000, 0x0000000800000000)
}
2016-05-08T22:22:32.287+0500: 13076.993: Total time for which application threads were stopped: 0.0322350 seconds
{Heap before GC invocations=299 (full 0):
 par new generation   total 109248K, used 94617K [0x00000007dae00000, 0x00000007e2e00000, 0x00000007e2e00000)
  eden space 87424K, 100% used [0x00000007dae00000, 0x00000007e0360000, 0x00000007e0360000)
  from space 21824K,  32% used [0x00000007e18b0000, 0x00000007e1fb6570, 0x00000007e2e00000)
  to   space 21824K,   0% used [0x00000007e0360000, 0x00000007e0360000, 0x00000007e18b0000)
 concurrent mark-sweep generation total 393216K, used 16912K [0x00000007e2e00000, 0x00000007fae00000, 0x00000007fae00000)
 concurrent-mark-sweep perm gen total 31232K, used 31167K [0x00000007fae00000, 0x00000007fcc80000, 0x0000000800000000)
2016-05-08T22:22:32.892+0500: 13077.598: [GC2016-05-08T22:22:32.927+0500: 13077.633: [ParNew
Desired survivor size 20112992 bytes, new threshold 8 (max 8)
- age   1:    3261448 bytes,    3261448 total
- age   2:      43264 bytes,    3304712 total
- age   3:       5456 bytes,    3310168 total
- age   4:       3096 bytes,    3313264 total
- age   5:       2664 bytes,    3315928 total
- age   6:       2760 bytes,    3318688 total
- age   7:       4080 bytes,    3322768 total
- age   8:       5256 bytes,    3328024 total
: 94617K->4447K(109248K), 0.0109520 secs] 111529K->21363K(502464K), 0.0459230 secs] [Times: user=0.01 sys=0.00, real=0.04 secs] 
Heap after GC invocations=300 (full 0):
 par new generation   total 109248K, used 4447K [0x00000007dae00000, 0x00000007e2e00000, 0x00000007e2e00000)
  eden space 87424K,   0% used [0x00000007dae00000, 0x00000007dae00000, 0x00000007e0360000)
  from space 21824K,  20% used [0x00000007e0360000, 0x00000007e07b7e28, 0x00000007e18b0000)
  to   space 21824K,   0% used [0x00000007e18b0000, 0x00000007e18b0000, 0x00000007e2e00000)
 concurrent mark-sweep generation total 393216K, used 16915K [0x00000007e2e00000, 0x00000007fae00000, 0x00000007fae00000)
 concurrent-mark-sweep perm gen total 31232K, used 31167K [0x00000007fae00000, 0x00000007fcc80000, 0x0000000800000000)
}
2016-05-08T22:22:32.938+0500: 13077.644: Total time for which application threads were stopped: 0.0463440 seconds
{Heap before GC invocations=300 (full 0):
 par new generation   total 109248K, used 91871K [0x00000007dae00000, 0x00000007e2e00000, 0x00000007e2e00000)
  eden space 87424K, 100% used [0x00000007dae00000, 0x00000007e0360000, 0x00000007e0360000)
  from space 21824K,  20% used [0x00000007e0360000, 0x00000007e07b7e28, 0x00000007e18b0000)
  to   space 21824K,   0% used [0x00000007e18b0000, 0x00000007e18b0000, 0x00000007e2e00000)
 concurrent mark-sweep generation total 393216K, used 16915K [0x00000007e2e00000, 0x00000007fae00000, 0x00000007fae00000)
 concurrent-mark-sweep perm gen total 31232K, used 31167K [0x00000007fae00000, 0x00000007fcc80000, 0x0000000800000000)
2016-05-08T22:22:33.535+0500: 13078.242: [GC2016-05-08T22:22:33.535+0500: 13078.242: [ParNew
Desired survivor size 20112992 bytes, new threshold 8 (max 8)
- age   1:    3343968 bytes,    3343968 total
- age   2:      24112 bytes,    3368080 total
- age   3:       6096 bytes,    3374176 total
- age   4:       4168 bytes,    3378344 total
- age   5:       3096 bytes,    3381440 total
- age   6:       2640 bytes,    3384080 total
- age   7:       2736 bytes,    3386816 total
- age   8:       4080 bytes,    3390896 total
: 91871K->4458K(109248K), 0.0101680 secs] 108787K->21379K(502464K), 0.0102720 secs] [Times: user=0.01 sys=0.00, real=0.01 secs] 
Heap after GC invocations=301 (full 0):
 par new generation   total 109248K, used 4458K [0x00000007dae00000, 0x00000007e2e00000, 0x00000007e2e00000)
  eden space 87424K,   0% used [0x00000007dae00000, 0x00000007dae00000, 0x00000007e0360000)
  from space 21824K,  20% used [0x00000007e18b0000, 0x00000007e1d0a880, 0x00000007e2e00000)
  to   space 21824K,   0% used [0x00000007e0360000, 0x00000007e0360000, 0x00000007e18b0000)
 concurrent mark-sweep generation total 393216K, used 16921K [0x00000007e2e00000, 0x00000007fae00000, 0x00000007fae00000)
 concurrent-mark-sweep perm gen total 31232K, used 31167K [0x00000007fae00000, 0x00000007fcc80000, 0x0000000800000000)
}
2016-05-08T22:22:33.546+0500: 13078.252: Total time for which application threads were stopped: 0.0106760 seconds
{Heap before GC invocations=301 (full 0):
 par new generation   total 109248K, used 91882K [0x00000007dae00000, 0x00000007e2e00000, 0x00000007e2e00000)
  eden space 87424K, 100% used [0x00000007dae00000, 0x00000007e0360000, 0x00000007e0360000)
  from space 21824K,  20% used [0x00000007e18b0000, 0x00000007e1d0a880, 0x00000007e2e00000)
  to   space 21824K,   0% used [0x00000007e0360000, 0x00000007e0360000, 0x00000007e18b0000)
 concurrent mark-sweep generation total 393216K, used 16921K [0x00000007e2e00000, 0x00000007fae00000, 0x00000007fae00000)
 concurrent-mark-sweep perm gen total 31232K, used 31167K [0x00000007fae00000, 0x00000007fcc80000, 0x0000000800000000)
2016-05-08T22:22:33.912+0500: 13078.618: [GC2016-05-08T22:22:33.912+0500: 13078.618: [ParNew
Desired survivor size 20112992 bytes, new threshold 8 (max 8)
- age   1:    3772504 bytes,    3772504 total
- age   2:      25544 bytes,    3798048 total
- age   3:       5392 bytes,    3803440 total
- age   4:       5496 bytes,    3808936 total
- age   5:       3768 bytes,    3812704 total
- age   6:       3096 bytes,    3815800 total
- age   7:       2640 bytes,    3818440 total
- age   8:       2736 bytes,    3821176 total
: 91882K->5018K(109248K), 0.0108060 secs] 108803K->21943K(502464K), 0.0109340 secs] [Times: user=0.01 sys=0.00, real=0.01 secs] 
Heap after GC invocations=302 (full 0):
 par new generation   total 109248K, used 5018K [0x00000007dae00000, 0x00000007e2e00000, 0x00000007e2e00000)
  eden space 87424K,   0% used [0x00000007dae00000, 0x00000007dae00000, 0x00000007e0360000)
  from space 21824K,  22% used [0x00000007e0360000, 0x00000007e0846b30, 0x00000007e18b0000)
  to   space 21824K,   0% used [0x00000007e18b0000, 0x00000007e18b0000, 0x00000007e2e00000)
 concurrent mark-sweep generation total 393216K, used 16925K [0x00000007e2e00000, 0x00000007fae00000, 0x00000007fae00000)
 concurrent-mark-sweep perm gen total 31232K, used 31167K [0x00000007fae00000, 0x00000007fcc80000, 0x0000000800000000)
}
2016-05-08T22:22:33.923+0500: 13078.629: Total time for which application threads were stopped: 0.0112190 seconds
{Heap before GC invocations=302 (full 0):
 par new generation   total 109248K, used 92442K [0x00000007dae00000, 0x00000007e2e00000, 0x00000007e2e00000)
  eden space 87424K, 100% used [0x00000007dae00000, 0x00000007e0360000, 0x00000007e0360000)
  from space 21824K,  22% used [0x00000007e0360000, 0x00000007e0846b30, 0x00000007e18b0000)
  to   space 21824K,   0% used [0x00000007e18b0000, 0x00000007e18b0000, 0x00000007e2e00000)
 concurrent mark-sweep generation total 393216K, used 16925K [0x00000007e2e00000, 0x00000007fae00000, 0x00000007fae00000)
 concurrent-mark-sweep perm gen total 31232K, used 31167K [0x00000007fae00000, 0x00000007fcc80000, 0x0000000800000000)
2016-05-08T22:22:34.593+0500: 13079.299: [GC2016-05-08T22:22:34.593+0500: 13079.300: [ParNew
Desired survivor size 20112992 bytes, new threshold 8 (max 8)
- age   1:    3335248 bytes,    3335248 total
- age   2:     391440 bytes,    3726688 total
- age   3:       3048 bytes,    3729736 total
- age   4:       5168 bytes,    3734904 total
- age   5:       4440 bytes,    3739344 total
- age   6:       3768 bytes,    3743112 total
- age   7:       1824 bytes,    3744936 total
- age   8:       2640 bytes,    3747576 total
: 92442K->5073K(109248K), 0.0147540 secs] 109367K->22001K(502464K), 0.0148550 secs] [Times: user=0.02 sys=0.00, real=0.01 secs] 
Heap after GC invocations=303 (full 0):
 par new generation   total 109248K, used 5073K [0x00000007dae00000, 0x00000007e2e00000, 0x00000007e2e00000)
  eden space 87424K,   0% used [0x00000007dae00000, 0x00000007dae00000, 0x00000007e0360000)
  from space 21824K,  23% used [0x00000007e18b0000, 0x00000007e1da4708, 0x00000007e2e00000)
  to   space 21824K,   0% used [0x00000007e0360000, 0x00000007e0360000, 0x00000007e18b0000)
 concurrent mark-sweep generation total 393216K, used 16927K [0x00000007e2e00000, 0x00000007fae00000, 0x00000007fae00000)
 concurrent-mark-sweep perm gen total 31232K, used 31167K [0x00000007fae00000, 0x00000007fcc80000, 0x0000000800000000)
}
2016-05-08T22:22:34.608+0500: 13079.314: Total time for which application threads were stopped: 0.0153310 seconds
{Heap before GC invocations=303 (full 0):
 par new generation   total 109248K, used 92497K [0x00000007dae00000, 0x00000007e2e00000, 0x00000007e2e00000)
  eden space 87424K, 100% used [0x00000007dae00000, 0x00000007e0360000, 0x00000007e0360000)
  from space 21824K,  23% used [0x00000007e18b0000, 0x00000007e1da4708, 0x00000007e2e00000)
  to   space 21824K,   0% used [0x00000007e0360000, 0x00000007e0360000, 0x00000007e18b0000)
 concurrent mark-sweep generation total 393216K, used 16927K [0x00000007e2e00000, 0x00000007fae00000, 0x00000007fae00000)
 concurrent-mark-sweep perm gen total 31232K, used 31167K [0x00000007fae00000, 0x00000007fcc80000, 0x0000000800000000)
2016-05-08T22:22:35.034+0500: 13079.740: [GC2016-05-08T22:22:35.034+0500: 13079.740: [ParNew
Desired survivor size 20112992 bytes, new threshold 8 (max 8)
- age   1:    3731104 bytes,    3731104 total
- age   2:     372384 bytes,    4103488 total
- age   3:       3664 bytes,    4107152 total
- age   4:       3048 bytes,    4110200 total
- age   5:       5016 bytes,    4115216 total
- age   6:       3168 bytes,    4118384 total
- age   7:       2496 bytes,    4120880 total
- age   8:       1824 bytes,    4122704 total
: 92497K->5437K(109248K), 0.0105380 secs] 109425K->22368K(502464K), 0.0106840 secs] [Times: user=0.01 sys=0.00, real=0.01 secs] 
Heap after GC invocations=304 (full 0):
 par new generation   total 109248K, used 5437K [0x00000007dae00000, 0x00000007e2e00000, 0x00000007e2e00000)
  eden space 87424K,   0% used [0x00000007dae00000, 0x00000007dae00000, 0x00000007e0360000)
  from space 21824K,  24% used [0x00000007e0360000, 0x00000007e08af7c0, 0x00000007e18b0000)
  to   space 21824K,   0% used [0x00000007e18b0000, 0x00000007e18b0000, 0x00000007e2e00000)
 concurrent mark-sweep generation total 393216K, used 16930K [0x00000007e2e00000, 0x00000007fae00000, 0x00000007fae00000)
 concurrent-mark-sweep perm gen total 31232K, used 31167K [0x00000007fae00000, 0x00000007fcc80000, 0x0000000800000000)
}
2016-05-08T22:22:35.045+0500: 13079.751: Total time for which application threads were stopped: 0.0116150 seconds
{Heap before GC invocations=304 (full 0):
 par new generation   total 109248K, used 92836K [0x00000007dae00000, 0x00000007e2e00000, 0x00000007e2e00000)
  eden space 87424K,  99% used [0x00000007dae00000, 0x00000007e03599c0, 0x00000007e0360000)
  from space 21824K,  24% used [0x00000007e0360000, 0x00000007e08af7c0, 0x00000007e18b0000)
  to   space 21824K,   0% used [0x00000007e18b0000, 0x00000007e18b0000, 0x00000007e2e00000)
 concurrent mark-sweep generation total 393216K, used 16930K [0x00000007e2e00000, 0x00000007fae00000, 0x00000007fae00000)
 concurrent-mark-sweep perm gen total 31232K, used 31167K [0x00000007fae00000, 0x00000007fcc80000, 0x0000000800000000)
2016-05-08T22:22:35.521+0500: 13080.227: [GC2016-05-08T22:22:35.521+0500: 13080.227: [ParNew
Desired survivor size 20112992 bytes, new threshold 8 (max 8)
- age   1:    3488216 bytes,    3488216 total
- age   2:     474744 bytes,    3962960 total
- age   3:       4048 bytes,    3967008 total
- age   4:       2376 bytes,    3969384 total
- age   5:       3048 bytes,    3972432 total
- age   6:       2712 bytes,    3975144 total
- age   7:       1896 bytes,    3977040 total
- age   8:       2496 bytes,    3979536 total
: 92836K->4964K(109248K), 0.0143530 secs] 109766K->21896K(502464K), 0.0144580 secs] [Times: user=0.01 sys=0.00, real=0.01 secs] 
Heap after GC invocations=305 (full 0):
 par new generation   total 109248K, used 4964K [0x00000007dae00000, 0x00000007e2e00000, 0x00000007e2e00000)
  eden space 87424K,   0% used [0x00000007dae00000, 0x00000007dae00000, 0x00000007e0360000)
  from space 21824K,  22% used [0x00000007e18b0000, 0x00000007e1d89090, 0x00000007e2e00000)
  to   space 21824K,   0% used [0x00000007e0360000, 0x00000007e0360000, 0x00000007e18b0000)
 concurrent mark-sweep generation total 393216K, used 16932K [0x00000007e2e00000, 0x00000007fae00000, 0x00000007fae00000)
 concurrent-mark-sweep perm gen total 31232K, used 31167K [0x00000007fae00000, 0x00000007fcc80000, 0x0000000800000000)
}
2016-05-08T22:22:35.535+0500: 13080.242: Total time for which application threads were stopped: 0.0149750 seconds
{Heap before GC invocations=305 (full 0):
 par new generation   total 109248K, used 92388K [0x00000007dae00000, 0x00000007e2e00000, 0x00000007e2e00000)
  eden space 87424K, 100% used [0x00000007dae00000, 0x00000007e0360000, 0x00000007e0360000)
  from space 21824K,  22% used [0x00000007e18b0000, 0x00000007e1d89090, 0x00000007e2e00000)
  to   space 21824K,   0% used [0x00000007e0360000, 0x00000007e0360000, 0x00000007e18b0000)
 concurrent mark-sweep generation total 393216K, used 16932K [0x00000007e2e00000, 0x00000007fae00000, 0x00000007fae00000)
 concurrent-mark-sweep perm gen total 31232K, used 31167K [0x00000007fae00000, 0x00000007fcc80000, 0x0000000800000000)
2016-05-08T22:22:35.949+0500: 13080.655: [GC2016-05-08T22:22:35.949+0500: 13080.655: [ParNew
Desired survivor size 20112992 bytes, new threshold 8 (max 8)
- age   1:    2830176 bytes,    2830176 total
- age   2:     431224 bytes,    3261400 total
- age   3:       3336 bytes,    3264736 total
- age   4:       2760 bytes,    3267496 total
- age   5:       2376 bytes,    3269872 total
- age   6:       3048 bytes,    3272920 total
- age   7:       2688 bytes,    3275608 total
- age   8:       1896 bytes,    3277504 total
: 92388K->4502K(109248K), 0.0090080 secs] 109320K->21436K(502464K), 0.0091300 secs] [Times: user=0.02 sys=0.00, real=0.01 secs] 
Heap after GC invocations=306 (full 0):
 par new generation   total 109248K, used 4502K [0x00000007dae00000, 0x00000007e2e00000, 0x00000007e2e00000)
  eden space 87424K,   0% used [0x00000007dae00000, 0x00000007dae00000, 0x00000007e0360000)
  from space 21824K,  20% used [0x00000007e0360000, 0x00000007e07c5830, 0x00000007e18b0000)
  to   space 21824K,   0% used [0x00000007e18b0000, 0x00000007e18b0000, 0x00000007e2e00000)
 concurrent mark-sweep generation total 393216K, used 16934K [0x00000007e2e00000, 0x00000007fae00000, 0x00000007fae00000)
 concurrent-mark-sweep perm gen total 31232K, used 31167K [0x00000007fae00000, 0x00000007fcc80000, 0x0000000800000000)
}
2016-05-08T22:22:35.958+0500: 13080.664: Total time for which application threads were stopped: 0.0093850 seconds
{Heap before GC invocations=306 (full 0):
 par new generation   total 109248K, used 91919K [0x00000007dae00000, 0x00000007e2e00000, 0x00000007e2e00000)
  eden space 87424K,  99% used [0x00000007dae00000, 0x00000007e035e688, 0x00000007e0360000)
  from space 21824K,  20% used [0x00000007e0360000, 0x00000007e07c5830, 0x00000007e18b0000)
  to   space 21824K,   0% used [0x00000007e18b0000, 0x00000007e18b0000, 0x00000007e2e00000)
 concurrent mark-sweep generation total 393216K, used 16934K [0x00000007e2e00000, 0x00000007fae00000, 0x00000007fae00000)
 concurrent-mark-sweep perm gen total 31232K, used 31167K [0x00000007fae00000, 0x00000007fcc80000, 0x0000000800000000)
2016-05-08T22:22:36.415+0500: 13081.122: [GC2016-05-08T22:22:36.416+0500: 13081.122: [ParNew
Desired survivor size 20112992 bytes, new threshold 8 (max 8)
- age   1:    4004256 bytes,    4004256 total
- age   2:    1525600 bytes,    5529856 total
- age   3:      62480 bytes,    5592336 total
- age   4:       2304 bytes,    5594640 total
- age   5:       2760 bytes,    5597400 total
- age   6:       2376 bytes,    5599776 total
- age   7:       3048 bytes,    5602824 total
- age   8:       2688 bytes,    5605512 total
: 91919K->6749K(109248K), 0.0296440 secs] 108854K->23685K(502464K), 0.0297540 secs] [Times: user=0.02 sys=0.00, real=0.03 secs] 
Heap after GC invocations=307 (full 0):
 par new generation   total 109248K, used 6749K [0x00000007dae00000, 0x00000007e2e00000, 0x00000007e2e00000)
  eden space 87424K,   0% used [0x00000007dae00000, 0x00000007dae00000, 0x00000007e0360000)
  from space 21824K,  30% used [0x00000007e18b0000, 0x00000007e1f47598, 0x00000007e2e00000)
  to   space 21824K,   0% used [0x00000007e0360000, 0x00000007e0360000, 0x00000007e18b0000)
 concurrent mark-sweep generation total 393216K, used 16936K [0x00000007e2e00000, 0x00000007fae00000, 0x00000007fae00000)
 concurrent-mark-sweep perm gen total 31232K, used 31167K [0x00000007fae00000, 0x00000007fcc80000, 0x0000000800000000)
}
2016-05-08T22:22:36.445+0500: 13081.152: Total time for which application threads were stopped: 0.0308290 seconds
{Heap before GC invocations=307 (full 0):
 par new generation   total 109248K, used 94141K [0x00000007dae00000, 0x00000007e2e00000, 0x00000007e2e00000)
  eden space 87424K,  99% used [0x00000007dae00000, 0x00000007e0358040, 0x00000007e0360000)
  from space 21824K,  30% used [0x00000007e18b0000, 0x00000007e1f47598, 0x00000007e2e00000)
  to   space 21824K,   0% used [0x00000007e0360000, 0x00000007e0360000, 0x00000007e18b0000)
 concurrent mark-sweep generation total 393216K, used 16936K [0x00000007e2e00000, 0x00000007fae00000, 0x00000007fae00000)
 concurrent-mark-sweep perm gen total 31232K, used 31170K [0x00000007fae00000, 0x00000007fcc80000, 0x0000000800000000)
2016-05-08T22:22:36.802+0500: 13081.508: [GC2016-05-08T22:22:36.802+0500: 13081.508: [ParNew
Desired survivor size 20112992 bytes, new threshold 8 (max 8)
- age   1:    4721696 bytes,    4721696 total
- age   2:     613096 bytes,    5334792 total
- age   3:    1521024 bytes,    6855816 total
- age   4:      60544 bytes,    6916360 total
- age   5:       2304 bytes,    6918664 total
- age   6:       2760 bytes,    6921424 total
- age   7:       2376 bytes,    6923800 total
- age   8:       3048 bytes,    6926848 total
: 94141K->9315K(109248K), 0.0128030 secs] 111077K->26254K(502464K), 0.0129440 secs] [Times: user=0.02 sys=0.00, real=0.01 secs] 
Heap after GC invocations=308 (full 0):
 par new generation   total 109248K, used 9315K [0x00000007dae00000, 0x00000007e2e00000, 0x00000007e2e00000)
  eden space 87424K,   0% used [0x00000007dae00000, 0x00000007dae00000, 0x00000007e0360000)
  from space 21824K,  42% used [0x00000007e0360000, 0x00000007e0c78db0, 0x00000007e18b0000)
  to   space 21824K,   0% used [0x00000007e18b0000, 0x00000007e18b0000, 0x00000007e2e00000)
 concurrent mark-sweep generation total 393216K, used 16939K [0x00000007e2e00000, 0x00000007fae00000, 0x00000007fae00000)
 concurrent-mark-sweep perm gen total 31232K, used 31170K [0x00000007fae00000, 0x00000007fcc80000, 0x0000000800000000)
}
2016-05-08T22:22:36.815+0500: 13081.521: Total time for which application threads were stopped: 0.0132180 seconds
{Heap before GC invocations=308 (full 0):
 par new generation   total 109248K, used 96739K [0x00000007dae00000, 0x00000007e2e00000, 0x00000007e2e00000)
  eden space 87424K, 100% used [0x00000007dae00000, 0x00000007e0360000, 0x00000007e0360000)
  from space 21824K,  42% used [0x00000007e0360000, 0x00000007e0c78db0, 0x00000007e18b0000)
  to   space 21824K,   0% used [0x00000007e18b0000, 0x00000007e18b0000, 0x00000007e2e00000)
 concurrent mark-sweep generation total 393216K, used 16939K [0x00000007e2e00000, 0x00000007fae00000, 0x00000007fae00000)
 concurrent-mark-sweep perm gen total 31232K, used 31170K [0x00000007fae00000, 0x00000007fcc80000, 0x0000000800000000)
2016-05-08T22:22:37.261+0500: 13081.967: [GC2016-05-08T22:22:37.261+0500: 13081.967: [ParNew
Desired survivor size 20112992 bytes, new threshold 8 (max 8)
- age   1:    3653800 bytes,    3653800 total
- age   2:    1744664 bytes,    5398464 total
- age   3:       3880 bytes,    5402344 total
- age   4:    1521024 bytes,    6923368 total
- age   5:      59896 bytes,    6983264 total
- age   6:       2304 bytes,    6985568 total
- age   7:       2760 bytes,    6988328 total
- age   8:       2376 bytes,    6990704 total
: 96739K->9789K(109248K), 0.1660790 secs] 113678K->26731K(502464K), 0.1661840 secs] [Times: user=0.13 sys=0.02, real=0.16 secs] 
Heap after GC invocations=309 (full 0):
 par new generation   total 109248K, used 9789K [0x00000007dae00000, 0x00000007e2e00000, 0x00000007e2e00000)
  eden space 87424K,   0% used [0x00000007dae00000, 0x00000007dae00000, 0x00000007e0360000)
  from space 21824K,  44% used [0x00000007e18b0000, 0x00000007e223f490, 0x00000007e2e00000)
  to   space 21824K,   0% used [0x00000007e0360000, 0x00000007e0360000, 0x00000007e18b0000)
 concurrent mark-sweep generation total 393216K, used 16942K [0x00000007e2e00000, 0x00000007fae00000, 0x00000007fae00000)
 concurrent-mark-sweep perm gen total 31232K, used 31170K [0x00000007fae00000, 0x00000007fcc80000, 0x0000000800000000)
}
2016-05-08T22:22:37.427+0500: 13082.133: Total time for which application threads were stopped: 0.1666360 seconds
{Heap before GC invocations=309 (full 0):
 par new generation   total 109248K, used 97213K [0x00000007dae00000, 0x00000007e2e00000, 0x00000007e2e00000)
  eden space 87424K, 100% used [0x00000007dae00000, 0x00000007e0360000, 0x00000007e0360000)
  from space 21824K,  44% used [0x00000007e18b0000, 0x00000007e223f490, 0x00000007e2e00000)
  to   space 21824K,   0% used [0x00000007e0360000, 0x00000007e0360000, 0x00000007e18b0000)
 concurrent mark-sweep generation total 393216K, used 16942K [0x00000007e2e00000, 0x00000007fae00000, 0x00000007fae00000)
 concurrent-mark-sweep perm gen total 31232K, used 31170K [0x00000007fae00000, 0x00000007fcc80000, 0x0000000800000000)
2016-05-08T22:22:38.003+0500: 13082.710: [GC2016-05-08T22:22:38.004+0500: 13082.710: [ParNew
Desired survivor size 20112992 bytes, new threshold 8 (max 8)
- age   1:    3613896 bytes,    3613896 total
- age   2:    1824136 bytes,    5438032 total
- age   3:       5400 bytes,    5443432 total
- age   4:       3880 bytes,    5447312 total
- age   5:    1521024 bytes,    6968336 total
- age   6:      59472 bytes,    7027808 total
- age   7:       2304 bytes,    7030112 total
- age   8:       2760 bytes,    7032872 total
: 97213K->8625K(109248K), 0.0149040 secs] 114155K->25569K(502464K), 0.0150180 secs] [Times: user=0.02 sys=0.01, real=0.01 secs] 
Heap after GC invocations=310 (full 0):
 par new generation   total 109248K, used 8625K [0x00000007dae00000, 0x00000007e2e00000, 0x00000007e2e00000)
  eden space 87424K,   0% used [0x00000007dae00000, 0x00000007dae00000, 0x00000007e0360000)
  from space 21824K,  39% used [0x00000007e0360000, 0x00000007e0bcc400, 0x00000007e18b0000)
  to   space 21824K,   0% used [0x00000007e18b0000, 0x00000007e18b0000, 0x00000007e2e00000)
 concurrent mark-sweep generation total 393216K, used 16944K [0x00000007e2e00000, 0x00000007fae00000, 0x00000007fae00000)
 concurrent-mark-sweep perm gen total 31232K, used 31170K [0x00000007fae00000, 0x00000007fcc80000, 0x0000000800000000)
}
2016-05-08T22:22:38.019+0500: 13082.725: Total time for which application threads were stopped: 0.0154240 seconds
{Heap before GC invocations=310 (full 0):
 par new generation   total 109248K, used 96049K [0x00000007dae00000, 0x00000007e2e00000, 0x00000007e2e00000)
  eden space 87424K, 100% used [0x00000007dae00000, 0x00000007e0360000, 0x00000007e0360000)
  from space 21824K,  39% used [0x00000007e0360000, 0x00000007e0bcc400, 0x00000007e18b0000)
  to   space 21824K,   0% used [0x00000007e18b0000, 0x00000007e18b0000, 0x00000007e2e00000)
 concurrent mark-sweep generation total 393216K, used 16944K [0x00000007e2e00000, 0x00000007fae00000, 0x00000007fae00000)
 concurrent-mark-sweep perm gen total 31232K, used 31170K [0x00000007fae00000, 0x00000007fcc80000, 0x0000000800000000)
2016-05-08T22:22:39.102+0500: 13083.808: [GC2016-05-08T22:22:39.102+0500: 13083.808: [ParNew
Desired survivor size 20112992 bytes, new threshold 8 (max 8)
- age   1:    4076488 bytes,    4076488 total
- age   2:       6320 bytes,    4082808 total
- age   3:       2456 bytes,    4085264 total
- age   4:       1440 bytes,    4086704 total
- age   5:       2904 bytes,    4089608 total
- age   6:    1521000 bytes,    5610608 total
- age   7:      59256 bytes,    5669864 total
- age   8:       2304 bytes,    5672168 total
: 96049K->10523K(109248K), 0.0391870 secs] 112993K->27470K(502464K), 0.0393120 secs] [Times: user=0.04 sys=0.00, real=0.04 secs] 
Heap after GC invocations=311 (full 0):
 par new generation   total 109248K, used 10523K [0x00000007dae00000, 0x00000007e2e00000, 0x00000007e2e00000)
  eden space 87424K,   0% used [0x00000007dae00000, 0x00000007dae00000, 0x00000007e0360000)
  from space 21824K,  48% used [0x00000007e18b0000, 0x00000007e22f6ef0, 0x00000007e2e00000)
  to   space 21824K,   0% used [0x00000007e0360000, 0x00000007e0360000, 0x00000007e18b0000)
 concurrent mark-sweep generation total 393216K, used 16947K [0x00000007e2e00000, 0x00000007fae00000, 0x00000007fae00000)
 concurrent-mark-sweep perm gen total 31232K, used 31170K [0x00000007fae00000, 0x00000007fcc80000, 0x0000000800000000)
}
2016-05-08T22:22:39.141+0500: 13083.847: Total time for which application threads were stopped: 0.0398000 seconds
{Heap before GC invocations=311 (full 0):
 par new generation   total 109248K, used 97947K [0x00000007dae00000, 0x00000007e2e00000, 0x00000007e2e00000)
  eden space 87424K, 100% used [0x00000007dae00000, 0x00000007e0360000, 0x00000007e0360000)
  from space 21824K,  48% used [0x00000007e18b0000, 0x00000007e22f6ef0, 0x00000007e2e00000)
  to   space 21824K,   0% used [0x00000007e0360000, 0x00000007e0360000, 0x00000007e18b0000)
 concurrent mark-sweep generation total 393216K, used 16947K [0x00000007e2e00000, 0x00000007fae00000, 0x00000007fae00000)
 concurrent-mark-sweep perm gen total 31232K, used 31170K [0x00000007fae00000, 0x00000007fcc80000, 0x0000000800000000)
2016-05-08T22:22:40.475+0500: 13085.181: [GC2016-05-08T22:22:40.494+0500: 13085.201: [ParNew
Desired survivor size 20112992 bytes, new threshold 8 (max 8)
- age   1:    3855256 bytes,    3855256 total
- age   2:     932216 bytes,    4787472 total
- age   3:       2416 bytes,    4789888 total
- age   4:       1800 bytes,    4791688 total
- age   5:       1440 bytes,    4793128 total
- age   6:       2904 bytes,    4796032 total
- age   7:    1521000 bytes,    6317032 total
- age   8:      56976 bytes,    6374008 total
: 97947K->7754K(109248K), 0.0123380 secs] 114894K->24703K(502464K), 0.0317920 secs] [Times: user=0.02 sys=0.00, real=0.03 secs] 
Heap after GC invocations=312 (full 0):
 par new generation   total 109248K, used 7754K [0x00000007dae00000, 0x00000007e2e00000, 0x00000007e2e00000)
  eden space 87424K,   0% used [0x00000007dae00000, 0x00000007dae00000, 0x00000007e0360000)
  from space 21824K,  35% used [0x00000007e0360000, 0x00000007e0af2820, 0x00000007e18b0000)
  to   space 21824K,   0% used [0x00000007e18b0000, 0x00000007e18b0000, 0x00000007e2e00000)
 concurrent mark-sweep generation total 393216K, used 16949K [0x00000007e2e00000, 0x00000007fae00000, 0x00000007fae00000)
 concurrent-mark-sweep perm gen total 31232K, used 31170K [0x00000007fae00000, 0x00000007fcc80000, 0x0000000800000000)
}
2016-05-08T22:22:40.507+0500: 13085.213: Total time for which application threads were stopped: 0.0326310 seconds
{Heap before GC invocations=312 (full 0):
 par new generation   total 109248K, used 95178K [0x00000007dae00000, 0x00000007e2e00000, 0x00000007e2e00000)
  eden space 87424K, 100% used [0x00000007dae00000, 0x00000007e0360000, 0x00000007e0360000)
  from space 21824K,  35% used [0x00000007e0360000, 0x00000007e0af2820, 0x00000007e18b0000)
  to   space 21824K,   0% used [0x00000007e18b0000, 0x00000007e18b0000, 0x00000007e2e00000)
 concurrent mark-sweep generation total 393216K, used 16949K [0x00000007e2e00000, 0x00000007fae00000, 0x00000007fae00000)
 concurrent-mark-sweep perm gen total 31232K, used 31170K [0x00000007fae00000, 0x00000007fcc80000, 0x0000000800000000)
2016-05-08T22:22:41.574+0500: 13086.281: [GC2016-05-08T22:22:41.574+0500: 13086.281: [ParNew
Desired survivor size 20112992 bytes, new threshold 8 (max 8)
- age   1:    4231320 bytes,    4231320 total
- age   2:     966008 bytes,    5197328 total
- age   3:       5464 bytes,    5202792 total
- age   4:       2416 bytes,    5205208 total
- age   5:       1800 bytes,    5207008 total
- age   6:       1416 bytes,    5208424 total
- age   7:       2904 bytes,    5211328 total
- age   8:    1521000 bytes,    6732328 total
: 95178K->10415K(109248K), 0.1506560 secs] 112127K->27421K(502464K), 0.1507680 secs] [Times: user=0.14 sys=0.01, real=0.15 secs] 
Heap after GC invocations=313 (full 0):
 par new generation   total 109248K, used 10415K [0x00000007dae00000, 0x00000007e2e00000, 0x00000007e2e00000)
  eden space 87424K,   0% used [0x00000007dae00000, 0x00000007dae00000, 0x00000007e0360000)
  from space 21824K,  47% used [0x00000007e18b0000, 0x00000007e22dbfc0, 0x00000007e2e00000)
  to   space 21824K,   0% used [0x00000007e0360000, 0x00000007e0360000, 0x00000007e18b0000)
 concurrent mark-sweep generation total 393216K, used 17005K [0x00000007e2e00000, 0x00000007fae00000, 0x00000007fae00000)
 concurrent-mark-sweep perm gen total 31232K, used 31170K [0x00000007fae00000, 0x00000007fcc80000, 0x0000000800000000)
}
2016-05-08T22:22:41.725+0500: 13086.432: Total time for which application threads were stopped: 0.1513400 seconds
{Heap before GC invocations=313 (full 0):
 par new generation   total 109248K, used 97839K [0x00000007dae00000, 0x00000007e2e00000, 0x00000007e2e00000)
  eden space 87424K, 100% used [0x00000007dae00000, 0x00000007e0360000, 0x00000007e0360000)
  from space 21824K,  47% used [0x00000007e18b0000, 0x00000007e22dbfc0, 0x00000007e2e00000)
  to   space 21824K,   0% used [0x00000007e0360000, 0x00000007e0360000, 0x00000007e18b0000)
 concurrent mark-sweep generation total 393216K, used 17005K [0x00000007e2e00000, 0x00000007fae00000, 0x00000007fae00000)
 concurrent-mark-sweep perm gen total 31232K, used 31170K [0x00000007fae00000, 0x00000007fcc80000, 0x0000000800000000)
2016-05-08T22:22:42.730+0500: 13087.436: [GC2016-05-08T22:22:42.730+0500: 13087.436: [ParNew
Desired survivor size 20112992 bytes, new threshold 8 (max 8)
- age   1:    3865160 bytes,    3865160 total
- age   2:    1816360 bytes,    5681520 total
- age   3:       5184 bytes,    5686704 total
- age   4:       1800 bytes,    5688504 total
- age   5:       2416 bytes,    5690920 total
- age   6:       1800 bytes,    5692720 total
- age   7:       1416 bytes,    5694136 total
- age   8:       2904 bytes,    5697040 total
: 97839K->7364K(109248K), 0.0143330 secs] 114845K->25854K(502464K), 0.0144540 secs] [Times: user=0.02 sys=0.00, real=0.01 secs] 
Heap after GC invocations=314 (full 0):
 par new generation   total 109248K, used 7364K [0x00000007dae00000, 0x00000007e2e00000, 0x00000007e2e00000)
  eden space 87424K,   0% used [0x00000007dae00000, 0x00000007dae00000, 0x00000007e0360000)
  from space 21824K,  33% used [0x00000007e0360000, 0x00000007e0a91040, 0x00000007e18b0000)
  to   space 21824K,   0% used [0x00000007e18b0000, 0x00000007e18b0000, 0x00000007e2e00000)
 concurrent mark-sweep generation total 393216K, used 18490K [0x00000007e2e00000, 0x00000007fae00000, 0x00000007fae00000)
 concurrent-mark-sweep perm gen total 31232K, used 31170K [0x00000007fae00000, 0x00000007fcc80000, 0x0000000800000000)
}
2016-05-08T22:22:42.744+0500: 13087.451: Total time for which application threads were stopped: 0.0152510 seconds
2016-05-08T22:22:42.753+0500: 13087.459: Total time for which application threads were stopped: 0.0001480 seconds
2016-05-08T22:22:42.754+0500: 13087.461: Total time for which application threads were stopped: 0.0016520 seconds
{Heap before GC invocations=314 (full 0):
 par new generation   total 109248K, used 94788K [0x00000007dae00000, 0x00000007e2e00000, 0x00000007e2e00000)
  eden space 87424K, 100% used [0x00000007dae00000, 0x00000007e0360000, 0x00000007e0360000)
  from space 21824K,  33% used [0x00000007e0360000, 0x00000007e0a91040, 0x00000007e18b0000)
  to   space 21824K,   0% used [0x00000007e18b0000, 0x00000007e18b0000, 0x00000007e2e00000)
 concurrent mark-sweep generation total 393216K, used 18490K [0x00000007e2e00000, 0x00000007fae00000, 0x00000007fae00000)
 concurrent-mark-sweep perm gen total 31232K, used 31170K [0x00000007fae00000, 0x00000007fcc80000, 0x0000000800000000)
2016-05-08T22:22:44.894+0500: 13089.600: [GC2016-05-08T22:22:44.894+0500: 13089.600: [ParNew
Desired survivor size 20112992 bytes, new threshold 8 (max 8)
- age   1:    3172456 bytes,    3172456 total
- age   2:      45072 bytes,    3217528 total
- age   3:      12544 bytes,    3230072 total
- age   4:       4584 bytes,    3234656 total
- age   5:       1800 bytes,    3236456 total
- age   6:       2416 bytes,    3238872 total
- age   7:       1752 bytes,    3240624 total
- age   8:       1416 bytes,    3242040 total
: 94788K->5645K(109248K), 0.0102310 secs] 113278K->24139K(502464K), 0.0103240 secs] [Times: user=0.02 sys=0.00, real=0.01 secs] 
Heap after GC invocations=315 (full 0):
 par new generation   total 109248K, used 5645K [0x00000007dae00000, 0x00000007e2e00000, 0x00000007e2e00000)
  eden space 87424K,   0% used [0x00000007dae00000, 0x00000007dae00000, 0x00000007e0360000)
  from space 21824K,  25% used [0x00000007e18b0000, 0x00000007e1e335c0, 0x00000007e2e00000)
  to   space 21824K,   0% used [0x00000007e0360000, 0x00000007e0360000, 0x00000007e18b0000)
 concurrent mark-sweep generation total 393216K, used 18493K [0x00000007e2e00000, 0x00000007fae00000, 0x00000007fae00000)
 concurrent-mark-sweep perm gen total 31232K, used 31170K [0x00000007fae00000, 0x00000007fcc80000, 0x0000000800000000)
}
2016-05-08T22:22:44.904+0500: 13089.611: Total time for which application threads were stopped: 0.0108280 seconds
{Heap before GC invocations=315 (full 0):
 par new generation   total 109248K, used 93069K [0x00000007dae00000, 0x00000007e2e00000, 0x00000007e2e00000)
  eden space 87424K, 100% used [0x00000007dae00000, 0x00000007e0360000, 0x00000007e0360000)
  from space 21824K,  25% used [0x00000007e18b0000, 0x00000007e1e335c0, 0x00000007e2e00000)
  to   space 21824K,   0% used [0x00000007e0360000, 0x00000007e0360000, 0x00000007e18b0000)
 concurrent mark-sweep generation total 393216K, used 18493K [0x00000007e2e00000, 0x00000007fae00000, 0x00000007fae00000)
 concurrent-mark-sweep perm gen total 31232K, used 31170K [0x00000007fae00000, 0x00000007fcc80000, 0x0000000800000000)
2016-05-08T22:22:46.825+0500: 13091.532: [GC2016-05-08T22:22:47.062+0500: 13091.768: [ParNew
Desired survivor size 20112992 bytes, new threshold 8 (max 8)
- age   1:    4342584 bytes,    4342584 total
- age   2:      15672 bytes,    4358256 total
- age   3:       2512 bytes,    4360768 total
- age   4:       1752 bytes,    4362520 total
- age   5:       4584 bytes,    4367104 total
- age   6:       1800 bytes,    4368904 total
- age   7:       2416 bytes,    4371320 total
- age   8:       1752 bytes,    4373072 total
: 93069K->5313K(109248K), 0.0280120 secs] 111563K->23809K(502464K), 0.2646860 secs] [Times: user=0.02 sys=0.00, real=0.27 secs] 
Heap after GC invocations=316 (full 0):
 par new generation   total 109248K, used 5313K [0x00000007dae00000, 0x00000007e2e00000, 0x00000007e2e00000)
  eden space 87424K,   0% used [0x00000007dae00000, 0x00000007dae00000, 0x00000007e0360000)
  from space 21824K,  24% used [0x00000007e0360000, 0x00000007e08907e0, 0x00000007e18b0000)
  to   space 21824K,   0% used [0x00000007e18b0000, 0x00000007e18b0000, 0x00000007e2e00000)
 concurrent mark-sweep generation total 393216K, used 18495K [0x00000007e2e00000, 0x00000007fae00000, 0x00000007fae00000)
 concurrent-mark-sweep perm gen total 31232K, used 31170K [0x00000007fae00000, 0x00000007fcc80000, 0x0000000800000000)
}
2016-05-08T22:22:47.090+0500: 13091.796: Total time for which application threads were stopped: 0.2676190 seconds
2016-05-08T22:22:48.545+0500: 13093.252: Total time for which application threads were stopped: 0.0004330 seconds
2016-05-08T22:22:48.546+0500: 13093.252: Total time for which application threads were stopped: 0.0000680 seconds
2016-05-08T22:22:48.662+0500: 13093.369: Total time for which application threads were stopped: 0.0003160 seconds
2016-05-08T22:22:48.663+0500: 13093.369: Total time for which application threads were stopped: 0.0001630 seconds
2016-05-08T22:22:48.663+0500: 13093.369: Total time for which application threads were stopped: 0.0002050 seconds
2016-05-08T22:22:49.249+0500: 13093.955: Total time for which application threads were stopped: 0.0004970 seconds
2016-05-08T22:22:49.249+0500: 13093.955: Total time for which application threads were stopped: 0.0000890 seconds
2016-05-08T22:22:49.250+0500: 13093.956: Total time for which application threads were stopped: 0.0000520 seconds
2016-05-08T22:22:49.250+0500: 13093.956: Total time for which application threads were stopped: 0.0000450 seconds
2016-05-08T22:22:49.250+0500: 13093.956: Total time for which application threads were stopped: 0.0000430 seconds
2016-05-08T22:22:49.251+0500: 13093.957: Total time for which application threads were stopped: 0.0000550 seconds
2016-05-08T22:22:49.251+0500: 13093.957: Total time for which application threads were stopped: 0.0000430 seconds
2016-05-08T22:22:49.251+0500: 13093.957: Total time for which application threads were stopped: 0.0000480 seconds
2016-05-08T22:22:49.251+0500: 13093.958: Total time for which application threads were stopped: 0.0000840 seconds
2016-05-08T22:22:49.252+0500: 13093.958: Total time for which application threads were stopped: 0.0000510 seconds
2016-05-08T22:22:49.252+0500: 13093.958: Total time for which application threads were stopped: 0.0000440 seconds
2016-05-08T22:22:49.252+0500: 13093.958: Total time for which application threads were stopped: 0.0000420 seconds
2016-05-08T22:22:49.252+0500: 13093.958: Total time for which application threads were stopped: 0.0000420 seconds
2016-05-08T22:22:49.253+0500: 13093.960: Total time for which application threads were stopped: 0.0001270 seconds
2016-05-08T22:22:49.253+0500: 13093.960: Total time for which application threads were stopped: 0.0000450 seconds
2016-05-08T22:22:49.262+0500: 13093.969: Total time for which application threads were stopped: 0.0001250 seconds
2016-05-08T22:22:49.263+0500: 13093.969: Total time for which application threads were stopped: 0.0001630 seconds
2016-05-08T22:22:49.273+0500: 13093.979: Total time for which application threads were stopped: 0.0001460 seconds
2016-05-08T22:22:49.273+0500: 13093.979: Total time for which application threads were stopped: 0.0000540 seconds
{Heap before GC invocations=316 (full 0):
 par new generation   total 109248K, used 92737K [0x00000007dae00000, 0x00000007e2e00000, 0x00000007e2e00000)
  eden space 87424K, 100% used [0x00000007dae00000, 0x00000007e0360000, 0x00000007e0360000)
  from space 21824K,  24% used [0x00000007e0360000, 0x00000007e08907e0, 0x00000007e18b0000)
  to   space 21824K,   0% used [0x00000007e18b0000, 0x00000007e18b0000, 0x00000007e2e00000)
 concurrent mark-sweep generation total 393216K, used 18495K [0x00000007e2e00000, 0x00000007fae00000, 0x00000007fae00000)
 concurrent-mark-sweep perm gen total 31232K, used 31170K [0x00000007fae00000, 0x00000007fcc80000, 0x0000000800000000)
2016-05-08T22:22:50.034+0500: 13094.741: [GC2016-05-08T22:22:50.034+0500: 13094.741: [ParNew
Desired survivor size 20112992 bytes, new threshold 8 (max 8)
- age   1:    4204296 bytes,    4204296 total
- age   2:    1263224 bytes,    5467520 total
- age   3:      12352 bytes,    5479872 total
- age   4:       2488 bytes,    5482360 total
- age   5:       1752 bytes,    5484112 total
- age   6:       4584 bytes,    5488696 total
- age   7:       1800 bytes,    5490496 total
- age   8:       2416 bytes,    5492912 total
: 92737K->8102K(109248K), 0.0132260 secs] 111233K->26599K(502464K), 0.0133260 secs] [Times: user=0.01 sys=0.00, real=0.01 secs] 
Heap after GC invocations=317 (full 0):
 par new generation   total 109248K, used 8102K [0x00000007dae00000, 0x00000007e2e00000, 0x00000007e2e00000)
  eden space 87424K,   0% used [0x00000007dae00000, 0x00000007dae00000, 0x00000007e0360000)
  from space 21824K,  37% used [0x00000007e18b0000, 0x00000007e2099be0, 0x00000007e2e00000)
  to   space 21824K,   0% used [0x00000007e0360000, 0x00000007e0360000, 0x00000007e18b0000)
 concurrent mark-sweep generation total 393216K, used 18496K [0x00000007e2e00000, 0x00000007fae00000, 0x00000007fae00000)
 concurrent-mark-sweep perm gen total 31232K, used 31170K [0x00000007fae00000, 0x00000007fcc80000, 0x0000000800000000)
}
2016-05-08T22:22:50.048+0500: 13094.754: Total time for which application threads were stopped: 0.0138870 seconds
2016-05-08T22:22:50.306+0500: 13095.012: Total time for which application threads were stopped: 0.0001330 seconds
{Heap before GC invocations=317 (full 0):
 par new generation   total 109248K, used 95514K [0x00000007dae00000, 0x00000007e2e00000, 0x00000007e2e00000)
  eden space 87424K,  99% used [0x00000007dae00000, 0x00000007e035cc30, 0x00000007e0360000)
  from space 21824K,  37% used [0x00000007e18b0000, 0x00000007e2099be0, 0x00000007e2e00000)
  to   space 21824K,   0% used [0x00000007e0360000, 0x00000007e0360000, 0x00000007e18b0000)
 concurrent mark-sweep generation total 393216K, used 18496K [0x00000007e2e00000, 0x00000007fae00000, 0x00000007fae00000)
 concurrent-mark-sweep perm gen total 31232K, used 31170K [0x00000007fae00000, 0x00000007fcc80000, 0x0000000800000000)
2016-05-08T22:22:51.626+0500: 13096.333: [GC2016-05-08T22:22:51.627+0500: 13096.333: [ParNew
Desired survivor size 20112992 bytes, new threshold 8 (max 8)
- age   1:    4079000 bytes,    4079000 total
- age   2:      23680 bytes,    4102680 total
- age   3:      22328 bytes,    4125008 total
- age   4:      12328 bytes,    4137336 total
- age   5:       2488 bytes,    4139824 total
- age   6:       1752 bytes,    4141576 total
- age   7:       2304 bytes,    4143880 total
- age   8:       1800 bytes,    4145680 total
: 95514K->6349K(109248K), 0.0101150 secs] 114010K->24848K(502464K), 0.0102490 secs] [Times: user=0.02 sys=0.00, real=0.01 secs] 
Heap after GC invocations=318 (full 0):
 par new generation   total 109248K, used 6349K [0x00000007dae00000, 0x00000007e2e00000, 0x00000007e2e00000)
  eden space 87424K,   0% used [0x00000007dae00000, 0x00000007dae00000, 0x00000007e0360000)
  from space 21824K,  29% used [0x00000007e0360000, 0x00000007e0993498, 0x00000007e18b0000)
  to   space 21824K,   0% used [0x00000007e18b0000, 0x00000007e18b0000, 0x00000007e2e00000)
 concurrent mark-sweep generation total 393216K, used 18499K [0x00000007e2e00000, 0x00000007fae00000, 0x00000007fae00000)
 concurrent-mark-sweep perm gen total 31232K, used 31170K [0x00000007fae00000, 0x00000007fcc80000, 0x0000000800000000)
}
2016-05-08T22:22:51.637+0500: 13096.343: Total time for which application threads were stopped: 0.0154700 seconds
{Heap before GC invocations=318 (full 0):
 par new generation   total 109248K, used 93773K [0x00000007dae00000, 0x00000007e2e00000, 0x00000007e2e00000)
  eden space 87424K, 100% used [0x00000007dae00000, 0x00000007e0360000, 0x00000007e0360000)
  from space 21824K,  29% used [0x00000007e0360000, 0x00000007e0993498, 0x00000007e18b0000)
  to   space 21824K,   0% used [0x00000007e18b0000, 0x00000007e18b0000, 0x00000007e2e00000)
 concurrent mark-sweep generation total 393216K, used 18499K [0x00000007e2e00000, 0x00000007fae00000, 0x00000007fae00000)
 concurrent-mark-sweep perm gen total 31232K, used 31170K [0x00000007fae00000, 0x00000007fcc80000, 0x0000000800000000)
2016-05-08T22:22:51.994+0500: 13096.700: [GC2016-05-08T22:22:51.994+0500: 13096.700: [ParNew
Desired survivor size 20112992 bytes, new threshold 8 (max 8)
- age   1:    3484064 bytes,    3484064 total
- age   2:     460784 bytes,    3944848 total
- age   3:      13720 bytes,    3958568 total
- age   4:      21728 bytes,    3980296 total
- age   5:      12328 bytes,    3992624 total
- age   6:       2256 bytes,    3994880 total
- age   7:       1752 bytes,    3996632 total
- age   8:       2304 bytes,    3998936 total
: 93773K->5107K(109248K), 0.0112620 secs] 112272K->23608K(502464K), 0.0113780 secs] [Times: user=0.02 sys=0.00, real=0.01 secs] 
Heap after GC invocations=319 (full 0):
 par new generation   total 109248K, used 5107K [0x00000007dae00000, 0x00000007e2e00000, 0x00000007e2e00000)
  eden space 87424K,   0% used [0x00000007dae00000, 0x00000007dae00000, 0x00000007e0360000)
  from space 21824K,  23% used [0x00000007e18b0000, 0x00000007e1dacd90, 0x00000007e2e00000)
  to   space 21824K,   0% used [0x00000007e0360000, 0x00000007e0360000, 0x00000007e18b0000)
 concurrent mark-sweep generation total 393216K, used 18500K [0x00000007e2e00000, 0x00000007fae00000, 0x00000007fae00000)
 concurrent-mark-sweep perm gen total 31232K, used 31170K [0x00000007fae00000, 0x00000007fcc80000, 0x0000000800000000)
}
2016-05-08T22:22:52.005+0500: 13096.712: Total time for which application threads were stopped: 0.0116560 seconds
{Heap before GC invocations=319 (full 0):
 par new generation   total 109248K, used 92529K [0x00000007dae00000, 0x00000007e2e00000, 0x00000007e2e00000)
  eden space 87424K,  99% used [0x00000007dae00000, 0x00000007e035f9e8, 0x00000007e0360000)
  from space 21824K,  23% used [0x00000007e18b0000, 0x00000007e1dacd90, 0x00000007e2e00000)
  to   space 21824K,   0% used [0x00000007e0360000, 0x00000007e0360000, 0x00000007e18b0000)
 concurrent mark-sweep generation total 393216K, used 18500K [0x00000007e2e00000, 0x00000007fae00000, 0x00000007fae00000)
 concurrent-mark-sweep perm gen total 31232K, used 31170K [0x00000007fae00000, 0x00000007fcc80000, 0x0000000800000000)
2016-05-08T22:22:52.622+0500: 13097.329: [GC2016-05-08T22:22:52.622+0500: 13097.329: [ParNew
Desired survivor size 20112992 bytes, new threshold 8 (max 8)
- age   1:    3447080 bytes,    3447080 total
- age   2:     432656 bytes,    3879736 total
- age   3:       7104 bytes,    3886840 total
- age   4:      13720 bytes,    3900560 total
- age   5:      21704 bytes,    3922264 total
- age   6:      12304 bytes,    3934568 total
- age   7:       2256 bytes,    3936824 total
- age   8:       1728 bytes,    3938552 total
: 92529K->5068K(109248K), 0.0113850 secs] 111030K->23571K(502464K), 0.0115030 secs] [Times: user=0.02 sys=0.00, real=0.01 secs] 
Heap after GC invocations=320 (full 0):
 par new generation   total 109248K, used 5068K [0x00000007dae00000, 0x00000007e2e00000, 0x00000007e2e00000)
  eden space 87424K,   0% used [0x00000007dae00000, 0x00000007dae00000, 0x00000007e0360000)
  from space 21824K,  23% used [0x00000007e0360000, 0x00000007e0853030, 0x00000007e18b0000)
  to   space 21824K,   0% used [0x00000007e18b0000, 0x00000007e18b0000, 0x00000007e2e00000)
 concurrent mark-sweep generation total 393216K, used 18503K [0x00000007e2e00000, 0x00000007fae00000, 0x00000007fae00000)
 concurrent-mark-sweep perm gen total 31232K, used 31170K [0x00000007fae00000, 0x00000007fcc80000, 0x0000000800000000)
}
2016-05-08T22:22:52.634+0500: 13097.340: Total time for which application threads were stopped: 0.0123370 seconds
{Heap before GC invocations=320 (full 0):
 par new generation   total 109248K, used 92492K [0x00000007dae00000, 0x00000007e2e00000, 0x00000007e2e00000)
  eden space 87424K, 100% used [0x00000007dae00000, 0x00000007e0360000, 0x00000007e0360000)
  from space 21824K,  23% used [0x00000007e0360000, 0x00000007e0853030, 0x00000007e18b0000)
  to   space 21824K,   0% used [0x00000007e18b0000, 0x00000007e18b0000, 0x00000007e2e00000)
 concurrent mark-sweep generation total 393216K, used 18503K [0x00000007e2e00000, 0x00000007fae00000, 0x00000007fae00000)
 concurrent-mark-sweep perm gen total 31232K, used 31170K [0x00000007fae00000, 0x00000007fcc80000, 0x0000000800000000)
2016-05-08T22:22:52.927+0500: 13097.634: [GC2016-05-08T22:22:52.927+0500: 13097.634: [ParNew
Desired survivor size 20112992 bytes, new threshold 8 (max 8)
- age   1:    2957792 bytes,    2957792 total
- age   2:    2194104 bytes,    5151896 total
- age   3:     404568 bytes,    5556464 total
- age   4:       5816 bytes,    5562280 total
- age   5:      13720 bytes,    5576000 total
- age   6:      21504 bytes,    5597504 total
- age   7:      12304 bytes,    5609808 total
- age   8:       2232 bytes,    5612040 total
: 92492K->7073K(109248K), 0.0120040 secs] 110995K->25578K(502464K), 0.0120940 secs] [Times: user=0.02 sys=0.00, real=0.01 secs] 
Heap after GC invocations=321 (full 0):
 par new generation   total 109248K, used 7073K [0x00000007dae00000, 0x00000007e2e00000, 0x00000007e2e00000)
  eden space 87424K,   0% used [0x00000007dae00000, 0x00000007dae00000, 0x00000007e0360000)
  from space 21824K,  32% used [0x00000007e18b0000, 0x00000007e1f984a0, 0x00000007e2e00000)
  to   space 21824K,   0% used [0x00000007e0360000, 0x00000007e0360000, 0x00000007e18b0000)
 concurrent mark-sweep generation total 393216K, used 18504K [0x00000007e2e00000, 0x00000007fae00000, 0x00000007fae00000)
 concurrent-mark-sweep perm gen total 31232K, used 31170K [0x00000007fae00000, 0x00000007fcc80000, 0x0000000800000000)
}
2016-05-08T22:22:52.940+0500: 13097.646: Total time for which application threads were stopped: 0.0123420 seconds
2016-05-08T22:22:52.946+0500: 13097.653: Total time for which application threads were stopped: 0.0001220 seconds
2016-05-08T22:22:52.946+0500: 13097.653: Total time for which application threads were stopped: 0.0000410 seconds
2016-05-08T22:22:52.947+0500: 13097.653: Total time for which application threads were stopped: 0.0000370 seconds
2016-05-08T22:22:52.947+0500: 13097.653: Total time for which application threads were stopped: 0.0000340 seconds
2016-05-08T22:22:52.947+0500: 13097.653: Total time for which application threads were stopped: 0.0000330 seconds
2016-05-08T22:22:52.947+0500: 13097.653: Total time for which application threads were stopped: 0.0000360 seconds
2016-05-08T22:22:52.947+0500: 13097.653: Total time for which application threads were stopped: 0.0000340 seconds
2016-05-08T22:22:52.947+0500: 13097.653: Total time for which application threads were stopped: 0.0000340 seconds
2016-05-08T22:22:52.947+0500: 13097.653: Total time for which application threads were stopped: 0.0000340 seconds
{Heap before GC invocations=321 (full 0):
 par new generation   total 109248K, used 94497K [0x00000007dae00000, 0x00000007e2e00000, 0x00000007e2e00000)
  eden space 87424K, 100% used [0x00000007dae00000, 0x00000007e0360000, 0x00000007e0360000)
  from space 21824K,  32% used [0x00000007e18b0000, 0x00000007e1f984a0, 0x00000007e2e00000)
  to   space 21824K,   0% used [0x00000007e0360000, 0x00000007e0360000, 0x00000007e18b0000)
 concurrent mark-sweep generation total 393216K, used 18504K [0x00000007e2e00000, 0x00000007fae00000, 0x00000007fae00000)
 concurrent-mark-sweep perm gen total 31232K, used 31170K [0x00000007fae00000, 0x00000007fcc80000, 0x0000000800000000)
2016-05-08T22:22:53.709+0500: 13098.415: [GC2016-05-08T22:22:53.709+0500: 13098.415: [ParNew
Desired survivor size 20112992 bytes, new threshold 8 (max 8)
- age   1:    4463112 bytes,    4463112 total
- age   2:      23880 bytes,    4486992 total
- age   3:       3712 bytes,    4490704 total
- age   4:       3224 bytes,    4493928 total
- age   5:       5064 bytes,    4498992 total
- age   6:      13720 bytes,    4512712 total
- age   7:      21504 bytes,    4534216 total
- age   8:      12304 bytes,    4546520 total
: 94497K->6546K(109248K), 0.0158870 secs] 113002K->25053K(502464K), 0.0160070 secs] [Times: user=0.02 sys=0.00, real=0.02 secs] 
Heap after GC invocations=322 (full 0):
 par new generation   total 109248K, used 6546K [0x00000007dae00000, 0x00000007e2e00000, 0x00000007e2e00000)
  eden space 87424K,   0% used [0x00000007dae00000, 0x00000007dae00000, 0x00000007e0360000)
  from space 21824K,  29% used [0x00000007e0360000, 0x00000007e09c4818, 0x00000007e18b0000)
  to   space 21824K,   0% used [0x00000007e18b0000, 0x00000007e18b0000, 0x00000007e2e00000)
 concurrent mark-sweep generation total 393216K, used 18507K [0x00000007e2e00000, 0x00000007fae00000, 0x00000007fae00000)
 concurrent-mark-sweep perm gen total 31232K, used 31170K [0x00000007fae00000, 0x00000007fcc80000, 0x0000000800000000)
}
2016-05-08T22:22:53.725+0500: 13098.431: Total time for which application threads were stopped: 0.0164030 seconds
{Heap before GC invocations=322 (full 0):
 par new generation   total 109248K, used 93970K [0x00000007dae00000, 0x00000007e2e00000, 0x00000007e2e00000)
  eden space 87424K, 100% used [0x00000007dae00000, 0x00000007e0360000, 0x00000007e0360000)
  from space 21824K,  29% used [0x00000007e0360000, 0x00000007e09c4818, 0x00000007e18b0000)
  to   space 21824K,   0% used [0x00000007e18b0000, 0x00000007e18b0000, 0x00000007e2e00000)
 concurrent mark-sweep generation total 393216K, used 18507K [0x00000007e2e00000, 0x00000007fae00000, 0x00000007fae00000)
 concurrent-mark-sweep perm gen total 31232K, used 31171K [0x00000007fae00000, 0x00000007fcc80000, 0x0000000800000000)
2016-05-08T22:22:54.092+0500: 13098.798: [GC2016-05-08T22:22:54.092+0500: 13098.799: [ParNew
Desired survivor size 20112992 bytes, new threshold 8 (max 8)
- age   1:    3365768 bytes,    3365768 total
- age   2:     721816 bytes,    4087584 total
- age   3:       2800 bytes,    4090384 total
- age   4:       2424 bytes,    4092808 total
- age   5:       3224 bytes,    4096032 total
- age   6:       5064 bytes,    4101096 total
- age   7:      13720 bytes,    4114816 total
- age   8:      21504 bytes,    4136320 total
: 93970K->5767K(109248K), 0.0102450 secs] 112477K->24286K(502464K), 0.0103390 secs] [Times: user=0.01 sys=0.00, real=0.01 secs] 
Heap after GC invocations=323 (full 0):
 par new generation   total 109248K, used 5767K [0x00000007dae00000, 0x00000007e2e00000, 0x00000007e2e00000)
  eden space 87424K,   0% used [0x00000007dae00000, 0x00000007dae00000, 0x00000007e0360000)
  from space 21824K,  26% used [0x00000007e18b0000, 0x00000007e1e51eb0, 0x00000007e2e00000)
  to   space 21824K,   0% used [0x00000007e0360000, 0x00000007e0360000, 0x00000007e18b0000)
 concurrent mark-sweep generation total 393216K, used 18519K [0x00000007e2e00000, 0x00000007fae00000, 0x00000007fae00000)
 concurrent-mark-sweep perm gen total 31232K, used 31171K [0x00000007fae00000, 0x00000007fcc80000, 0x0000000800000000)
}
2016-05-08T22:22:54.103+0500: 13098.809: Total time for which application threads were stopped: 0.0107220 seconds
{Heap before GC invocations=323 (full 0):
 par new generation   total 109248K, used 93177K [0x00000007dae00000, 0x00000007e2e00000, 0x00000007e2e00000)
  eden space 87424K,  99% used [0x00000007dae00000, 0x00000007e035c748, 0x00000007e0360000)
  from space 21824K,  26% used [0x00000007e18b0000, 0x00000007e1e51eb0, 0x00000007e2e00000)
  to   space 21824K,   0% used [0x00000007e0360000, 0x00000007e0360000, 0x00000007e18b0000)
 concurrent mark-sweep generation total 393216K, used 18519K [0x00000007e2e00000, 0x00000007fae00000, 0x00000007fae00000)
 concurrent-mark-sweep perm gen total 31232K, used 31171K [0x00000007fae00000, 0x00000007fcc80000, 0x0000000800000000)
2016-05-08T22:22:54.546+0500: 13099.252: [GC2016-05-08T22:22:54.546+0500: 13099.252: [ParNew
Desired survivor size 20112992 bytes, new threshold 8 (max 8)
- age   1:    4503096 bytes,    4503096 total
- age   2:     823312 bytes,    5326408 total
- age   3:       2664 bytes,    5329072 total
- age   4:       2800 bytes,    5331872 total
- age   5:       2424 bytes,    5334296 total
- age   6:       3224 bytes,    5337520 total
- age   7:       5064 bytes,    5342584 total
- age   8:      13720 bytes,    5356304 total
: 93177K->6821K(109248K), 0.0162830 secs] 111696K->25361K(502464K), 0.0163910 secs] [Times: user=0.02 sys=0.00, real=0.02 secs] 
Heap after GC invocations=324 (full 0):
 par new generation   total 109248K, used 6821K [0x00000007dae00000, 0x00000007e2e00000, 0x00000007e2e00000)
  eden space 87424K,   0% used [0x00000007dae00000, 0x00000007dae00000, 0x00000007e0360000)
  from space 21824K,  31% used [0x00000007e0360000, 0x00000007e0a09460, 0x00000007e18b0000)
  to   space 21824K,   0% used [0x00000007e18b0000, 0x00000007e18b0000, 0x00000007e2e00000)
 concurrent mark-sweep generation total 393216K, used 18540K [0x00000007e2e00000, 0x00000007fae00000, 0x00000007fae00000)
 concurrent-mark-sweep perm gen total 31232K, used 31171K [0x00000007fae00000, 0x00000007fcc80000, 0x0000000800000000)
}
2016-05-08T22:22:54.562+0500: 13099.268: Total time for which application threads were stopped: 0.0170900 seconds
2016-05-08T22:22:54.615+0500: 13099.321: Total time for which application threads were stopped: 0.0008010 seconds
{Heap before GC invocations=324 (full 0):
 par new generation   total 109248K, used 94222K [0x00000007dae00000, 0x00000007e2e00000, 0x00000007e2e00000)
  eden space 87424K,  99% used [0x00000007dae00000, 0x00000007e035a628, 0x00000007e0360000)
  from space 21824K,  31% used [0x00000007e0360000, 0x00000007e0a09460, 0x00000007e18b0000)
  to   space 21824K,   0% used [0x00000007e18b0000, 0x00000007e18b0000, 0x00000007e2e00000)
 concurrent mark-sweep generation total 393216K, used 18540K [0x00000007e2e00000, 0x00000007fae00000, 0x00000007fae00000)
 concurrent-mark-sweep perm gen total 31232K, used 31171K [0x00000007fae00000, 0x00000007fcc80000, 0x0000000800000000)
2016-05-08T22:22:54.845+0500: 13099.551: [GC2016-05-08T22:22:54.845+0500: 13099.551: [ParNew
Desired survivor size 20112992 bytes, new threshold 8 (max 8)
- age   1:    4025064 bytes,    4025064 total
- age   2:    1723432 bytes,    5748496 total
- age   3:       8568 bytes,    5757064 total
- age   4:       2040 bytes,    5759104 total
- age   5:       2800 bytes,    5761904 total
- age   6:       2424 bytes,    5764328 total
- age   7:       3224 bytes,    5767552 total
- age   8:       2784 bytes,    5770336 total
: 94222K->7802K(109248K), 0.0294020 secs] 112762K->26355K(502464K), 0.0295330 secs] [Times: user=0.03 sys=0.01, real=0.03 secs] 
Heap after GC invocations=325 (full 0):
 par new generation   total 109248K, used 7802K [0x00000007dae00000, 0x00000007e2e00000, 0x00000007e2e00000)
  eden space 87424K,   0% used [0x00000007dae00000, 0x00000007dae00000, 0x00000007e0360000)
  from space 21824K,  35% used [0x00000007e18b0000, 0x00000007e204e8e8, 0x00000007e2e00000)
  to   space 21824K,   0% used [0x00000007e0360000, 0x00000007e0360000, 0x00000007e18b0000)
 concurrent mark-sweep generation total 393216K, used 18553K [0x00000007e2e00000, 0x00000007fae00000, 0x00000007fae00000)
 concurrent-mark-sweep perm gen total 31232K, used 31171K [0x00000007fae00000, 0x00000007fcc80000, 0x0000000800000000)
}
2016-05-08T22:22:54.875+0500: 13099.581: Total time for which application threads were stopped: 0.0298680 seconds
2016-05-08T22:22:54.882+0500: 13099.588: Total time for which application threads were stopped: 0.0001420 seconds
2016-05-08T22:22:54.882+0500: 13099.588: Total time for which application threads were stopped: 0.0001420 seconds
2016-05-08T22:22:54.882+0500: 13099.588: Total time for which application threads were stopped: 0.0001490 seconds
2016-05-08T22:22:54.883+0500: 13099.589: Total time for which application threads were stopped: 0.0006440 seconds
2016-05-08T22:22:54.883+0500: 13099.589: Total time for which application threads were stopped: 0.0000810 seconds
{Heap before GC invocations=325 (full 0):
 par new generation   total 109248K, used 95226K [0x00000007dae00000, 0x00000007e2e00000, 0x00000007e2e00000)
  eden space 87424K, 100% used [0x00000007dae00000, 0x00000007e0360000, 0x00000007e0360000)
  from space 21824K,  35% used [0x00000007e18b0000, 0x00000007e204e8e8, 0x00000007e2e00000)
  to   space 21824K,   0% used [0x00000007e0360000, 0x00000007e0360000, 0x00000007e18b0000)
 concurrent mark-sweep generation total 393216K, used 18553K [0x00000007e2e00000, 0x00000007fae00000, 0x00000007fae00000)
 concurrent-mark-sweep perm gen total 31232K, used 31171K [0x00000007fae00000, 0x00000007fcc80000, 0x0000000800000000)
2016-05-08T22:22:55.263+0500: 13099.969: [GC2016-05-08T22:22:55.263+0500: 13099.969: [ParNew
Desired survivor size 20112992 bytes, new threshold 8 (max 8)
- age   1:    3793280 bytes,    3793280 total
- age   2:    1923824 bytes,    5717104 total
- age   3:      18928 bytes,    5736032 total
- age   4:       2352 bytes,    5738384 total
- age   5:       2040 bytes,    5740424 total
- age   6:       2800 bytes,    5743224 total
- age   7:       2424 bytes,    5745648 total
- age   8:       3224 bytes,    5748872 total
: 95226K->6566K(109248K), 0.0163280 secs] 113779K->25122K(502464K), 0.0164360 secs] [Times: user=0.02 sys=0.00, real=0.01 secs] 
Heap after GC invocations=326 (full 0):
 par new generation   total 109248K, used 6566K [0x00000007dae00000, 0x00000007e2e00000, 0x00000007e2e00000)
  eden space 87424K,   0% used [0x00000007dae00000, 0x00000007dae00000, 0x00000007e0360000)
  from space 21824K,  30% used [0x00000007e0360000, 0x00000007e09c9950, 0x00000007e18b0000)
  to   space 21824K,   0% used [0x00000007e18b0000, 0x00000007e18b0000, 0x00000007e2e00000)
 concurrent mark-sweep generation total 393216K, used 18556K [0x00000007e2e00000, 0x00000007fae00000, 0x00000007fae00000)
 concurrent-mark-sweep perm gen total 31232K, used 31171K [0x00000007fae00000, 0x00000007fcc80000, 0x0000000800000000)
}
2016-05-08T22:22:55.279+0500: 13099.986: Total time for which application threads were stopped: 0.0168360 seconds
{Heap before GC invocations=326 (full 0):
 par new generation   total 109248K, used 93990K [0x00000007dae00000, 0x00000007e2e00000, 0x00000007e2e00000)
  eden space 87424K, 100% used [0x00000007dae00000, 0x00000007e0360000, 0x00000007e0360000)
  from space 21824K,  30% used [0x00000007e0360000, 0x00000007e09c9950, 0x00000007e18b0000)
  to   space 21824K,   0% used [0x00000007e18b0000, 0x00000007e18b0000, 0x00000007e2e00000)
 concurrent mark-sweep generation total 393216K, used 18556K [0x00000007e2e00000, 0x00000007fae00000, 0x00000007fae00000)
 concurrent-mark-sweep perm gen total 31232K, used 31171K [0x00000007fae00000, 0x00000007fcc80000, 0x0000000800000000)
2016-05-08T22:22:55.806+0500: 13100.512: [GC2016-05-08T22:22:55.806+0500: 13100.512: [ParNew
Desired survivor size 20112992 bytes, new threshold 8 (max 8)
- age   1:    3573528 bytes,    3573528 total
- age   2:    1986712 bytes,    5560240 total
- age   3:       7424 bytes,    5567664 total
- age   4:       3088 bytes,    5570752 total
- age   5:       2352 bytes,    5573104 total
- age   6:       2040 bytes,    5575144 total
- age   7:       2800 bytes,    5577944 total
- age   8:       2400 bytes,    5580344 total
: 93990K->9734K(109248K), 0.0795940 secs] 112546K->28293K(502464K), 0.0797390 secs] [Times: user=0.10 sys=0.01, real=0.08 secs] 
Heap after GC invocations=327 (full 0):
 par new generation   total 109248K, used 9734K [0x00000007dae00000, 0x00000007e2e00000, 0x00000007e2e00000)
  eden space 87424K,   0% used [0x00000007dae00000, 0x00000007dae00000, 0x00000007e0360000)
  from space 21824K,  44% used [0x00000007e18b0000, 0x00000007e2231a00, 0x00000007e2e00000)
  to   space 21824K,   0% used [0x00000007e0360000, 0x00000007e0360000, 0x00000007e18b0000)
 concurrent mark-sweep generation total 393216K, used 18559K [0x00000007e2e00000, 0x00000007fae00000, 0x00000007fae00000)
 concurrent-mark-sweep perm gen total 31232K, used 31171K [0x00000007fae00000, 0x00000007fcc80000, 0x0000000800000000)
}
2016-05-08T22:22:55.886+0500: 13100.592: Total time for which application threads were stopped: 0.0844260 seconds
2016-05-08T22:22:57.166+0500: 13101.872: Total time for which application threads were stopped: 0.0063140 seconds
{Heap before GC invocations=327 (full 0):
 par new generation   total 109248K, used 97148K [0x00000007dae00000, 0x00000007e2e00000, 0x00000007e2e00000)
  eden space 87424K,  99% used [0x00000007dae00000, 0x00000007e035d638, 0x00000007e0360000)
  from space 21824K,  44% used [0x00000007e18b0000, 0x00000007e2231a00, 0x00000007e2e00000)
  to   space 21824K,   0% used [0x00000007e0360000, 0x00000007e0360000, 0x00000007e18b0000)
 concurrent mark-sweep generation total 393216K, used 18559K [0x00000007e2e00000, 0x00000007fae00000, 0x00000007fae00000)
 concurrent-mark-sweep perm gen total 31232K, used 31171K [0x00000007fae00000, 0x00000007fcc80000, 0x0000000800000000)
2016-05-08T22:22:57.276+0500: 13101.982: [GC2016-05-08T22:22:57.321+0500: 13102.027: [ParNew
Desired survivor size 20112992 bytes, new threshold 8 (max 8)
- age   1:    3518264 bytes,    3518264 total
- age   2:    2052976 bytes,    5571240 total
- age   3:       3664 bytes,    5574904 total
- age   4:       4648 bytes,    5579552 total
- age   5:       2864 bytes,    5582416 total
- age   6:       2352 bytes,    5584768 total
- age   7:       2040 bytes,    5586808 total
- age   8:       2800 bytes,    5589608 total
: 97148K->7092K(109248K), 0.0112200 secs] 115707K->25654K(502464K), 0.0565180 secs] [Times: user=0.02 sys=0.00, real=0.06 secs] 
Heap after GC invocations=328 (full 0):
 par new generation   total 109248K, used 7092K [0x00000007dae00000, 0x00000007e2e00000, 0x00000007e2e00000)
  eden space 87424K,   0% used [0x00000007dae00000, 0x00000007dae00000, 0x00000007e0360000)
  from space 21824K,  32% used [0x00000007e0360000, 0x00000007e0a4d310, 0x00000007e18b0000)
  to   space 21824K,   0% used [0x00000007e18b0000, 0x00000007e18b0000, 0x00000007e2e00000)
 concurrent mark-sweep generation total 393216K, used 18561K [0x00000007e2e00000, 0x00000007fae00000, 0x00000007fae00000)
 concurrent-mark-sweep perm gen total 31232K, used 31171K [0x00000007fae00000, 0x00000007fcc80000, 0x0000000800000000)
}
2016-05-08T22:22:57.332+0500: 13102.039: Total time for which application threads were stopped: 0.0569670 seconds
2016-05-08T22:22:58.250+0500: 13102.957: Total time for which application threads were stopped: 0.0007860 seconds
2016-05-08T22:22:58.251+0500: 13102.957: Total time for which application threads were stopped: 0.0000700 seconds
2016-05-08T22:22:58.456+0500: 13103.162: Total time for which application threads were stopped: 0.0001030 seconds
2016-05-08T22:22:58.456+0500: 13103.163: Total time for which application threads were stopped: 0.0000310 seconds
2016-05-08T22:22:58.601+0500: 13103.307: Total time for which application threads were stopped: 0.0001350 seconds
2016-05-08T22:22:58.635+0500: 13103.341: Total time for which application threads were stopped: 0.0001640 seconds
2016-05-08T22:22:58.635+0500: 13103.342: Total time for which application threads were stopped: 0.0000680 seconds
2016-05-08T22:22:58.766+0500: 13103.473: Total time for which application threads were stopped: 0.0002480 seconds
2016-05-08T22:22:58.767+0500: 13103.473: Total time for which application threads were stopped: 0.0000420 seconds
2016-05-08T22:22:58.767+0500: 13103.473: Total time for which application threads were stopped: 0.0000390 seconds
2016-05-08T22:22:58.767+0500: 13103.473: Total time for which application threads were stopped: 0.0000360 seconds
2016-05-08T22:22:58.767+0500: 13103.473: Total time for which application threads were stopped: 0.0002230 seconds
2016-05-08T22:22:58.778+0500: 13103.484: Total time for which application threads were stopped: 0.0001570 seconds
2016-05-08T22:22:58.778+0500: 13103.485: Total time for which application threads were stopped: 0.0000490 seconds
2016-05-08T22:22:58.788+0500: 13103.494: Total time for which application threads were stopped: 0.0001710 seconds
2016-05-08T22:22:58.788+0500: 13103.494: Total time for which application threads were stopped: 0.0001560 seconds
{Heap before GC invocations=328 (full 0):
 par new generation   total 109248K, used 94514K [0x00000007dae00000, 0x00000007e2e00000, 0x00000007e2e00000)
  eden space 87424K,  99% used [0x00000007dae00000, 0x00000007e035f8e8, 0x00000007e0360000)
  from space 21824K,  32% used [0x00000007e0360000, 0x00000007e0a4d310, 0x00000007e18b0000)
  to   space 21824K,   0% used [0x00000007e18b0000, 0x00000007e18b0000, 0x00000007e2e00000)
 concurrent mark-sweep generation total 393216K, used 18561K [0x00000007e2e00000, 0x00000007fae00000, 0x00000007fae00000)
 concurrent-mark-sweep perm gen total 31232K, used 31172K [0x00000007fae00000, 0x00000007fcc80000, 0x0000000800000000)
2016-05-08T22:23:00.216+0500: 13104.922: [GC2016-05-08T22:23:00.216+0500: 13104.922: [ParNew
Desired survivor size 20112992 bytes, new threshold 8 (max 8)
- age   1:    4874264 bytes,    4874264 total
- age   2:      68848 bytes,    4943112 total
- age   3:       4216 bytes,    4947328 total
- age   4:       2376 bytes,    4949704 total
- age   5:       4448 bytes,    4954152 total
- age   6:       2864 bytes,    4957016 total
- age   7:       2352 bytes,    4959368 total
- age   8:       2040 bytes,    4961408 total
: 94514K->6729K(109248K), 0.0114960 secs] 113076K->25293K(502464K), 0.0116310 secs] [Times: user=0.02 sys=0.00, real=0.01 secs] 
Heap after GC invocations=329 (full 0):
 par new generation   total 109248K, used 6729K [0x00000007dae00000, 0x00000007e2e00000, 0x00000007e2e00000)
  eden space 87424K,   0% used [0x00000007dae00000, 0x00000007dae00000, 0x00000007e0360000)
  from space 21824K,  30% used [0x00000007e18b0000, 0x00000007e1f425d0, 0x00000007e2e00000)
  to   space 21824K,   0% used [0x00000007e0360000, 0x00000007e0360000, 0x00000007e18b0000)
 concurrent mark-sweep generation total 393216K, used 18564K [0x00000007e2e00000, 0x00000007fae00000, 0x00000007fae00000)
 concurrent-mark-sweep perm gen total 31232K, used 31172K [0x00000007fae00000, 0x00000007fcc80000, 0x0000000800000000)
}
2016-05-08T22:23:00.228+0500: 13104.934: Total time for which application threads were stopped: 0.0120050 seconds
{Heap before GC invocations=329 (full 0):
 par new generation   total 109248K, used 94151K [0x00000007dae00000, 0x00000007e2e00000, 0x00000007e2e00000)
  eden space 87424K,  99% used [0x00000007dae00000, 0x00000007e035f688, 0x00000007e0360000)
  from space 21824K,  30% used [0x00000007e18b0000, 0x00000007e1f425d0, 0x00000007e2e00000)
  to   space 21824K,   0% used [0x00000007e0360000, 0x00000007e0360000, 0x00000007e18b0000)
 concurrent mark-sweep generation total 393216K, used 18564K [0x00000007e2e00000, 0x00000007fae00000, 0x00000007fae00000)
 concurrent-mark-sweep perm gen total 31232K, used 31172K [0x00000007fae00000, 0x00000007fcc80000, 0x0000000800000000)
2016-05-08T22:23:02.523+0500: 13107.230: [GC2016-05-08T22:23:02.524+0500: 13107.230: [ParNew
Desired survivor size 20112992 bytes, new threshold 8 (max 8)
- age   1:    3337944 bytes,    3337944 total
- age   2:      37072 bytes,    3375016 total
- age   3:      19424 bytes,    3394440 total
- age   4:       2928 bytes,    3397368 total
- age   5:       2376 bytes,    3399744 total
- age   6:       2168 bytes,    3401912 total
- age   7:       2864 bytes,    3404776 total
- age   8:       2352 bytes,    3407128 total
: 94151K->5171K(109248K), 0.0345090 secs] 112715K->23738K(502464K), 0.0346420 secs] [Times: user=0.01 sys=0.01, real=0.03 secs] 
Heap after GC invocations=330 (full 0):
 par new generation   total 109248K, used 5171K [0x00000007dae00000, 0x00000007e2e00000, 0x00000007e2e00000)
  eden space 87424K,   0% used [0x00000007dae00000, 0x00000007dae00000, 0x00000007e0360000)
  from space 21824K,  23% used [0x00000007e0360000, 0x00000007e086cf30, 0x00000007e18b0000)
  to   space 21824K,   0% used [0x00000007e18b0000, 0x00000007e18b0000, 0x00000007e2e00000)
 concurrent mark-sweep generation total 393216K, used 18566K [0x00000007e2e00000, 0x00000007fae00000, 0x00000007fae00000)
 concurrent-mark-sweep perm gen total 31232K, used 31172K [0x00000007fae00000, 0x00000007fcc80000, 0x0000000800000000)
}
2016-05-08T22:23:02.558+0500: 13107.265: Total time for which application threads were stopped: 0.0350550 seconds
2016-05-08T22:23:03.680+0500: 13108.386: Total time for which application threads were stopped: 0.0064250 seconds
2016-05-08T22:23:03.681+0500: 13108.387: Total time for which application threads were stopped: 0.0006990 seconds
2016-05-08T22:23:03.685+0500: 13108.391: Total time for which application threads were stopped: 0.0002300 seconds
2016-05-08T22:23:03.685+0500: 13108.391: Total time for which application threads were stopped: 0.0000840 seconds
2016-05-08T22:23:03.962+0500: 13108.669: Total time for which application threads were stopped: 0.0001310 seconds
2016-05-08T22:23:03.963+0500: 13108.669: Total time for which application threads were stopped: 0.0000480 seconds
2016-05-08T22:23:03.963+0500: 13108.669: Total time for which application threads were stopped: 0.0000440 seconds
2016-05-08T22:23:03.963+0500: 13108.669: Total time for which application threads were stopped: 0.0000460 seconds
2016-05-08T22:23:03.963+0500: 13108.669: Total time for which application threads were stopped: 0.0000440 seconds
2016-05-08T22:23:03.964+0500: 13108.670: Total time for which application threads were stopped: 0.0001000 seconds
2016-05-08T22:23:03.964+0500: 13108.671: Total time for which application threads were stopped: 0.0000420 seconds
2016-05-08T22:23:03.964+0500: 13108.671: Total time for which application threads were stopped: 0.0000400 seconds
2016-05-08T22:23:03.965+0500: 13108.671: Total time for which application threads were stopped: 0.0000390 seconds
2016-05-08T22:23:03.965+0500: 13108.671: Total time for which application threads were stopped: 0.0000400 seconds
2016-05-08T22:23:03.965+0500: 13108.671: Total time for which application threads were stopped: 0.0000400 seconds
2016-05-08T22:23:03.965+0500: 13108.671: Total time for which application threads were stopped: 0.0000400 seconds
2016-05-08T22:23:03.965+0500: 13108.671: Total time for which application threads were stopped: 0.0000390 seconds
2016-05-08T22:23:03.966+0500: 13108.672: Total time for which application threads were stopped: 0.0000920 seconds
2016-05-08T22:23:03.966+0500: 13108.673: Total time for which application threads were stopped: 0.0000410 seconds
2016-05-08T22:23:04.598+0500: 13109.304: Total time for which application threads were stopped: 0.0002500 seconds
2016-05-08T22:23:04.598+0500: 13109.304: Total time for which application threads were stopped: 0.0000530 seconds
2016-05-08T22:23:04.645+0500: 13109.351: Total time for which application threads were stopped: 0.0001210 seconds
2016-05-08T22:23:04.645+0500: 13109.351: Total time for which application threads were stopped: 0.0000330 seconds
2016-05-08T22:23:15.698+0500: 13120.405: Total time for which application threads were stopped: 0.0006590 seconds
2016-05-08T22:23:15.699+0500: 13120.405: Total time for which application threads were stopped: 0.0000710 seconds
2016-05-08T22:23:15.711+0500: 13120.418: Total time for which application threads were stopped: 0.0002670 seconds
2016-05-08T22:23:15.711+0500: 13120.418: Total time for which application threads were stopped: 0.0000920 seconds
2016-05-08T22:23:16.218+0500: 13120.924: Total time for which application threads were stopped: 0.0002630 seconds
2016-05-08T22:23:16.218+0500: 13120.925: Total time for which application threads were stopped: 0.0000510 seconds
2016-05-08T22:23:16.230+0500: 13120.963: Total time for which application threads were stopped: 0.0267390 seconds
2016-05-08T22:23:16.257+0500: 13120.963: Total time for which application threads were stopped: 0.0001710 seconds
2016-05-08T22:23:20.301+0500: 13125.007: Total time for which application threads were stopped: 0.0003150 seconds
2016-05-08T22:23:20.301+0500: 13125.007: Total time for which application threads were stopped: 0.0000530 seconds
2016-05-08T22:23:20.312+0500: 13125.019: Total time for which application threads were stopped: 0.0001360 seconds
2016-05-08T22:23:20.313+0500: 13125.019: Total time for which application threads were stopped: 0.0000930 seconds
2016-05-08T22:23:20.618+0500: 13125.324: Total time for which application threads were stopped: 0.0001470 seconds
2016-05-08T22:23:20.618+0500: 13125.324: Total time for which application threads were stopped: 0.0000470 seconds
2016-05-08T22:23:20.630+0500: 13125.337: Total time for which application threads were stopped: 0.0001860 seconds
2016-05-08T22:23:20.631+0500: 13125.337: Total time for which application threads were stopped: 0.0000610 seconds
2016-05-08T22:23:29.561+0500: 13134.268: Total time for which application threads were stopped: 0.0055640 seconds
2016-05-08T22:23:35.608+0500: 13140.314: Total time for which application threads were stopped: 0.0238440 seconds
2016-05-08T22:24:03.690+0500: 13168.396: Total time for which application threads were stopped: 0.0052960 seconds
2016-05-08T22:24:10.716+0500: 13175.422: Total time for which application threads were stopped: 0.0024670 seconds
2016-05-08T22:24:20.636+0500: 13185.342: Total time for which application threads were stopped: 0.0026900 seconds
2016-05-08T22:24:48.749+0500: 13213.455: Total time for which application threads were stopped: 0.0051500 seconds
2016-05-08T22:25:14.423+0500: 13239.129: Total time for which application threads were stopped: 0.0016750 seconds
2016-05-08T22:25:14.428+0500: 13239.135: Total time for which application threads were stopped: 0.0001240 seconds
2016-05-08T22:25:14.428+0500: 13239.135: Total time for which application threads were stopped: 0.0000350 seconds
2016-05-08T22:25:14.434+0500: 13239.141: Total time for which application threads were stopped: 0.0001230 seconds
2016-05-08T22:25:14.435+0500: 13239.141: Total time for which application threads were stopped: 0.0000360 seconds
2016-05-08T22:25:14.435+0500: 13239.141: Total time for which application threads were stopped: 0.0000390 seconds
2016-05-08T22:25:14.435+0500: 13239.141: Total time for which application threads were stopped: 0.0000340 seconds
2016-05-08T22:25:14.435+0500: 13239.141: Total time for which application threads were stopped: 0.0000340 seconds
2016-05-08T22:25:14.435+0500: 13239.141: Total time for which application threads were stopped: 0.0000350 seconds
2016-05-08T22:25:14.435+0500: 13239.141: Total time for which application threads were stopped: 0.0000350 seconds
2016-05-08T22:25:14.435+0500: 13239.141: Total time for which application threads were stopped: 0.0000340 seconds
2016-05-08T22:25:14.435+0500: 13239.142: Total time for which application threads were stopped: 0.0000330 seconds
2016-05-08T22:25:14.448+0500: 13239.154: Total time for which application threads were stopped: 0.0004460 seconds
2016-05-08T22:25:14.461+0500: 13239.167: Total time for which application threads were stopped: 0.0001800 seconds
{Heap before GC invocations=330 (full 0):
 par new generation   total 109248K, used 92595K [0x00000007dae00000, 0x00000007e2e00000, 0x00000007e2e00000)
  eden space 87424K, 100% used [0x00000007dae00000, 0x00000007e0360000, 0x00000007e0360000)
  from space 21824K,  23% used [0x00000007e0360000, 0x00000007e086cf30, 0x00000007e18b0000)
  to   space 21824K,   0% used [0x00000007e18b0000, 0x00000007e18b0000, 0x00000007e2e00000)
 concurrent mark-sweep generation total 393216K, used 18566K [0x00000007e2e00000, 0x00000007fae00000, 0x00000007fae00000)
 concurrent-mark-sweep perm gen total 31424K, used 31233K [0x00000007fae00000, 0x00000007fccb0000, 0x0000000800000000)
2016-05-08T22:25:14.469+0500: 13239.198: [GC2016-05-08T22:25:14.492+0500: 13239.198: [ParNew
Desired survivor size 20112992 bytes, new threshold 8 (max 8)
- age   1:    3409408 bytes,    3409408 total
- age   2:      32376 bytes,    3441784 total
- age   3:      28144 bytes,    3469928 total
- age   4:      16960 bytes,    3486888 total
- age   5:       1672 bytes,    3488560 total
- age   6:       1080 bytes,    3489640 total
- age   7:       1104 bytes,    3490744 total
- age   8:       1656 bytes,    3492400 total
: 92595K->4251K(109248K), 0.1447490 secs] 111162K->22819K(502464K), 0.1680360 secs] [Times: user=0.03 sys=0.05, real=0.17 secs] 
Heap after GC invocations=331 (full 0):
 par new generation   total 109248K, used 4251K [0x00000007dae00000, 0x00000007e2e00000, 0x00000007e2e00000)
  eden space 87424K,   0% used [0x00000007dae00000, 0x00000007dae00000, 0x00000007e0360000)
  from space 21824K,  19% used [0x00000007e18b0000, 0x00000007e1cd6d78, 0x00000007e2e00000)
  to   space 21824K,   0% used [0x00000007e0360000, 0x00000007e0360000, 0x00000007e18b0000)
 concurrent mark-sweep generation total 393216K, used 18567K [0x00000007e2e00000, 0x00000007fae00000, 0x00000007fae00000)
 concurrent-mark-sweep perm gen total 31424K, used 31233K [0x00000007fae00000, 0x00000007fccb0000, 0x0000000800000000)
}
2016-05-08T22:25:14.637+0500: 13239.343: Total time for which application threads were stopped: 0.1683110 seconds
2016-05-08T22:26:01.813+0500: 13286.520: Total time for which application threads were stopped: 0.0040130 seconds
{Heap before GC invocations=331 (full 0):
 par new generation   total 109248K, used 91673K [0x00000007dae00000, 0x00000007e2e00000, 0x00000007e2e00000)
  eden space 87424K,  99% used [0x00000007dae00000, 0x00000007e035f7a8, 0x00000007e0360000)
  from space 21824K,  19% used [0x00000007e18b0000, 0x00000007e1cd6d78, 0x00000007e2e00000)
  to   space 21824K,   0% used [0x00000007e0360000, 0x00000007e0360000, 0x00000007e18b0000)
 concurrent mark-sweep generation total 393216K, used 18567K [0x00000007e2e00000, 0x00000007fae00000, 0x00000007fae00000)
 concurrent-mark-sweep perm gen total 31424K, used 31238K [0x00000007fae00000, 0x00000007fccb0000, 0x0000000800000000)
2016-05-08T22:31:51.198+0500: 13635.905: [GC2016-05-08T22:31:51.235+0500: 13635.942: [ParNew
Desired survivor size 20112992 bytes, new threshold 8 (max 8)
- age   1:     297472 bytes,     297472 total
- age   2:    3192800 bytes,    3490272 total
- age   3:      31168 bytes,    3521440 total
- age   4:      27360 bytes,    3548800 total
- age   5:      15936 bytes,    3564736 total
- age   6:       1272 bytes,    3566008 total
- age   7:       1080 bytes,    3567088 total
- age   8:        480 bytes,    3567568 total
: 91673K->4587K(109248K), 0.0683410 secs] 110240K->23156K(502464K), 0.1056720 secs] [Times: user=0.02 sys=0.04, real=0.11 secs] 
Heap after GC invocations=332 (full 0):
 par new generation   total 109248K, used 4587K [0x00000007dae00000, 0x00000007e2e00000, 0x00000007e2e00000)
  eden space 87424K,   0% used [0x00000007dae00000, 0x00000007dae00000, 0x00000007e0360000)
  from space 21824K,  21% used [0x00000007e0360000, 0x00000007e07dae10, 0x00000007e18b0000)
  to   space 21824K,   0% used [0x00000007e18b0000, 0x00000007e18b0000, 0x00000007e2e00000)
 concurrent mark-sweep generation total 393216K, used 18569K [0x00000007e2e00000, 0x00000007fae00000, 0x00000007fae00000)
 concurrent-mark-sweep perm gen total 31424K, used 31238K [0x00000007fae00000, 0x00000007fccb0000, 0x0000000800000000)
}
2016-05-08T22:31:51.304+0500: 13636.010: Total time for which application threads were stopped: 0.1108190 seconds
2016-05-08T22:33:16.599+0500: 13721.305: Total time for which application threads were stopped: 0.0053870 seconds
2016-05-08T22:34:13.812+0500: 13778.518: Total time for which application threads were stopped: 0.0032890 seconds
{Heap before GC invocations=332 (full 0):
 par new generation   total 109248K, used 91991K [0x00000007dae00000, 0x00000007e2e00000, 0x00000007e2e00000)
  eden space 87424K,  99% used [0x00000007dae00000, 0x00000007e035b090, 0x00000007e0360000)
  from space 21824K,  21% used [0x00000007e0360000, 0x00000007e07dae10, 0x00000007e18b0000)
  to   space 21824K,   0% used [0x00000007e18b0000, 0x00000007e18b0000, 0x00000007e2e00000)
 concurrent mark-sweep generation total 393216K, used 18569K [0x00000007e2e00000, 0x00000007fae00000, 0x00000007fae00000)
 concurrent-mark-sweep perm gen total 31424K, used 31244K [0x00000007fae00000, 0x00000007fccb0000, 0x0000000800000000)
2016-05-08T22:34:30.180+0500: 13794.887: [GC2016-05-08T22:34:30.208+0500: 13794.915: [ParNew
Desired survivor size 20112992 bytes, new threshold 8 (max 8)
- age   1:     169328 bytes,     169328 total
- age   2:     202624 bytes,     371952 total
- age   3:    3191536 bytes,    3563488 total
- age   4:      31168 bytes,    3594656 total
- age   5:      27360 bytes,    3622016 total
- age   6:      15936 bytes,    3637952 total
- age   7:       1272 bytes,    3639224 total
- age   8:       1080 bytes,    3640304 total
: 91991K->4243K(109248K), 0.0422040 secs] 110560K->22813K(502464K), 0.0701930 secs] [Times: user=0.02 sys=0.04, real=0.07 secs] 
Heap after GC invocations=333 (full 0):
 par new generation   total 109248K, used 4243K [0x00000007dae00000, 0x00000007e2e00000, 0x00000007e2e00000)
  eden space 87424K,   0% used [0x00000007dae00000, 0x00000007dae00000, 0x00000007e0360000)
  from space 21824K,  19% used [0x00000007e18b0000, 0x00000007e1cd4f10, 0x00000007e2e00000)
  to   space 21824K,   0% used [0x00000007e0360000, 0x00000007e0360000, 0x00000007e18b0000)
 concurrent mark-sweep generation total 393216K, used 18569K [0x00000007e2e00000, 0x00000007fae00000, 0x00000007fae00000)
 concurrent-mark-sweep perm gen total 31424K, used 31244K [0x00000007fae00000, 0x00000007fccb0000, 0x0000000800000000)
}
2016-05-08T22:34:30.251+0500: 13794.957: Total time for which application threads were stopped: 0.0754950 seconds
2016-05-08T22:36:52.870+0500: 13937.576: Total time for which application threads were stopped: 0.0026320 seconds
{Heap before GC invocations=333 (full 0):
 par new generation   total 109248K, used 91667K [0x00000007dae00000, 0x00000007e2e00000, 0x00000007e2e00000)
  eden space 87424K, 100% used [0x00000007dae00000, 0x00000007e0360000, 0x00000007e0360000)
  from space 21824K,  19% used [0x00000007e18b0000, 0x00000007e1cd4f10, 0x00000007e2e00000)
  to   space 21824K,   0% used [0x00000007e0360000, 0x00000007e0360000, 0x00000007e18b0000)
 concurrent mark-sweep generation total 393216K, used 18569K [0x00000007e2e00000, 0x00000007fae00000, 0x00000007fae00000)
 concurrent-mark-sweep perm gen total 31424K, used 31245K [0x00000007fae00000, 0x00000007fccb0000, 0x0000000800000000)
2016-05-08T22:39:41.771+0500: 14106.477: [GC2016-05-08T22:39:41.787+0500: 14106.493: [ParNew
Desired survivor size 20112992 bytes, new threshold 8 (max 8)
- age   1:      62688 bytes,      62688 total
- age   2:      75904 bytes,     138592 total
- age   3:     200760 bytes,     339352 total
- age   4:    3191352 bytes,    3530704 total
- age   5:      28888 bytes,    3559592 total
- age   6:      27360 bytes,    3586952 total
- age   7:      15936 bytes,    3602888 total
- age   8:       1272 bytes,    3604160 total
: 91667K->5833K(109248K), 0.0634560 secs] 110237K->24403K(502464K), 0.0797120 secs] [Times: user=0.02 sys=0.05, real=0.08 secs] 
Heap after GC invocations=334 (full 0):
 par new generation   total 109248K, used 5833K [0x00000007dae00000, 0x00000007e2e00000, 0x00000007e2e00000)
  eden space 87424K,   0% used [0x00000007dae00000, 0x00000007dae00000, 0x00000007e0360000)
  from space 21824K,  26% used [0x00000007e0360000, 0x00000007e0912580, 0x00000007e18b0000)
  to   space 21824K,   0% used [0x00000007e18b0000, 0x00000007e18b0000, 0x00000007e2e00000)
 concurrent mark-sweep generation total 393216K, used 18570K [0x00000007e2e00000, 0x00000007fae00000, 0x00000007fae00000)
 concurrent-mark-sweep perm gen total 31424K, used 31245K [0x00000007fae00000, 0x00000007fccb0000, 0x0000000800000000)
}
2016-05-08T22:39:41.851+0500: 14106.557: Total time for which application threads were stopped: 0.0850860 seconds
{Heap before GC invocations=334 (full 0):
 par new generation   total 109248K, used 93257K [0x00000007dae00000, 0x00000007e2e00000, 0x00000007e2e00000)
  eden space 87424K, 100% used [0x00000007dae00000, 0x00000007e0360000, 0x00000007e0360000)
  from space 21824K,  26% used [0x00000007e0360000, 0x00000007e0912580, 0x00000007e18b0000)
  to   space 21824K,   0% used [0x00000007e18b0000, 0x00000007e18b0000, 0x00000007e2e00000)
 concurrent mark-sweep generation total 393216K, used 18570K [0x00000007e2e00000, 0x00000007fae00000, 0x00000007fae00000)
 concurrent-mark-sweep perm gen total 31424K, used 31254K [0x00000007fae00000, 0x00000007fccb0000, 0x0000000800000000)
2016-05-08T22:41:25.837+0500: 14210.543: [GC2016-05-08T22:41:25.865+0500: 14210.572: [ParNew
Desired survivor size 20112992 bytes, new threshold 8 (max 8)
- age   1:     146232 bytes,     146232 total
- age   2:       4584 bytes,     150816 total
- age   3:      75864 bytes,     226680 total
- age   4:     199184 bytes,     425864 total
- age   5:    3191080 bytes,    3616944 total
- age   6:      28888 bytes,    3645832 total
- age   7:      27360 bytes,    3673192 total
- age   8:      15936 bytes,    3689128 total
: 93257K->4809K(109248K), 0.1175310 secs] 111827K->23380K(502464K), 0.1457760 secs] [Times: user=0.11 sys=0.05, real=0.15 secs] 
Heap after GC invocations=335 (full 0):
 par new generation   total 109248K, used 4809K [0x00000007dae00000, 0x00000007e2e00000, 0x00000007e2e00000)
  eden space 87424K,   0% used [0x00000007dae00000, 0x00000007dae00000, 0x00000007e0360000)
  from space 21824K,  22% used [0x00000007e18b0000, 0x00000007e1d62468, 0x00000007e2e00000)
  to   space 21824K,   0% used [0x00000007e0360000, 0x00000007e0360000, 0x00000007e18b0000)
 concurrent mark-sweep generation total 393216K, used 18571K [0x00000007e2e00000, 0x00000007fae00000, 0x00000007fae00000)
 concurrent-mark-sweep perm gen total 31424K, used 31254K [0x00000007fae00000, 0x00000007fccb0000, 0x0000000800000000)
}
2016-05-08T22:41:25.983+0500: 14210.689: Total time for which application threads were stopped: 0.1492730 seconds
{Heap before GC invocations=335 (full 0):
 par new generation   total 109248K, used 92233K [0x00000007dae00000, 0x00000007e2e00000, 0x00000007e2e00000)
  eden space 87424K, 100% used [0x00000007dae00000, 0x00000007e0360000, 0x00000007e0360000)
  from space 21824K,  22% used [0x00000007e18b0000, 0x00000007e1d62468, 0x00000007e2e00000)
  to   space 21824K,   0% used [0x00000007e0360000, 0x00000007e0360000, 0x00000007e18b0000)
 concurrent mark-sweep generation total 393216K, used 18571K [0x00000007e2e00000, 0x00000007fae00000, 0x00000007fae00000)
 concurrent-mark-sweep perm gen total 31424K, used 31272K [0x00000007fae00000, 0x00000007fccb0000, 0x0000000800000000)
2016-05-08T22:43:49.615+0500: 14354.321: [GC2016-05-08T22:43:49.636+0500: 14354.343: [ParNew
Desired survivor size 20112992 bytes, new threshold 8 (max 8)
- age   1:     261624 bytes,     261624 total
- age   2:     115248 bytes,     376872 total
- age   3:       4520 bytes,     381392 total
- age   4:      75632 bytes,     457024 total
- age   5:     199184 bytes,     656208 total
- age   6:    3190808 bytes,    3847016 total
- age   7:      28888 bytes,    3875904 total
- age   8:      27360 bytes,    3903264 total
: 92233K->4745K(109248K), 0.0683520 secs] 110804K->23331K(502464K), 0.0901840 secs] [Times: user=0.02 sys=0.05, real=0.09 secs] 
Heap after GC invocations=336 (full 0):
 par new generation   total 109248K, used 4745K [0x00000007dae00000, 0x00000007e2e00000, 0x00000007e2e00000)
  eden space 87424K,   0% used [0x00000007dae00000, 0x00000007dae00000, 0x00000007e0360000)
  from space 21824K,  21% used [0x00000007e0360000, 0x00000007e0802610, 0x00000007e18b0000)
  to   space 21824K,   0% used [0x00000007e18b0000, 0x00000007e18b0000, 0x00000007e2e00000)
 concurrent mark-sweep generation total 393216K, used 18586K [0x00000007e2e00000, 0x00000007fae00000, 0x00000007fae00000)
 concurrent-mark-sweep perm gen total 31424K, used 31272K [0x00000007fae00000, 0x00000007fccb0000, 0x0000000800000000)
}
2016-05-08T22:43:49.705+0500: 14354.411: Total time for which application threads were stopped: 0.0959610 seconds
2016-05-08T22:45:16.046+0500: 14440.752: Total time for which application threads were stopped: 0.0017370 seconds
{Heap before GC invocations=336 (full 0):
 par new generation   total 109248K, used 92169K [0x00000007dae00000, 0x00000007e2e00000, 0x00000007e2e00000)
  eden space 87424K, 100% used [0x00000007dae00000, 0x00000007e0360000, 0x00000007e0360000)
  from space 21824K,  21% used [0x00000007e0360000, 0x00000007e0802610, 0x00000007e18b0000)
  to   space 21824K,   0% used [0x00000007e18b0000, 0x00000007e18b0000, 0x00000007e2e00000)
 concurrent mark-sweep generation total 393216K, used 18586K [0x00000007e2e00000, 0x00000007fae00000, 0x00000007fae00000)
 concurrent-mark-sweep perm gen total 31616K, used 31466K [0x00000007fae00000, 0x00000007fcce0000, 0x0000000800000000)
2016-05-08T22:45:17.014+0500: 14441.720: [GC2016-05-08T22:45:17.035+0500: 14441.741: [ParNew
Desired survivor size 20112992 bytes, new threshold 8 (max 8)
- age   1:     338976 bytes,     338976 total
- age   2:     112264 bytes,     451240 total
- age   3:     115016 bytes,     566256 total
- age   4:       3656 bytes,     569912 total
- age   5:      75632 bytes,     645544 total
- age   6:     199184 bytes,     844728 total
- age   7:    3190376 bytes,    4035104 total
- age   8:      28888 bytes,    4063992 total
: 92169K->5994K(109248K), 0.0199910 secs] 110755K->24607K(502464K), 0.0414380 secs] [Times: user=0.02 sys=0.00, real=0.04 secs] 
Heap after GC invocations=337 (full 0):
 par new generation   total 109248K, used 5994K [0x00000007dae00000, 0x00000007e2e00000, 0x00000007e2e00000)
  eden space 87424K,   0% used [0x00000007dae00000, 0x00000007dae00000, 0x00000007e0360000)
  from space 21824K,  27% used [0x00000007e18b0000, 0x00000007e1e8a900, 0x00000007e2e00000)
  to   space 21824K,   0% used [0x00000007e0360000, 0x00000007e0360000, 0x00000007e18b0000)
 concurrent mark-sweep generation total 393216K, used 18613K [0x00000007e2e00000, 0x00000007fae00000, 0x00000007fae00000)
 concurrent-mark-sweep perm gen total 31616K, used 31466K [0x00000007fae00000, 0x00000007fcce0000, 0x0000000800000000)
}
2016-05-08T22:45:17.055+0500: 14441.761: Total time for which application threads were stopped: 0.0436150 seconds
{Heap before GC invocations=337 (full 0):
 par new generation   total 109248K, used 93418K [0x00000007dae00000, 0x00000007e2e00000, 0x00000007e2e00000)
  eden space 87424K, 100% used [0x00000007dae00000, 0x00000007e0360000, 0x00000007e0360000)
  from space 21824K,  27% used [0x00000007e18b0000, 0x00000007e1e8a900, 0x00000007e2e00000)
  to   space 21824K,   0% used [0x00000007e0360000, 0x00000007e0360000, 0x00000007e18b0000)
 concurrent mark-sweep generation total 393216K, used 18613K [0x00000007e2e00000, 0x00000007fae00000, 0x00000007fae00000)
 concurrent-mark-sweep perm gen total 31616K, used 31477K [0x00000007fae00000, 0x00000007fcce0000, 0x0000000800000000)
2016-05-08T22:45:17.964+0500: 14442.670: [GC2016-05-08T22:45:17.964+0500: 14442.670: [ParNew
Desired survivor size 20112992 bytes, new threshold 8 (max 8)
- age   1:      61736 bytes,      61736 total
- age   2:      66200 bytes,     127936 total
- age   3:     112264 bytes,     240200 total
- age   4:     115016 bytes,     355216 total
- age   5:       3656 bytes,     358872 total
- age   6:      75632 bytes,     434504 total
- age   7:     199184 bytes,     633688 total
- age   8:    3190376 bytes,    3824064 total
: 93418K->5226K(109248K), 0.0179400 secs] 112031K->23868K(502464K), 0.0180550 secs] [Times: user=0.03 sys=0.00, real=0.02 secs] 
Heap after GC invocations=338 (full 0):
 par new generation   total 109248K, used 5226K [0x00000007dae00000, 0x00000007e2e00000, 0x00000007e2e00000)
  eden space 87424K,   0% used [0x00000007dae00000, 0x00000007dae00000, 0x00000007e0360000)
  from space 21824K,  23% used [0x00000007e0360000, 0x00000007e087aa40, 0x00000007e18b0000)
  to   space 21824K,   0% used [0x00000007e18b0000, 0x00000007e18b0000, 0x00000007e2e00000)
 concurrent mark-sweep generation total 393216K, used 18641K [0x00000007e2e00000, 0x00000007fae00000, 0x00000007fae00000)
 concurrent-mark-sweep perm gen total 31616K, used 31477K [0x00000007fae00000, 0x00000007fcce0000, 0x0000000800000000)
}
2016-05-08T22:45:17.982+0500: 14442.688: Total time for which application threads were stopped: 0.0203630 seconds
{Heap before GC invocations=338 (full 0):
 par new generation   total 109248K, used 92650K [0x00000007dae00000, 0x00000007e2e00000, 0x00000007e2e00000)
  eden space 87424K, 100% used [0x00000007dae00000, 0x00000007e0360000, 0x00000007e0360000)
  from space 21824K,  23% used [0x00000007e0360000, 0x00000007e087aa40, 0x00000007e18b0000)
  to   space 21824K,   0% used [0x00000007e18b0000, 0x00000007e18b0000, 0x00000007e2e00000)
 concurrent mark-sweep generation total 393216K, used 18641K [0x00000007e2e00000, 0x00000007fae00000, 0x00000007fae00000)
 concurrent-mark-sweep perm gen total 31616K, used 31483K [0x00000007fae00000, 0x00000007fcce0000, 0x0000000800000000)
2016-05-08T22:45:18.436+0500: 14443.143: [GC2016-05-08T22:45:18.437+0500: 14443.143: [ParNew
Desired survivor size 20112992 bytes, new threshold 8 (max 8)
- age   1:     132512 bytes,     132512 total
- age   2:      58184 bytes,     190696 total
- age   3:      66200 bytes,     256896 total
- age   4:     112264 bytes,     369160 total
- age   5:     115016 bytes,     484176 total
- age   6:       3656 bytes,     487832 total
- age   7:      75632 bytes,     563464 total
- age   8:     198168 bytes,     761632 total
: 92650K->1887K(109248K), 0.1202040 secs] 111292K->23653K(502464K), 0.1203580 secs] [Times: user=0.05 sys=0.02, real=0.12 secs] 
Heap after GC invocations=339 (full 0):
 par new generation   total 109248K, used 1887K [0x00000007dae00000, 0x00000007e2e00000, 0x00000007e2e00000)
  eden space 87424K,   0% used [0x00000007dae00000, 0x00000007dae00000, 0x00000007e0360000)
  from space 21824K,   8% used [0x00000007e18b0000, 0x00000007e1a87f20, 0x00000007e2e00000)
  to   space 21824K,   0% used [0x00000007e0360000, 0x00000007e0360000, 0x00000007e18b0000)
 concurrent mark-sweep generation total 393216K, used 21765K [0x00000007e2e00000, 0x00000007fae00000, 0x00000007fae00000)
 concurrent-mark-sweep perm gen total 31616K, used 31483K [0x00000007fae00000, 0x00000007fcce0000, 0x0000000800000000)
}
2016-05-08T22:45:18.557+0500: 14443.263: Total time for which application threads were stopped: 0.1207130 seconds
2016-05-08T22:48:25.141+0500: 14629.848: Total time for which application threads were stopped: 0.0075000 seconds
2016-05-08T22:48:25.145+0500: 14629.851: Total time for which application threads were stopped: 0.0001250 seconds
2016-05-08T22:48:25.146+0500: 14629.852: Total time for which application threads were stopped: 0.0000600 seconds
{Heap before GC invocations=339 (full 0):
 par new generation   total 109248K, used 89311K [0x00000007dae00000, 0x00000007e2e00000, 0x00000007e2e00000)
  eden space 87424K, 100% used [0x00000007dae00000, 0x00000007e0360000, 0x00000007e0360000)
  from space 21824K,   8% used [0x00000007e18b0000, 0x00000007e1a87f20, 0x00000007e2e00000)
  to   space 21824K,   0% used [0x00000007e0360000, 0x00000007e0360000, 0x00000007e18b0000)
 concurrent mark-sweep generation total 393216K, used 21765K [0x00000007e2e00000, 0x00000007fae00000, 0x00000007fae00000)
 concurrent-mark-sweep perm gen total 31616K, used 31484K [0x00000007fae00000, 0x00000007fcce0000, 0x0000000800000000)
2016-05-08T22:48:25.227+0500: 14629.933: [GC2016-05-08T22:48:25.321+0500: 14630.028: [ParNew
Desired survivor size 20112992 bytes, new threshold 8 (max 8)
- age   1:     143736 bytes,     143736 total
- age   2:      32304 bytes,     176040 total
- age   3:      30144 bytes,     206184 total
- age   4:      33024 bytes,     239208 total
- age   5:     112224 bytes,     351432 total
- age   6:     114384 bytes,     465816 total
- age   7:       3288 bytes,     469104 total
- age   8:      75632 bytes,     544736 total
: 89311K->875K(109248K), 0.1774070 secs] 111077K->22835K(502464K), 0.2718510 secs] [Times: user=0.03 sys=0.04, real=0.27 secs] 
Heap after GC invocations=340 (full 0):
 par new generation   total 109248K, used 875K [0x00000007dae00000, 0x00000007e2e00000, 0x00000007e2e00000)
  eden space 87424K,   0% used [0x00000007dae00000, 0x00000007dae00000, 0x00000007e0360000)
  from space 21824K,   4% used [0x00000007e0360000, 0x00000007e043ad00, 0x00000007e18b0000)
  to   space 21824K,   0% used [0x00000007e18b0000, 0x00000007e18b0000, 0x00000007e2e00000)
 concurrent mark-sweep generation total 393216K, used 21960K [0x00000007e2e00000, 0x00000007fae00000, 0x00000007fae00000)
 concurrent-mark-sweep perm gen total 31616K, used 31484K [0x00000007fae00000, 0x00000007fcce0000, 0x0000000800000000)
}
2016-05-08T22:48:25.499+0500: 14630.205: Total time for which application threads were stopped: 0.2721580 seconds
{Heap before GC invocations=340 (full 0):
 par new generation   total 109248K, used 88292K [0x00000007dae00000, 0x00000007e2e00000, 0x00000007e2e00000)
  eden space 87424K,  99% used [0x00000007dae00000, 0x00000007e035e678, 0x00000007e0360000)
  from space 21824K,   4% used [0x00000007e0360000, 0x00000007e043ad00, 0x00000007e18b0000)
  to   space 21824K,   0% used [0x00000007e18b0000, 0x00000007e18b0000, 0x00000007e2e00000)
 concurrent mark-sweep generation total 393216K, used 21960K [0x00000007e2e00000, 0x00000007fae00000, 0x00000007fae00000)
 concurrent-mark-sweep perm gen total 31616K, used 31484K [0x00000007fae00000, 0x00000007fcce0000, 0x0000000800000000)
2016-05-08T22:48:26.437+0500: 14631.144: [GC2016-05-08T22:48:26.437+0500: 14631.144: [ParNew
Desired survivor size 20112992 bytes, new threshold 8 (max 8)
- age   1:      31904 bytes,      31904 total
- age   2:      67744 bytes,      99648 total
- age   3:      32304 bytes,     131952 total
- age   4:      30144 bytes,     162096 total
- age   5:      33024 bytes,     195120 total
- age   6:     112224 bytes,     307344 total
- age   7:     114384 bytes,     421728 total
- age   8:       3288 bytes,     425016 total
: 88292K->557K(109248K), 0.0099500 secs] 110253K->22593K(502464K), 0.0100720 secs] [Times: user=0.01 sys=0.00, real=0.01 secs] 
Heap after GC invocations=341 (full 0):
 par new generation   total 109248K, used 557K [0x00000007dae00000, 0x00000007e2e00000, 0x00000007e2e00000)
  eden space 87424K,   0% used [0x00000007dae00000, 0x00000007dae00000, 0x00000007e0360000)
  from space 21824K,   2% used [0x00000007e18b0000, 0x00000007e193b700, 0x00000007e2e00000)
  to   space 21824K,   0% used [0x00000007e0360000, 0x00000007e0360000, 0x00000007e18b0000)
 concurrent mark-sweep generation total 393216K, used 22035K [0x00000007e2e00000, 0x00000007fae00000, 0x00000007fae00000)
 concurrent-mark-sweep perm gen total 31616K, used 31484K [0x00000007fae00000, 0x00000007fcce0000, 0x0000000800000000)
}
2016-05-08T22:48:26.448+0500: 14631.154: Total time for which application threads were stopped: 0.0125390 seconds
{Heap before GC invocations=341 (full 0):
 par new generation   total 109248K, used 87981K [0x00000007dae00000, 0x00000007e2e00000, 0x00000007e2e00000)
  eden space 87424K, 100% used [0x00000007dae00000, 0x00000007e0360000, 0x00000007e0360000)
  from space 21824K,   2% used [0x00000007e18b0000, 0x00000007e193b700, 0x00000007e2e00000)
  to   space 21824K,   0% used [0x00000007e0360000, 0x00000007e0360000, 0x00000007e18b0000)
 concurrent mark-sweep generation total 393216K, used 22035K [0x00000007e2e00000, 0x00000007fae00000, 0x00000007fae00000)
 concurrent-mark-sweep perm gen total 31616K, used 31485K [0x00000007fae00000, 0x00000007fcce0000, 0x0000000800000000)
2016-05-08T22:48:26.748+0500: 14631.454: [GC2016-05-08T22:48:26.748+0500: 14631.454: [ParNew
Desired survivor size 20112992 bytes, new threshold 8 (max 8)
- age   1:     105824 bytes,     105824 total
- age   2:      28392 bytes,     134216 total
- age   3:      67744 bytes,     201960 total
- age   4:      32304 bytes,     234264 total
- age   5:      30144 bytes,     264408 total
- age   6:      33024 bytes,     297432 total
- age   7:     112224 bytes,     409656 total
- age   8:     114384 bytes,     524040 total
: 87981K->533K(109248K), 0.0069580 secs] 110017K->22572K(502464K), 0.0070980 secs] [Times: user=0.01 sys=0.00, real=0.01 secs] 
Heap after GC invocations=342 (full 0):
 par new generation   total 109248K, used 533K [0x00000007dae00000, 0x00000007e2e00000, 0x00000007e2e00000)
  eden space 87424K,   0% used [0x00000007dae00000, 0x00000007dae00000, 0x00000007e0360000)
  from space 21824K,   2% used [0x00000007e0360000, 0x00000007e03e5500, 0x00000007e18b0000)
  to   space 21824K,   0% used [0x00000007e18b0000, 0x00000007e18b0000, 0x00000007e2e00000)
 concurrent mark-sweep generation total 393216K, used 22039K [0x00000007e2e00000, 0x00000007fae00000, 0x00000007fae00000)
 concurrent-mark-sweep perm gen total 31616K, used 31485K [0x00000007fae00000, 0x00000007fcce0000, 0x0000000800000000)
}
2016-05-08T22:48:26.755+0500: 14631.461: Total time for which application threads were stopped: 0.0074050 seconds
2016-05-08T22:48:27.790+0500: 14632.496: Total time for which application threads were stopped: 0.0017460 seconds
{Heap before GC invocations=342 (full 0):
 par new generation   total 109248K, used 87950K [0x00000007dae00000, 0x00000007e2e00000, 0x00000007e2e00000)
  eden space 87424K,  99% used [0x00000007dae00000, 0x00000007e035e430, 0x00000007e0360000)
  from space 21824K,   2% used [0x00000007e0360000, 0x00000007e03e5500, 0x00000007e18b0000)
  to   space 21824K,   0% used [0x00000007e18b0000, 0x00000007e18b0000, 0x00000007e2e00000)
 concurrent mark-sweep generation total 393216K, used 22039K [0x00000007e2e00000, 0x00000007fae00000, 0x00000007fae00000)
 concurrent-mark-sweep perm gen total 31616K, used 31485K [0x00000007fae00000, 0x00000007fcce0000, 0x0000000800000000)
2016-05-08T22:48:44.864+0500: 14649.571: [GC2016-05-08T22:48:44.879+0500: 14649.585: [ParNew
Desired survivor size 20112992 bytes, new threshold 8 (max 8)
- age   1:      43840 bytes,      43840 total
- age   2:       2992 bytes,      46832 total
- age   3:        216 bytes,      47048 total
- age   4:      26736 bytes,      73784 total
- age   5:      32304 bytes,     106088 total
- age   6:      30144 bytes,     136232 total
- age   7:      32800 bytes,     169032 total
- age   8:     112224 bytes,     281256 total
: 87950K->567K(109248K), 0.0519910 secs] 109989K->22720K(502464K), 0.0666350 secs] [Times: user=0.02 sys=0.03, real=0.07 secs] 
Heap after GC invocations=343 (full 0):
 par new generation   total 109248K, used 567K [0x00000007dae00000, 0x00000007e2e00000, 0x00000007e2e00000)
  eden space 87424K,   0% used [0x00000007dae00000, 0x00000007dae00000, 0x00000007e0360000)
  from space 21824K,   2% used [0x00000007e18b0000, 0x00000007e193dd80, 0x00000007e2e00000)
  to   space 21824K,   0% used [0x00000007e0360000, 0x00000007e0360000, 0x00000007e18b0000)
 concurrent mark-sweep generation total 393216K, used 22153K [0x00000007e2e00000, 0x00000007fae00000, 0x00000007fae00000)
 concurrent-mark-sweep perm gen total 31616K, used 31485K [0x00000007fae00000, 0x00000007fcce0000, 0x0000000800000000)
}
2016-05-08T22:48:44.931+0500: 14649.637: Total time for which application threads were stopped: 0.0699210 seconds
{Heap before GC invocations=343 (full 0):
 par new generation   total 109248K, used 87966K [0x00000007dae00000, 0x00000007e2e00000, 0x00000007e2e00000)
  eden space 87424K,  99% used [0x00000007dae00000, 0x00000007e0359b28, 0x00000007e0360000)
  from space 21824K,   2% used [0x00000007e18b0000, 0x00000007e193dd80, 0x00000007e2e00000)
  to   space 21824K,   0% used [0x00000007e0360000, 0x00000007e0360000, 0x00000007e18b0000)
 concurrent mark-sweep generation total 393216K, used 22153K [0x00000007e2e00000, 0x00000007fae00000, 0x00000007fae00000)
 concurrent-mark-sweep perm gen total 31616K, used 31486K [0x00000007fae00000, 0x00000007fcce0000, 0x0000000800000000)
2016-05-08T22:54:12.851+0500: 14977.557: [GC2016-05-08T22:54:12.879+0500: 14977.586: [ParNew
Desired survivor size 20112992 bytes, new threshold 8 (max 8)
- age   1:      82416 bytes,      82416 total
- age   2:        600 bytes,      83016 total
- age   3:       2992 bytes,      86008 total
- age   4:        216 bytes,      86224 total
- age   5:      26112 bytes,     112336 total
- age   6:      32304 bytes,     144640 total
- age   7:      30144 bytes,     174784 total
- age   8:      32752 bytes,     207536 total
: 87966K->287K(109248K), 0.0790090 secs] 110119K->22551K(502464K), 0.1076770 secs] [Times: user=0.04 sys=0.04, real=0.10 secs] 
Heap after GC invocations=344 (full 0):
 par new generation   total 109248K, used 287K [0x00000007dae00000, 0x00000007e2e00000, 0x00000007e2e00000)
  eden space 87424K,   0% used [0x00000007dae00000, 0x00000007dae00000, 0x00000007e0360000)
  from space 21824K,   1% used [0x00000007e0360000, 0x00000007e03a7e48, 0x00000007e18b0000)
  to   space 21824K,   0% used [0x00000007e18b0000, 0x00000007e18b0000, 0x00000007e2e00000)
 concurrent mark-sweep generation total 393216K, used 22263K [0x00000007e2e00000, 0x00000007fae00000, 0x00000007fae00000)
 concurrent-mark-sweep perm gen total 31616K, used 31486K [0x00000007fae00000, 0x00000007fcce0000, 0x0000000800000000)
}
2016-05-08T22:54:12.958+0500: 14977.665: Total time for which application threads were stopped: 0.2382930 seconds
{Heap before GC invocations=344 (full 0):
 par new generation   total 109248K, used 87711K [0x00000007dae00000, 0x00000007e2e00000, 0x00000007e2e00000)
  eden space 87424K, 100% used [0x00000007dae00000, 0x00000007e0360000, 0x00000007e0360000)
  from space 21824K,   1% used [0x00000007e0360000, 0x00000007e03a7e48, 0x00000007e18b0000)
  to   space 21824K,   0% used [0x00000007e18b0000, 0x00000007e18b0000, 0x00000007e2e00000)
 concurrent mark-sweep generation total 393216K, used 22263K [0x00000007e2e00000, 0x00000007fae00000, 0x00000007fae00000)
 concurrent-mark-sweep perm gen total 31616K, used 31488K [0x00000007fae00000, 0x00000007fcce0000, 0x0000000800000000)
2016-05-08T22:55:11.169+0500: 15035.876: [GC2016-05-08T22:55:11.196+0500: 15035.903: [ParNew
Desired survivor size 20112992 bytes, new threshold 8 (max 8)
- age   1:     116776 bytes,     116776 total
- age   2:       1664 bytes,     118440 total
- age   3:        512 bytes,     118952 total
- age   4:       2992 bytes,     121944 total
- age   5:        216 bytes,     122160 total
- age   6:      26112 bytes,     148272 total
- age   7:      32304 bytes,     180576 total
- age   8:      30144 bytes,     210720 total
: 87711K->290K(109248K), 0.0488090 secs] 109975K->22586K(502464K), 0.0759950 secs] [Times: user=0.02 sys=0.02, real=0.08 secs] 
Heap after GC invocations=345 (full 0):
 par new generation   total 109248K, used 290K [0x00000007dae00000, 0x00000007e2e00000, 0x00000007e2e00000)
  eden space 87424K,   0% used [0x00000007dae00000, 0x00000007dae00000, 0x00000007e0360000)
  from space 21824K,   1% used [0x00000007e18b0000, 0x00000007e18f88a0, 0x00000007e2e00000)
  to   space 21824K,   0% used [0x00000007e0360000, 0x00000007e0360000, 0x00000007e18b0000)
 concurrent mark-sweep generation total 393216K, used 22296K [0x00000007e2e00000, 0x00000007fae00000, 0x00000007fae00000)
 concurrent-mark-sweep perm gen total 31616K, used 31488K [0x00000007fae00000, 0x00000007fcce0000, 0x0000000800000000)
}
2016-05-08T22:55:11.245+0500: 15035.952: Total time for which application threads were stopped: 0.4300670 seconds
2016-05-08T22:56:24.997+0500: 15109.703: Total time for which application threads were stopped: 0.4823130 seconds
{Heap before GC invocations=345 (full 0):
 par new generation   total 109248K, used 87714K [0x00000007dae00000, 0x00000007e2e00000, 0x00000007e2e00000)
  eden space 87424K, 100% used [0x00000007dae00000, 0x00000007e0360000, 0x00000007e0360000)
  from space 21824K,   1% used [0x00000007e18b0000, 0x00000007e18f88a0, 0x00000007e2e00000)
  to   space 21824K,   0% used [0x00000007e0360000, 0x00000007e0360000, 0x00000007e18b0000)
 concurrent mark-sweep generation total 393216K, used 22296K [0x00000007e2e00000, 0x00000007fae00000, 0x00000007fae00000)
 concurrent-mark-sweep perm gen total 31616K, used 31491K [0x00000007fae00000, 0x00000007fcce0000, 0x0000000800000000)
2016-05-08T22:58:18.464+0500: 15223.171: [GC2016-05-08T22:58:18.493+0500: 15223.200: [ParNew
Desired survivor size 20112992 bytes, new threshold 8 (max 8)
- age   1:      46416 bytes,      46416 total
- age   2:       1688 bytes,      48104 total
- age   3:       1392 bytes,      49496 total
- age   4:        512 bytes,      50008 total
- age   5:       2992 bytes,      53000 total
- age   6:        216 bytes,      53216 total
- age   7:      26112 bytes,      79328 total
- age   8:      32304 bytes,     111632 total
: 87714K->151K(109248K), 0.0440170 secs] 110010K->22477K(502464K), 0.0733610 secs] [Times: user=0.01 sys=0.02, real=0.07 secs] 
Heap after GC invocations=346 (full 0):
 par new generation   total 109248K, used 151K [0x00000007dae00000, 0x00000007e2e00000, 0x00000007e2e00000)
  eden space 87424K,   0% used [0x00000007dae00000, 0x00000007dae00000, 0x00000007e0360000)
  from space 21824K,   0% used [0x00000007e0360000, 0x00000007e0385da0, 0x00000007e18b0000)
  to   space 21824K,   0% used [0x00000007e18b0000, 0x00000007e18b0000, 0x00000007e2e00000)
 concurrent mark-sweep generation total 393216K, used 22326K [0x00000007e2e00000, 0x00000007fae00000, 0x00000007fae00000)
 concurrent-mark-sweep perm gen total 31616K, used 31491K [0x00000007fae00000, 0x00000007fcce0000, 0x0000000800000000)
}
2016-05-08T22:58:18.538+0500: 15223.244: Total time for which application threads were stopped: 0.3443870 seconds
{Heap before GC invocations=346 (full 0):
 par new generation   total 109248K, used 87575K [0x00000007dae00000, 0x00000007e2e00000, 0x00000007e2e00000)
  eden space 87424K, 100% used [0x00000007dae00000, 0x00000007e0360000, 0x00000007e0360000)
  from space 21824K,   0% used [0x00000007e0360000, 0x00000007e0385da0, 0x00000007e18b0000)
  to   space 21824K,   0% used [0x00000007e18b0000, 0x00000007e18b0000, 0x00000007e2e00000)
 concurrent mark-sweep generation total 393216K, used 22326K [0x00000007e2e00000, 0x00000007fae00000, 0x00000007fae00000)
 concurrent-mark-sweep perm gen total 31616K, used 31492K [0x00000007fae00000, 0x00000007fcce0000, 0x0000000800000000)
2016-05-08T23:00:01.708+0500: 15326.415: [GC2016-05-08T23:00:01.737+0500: 15326.444: [ParNew
Desired survivor size 20112992 bytes, new threshold 8 (max 8)
- age   1:      46592 bytes,      46592 total
- age   2:       1320 bytes,      47912 total
- age   3:        608 bytes,      48520 total
- age   4:       1392 bytes,      49912 total
- age   5:        512 bytes,      50424 total
- age   6:       2992 bytes,      53416 total
- age   7:        216 bytes,      53632 total
- age   8:      26112 bytes,      79744 total
: 87575K->112K(109248K), 0.1185890 secs] 109901K->22470K(502464K), 0.1479020 secs] [Times: user=0.05 sys=0.04, real=0.15 secs] 
